Apache Maven 3.8.1 (05c21c65bdfed0f71a2f2ada8b84da59348c4c5d)
Maven home: /usr/local/Cellar/maven/3.8.1/libexec
Java version: 11.0.11, vendor: AdoptOpenJDK, runtime: /Library/Java/JavaVirtualMachines/adoptopenjdk-11.jdk/Contents/Home
Default locale: fr_FR, platform encoding: UTF-8
OS name: "mac os x", version: "10.16", arch: "x86_64", family: "mac"
[DEBUG] Created new class realm maven.api
[DEBUG] Importing foreign packages into class realm maven.api
[DEBUG]   Imported: javax.annotation.* < plexus.core
[DEBUG]   Imported: javax.annotation.security.* < plexus.core
[DEBUG]   Imported: javax.enterprise.inject.* < plexus.core
[DEBUG]   Imported: javax.enterprise.util.* < plexus.core
[DEBUG]   Imported: javax.inject.* < plexus.core
[DEBUG]   Imported: org.apache.maven.* < plexus.core
[DEBUG]   Imported: org.apache.maven.artifact < plexus.core
[DEBUG]   Imported: org.apache.maven.classrealm < plexus.core
[DEBUG]   Imported: org.apache.maven.cli < plexus.core
[DEBUG]   Imported: org.apache.maven.configuration < plexus.core
[DEBUG]   Imported: org.apache.maven.exception < plexus.core
[DEBUG]   Imported: org.apache.maven.execution < plexus.core
[DEBUG]   Imported: org.apache.maven.execution.scope < plexus.core
[DEBUG]   Imported: org.apache.maven.lifecycle < plexus.core
[DEBUG]   Imported: org.apache.maven.model < plexus.core
[DEBUG]   Imported: org.apache.maven.monitor < plexus.core
[DEBUG]   Imported: org.apache.maven.plugin < plexus.core
[DEBUG]   Imported: org.apache.maven.profiles < plexus.core
[DEBUG]   Imported: org.apache.maven.project < plexus.core
[DEBUG]   Imported: org.apache.maven.reporting < plexus.core
[DEBUG]   Imported: org.apache.maven.repository < plexus.core
[DEBUG]   Imported: org.apache.maven.rtinfo < plexus.core
[DEBUG]   Imported: org.apache.maven.settings < plexus.core
[DEBUG]   Imported: org.apache.maven.toolchain < plexus.core
[DEBUG]   Imported: org.apache.maven.usability < plexus.core
[DEBUG]   Imported: org.apache.maven.wagon.* < plexus.core
[DEBUG]   Imported: org.apache.maven.wagon.authentication < plexus.core
[DEBUG]   Imported: org.apache.maven.wagon.authorization < plexus.core
[DEBUG]   Imported: org.apache.maven.wagon.events < plexus.core
[DEBUG]   Imported: org.apache.maven.wagon.observers < plexus.core
[DEBUG]   Imported: org.apache.maven.wagon.proxy < plexus.core
[DEBUG]   Imported: org.apache.maven.wagon.repository < plexus.core
[DEBUG]   Imported: org.apache.maven.wagon.resource < plexus.core
[DEBUG]   Imported: org.codehaus.classworlds < plexus.core
[DEBUG]   Imported: org.codehaus.plexus.* < plexus.core
[DEBUG]   Imported: org.codehaus.plexus.classworlds < plexus.core
[DEBUG]   Imported: org.codehaus.plexus.component < plexus.core
[DEBUG]   Imported: org.codehaus.plexus.configuration < plexus.core
[DEBUG]   Imported: org.codehaus.plexus.container < plexus.core
[DEBUG]   Imported: org.codehaus.plexus.context < plexus.core
[DEBUG]   Imported: org.codehaus.plexus.lifecycle < plexus.core
[DEBUG]   Imported: org.codehaus.plexus.logging < plexus.core
[DEBUG]   Imported: org.codehaus.plexus.personality < plexus.core
[DEBUG]   Imported: org.codehaus.plexus.util.xml.Xpp3Dom < plexus.core
[DEBUG]   Imported: org.codehaus.plexus.util.xml.pull.XmlPullParser < plexus.core
[DEBUG]   Imported: org.codehaus.plexus.util.xml.pull.XmlPullParserException < plexus.core
[DEBUG]   Imported: org.codehaus.plexus.util.xml.pull.XmlSerializer < plexus.core
[DEBUG]   Imported: org.eclipse.aether.* < plexus.core
[DEBUG]   Imported: org.eclipse.aether.artifact < plexus.core
[DEBUG]   Imported: org.eclipse.aether.collection < plexus.core
[DEBUG]   Imported: org.eclipse.aether.deployment < plexus.core
[DEBUG]   Imported: org.eclipse.aether.graph < plexus.core
[DEBUG]   Imported: org.eclipse.aether.impl < plexus.core
[DEBUG]   Imported: org.eclipse.aether.installation < plexus.core
[DEBUG]   Imported: org.eclipse.aether.internal.impl < plexus.core
[DEBUG]   Imported: org.eclipse.aether.metadata < plexus.core
[DEBUG]   Imported: org.eclipse.aether.repository < plexus.core
[DEBUG]   Imported: org.eclipse.aether.resolution < plexus.core
[DEBUG]   Imported: org.eclipse.aether.spi < plexus.core
[DEBUG]   Imported: org.eclipse.aether.transfer < plexus.core
[DEBUG]   Imported: org.eclipse.aether.version < plexus.core
[DEBUG]   Imported: org.fusesource.jansi.* < plexus.core
[DEBUG]   Imported: org.slf4j.* < plexus.core
[DEBUG]   Imported: org.slf4j.event.* < plexus.core
[DEBUG]   Imported: org.slf4j.helpers.* < plexus.core
[DEBUG]   Imported: org.slf4j.spi.* < plexus.core
[DEBUG] Populating class realm maven.api
[INFO] Error stacktraces are turned on.
[DEBUG] Message scheme: color
[DEBUG] Message styles: debug info warning error success failure strong mojo project
[DEBUG] Reading global settings from /usr/local/Cellar/maven/3.8.1/libexec/conf/settings.xml
[DEBUG] Reading user settings from /Users/mouachani/.m2/settings.xml
[DEBUG] Reading global toolchains from /usr/local/Cellar/maven/3.8.1/libexec/conf/toolchains.xml
[DEBUG] Reading user toolchains from /Users/mouachani/.m2/toolchains.xml
[DEBUG] Using local repository at /Users/mouachani/.m2/repository
[DEBUG] Using manager EnhancedLocalRepositoryManager with priority 10.0 for /Users/mouachani/.m2/repository
[INFO] Scanning for projects...
[DEBUG] Extension realms for project fr.msa.imsa:imsa-process-kogito:jar:1.0.0-SNAPSHOT: (none)
[DEBUG] Looking up lifecycle mappings for packaging jar from ClassRealm[plexus.core, parent: null]
[DEBUG] === REACTOR BUILD PLAN ================================================
[DEBUG] Project: fr.msa.imsa:imsa-process-kogito:jar:1.0.0-SNAPSHOT
[DEBUG] Tasks:   [clean, package]
[DEBUG] Style:   Regular
[DEBUG] =======================================================================
[INFO] 
[INFO] ------------------< fr.msa.imsa:imsa-process-kogito >-------------------
[INFO] Building imsa-process-kogito 1.0.0-SNAPSHOT
[INFO] --------------------------------[ jar ]---------------------------------
[DEBUG] Lifecycle default -> [validate, initialize, generate-sources, process-sources, generate-resources, process-resources, compile, process-classes, generate-test-sources, process-test-sources, generate-test-resources, process-test-resources, test-compile, process-test-classes, test, prepare-package, package, pre-integration-test, integration-test, post-integration-test, verify, install, deploy]
[DEBUG] Lifecycle clean -> [pre-clean, clean, post-clean]
[DEBUG] Lifecycle site -> [pre-site, site, post-site, site-deploy]
[DEBUG] Lifecycle default -> [validate, initialize, generate-sources, process-sources, generate-resources, process-resources, compile, process-classes, generate-test-sources, process-test-sources, generate-test-resources, process-test-resources, test-compile, process-test-classes, test, prepare-package, package, pre-integration-test, integration-test, post-integration-test, verify, install, deploy]
[DEBUG] Lifecycle clean -> [pre-clean, clean, post-clean]
[DEBUG] Lifecycle site -> [pre-site, site, post-site, site-deploy]
[DEBUG] Lifecycle default -> [validate, initialize, generate-sources, process-sources, generate-resources, process-resources, compile, process-classes, generate-test-sources, process-test-sources, generate-test-resources, process-test-resources, test-compile, process-test-classes, test, prepare-package, package, pre-integration-test, integration-test, post-integration-test, verify, install, deploy]
[DEBUG] Lifecycle clean -> [pre-clean, clean, post-clean]
[DEBUG] Lifecycle site -> [pre-site, site, post-site, site-deploy]
[DEBUG] Lifecycle default -> [validate, initialize, generate-sources, process-sources, generate-resources, process-resources, compile, process-classes, generate-test-sources, process-test-sources, generate-test-resources, process-test-resources, test-compile, process-test-classes, test, prepare-package, package, pre-integration-test, integration-test, post-integration-test, verify, install, deploy]
[DEBUG] Lifecycle clean -> [pre-clean, clean, post-clean]
[DEBUG] Lifecycle site -> [pre-site, site, post-site, site-deploy]
[DEBUG] Lifecycle default -> [validate, initialize, generate-sources, process-sources, generate-resources, process-resources, compile, process-classes, generate-test-sources, process-test-sources, generate-test-resources, process-test-resources, test-compile, process-test-classes, test, prepare-package, package, pre-integration-test, integration-test, post-integration-test, verify, install, deploy]
[DEBUG] Lifecycle clean -> [pre-clean, clean, post-clean]
[DEBUG] Lifecycle site -> [pre-site, site, post-site, site-deploy]
[DEBUG] Lifecycle default -> [validate, initialize, generate-sources, process-sources, generate-resources, process-resources, compile, process-classes, generate-test-sources, process-test-sources, generate-test-resources, process-test-resources, test-compile, process-test-classes, test, prepare-package, package, pre-integration-test, integration-test, post-integration-test, verify, install, deploy]
[DEBUG] Lifecycle clean -> [pre-clean, clean, post-clean]
[DEBUG] Lifecycle site -> [pre-site, site, post-site, site-deploy]
[DEBUG] Lifecycle default -> [validate, initialize, generate-sources, process-sources, generate-resources, process-resources, compile, process-classes, generate-test-sources, process-test-sources, generate-test-resources, process-test-resources, test-compile, process-test-classes, test, prepare-package, package, pre-integration-test, integration-test, post-integration-test, verify, install, deploy]
[DEBUG] Lifecycle clean -> [pre-clean, clean, post-clean]
[DEBUG] Lifecycle site -> [pre-site, site, post-site, site-deploy]
[DEBUG] Lifecycle default -> [validate, initialize, generate-sources, process-sources, generate-resources, process-resources, compile, process-classes, generate-test-sources, process-test-sources, generate-test-resources, process-test-resources, test-compile, process-test-classes, test, prepare-package, package, pre-integration-test, integration-test, post-integration-test, verify, install, deploy]
[DEBUG] Lifecycle clean -> [pre-clean, clean, post-clean]
[DEBUG] Lifecycle site -> [pre-site, site, post-site, site-deploy]
[DEBUG] Lifecycle default -> [validate, initialize, generate-sources, process-sources, generate-resources, process-resources, compile, process-classes, generate-test-sources, process-test-sources, generate-test-resources, process-test-resources, test-compile, process-test-classes, test, prepare-package, package, pre-integration-test, integration-test, post-integration-test, verify, install, deploy]
[DEBUG] Lifecycle clean -> [pre-clean, clean, post-clean]
[DEBUG] Lifecycle site -> [pre-site, site, post-site, site-deploy]
[DEBUG] === PROJECT BUILD PLAN ================================================
[DEBUG] Project:       fr.msa.imsa:imsa-process-kogito:1.0.0-SNAPSHOT
[DEBUG] Dependencies (collect): []
[DEBUG] Dependencies (resolve): [compile, compile+runtime, runtime, test]
[DEBUG] Repositories (dependencies): [jboss (https://repository.jboss.org/nexus/content/groups/public-jboss/, default, releases), jboss-snapshot (https://repository.jboss.org/nexus/content/groups/public-jboss/, default, releases+snapshots), enterprise (https://maven.repository.redhat.com/techpreview/all/, default, releases), fusesource (https://repo.fusesource.com/nexus/content/groups/public/, default, releases), apache-public (https://repository.apache.org/content/groups/public/, default, releases+snapshots), redhat-techpreview-all-repository (https://maven.repository.redhat.com/techpreview/all/, default, releases), jboss-earlyaccess-repository (https://maven.repository.redhat.com/earlyaccess/all/, default, releases), fusesource.snapshot (https://repo.fusesource.com/nexus/content/groups/public-snapshots/, default, snapshots), central (https://repo.maven.apache.org/maven2, default, releases)]
[DEBUG] Repositories (plugins)     : [jboss-plugins (https://repository.jboss.org/nexus/content/groups/public-jboss/, default, releases), jboss-snapshot-plugins (https://repository.jboss.org/nexus/content/groups/public-jboss/, default, releases+snapshots), enterprise (https://maven.repository.redhat.com/techpreview/all/, default, releases), fusesource (https://repo.fusesource.com/nexus/content/groups/public/, default, releases+snapshots), apache-public (https://repository.apache.org/content/groups/public/, default, releases+snapshots), redhat-techpreview-all-repository (https://maven.repository.redhat.com/techpreview/all/, default, releases), jboss-earlyaccess-plugin-repository (https://maven.repository.redhat.com/earlyaccess/all/, default, releases), fusesource.snapshot (https://repo.fusesource.com/nexus/content/groups/public-snapshots/, default, snapshots), central (https://repo.maven.apache.org/maven2, default, releases)]
[DEBUG] -----------------------------------------------------------------------
[DEBUG] Goal:          org.apache.maven.plugins:maven-clean-plugin:2.5:clean (default-clean)
[DEBUG] Style:         Regular
[DEBUG] Configuration: <?xml version="1.0" encoding="UTF-8"?>
<configuration>
  <directory default-value="${project.build.directory}"/>
  <excludeDefaultDirectories default-value="false">${clean.excludeDefaultDirectories}</excludeDefaultDirectories>
  <failOnError default-value="true">${maven.clean.failOnError}</failOnError>
  <followSymLinks default-value="false">${clean.followSymLinks}</followSymLinks>
  <outputDirectory default-value="${project.build.outputDirectory}"/>
  <reportDirectory default-value="${project.reporting.outputDirectory}"/>
  <retryOnError default-value="true">${maven.clean.retryOnError}</retryOnError>
  <skip default-value="false">${clean.skip}</skip>
  <testOutputDirectory default-value="${project.build.testOutputDirectory}"/>
  <verbose>${clean.verbose}</verbose>
</configuration>
[DEBUG] -----------------------------------------------------------------------
[DEBUG] Goal:          org.apache.maven.plugins:maven-resources-plugin:2.6:resources (default-resources)
[DEBUG] Style:         Regular
[DEBUG] Configuration: <?xml version="1.0" encoding="UTF-8"?>
<configuration>
  <buildFilters default-value="${project.build.filters}"/>
  <encoding default-value="${project.build.sourceEncoding}">${encoding}</encoding>
  <escapeString>${maven.resources.escapeString}</escapeString>
  <escapeWindowsPaths default-value="true">${maven.resources.escapeWindowsPaths}</escapeWindowsPaths>
  <includeEmptyDirs default-value="false">${maven.resources.includeEmptyDirs}</includeEmptyDirs>
  <outputDirectory default-value="${project.build.outputDirectory}"/>
  <overwrite default-value="false">${maven.resources.overwrite}</overwrite>
  <project default-value="${project}"/>
  <resources default-value="${project.resources}"/>
  <session default-value="${session}"/>
  <supportMultiLineFiltering default-value="false">${maven.resources.supportMultiLineFiltering}</supportMultiLineFiltering>
  <useBuildFilters default-value="true"/>
  <useDefaultDelimiters default-value="true"/>
</configuration>
[DEBUG] -----------------------------------------------------------------------
[DEBUG] Goal:          org.apache.maven.plugins:maven-compiler-plugin:3.1:compile (default-compile)
[DEBUG] Style:         Regular
[DEBUG] Configuration: <?xml version="1.0" encoding="UTF-8"?>
<configuration>
  <basedir default-value="${basedir}"/>
  <buildDirectory default-value="${project.build.directory}"/>
  <classpathElements default-value="${project.compileClasspathElements}"/>
  <compileSourceRoots default-value="${project.compileSourceRoots}"/>
  <compilerId default-value="javac">${maven.compiler.compilerId}</compilerId>
  <compilerReuseStrategy default-value="${reuseCreated}">${maven.compiler.compilerReuseStrategy}</compilerReuseStrategy>
  <compilerVersion>${maven.compiler.compilerVersion}</compilerVersion>
  <debug default-value="true">${maven.compiler.debug}</debug>
  <debuglevel>${maven.compiler.debuglevel}</debuglevel>
  <encoding default-value="${project.build.sourceEncoding}">${encoding}</encoding>
  <executable>${maven.compiler.executable}</executable>
  <failOnError default-value="true">${maven.compiler.failOnError}</failOnError>
  <forceJavacCompilerUse default-value="false">${maven.compiler.forceJavacCompilerUse}</forceJavacCompilerUse>
  <fork default-value="false">${maven.compiler.fork}</fork>
  <generatedSourcesDirectory default-value="${project.build.directory}/generated-sources/annotations"/>
  <maxmem>${maven.compiler.maxmem}</maxmem>
  <meminitial>${maven.compiler.meminitial}</meminitial>
  <mojoExecution>${mojoExecution}</mojoExecution>
  <optimize default-value="false">${maven.compiler.optimize}</optimize>
  <outputDirectory default-value="${project.build.outputDirectory}"/>
  <projectArtifact default-value="${project.artifact}"/>
  <showDeprecation default-value="false">${maven.compiler.showDeprecation}</showDeprecation>
  <showWarnings default-value="false">${maven.compiler.showWarnings}</showWarnings>
  <skipMain>${maven.main.skip}</skipMain>
  <skipMultiThreadWarning default-value="false">${maven.compiler.skipMultiThreadWarning}</skipMultiThreadWarning>
  <source default-value="1.5">${maven.compiler.source}</source>
  <staleMillis default-value="0">${lastModGranularityMs}</staleMillis>
  <target default-value="1.5">${maven.compiler.target}</target>
  <useIncrementalCompilation default-value="true">${maven.compiler.useIncrementalCompilation}</useIncrementalCompilation>
  <verbose default-value="false">${maven.compiler.verbose}</verbose>
  <mavenSession default-value="${session}"/>
  <session default-value="${session}"/>
</configuration>
[DEBUG] -----------------------------------------------------------------------
[DEBUG] Goal:          org.apache.maven.plugins:maven-resources-plugin:2.6:testResources (default-testResources)
[DEBUG] Style:         Regular
[DEBUG] Configuration: <?xml version="1.0" encoding="UTF-8"?>
<configuration>
  <buildFilters default-value="${project.build.filters}"/>
  <encoding default-value="${project.build.sourceEncoding}">${encoding}</encoding>
  <escapeString>${maven.resources.escapeString}</escapeString>
  <escapeWindowsPaths default-value="true">${maven.resources.escapeWindowsPaths}</escapeWindowsPaths>
  <includeEmptyDirs default-value="false">${maven.resources.includeEmptyDirs}</includeEmptyDirs>
  <outputDirectory default-value="${project.build.testOutputDirectory}"/>
  <overwrite default-value="false">${maven.resources.overwrite}</overwrite>
  <project default-value="${project}"/>
  <resources default-value="${project.testResources}"/>
  <session default-value="${session}"/>
  <skip>${maven.test.skip}</skip>
  <supportMultiLineFiltering default-value="false">${maven.resources.supportMultiLineFiltering}</supportMultiLineFiltering>
  <useBuildFilters default-value="true"/>
  <useDefaultDelimiters default-value="true"/>
</configuration>
[DEBUG] -----------------------------------------------------------------------
[DEBUG] Goal:          org.apache.maven.plugins:maven-compiler-plugin:3.1:testCompile (default-testCompile)
[DEBUG] Style:         Regular
[DEBUG] Configuration: <?xml version="1.0" encoding="UTF-8"?>
<configuration>
  <basedir default-value="${basedir}"/>
  <buildDirectory default-value="${project.build.directory}"/>
  <classpathElements default-value="${project.testClasspathElements}"/>
  <compileSourceRoots default-value="${project.testCompileSourceRoots}"/>
  <compilerId default-value="javac">${maven.compiler.compilerId}</compilerId>
  <compilerReuseStrategy default-value="${reuseCreated}">${maven.compiler.compilerReuseStrategy}</compilerReuseStrategy>
  <compilerVersion>${maven.compiler.compilerVersion}</compilerVersion>
  <debug default-value="true">${maven.compiler.debug}</debug>
  <debuglevel>${maven.compiler.debuglevel}</debuglevel>
  <encoding default-value="${project.build.sourceEncoding}">${encoding}</encoding>
  <executable>${maven.compiler.executable}</executable>
  <failOnError default-value="true">${maven.compiler.failOnError}</failOnError>
  <forceJavacCompilerUse default-value="false">${maven.compiler.forceJavacCompilerUse}</forceJavacCompilerUse>
  <fork default-value="false">${maven.compiler.fork}</fork>
  <generatedTestSourcesDirectory default-value="${project.build.directory}/generated-test-sources/test-annotations"/>
  <maxmem>${maven.compiler.maxmem}</maxmem>
  <meminitial>${maven.compiler.meminitial}</meminitial>
  <mojoExecution>${mojoExecution}</mojoExecution>
  <optimize default-value="false">${maven.compiler.optimize}</optimize>
  <outputDirectory default-value="${project.build.testOutputDirectory}"/>
  <showDeprecation default-value="false">${maven.compiler.showDeprecation}</showDeprecation>
  <showWarnings default-value="false">${maven.compiler.showWarnings}</showWarnings>
  <skip>${maven.test.skip}</skip>
  <skipMultiThreadWarning default-value="false">${maven.compiler.skipMultiThreadWarning}</skipMultiThreadWarning>
  <source default-value="1.5">${maven.compiler.source}</source>
  <staleMillis default-value="0">${lastModGranularityMs}</staleMillis>
  <target default-value="1.5">${maven.compiler.target}</target>
  <testSource>${maven.compiler.testSource}</testSource>
  <testTarget>${maven.compiler.testTarget}</testTarget>
  <useIncrementalCompilation default-value="true">${maven.compiler.useIncrementalCompilation}</useIncrementalCompilation>
  <verbose default-value="false">${maven.compiler.verbose}</verbose>
  <mavenSession default-value="${session}"/>
  <session default-value="${session}"/>
</configuration>
[DEBUG] -----------------------------------------------------------------------
[DEBUG] Goal:          org.apache.maven.plugins:maven-surefire-plugin:2.12.4:test (default-test)
[DEBUG] Style:         Regular
[DEBUG] Configuration: <?xml version="1.0" encoding="UTF-8"?>
<configuration>
  <argLine>${argLine}</argLine>
  <basedir default-value="${basedir}"/>
  <childDelegation default-value="false">${childDelegation}</childDelegation>
  <classesDirectory default-value="${project.build.outputDirectory}"/>
  <debugForkedProcess>${maven.surefire.debug}</debugForkedProcess>
  <disableXmlReport default-value="false">${disableXmlReport}</disableXmlReport>
  <enableAssertions default-value="true">${enableAssertions}</enableAssertions>
  <excludedGroups>${excludedGroups}</excludedGroups>
  <failIfNoSpecifiedTests>${surefire.failIfNoSpecifiedTests}</failIfNoSpecifiedTests>
  <failIfNoTests>${failIfNoTests}</failIfNoTests>
  <forkMode default-value="once">${forkMode}</forkMode>
  <forkedProcessTimeoutInSeconds>${surefire.timeout}</forkedProcessTimeoutInSeconds>
  <groups>${groups}</groups>
  <junitArtifactName default-value="junit:junit">${junitArtifactName}</junitArtifactName>
  <jvm>${jvm}</jvm>
  <localRepository default-value="${localRepository}"/>
  <objectFactory>${objectFactory}</objectFactory>
  <parallel>${parallel}</parallel>
  <parallelMavenExecution default-value="${session.parallel}"/>
  <perCoreThreadCount default-value="true">${perCoreThreadCount}</perCoreThreadCount>
  <pluginArtifactMap>${plugin.artifactMap}</pluginArtifactMap>
  <pluginDescriptor default-value="${plugin}"/>
  <printSummary default-value="true">${surefire.printSummary}</printSummary>
  <projectArtifactMap>${project.artifactMap}</projectArtifactMap>
  <redirectTestOutputToFile default-value="false">${maven.test.redirectTestOutputToFile}</redirectTestOutputToFile>
  <remoteRepositories default-value="${project.pluginArtifactRepositories}"/>
  <reportFormat default-value="brief">${surefire.reportFormat}</reportFormat>
  <reportNameSuffix default-value="">${surefire.reportNameSuffix}</reportNameSuffix>
  <reportsDirectory default-value="${project.build.directory}/surefire-reports"/>
  <runOrder default-value="filesystem"/>
  <skip default-value="false">${maven.test.skip}</skip>
  <skipExec>${maven.test.skip.exec}</skipExec>
  <skipTests default-value="false">${skipTests}</skipTests>
  <test>${test}</test>
  <testClassesDirectory default-value="${project.build.testOutputDirectory}"/>
  <testFailureIgnore default-value="false">${maven.test.failure.ignore}</testFailureIgnore>
  <testNGArtifactName default-value="org.testng:testng">${testNGArtifactName}</testNGArtifactName>
  <testSourceDirectory default-value="${project.build.testSourceDirectory}"/>
  <threadCount>${threadCount}</threadCount>
  <trimStackTrace default-value="true">${trimStackTrace}</trimStackTrace>
  <useFile default-value="true">${surefire.useFile}</useFile>
  <useManifestOnlyJar default-value="true">${surefire.useManifestOnlyJar}</useManifestOnlyJar>
  <useSystemClassLoader default-value="true">${surefire.useSystemClassLoader}</useSystemClassLoader>
  <useUnlimitedThreads default-value="false">${useUnlimitedThreads}</useUnlimitedThreads>
  <workingDirectory>${basedir}</workingDirectory>
  <project default-value="${project}"/>
  <session default-value="${session}"/>
</configuration>
[DEBUG] -----------------------------------------------------------------------
[DEBUG] Goal:          org.apache.maven.plugins:maven-jar-plugin:2.4:jar (default-jar)
[DEBUG] Style:         Regular
[DEBUG] Configuration: <?xml version="1.0" encoding="UTF-8"?>
<configuration>
  <classesDirectory default-value="${project.build.outputDirectory}"/>
  <defaultManifestFile default-value="${project.build.outputDirectory}/META-INF/MANIFEST.MF"/>
  <finalName default-value="${project.build.finalName}">${jar.finalName}</finalName>
  <forceCreation default-value="false">${jar.forceCreation}</forceCreation>
  <outputDirectory default-value="${project.build.directory}"/>
  <project default-value="${project}"/>
  <session default-value="${session}"/>
  <skipIfEmpty default-value="false">${jar.skipIfEmpty}</skipIfEmpty>
  <useDefaultManifestFile default-value="false">${jar.useDefaultManifestFile}</useDefaultManifestFile>
</configuration>
[DEBUG] -----------------------------------------------------------------------
[DEBUG] Goal:          io.quarkus:quarkus-maven-plugin:2.4.0.Final:build (default)
[DEBUG] Style:         Regular
[DEBUG] Configuration: <?xml version="1.0" encoding="UTF-8"?>
<configuration>
  <appArtifact>${appArtifact}</appArtifact>
  <buildDir default-value="${project.build.directory}"/>
  <finalName default-value="${project.build.finalName}"/>
  <generatedSourcesDirectory default-value="${project.build.directory}/generated-sources"/>
  <ignoredEntries>${ignoredEntries}</ignoredEntries>
  <mojoExecution default-value="${mojoExecution}"/>
  <pluginRepos default-value="${project.remotePluginRepositories}"/>
  <project default-value="${project}"/>
  <properties>${properties}</properties>
  <repoSession default-value="${repositorySystemSession}"/>
  <repos default-value="${project.remoteProjectRepositories}"/>
  <session default-value="${session}"/>
  <skip default-value="false">${quarkus.build.skip}</skip>
  <skipOriginalJarRename>${skipOriginalJarRename}</skipOriginalJarRename>
</configuration>
[DEBUG] =======================================================================
[DEBUG] Skipped remote request for org.kie.kogito:kogito-quarkus:2.0.0-SNAPSHOT/maven-metadata.xml, locally cached metadata up-to-date
[DEBUG] org.kie.kogito:kogito-quarkus:2.0.0-SNAPSHOT/maven-metadata.xml was not found in https://repository.apache.org/content/groups/public/ during a previous attempt. This failure was cached in the local repository and resolution is not be reattempted until the update interval of apache-public has elapsed or updates are forced
[DEBUG] org.kie.kogito:kogito-quarkus:2.0.0-SNAPSHOT/maven-metadata.xml was not found in https://repo.fusesource.com/nexus/content/groups/public-snapshots/ during a previous attempt. This failure was cached in the local repository and resolution is not be reattempted until the update interval of fusesource.snapshot has elapsed or updates are forced
[DEBUG] Skipped remote request for org.kie.kogito:kogito-quarkus:2.0.0-SNAPSHOT/maven-metadata.xml, locally cached metadata up-to-date
[DEBUG] org.kie.kogito:kogito-quarkus:2.0.0-SNAPSHOT/maven-metadata.xml was not found in https://repository.apache.org/content/groups/public/ during a previous attempt. This failure was cached in the local repository and resolution is not be reattempted until the update interval of apache-public has elapsed or updates are forced
[DEBUG] org.kie.kogito:kogito-quarkus:2.0.0-SNAPSHOT/maven-metadata.xml was not found in https://repo.fusesource.com/nexus/content/groups/public-snapshots/ during a previous attempt. This failure was cached in the local repository and resolution is not be reattempted until the update interval of fusesource.snapshot has elapsed or updates are forced
[DEBUG] Skipped remote request for org.kie.kogito:kogito-quarkus-extension:2.0.0-SNAPSHOT/maven-metadata.xml, locally cached metadata up-to-date
[DEBUG] org.kie.kogito:kogito-quarkus-extension:2.0.0-SNAPSHOT/maven-metadata.xml was not found in https://repository.apache.org/content/groups/public/ during a previous attempt. This failure was cached in the local repository and resolution is not be reattempted until the update interval of apache-public has elapsed or updates are forced
[DEBUG] org.kie.kogito:kogito-quarkus-extension:2.0.0-SNAPSHOT/maven-metadata.xml was not found in https://repo.fusesource.com/nexus/content/groups/public-snapshots/ during a previous attempt. This failure was cached in the local repository and resolution is not be reattempted until the update interval of fusesource.snapshot has elapsed or updates are forced
[DEBUG] Skipped remote request for org.kie.kogito:quarkus-extensions:2.0.0-SNAPSHOT/maven-metadata.xml, locally cached metadata up-to-date
[DEBUG] org.kie.kogito:quarkus-extensions:2.0.0-SNAPSHOT/maven-metadata.xml was not found in https://repository.apache.org/content/groups/public/ during a previous attempt. This failure was cached in the local repository and resolution is not be reattempted until the update interval of apache-public has elapsed or updates are forced
[DEBUG] org.kie.kogito:quarkus-extensions:2.0.0-SNAPSHOT/maven-metadata.xml was not found in https://repo.fusesource.com/nexus/content/groups/public-snapshots/ during a previous attempt. This failure was cached in the local repository and resolution is not be reattempted until the update interval of fusesource.snapshot has elapsed or updates are forced
[DEBUG] Skipped remote request for org.kie.kogito:quarkus:2.0.0-SNAPSHOT/maven-metadata.xml, locally cached metadata up-to-date
[DEBUG] org.kie.kogito:quarkus:2.0.0-SNAPSHOT/maven-metadata.xml was not found in https://repository.apache.org/content/groups/public/ during a previous attempt. This failure was cached in the local repository and resolution is not be reattempted until the update interval of apache-public has elapsed or updates are forced
[DEBUG] org.kie.kogito:quarkus:2.0.0-SNAPSHOT/maven-metadata.xml was not found in https://repo.fusesource.com/nexus/content/groups/public-snapshots/ during a previous attempt. This failure was cached in the local repository and resolution is not be reattempted until the update interval of fusesource.snapshot has elapsed or updates are forced
[DEBUG] Skipped remote request for org.kie.kogito:kogito-build-parent:2.0.0-SNAPSHOT/maven-metadata.xml, locally cached metadata up-to-date
[DEBUG] org.kie.kogito:kogito-build-parent:2.0.0-SNAPSHOT/maven-metadata.xml was not found in https://repository.apache.org/content/groups/public/ during a previous attempt. This failure was cached in the local repository and resolution is not be reattempted until the update interval of apache-public has elapsed or updates are forced
[DEBUG] org.kie.kogito:kogito-build-parent:2.0.0-SNAPSHOT/maven-metadata.xml was not found in https://repo.fusesource.com/nexus/content/groups/public-snapshots/ during a previous attempt. This failure was cached in the local repository and resolution is not be reattempted until the update interval of fusesource.snapshot has elapsed or updates are forced
[DEBUG] Skipped remote request for org.kie.kogito:kogito-dependencies-bom:2.0.0-SNAPSHOT/maven-metadata.xml, locally cached metadata up-to-date
[DEBUG] org.kie.kogito:kogito-dependencies-bom:2.0.0-SNAPSHOT/maven-metadata.xml was not found in https://repository.apache.org/content/groups/public/ during a previous attempt. This failure was cached in the local repository and resolution is not be reattempted until the update interval of apache-public has elapsed or updates are forced
[DEBUG] org.kie.kogito:kogito-dependencies-bom:2.0.0-SNAPSHOT/maven-metadata.xml was not found in https://repo.fusesource.com/nexus/content/groups/public-snapshots/ during a previous attempt. This failure was cached in the local repository and resolution is not be reattempted until the update interval of fusesource.snapshot has elapsed or updates are forced
[DEBUG] Skipped remote request for org.kie.kogito:kogito-build:2.0.0-SNAPSHOT/maven-metadata.xml, locally cached metadata up-to-date
[DEBUG] org.kie.kogito:kogito-build:2.0.0-SNAPSHOT/maven-metadata.xml was not found in https://repository.apache.org/content/groups/public/ during a previous attempt. This failure was cached in the local repository and resolution is not be reattempted until the update interval of apache-public has elapsed or updates are forced
[DEBUG] org.kie.kogito:kogito-build:2.0.0-SNAPSHOT/maven-metadata.xml was not found in https://repo.fusesource.com/nexus/content/groups/public-snapshots/ during a previous attempt. This failure was cached in the local repository and resolution is not be reattempted until the update interval of fusesource.snapshot has elapsed or updates are forced
[DEBUG] Skipped remote request for org.kie.kogito:kogito-runtimes:2.0.0-SNAPSHOT/maven-metadata.xml, locally cached metadata up-to-date
[DEBUG] org.kie.kogito:kogito-runtimes:2.0.0-SNAPSHOT/maven-metadata.xml was not found in https://repository.apache.org/content/groups/public/ during a previous attempt. This failure was cached in the local repository and resolution is not be reattempted until the update interval of apache-public has elapsed or updates are forced
[DEBUG] org.kie.kogito:kogito-runtimes:2.0.0-SNAPSHOT/maven-metadata.xml was not found in https://repo.fusesource.com/nexus/content/groups/public-snapshots/ during a previous attempt. This failure was cached in the local repository and resolution is not be reattempted until the update interval of fusesource.snapshot has elapsed or updates are forced
[DEBUG] Skipped remote request for org.kie.kogito:kogito-quarkus-bom:2.0.0-SNAPSHOT/maven-metadata.xml, locally cached metadata up-to-date
[DEBUG] org.kie.kogito:kogito-quarkus-bom:2.0.0-SNAPSHOT/maven-metadata.xml was not found in https://repository.apache.org/content/groups/public/ during a previous attempt. This failure was cached in the local repository and resolution is not be reattempted until the update interval of apache-public has elapsed or updates are forced
[DEBUG] org.kie.kogito:kogito-quarkus-bom:2.0.0-SNAPSHOT/maven-metadata.xml was not found in https://repo.fusesource.com/nexus/content/groups/public-snapshots/ during a previous attempt. This failure was cached in the local repository and resolution is not be reattempted until the update interval of fusesource.snapshot has elapsed or updates are forced
[DEBUG] Skipped remote request for org.kie.kogito:kogito-quarkus-bom:2.0.0-SNAPSHOT/maven-metadata.xml, locally cached metadata up-to-date
[DEBUG] Skipped remote request for org.kie.kogito:kogito-bom:2.0.0-SNAPSHOT/maven-metadata.xml, locally cached metadata up-to-date
[DEBUG] org.kie.kogito:kogito-bom:2.0.0-SNAPSHOT/maven-metadata.xml was not found in https://repository.apache.org/content/groups/public/ during a previous attempt. This failure was cached in the local repository and resolution is not be reattempted until the update interval of apache-public has elapsed or updates are forced
[DEBUG] org.kie.kogito:kogito-bom:2.0.0-SNAPSHOT/maven-metadata.xml was not found in https://repo.fusesource.com/nexus/content/groups/public-snapshots/ during a previous attempt. This failure was cached in the local repository and resolution is not be reattempted until the update interval of fusesource.snapshot has elapsed or updates are forced
[DEBUG] Skipped remote request for org.kie.kogito:kogito-bom:2.0.0-SNAPSHOT/maven-metadata.xml, locally cached metadata up-to-date
[DEBUG] Skipped remote request for org.kie.kogito:kogito-quarkus-common:2.0.0-SNAPSHOT/maven-metadata.xml, locally cached metadata up-to-date
[DEBUG] org.kie.kogito:kogito-quarkus-common:2.0.0-SNAPSHOT/maven-metadata.xml was not found in https://repository.apache.org/content/groups/public/ during a previous attempt. This failure was cached in the local repository and resolution is not be reattempted until the update interval of apache-public has elapsed or updates are forced
[DEBUG] org.kie.kogito:kogito-quarkus-common:2.0.0-SNAPSHOT/maven-metadata.xml was not found in https://repo.fusesource.com/nexus/content/groups/public-snapshots/ during a previous attempt. This failure was cached in the local repository and resolution is not be reattempted until the update interval of fusesource.snapshot has elapsed or updates are forced
[DEBUG] Skipped remote request for org.kie.kogito:kogito-quarkus-common:2.0.0-SNAPSHOT/maven-metadata.xml, locally cached metadata up-to-date
[DEBUG] Skipped remote request for org.kie.kogito:kogito-quarkus-common:2.0.0-SNAPSHOT/maven-metadata.xml, locally cached metadata up-to-date
[DEBUG] org.kie.kogito:kogito-quarkus-common:2.0.0-SNAPSHOT/maven-metadata.xml was not found in https://repository.apache.org/content/groups/public/ during a previous attempt. This failure was cached in the local repository and resolution is not be reattempted until the update interval of apache-public has elapsed or updates are forced
[DEBUG] org.kie.kogito:kogito-quarkus-common:2.0.0-SNAPSHOT/maven-metadata.xml was not found in https://repo.fusesource.com/nexus/content/groups/public-snapshots/ during a previous attempt. This failure was cached in the local repository and resolution is not be reattempted until the update interval of fusesource.snapshot has elapsed or updates are forced
[DEBUG] Skipped remote request for org.kie.kogito:kogito-quarkus-common:2.0.0-SNAPSHOT/maven-metadata.xml, locally cached metadata up-to-date
[DEBUG] Skipped remote request for org.kie.kogito:kogito-quarkus-extension-common:2.0.0-SNAPSHOT/maven-metadata.xml, locally cached metadata up-to-date
[DEBUG] org.kie.kogito:kogito-quarkus-extension-common:2.0.0-SNAPSHOT/maven-metadata.xml was not found in https://repository.apache.org/content/groups/public/ during a previous attempt. This failure was cached in the local repository and resolution is not be reattempted until the update interval of apache-public has elapsed or updates are forced
[DEBUG] org.kie.kogito:kogito-quarkus-extension-common:2.0.0-SNAPSHOT/maven-metadata.xml was not found in https://repo.fusesource.com/nexus/content/groups/public-snapshots/ during a previous attempt. This failure was cached in the local repository and resolution is not be reattempted until the update interval of fusesource.snapshot has elapsed or updates are forced
[DEBUG] Skipped remote request for org.kie.kogito:kogito-quarkus-extension-common:2.0.0-SNAPSHOT/maven-metadata.xml, locally cached metadata up-to-date
[DEBUG] Skipped remote request for org.kie.kogito:kogito-api-incubation-application:2.0.0-SNAPSHOT/maven-metadata.xml, locally cached metadata up-to-date
[DEBUG] org.kie.kogito:kogito-api-incubation-application:2.0.0-SNAPSHOT/maven-metadata.xml was not found in https://repository.apache.org/content/groups/public/ during a previous attempt. This failure was cached in the local repository and resolution is not be reattempted until the update interval of apache-public has elapsed or updates are forced
[DEBUG] org.kie.kogito:kogito-api-incubation-application:2.0.0-SNAPSHOT/maven-metadata.xml was not found in https://repo.fusesource.com/nexus/content/groups/public-snapshots/ during a previous attempt. This failure was cached in the local repository and resolution is not be reattempted until the update interval of fusesource.snapshot has elapsed or updates are forced
[DEBUG] Skipped remote request for org.kie.kogito:kogito-api-incubation-application:2.0.0-SNAPSHOT/maven-metadata.xml, locally cached metadata up-to-date
[DEBUG] Skipped remote request for org.kie.kogito:kogito-api-incubation-application:2.0.0-SNAPSHOT/maven-metadata.xml, locally cached metadata up-to-date
[DEBUG] org.kie.kogito:kogito-api-incubation-application:2.0.0-SNAPSHOT/maven-metadata.xml was not found in https://repository.apache.org/content/groups/public/ during a previous attempt. This failure was cached in the local repository and resolution is not be reattempted until the update interval of apache-public has elapsed or updates are forced
[DEBUG] org.kie.kogito:kogito-api-incubation-application:2.0.0-SNAPSHOT/maven-metadata.xml was not found in https://repo.fusesource.com/nexus/content/groups/public-snapshots/ during a previous attempt. This failure was cached in the local repository and resolution is not be reattempted until the update interval of fusesource.snapshot has elapsed or updates are forced
[DEBUG] Skipped remote request for org.kie.kogito:kogito-api-incubation-application:2.0.0-SNAPSHOT/maven-metadata.xml, locally cached metadata up-to-date
[DEBUG] Skipped remote request for org.kie.kogito:kogito-api-parent:2.0.0-SNAPSHOT/maven-metadata.xml, locally cached metadata up-to-date
[DEBUG] org.kie.kogito:kogito-api-parent:2.0.0-SNAPSHOT/maven-metadata.xml was not found in https://repository.apache.org/content/groups/public/ during a previous attempt. This failure was cached in the local repository and resolution is not be reattempted until the update interval of apache-public has elapsed or updates are forced
[DEBUG] org.kie.kogito:kogito-api-parent:2.0.0-SNAPSHOT/maven-metadata.xml was not found in https://repo.fusesource.com/nexus/content/groups/public-snapshots/ during a previous attempt. This failure was cached in the local repository and resolution is not be reattempted until the update interval of fusesource.snapshot has elapsed or updates are forced
[DEBUG] Skipped remote request for org.kie.kogito:kogito-api-parent:2.0.0-SNAPSHOT/maven-metadata.xml, locally cached metadata up-to-date
[DEBUG] Skipped remote request for org.kie.kogito:kogito-api-incubation-common:2.0.0-SNAPSHOT/maven-metadata.xml, locally cached metadata up-to-date
[DEBUG] org.kie.kogito:kogito-api-incubation-common:2.0.0-SNAPSHOT/maven-metadata.xml was not found in https://repository.apache.org/content/groups/public/ during a previous attempt. This failure was cached in the local repository and resolution is not be reattempted until the update interval of apache-public has elapsed or updates are forced
[DEBUG] org.kie.kogito:kogito-api-incubation-common:2.0.0-SNAPSHOT/maven-metadata.xml was not found in https://repo.fusesource.com/nexus/content/groups/public-snapshots/ during a previous attempt. This failure was cached in the local repository and resolution is not be reattempted until the update interval of fusesource.snapshot has elapsed or updates are forced
[DEBUG] Skipped remote request for org.kie.kogito:kogito-api-incubation-common:2.0.0-SNAPSHOT/maven-metadata.xml, locally cached metadata up-to-date
[DEBUG] Skipped remote request for org.kie.kogito:kogito-api-incubation-common:2.0.0-SNAPSHOT/maven-metadata.xml, locally cached metadata up-to-date
[DEBUG] org.kie.kogito:kogito-api-incubation-common:2.0.0-SNAPSHOT/maven-metadata.xml was not found in https://repository.apache.org/content/groups/public/ during a previous attempt. This failure was cached in the local repository and resolution is not be reattempted until the update interval of apache-public has elapsed or updates are forced
[DEBUG] org.kie.kogito:kogito-api-incubation-common:2.0.0-SNAPSHOT/maven-metadata.xml was not found in https://repo.fusesource.com/nexus/content/groups/public-snapshots/ during a previous attempt. This failure was cached in the local repository and resolution is not be reattempted until the update interval of fusesource.snapshot has elapsed or updates are forced
[DEBUG] Skipped remote request for org.kie.kogito:kogito-api-incubation-common:2.0.0-SNAPSHOT/maven-metadata.xml, locally cached metadata up-to-date
[DEBUG] Could not find metadata org.kie.kogito:kogito-api-incubation-common-objectmapper:2.0.0-SNAPSHOT/maven-metadata.xml in local (/Users/mouachani/.m2/repository)
[DEBUG] Skipped remote request for org.kie.kogito:kogito-api-incubation-common-objectmapper:2.0.0-SNAPSHOT/maven-metadata.xml, locally cached metadata up-to-date
[DEBUG] org.kie.kogito:kogito-api-incubation-common-objectmapper:2.0.0-SNAPSHOT/maven-metadata.xml was not found in https://repository.apache.org/content/groups/public/ during a previous attempt. This failure was cached in the local repository and resolution is not be reattempted until the update interval of apache-public has elapsed or updates are forced
[DEBUG] org.kie.kogito:kogito-api-incubation-common-objectmapper:2.0.0-SNAPSHOT/maven-metadata.xml was not found in https://repo.fusesource.com/nexus/content/groups/public-snapshots/ during a previous attempt. This failure was cached in the local repository and resolution is not be reattempted until the update interval of fusesource.snapshot has elapsed or updates are forced
[DEBUG] Skipped remote request for org.kie.kogito:kogito-api-incubation-common-objectmapper:2.0.0-SNAPSHOT/maven-metadata.xml, locally cached metadata up-to-date
[DEBUG] Could not find metadata org.kie.kogito:kogito-api-incubation-common-objectmapper:2.0.0-SNAPSHOT/maven-metadata.xml in local (/Users/mouachani/.m2/repository)
[DEBUG] Skipped remote request for org.kie.kogito:kogito-api-incubation-common-objectmapper:2.0.0-SNAPSHOT/maven-metadata.xml, locally cached metadata up-to-date
[DEBUG] org.kie.kogito:kogito-api-incubation-common-objectmapper:2.0.0-SNAPSHOT/maven-metadata.xml was not found in https://repository.apache.org/content/groups/public/ during a previous attempt. This failure was cached in the local repository and resolution is not be reattempted until the update interval of apache-public has elapsed or updates are forced
[DEBUG] org.kie.kogito:kogito-api-incubation-common-objectmapper:2.0.0-SNAPSHOT/maven-metadata.xml was not found in https://repo.fusesource.com/nexus/content/groups/public-snapshots/ during a previous attempt. This failure was cached in the local repository and resolution is not be reattempted until the update interval of fusesource.snapshot has elapsed or updates are forced
[DEBUG] Skipped remote request for org.kie.kogito:kogito-api-incubation-common-objectmapper:2.0.0-SNAPSHOT/maven-metadata.xml, locally cached metadata up-to-date
[DEBUG] Skipped remote request for org.kie.kogito:kogito-api:2.0.0-SNAPSHOT/maven-metadata.xml, locally cached metadata up-to-date
[DEBUG] org.kie.kogito:kogito-api:2.0.0-SNAPSHOT/maven-metadata.xml was not found in https://repository.apache.org/content/groups/public/ during a previous attempt. This failure was cached in the local repository and resolution is not be reattempted until the update interval of apache-public has elapsed or updates are forced
[DEBUG] org.kie.kogito:kogito-api:2.0.0-SNAPSHOT/maven-metadata.xml was not found in https://repo.fusesource.com/nexus/content/groups/public-snapshots/ during a previous attempt. This failure was cached in the local repository and resolution is not be reattempted until the update interval of fusesource.snapshot has elapsed or updates are forced
[DEBUG] Skipped remote request for org.kie.kogito:kogito-api:2.0.0-SNAPSHOT/maven-metadata.xml, locally cached metadata up-to-date
[DEBUG] Skipped remote request for org.kie.kogito:kogito-api:2.0.0-SNAPSHOT/maven-metadata.xml, locally cached metadata up-to-date
[DEBUG] org.kie.kogito:kogito-api:2.0.0-SNAPSHOT/maven-metadata.xml was not found in https://repository.apache.org/content/groups/public/ during a previous attempt. This failure was cached in the local repository and resolution is not be reattempted until the update interval of apache-public has elapsed or updates are forced
[DEBUG] org.kie.kogito:kogito-api:2.0.0-SNAPSHOT/maven-metadata.xml was not found in https://repo.fusesource.com/nexus/content/groups/public-snapshots/ during a previous attempt. This failure was cached in the local repository and resolution is not be reattempted until the update interval of fusesource.snapshot has elapsed or updates are forced
[DEBUG] Skipped remote request for org.kie.kogito:kogito-api:2.0.0-SNAPSHOT/maven-metadata.xml, locally cached metadata up-to-date
[DEBUG] Could not find metadata org.kie.kogito:kogito-kie-bom:2.0.0-SNAPSHOT/maven-metadata.xml in local (/Users/mouachani/.m2/repository)
[DEBUG] Skipped remote request for org.kie.kogito:kogito-kie-bom:2.0.0-SNAPSHOT/maven-metadata.xml, locally cached metadata up-to-date
[DEBUG] org.kie.kogito:kogito-kie-bom:2.0.0-SNAPSHOT/maven-metadata.xml was not found in https://repository.apache.org/content/groups/public/ during a previous attempt. This failure was cached in the local repository and resolution is not be reattempted until the update interval of apache-public has elapsed or updates are forced
[DEBUG] org.kie.kogito:kogito-kie-bom:2.0.0-SNAPSHOT/maven-metadata.xml was not found in https://repo.fusesource.com/nexus/content/groups/public-snapshots/ during a previous attempt. This failure was cached in the local repository and resolution is not be reattempted until the update interval of fusesource.snapshot has elapsed or updates are forced
[DEBUG] Skipped remote request for org.kie.kogito:kogito-kie-bom:2.0.0-SNAPSHOT/maven-metadata.xml, locally cached metadata up-to-date
[DEBUG] Could not find metadata org.kie:kie-api:8.15.0-SNAPSHOT/maven-metadata.xml in local (/Users/mouachani/.m2/repository)
[DEBUG] Skipped remote request for org.kie:kie-api:8.15.0-SNAPSHOT/maven-metadata.xml, locally cached metadata up-to-date
[DEBUG] org.kie:kie-api:8.15.0-SNAPSHOT/maven-metadata.xml was not found in https://repository.apache.org/content/groups/public/ during a previous attempt. This failure was cached in the local repository and resolution is not be reattempted until the update interval of apache-public has elapsed or updates are forced
[DEBUG] org.kie:kie-api:8.15.0-SNAPSHOT/maven-metadata.xml was not found in https://repo.fusesource.com/nexus/content/groups/public-snapshots/ during a previous attempt. This failure was cached in the local repository and resolution is not be reattempted until the update interval of fusesource.snapshot has elapsed or updates are forced
[DEBUG] Skipped remote request for org.kie:kie-api:8.15.0-SNAPSHOT/maven-metadata.xml, locally cached metadata up-to-date
[DEBUG] Could not find metadata org.kie:kie-api:8.15.0-SNAPSHOT/maven-metadata.xml in local (/Users/mouachani/.m2/repository)
[DEBUG] Skipped remote request for org.kie:kie-api:8.15.0-SNAPSHOT/maven-metadata.xml, locally cached metadata up-to-date
[DEBUG] org.kie:kie-api:8.15.0-SNAPSHOT/maven-metadata.xml was not found in https://repository.apache.org/content/groups/public/ during a previous attempt. This failure was cached in the local repository and resolution is not be reattempted until the update interval of apache-public has elapsed or updates are forced
[DEBUG] org.kie:kie-api:8.15.0-SNAPSHOT/maven-metadata.xml was not found in https://repo.fusesource.com/nexus/content/groups/public-snapshots/ during a previous attempt. This failure was cached in the local repository and resolution is not be reattempted until the update interval of fusesource.snapshot has elapsed or updates are forced
[DEBUG] Skipped remote request for org.kie:kie-api:8.15.0-SNAPSHOT/maven-metadata.xml, locally cached metadata up-to-date
[DEBUG] Could not find metadata org.kie:drools-build-parent:8.15.0-SNAPSHOT/maven-metadata.xml in local (/Users/mouachani/.m2/repository)
[DEBUG] Skipped remote request for org.kie:drools-build-parent:8.15.0-SNAPSHOT/maven-metadata.xml, locally cached metadata up-to-date
[DEBUG] org.kie:drools-build-parent:8.15.0-SNAPSHOT/maven-metadata.xml was not found in https://repository.apache.org/content/groups/public/ during a previous attempt. This failure was cached in the local repository and resolution is not be reattempted until the update interval of apache-public has elapsed or updates are forced
[DEBUG] org.kie:drools-build-parent:8.15.0-SNAPSHOT/maven-metadata.xml was not found in https://repo.fusesource.com/nexus/content/groups/public-snapshots/ during a previous attempt. This failure was cached in the local repository and resolution is not be reattempted until the update interval of fusesource.snapshot has elapsed or updates are forced
[DEBUG] Skipped remote request for org.kie:drools-build-parent:8.15.0-SNAPSHOT/maven-metadata.xml, locally cached metadata up-to-date
[DEBUG] Could not find metadata org.kie:drools-parent:8.15.0-SNAPSHOT/maven-metadata.xml in local (/Users/mouachani/.m2/repository)
[DEBUG] Skipped remote request for org.kie:drools-parent:8.15.0-SNAPSHOT/maven-metadata.xml, locally cached metadata up-to-date
[DEBUG] org.kie:drools-parent:8.15.0-SNAPSHOT/maven-metadata.xml was not found in https://repository.apache.org/content/groups/public/ during a previous attempt. This failure was cached in the local repository and resolution is not be reattempted until the update interval of apache-public has elapsed or updates are forced
[DEBUG] org.kie:drools-parent:8.15.0-SNAPSHOT/maven-metadata.xml was not found in https://repo.fusesource.com/nexus/content/groups/public-snapshots/ during a previous attempt. This failure was cached in the local repository and resolution is not be reattempted until the update interval of fusesource.snapshot has elapsed or updates are forced
[DEBUG] Skipped remote request for org.kie:drools-parent:8.15.0-SNAPSHOT/maven-metadata.xml, locally cached metadata up-to-date
[DEBUG] Could not find metadata org.kie:kie-core-bom:8.15.0-SNAPSHOT/maven-metadata.xml in local (/Users/mouachani/.m2/repository)
[DEBUG] Skipped remote request for org.kie:kie-core-bom:8.15.0-SNAPSHOT/maven-metadata.xml, locally cached metadata up-to-date
[DEBUG] org.kie:kie-core-bom:8.15.0-SNAPSHOT/maven-metadata.xml was not found in https://repository.apache.org/content/groups/public/ during a previous attempt. This failure was cached in the local repository and resolution is not be reattempted until the update interval of apache-public has elapsed or updates are forced
[DEBUG] org.kie:kie-core-bom:8.15.0-SNAPSHOT/maven-metadata.xml was not found in https://repo.fusesource.com/nexus/content/groups/public-snapshots/ during a previous attempt. This failure was cached in the local repository and resolution is not be reattempted until the update interval of fusesource.snapshot has elapsed or updates are forced
[DEBUG] Skipped remote request for org.kie:kie-core-bom:8.15.0-SNAPSHOT/maven-metadata.xml, locally cached metadata up-to-date
[DEBUG] Could not find metadata org.drools:drools-bom:8.15.0-SNAPSHOT/maven-metadata.xml in local (/Users/mouachani/.m2/repository)
[DEBUG] Skipped remote request for org.drools:drools-bom:8.15.0-SNAPSHOT/maven-metadata.xml, locally cached metadata up-to-date
[DEBUG] org.drools:drools-bom:8.15.0-SNAPSHOT/maven-metadata.xml was not found in https://repository.apache.org/content/groups/public/ during a previous attempt. This failure was cached in the local repository and resolution is not be reattempted until the update interval of apache-public has elapsed or updates are forced
[DEBUG] org.drools:drools-bom:8.15.0-SNAPSHOT/maven-metadata.xml was not found in https://repo.fusesource.com/nexus/content/groups/public-snapshots/ during a previous attempt. This failure was cached in the local repository and resolution is not be reattempted until the update interval of fusesource.snapshot has elapsed or updates are forced
[DEBUG] Skipped remote request for org.drools:drools-bom:8.15.0-SNAPSHOT/maven-metadata.xml, locally cached metadata up-to-date
[DEBUG] Could not find metadata org.kie:kie-dmn-bom:8.15.0-SNAPSHOT/maven-metadata.xml in local (/Users/mouachani/.m2/repository)
[DEBUG] Skipped remote request for org.kie:kie-dmn-bom:8.15.0-SNAPSHOT/maven-metadata.xml, locally cached metadata up-to-date
[DEBUG] org.kie:kie-dmn-bom:8.15.0-SNAPSHOT/maven-metadata.xml was not found in https://repository.apache.org/content/groups/public/ during a previous attempt. This failure was cached in the local repository and resolution is not be reattempted until the update interval of apache-public has elapsed or updates are forced
[DEBUG] org.kie:kie-dmn-bom:8.15.0-SNAPSHOT/maven-metadata.xml was not found in https://repo.fusesource.com/nexus/content/groups/public-snapshots/ during a previous attempt. This failure was cached in the local repository and resolution is not be reattempted until the update interval of fusesource.snapshot has elapsed or updates are forced
[DEBUG] Skipped remote request for org.kie:kie-dmn-bom:8.15.0-SNAPSHOT/maven-metadata.xml, locally cached metadata up-to-date
[DEBUG] Could not find metadata org.kie:kie-pmml-bom:8.15.0-SNAPSHOT/maven-metadata.xml in local (/Users/mouachani/.m2/repository)
[DEBUG] Skipped remote request for org.kie:kie-pmml-bom:8.15.0-SNAPSHOT/maven-metadata.xml, locally cached metadata up-to-date
[DEBUG] org.kie:kie-pmml-bom:8.15.0-SNAPSHOT/maven-metadata.xml was not found in https://repository.apache.org/content/groups/public/ during a previous attempt. This failure was cached in the local repository and resolution is not be reattempted until the update interval of apache-public has elapsed or updates are forced
[DEBUG] org.kie:kie-pmml-bom:8.15.0-SNAPSHOT/maven-metadata.xml was not found in https://repo.fusesource.com/nexus/content/groups/public-snapshots/ during a previous attempt. This failure was cached in the local repository and resolution is not be reattempted until the update interval of fusesource.snapshot has elapsed or updates are forced
[DEBUG] Skipped remote request for org.kie:kie-pmml-bom:8.15.0-SNAPSHOT/maven-metadata.xml, locally cached metadata up-to-date
[DEBUG] Could not find metadata org.kie:kie-dmn-api:8.15.0-SNAPSHOT/maven-metadata.xml in local (/Users/mouachani/.m2/repository)
[DEBUG] Skipped remote request for org.kie:kie-dmn-api:8.15.0-SNAPSHOT/maven-metadata.xml, locally cached metadata up-to-date
[DEBUG] org.kie:kie-dmn-api:8.15.0-SNAPSHOT/maven-metadata.xml was not found in https://repository.apache.org/content/groups/public/ during a previous attempt. This failure was cached in the local repository and resolution is not be reattempted until the update interval of apache-public has elapsed or updates are forced
[DEBUG] org.kie:kie-dmn-api:8.15.0-SNAPSHOT/maven-metadata.xml was not found in https://repo.fusesource.com/nexus/content/groups/public-snapshots/ during a previous attempt. This failure was cached in the local repository and resolution is not be reattempted until the update interval of fusesource.snapshot has elapsed or updates are forced
[DEBUG] Skipped remote request for org.kie:kie-dmn-api:8.15.0-SNAPSHOT/maven-metadata.xml, locally cached metadata up-to-date
[DEBUG] Could not find metadata org.kie:kie-dmn-api:8.15.0-SNAPSHOT/maven-metadata.xml in local (/Users/mouachani/.m2/repository)
[DEBUG] Skipped remote request for org.kie:kie-dmn-api:8.15.0-SNAPSHOT/maven-metadata.xml, locally cached metadata up-to-date
[DEBUG] org.kie:kie-dmn-api:8.15.0-SNAPSHOT/maven-metadata.xml was not found in https://repository.apache.org/content/groups/public/ during a previous attempt. This failure was cached in the local repository and resolution is not be reattempted until the update interval of apache-public has elapsed or updates are forced
[DEBUG] org.kie:kie-dmn-api:8.15.0-SNAPSHOT/maven-metadata.xml was not found in https://repo.fusesource.com/nexus/content/groups/public-snapshots/ during a previous attempt. This failure was cached in the local repository and resolution is not be reattempted until the update interval of fusesource.snapshot has elapsed or updates are forced
[DEBUG] Skipped remote request for org.kie:kie-dmn-api:8.15.0-SNAPSHOT/maven-metadata.xml, locally cached metadata up-to-date
[DEBUG] Could not find metadata org.kie:kie-dmn:8.15.0-SNAPSHOT/maven-metadata.xml in local (/Users/mouachani/.m2/repository)
[DEBUG] Skipped remote request for org.kie:kie-dmn:8.15.0-SNAPSHOT/maven-metadata.xml, locally cached metadata up-to-date
[DEBUG] org.kie:kie-dmn:8.15.0-SNAPSHOT/maven-metadata.xml was not found in https://repository.apache.org/content/groups/public/ during a previous attempt. This failure was cached in the local repository and resolution is not be reattempted until the update interval of apache-public has elapsed or updates are forced
[DEBUG] org.kie:kie-dmn:8.15.0-SNAPSHOT/maven-metadata.xml was not found in https://repo.fusesource.com/nexus/content/groups/public-snapshots/ during a previous attempt. This failure was cached in the local repository and resolution is not be reattempted until the update interval of fusesource.snapshot has elapsed or updates are forced
[DEBUG] Skipped remote request for org.kie:kie-dmn:8.15.0-SNAPSHOT/maven-metadata.xml, locally cached metadata up-to-date
[DEBUG] Could not find metadata org.kie:kie-internal:8.15.0-SNAPSHOT/maven-metadata.xml in local (/Users/mouachani/.m2/repository)
[DEBUG] Skipped remote request for org.kie:kie-internal:8.15.0-SNAPSHOT/maven-metadata.xml, locally cached metadata up-to-date
[DEBUG] org.kie:kie-internal:8.15.0-SNAPSHOT/maven-metadata.xml was not found in https://repository.apache.org/content/groups/public/ during a previous attempt. This failure was cached in the local repository and resolution is not be reattempted until the update interval of apache-public has elapsed or updates are forced
[DEBUG] org.kie:kie-internal:8.15.0-SNAPSHOT/maven-metadata.xml was not found in https://repo.fusesource.com/nexus/content/groups/public-snapshots/ during a previous attempt. This failure was cached in the local repository and resolution is not be reattempted until the update interval of fusesource.snapshot has elapsed or updates are forced
[DEBUG] Skipped remote request for org.kie:kie-internal:8.15.0-SNAPSHOT/maven-metadata.xml, locally cached metadata up-to-date
[DEBUG] Could not find metadata org.kie:kie-internal:8.15.0-SNAPSHOT/maven-metadata.xml in local (/Users/mouachani/.m2/repository)
[DEBUG] Skipped remote request for org.kie:kie-internal:8.15.0-SNAPSHOT/maven-metadata.xml, locally cached metadata up-to-date
[DEBUG] org.kie:kie-internal:8.15.0-SNAPSHOT/maven-metadata.xml was not found in https://repository.apache.org/content/groups/public/ during a previous attempt. This failure was cached in the local repository and resolution is not be reattempted until the update interval of apache-public has elapsed or updates are forced
[DEBUG] org.kie:kie-internal:8.15.0-SNAPSHOT/maven-metadata.xml was not found in https://repo.fusesource.com/nexus/content/groups/public-snapshots/ during a previous attempt. This failure was cached in the local repository and resolution is not be reattempted until the update interval of fusesource.snapshot has elapsed or updates are forced
[DEBUG] Skipped remote request for org.kie:kie-internal:8.15.0-SNAPSHOT/maven-metadata.xml, locally cached metadata up-to-date
[DEBUG] Could not find metadata org.kie:kie-dmn-model:8.15.0-SNAPSHOT/maven-metadata.xml in local (/Users/mouachani/.m2/repository)
[DEBUG] Skipped remote request for org.kie:kie-dmn-model:8.15.0-SNAPSHOT/maven-metadata.xml, locally cached metadata up-to-date
[DEBUG] org.kie:kie-dmn-model:8.15.0-SNAPSHOT/maven-metadata.xml was not found in https://repository.apache.org/content/groups/public/ during a previous attempt. This failure was cached in the local repository and resolution is not be reattempted until the update interval of apache-public has elapsed or updates are forced
[DEBUG] org.kie:kie-dmn-model:8.15.0-SNAPSHOT/maven-metadata.xml was not found in https://repo.fusesource.com/nexus/content/groups/public-snapshots/ during a previous attempt. This failure was cached in the local repository and resolution is not be reattempted until the update interval of fusesource.snapshot has elapsed or updates are forced
[DEBUG] Skipped remote request for org.kie:kie-dmn-model:8.15.0-SNAPSHOT/maven-metadata.xml, locally cached metadata up-to-date
[DEBUG] Could not find metadata org.kie:kie-dmn-model:8.15.0-SNAPSHOT/maven-metadata.xml in local (/Users/mouachani/.m2/repository)
[DEBUG] Skipped remote request for org.kie:kie-dmn-model:8.15.0-SNAPSHOT/maven-metadata.xml, locally cached metadata up-to-date
[DEBUG] org.kie:kie-dmn-model:8.15.0-SNAPSHOT/maven-metadata.xml was not found in https://repository.apache.org/content/groups/public/ during a previous attempt. This failure was cached in the local repository and resolution is not be reattempted until the update interval of apache-public has elapsed or updates are forced
[DEBUG] org.kie:kie-dmn-model:8.15.0-SNAPSHOT/maven-metadata.xml was not found in https://repo.fusesource.com/nexus/content/groups/public-snapshots/ during a previous attempt. This failure was cached in the local repository and resolution is not be reattempted until the update interval of fusesource.snapshot has elapsed or updates are forced
[DEBUG] Skipped remote request for org.kie:kie-dmn-model:8.15.0-SNAPSHOT/maven-metadata.xml, locally cached metadata up-to-date
[DEBUG] Skipped remote request for org.kie.kogito:kogito-timer:2.0.0-SNAPSHOT/maven-metadata.xml, locally cached metadata up-to-date
[DEBUG] org.kie.kogito:kogito-timer:2.0.0-SNAPSHOT/maven-metadata.xml was not found in https://repository.apache.org/content/groups/public/ during a previous attempt. This failure was cached in the local repository and resolution is not be reattempted until the update interval of apache-public has elapsed or updates are forced
[DEBUG] org.kie.kogito:kogito-timer:2.0.0-SNAPSHOT/maven-metadata.xml was not found in https://repo.fusesource.com/nexus/content/groups/public-snapshots/ during a previous attempt. This failure was cached in the local repository and resolution is not be reattempted until the update interval of fusesource.snapshot has elapsed or updates are forced
[DEBUG] Skipped remote request for org.kie.kogito:kogito-timer:2.0.0-SNAPSHOT/maven-metadata.xml, locally cached metadata up-to-date
[DEBUG] Skipped remote request for org.kie.kogito:kogito-timer:2.0.0-SNAPSHOT/maven-metadata.xml, locally cached metadata up-to-date
[DEBUG] org.kie.kogito:kogito-timer:2.0.0-SNAPSHOT/maven-metadata.xml was not found in https://repository.apache.org/content/groups/public/ during a previous attempt. This failure was cached in the local repository and resolution is not be reattempted until the update interval of apache-public has elapsed or updates are forced
[DEBUG] org.kie.kogito:kogito-timer:2.0.0-SNAPSHOT/maven-metadata.xml was not found in https://repo.fusesource.com/nexus/content/groups/public-snapshots/ during a previous attempt. This failure was cached in the local repository and resolution is not be reattempted until the update interval of fusesource.snapshot has elapsed or updates are forced
[DEBUG] Skipped remote request for org.kie.kogito:kogito-timer:2.0.0-SNAPSHOT/maven-metadata.xml, locally cached metadata up-to-date
[DEBUG] Skipped remote request for org.kie.kogito:kogito-pmml-api-dependencies:2.0.0-SNAPSHOT/maven-metadata.xml, locally cached metadata up-to-date
[DEBUG] org.kie.kogito:kogito-pmml-api-dependencies:2.0.0-SNAPSHOT/maven-metadata.xml was not found in https://repository.apache.org/content/groups/public/ during a previous attempt. This failure was cached in the local repository and resolution is not be reattempted until the update interval of apache-public has elapsed or updates are forced
[DEBUG] org.kie.kogito:kogito-pmml-api-dependencies:2.0.0-SNAPSHOT/maven-metadata.xml was not found in https://repo.fusesource.com/nexus/content/groups/public-snapshots/ during a previous attempt. This failure was cached in the local repository and resolution is not be reattempted until the update interval of fusesource.snapshot has elapsed or updates are forced
[DEBUG] Skipped remote request for org.kie.kogito:kogito-pmml-api-dependencies:2.0.0-SNAPSHOT/maven-metadata.xml, locally cached metadata up-to-date
[DEBUG] Skipped remote request for org.kie.kogito:drools:2.0.0-SNAPSHOT/maven-metadata.xml, locally cached metadata up-to-date
[DEBUG] org.kie.kogito:drools:2.0.0-SNAPSHOT/maven-metadata.xml was not found in https://repository.apache.org/content/groups/public/ during a previous attempt. This failure was cached in the local repository and resolution is not be reattempted until the update interval of apache-public has elapsed or updates are forced
[DEBUG] org.kie.kogito:drools:2.0.0-SNAPSHOT/maven-metadata.xml was not found in https://repo.fusesource.com/nexus/content/groups/public-snapshots/ during a previous attempt. This failure was cached in the local repository and resolution is not be reattempted until the update interval of fusesource.snapshot has elapsed or updates are forced
[DEBUG] Skipped remote request for org.kie.kogito:drools:2.0.0-SNAPSHOT/maven-metadata.xml, locally cached metadata up-to-date
[DEBUG] Could not find metadata org.kie:kie-pmml-evaluator-api:8.15.0-SNAPSHOT/maven-metadata.xml in local (/Users/mouachani/.m2/repository)
[DEBUG] Skipped remote request for org.kie:kie-pmml-evaluator-api:8.15.0-SNAPSHOT/maven-metadata.xml, locally cached metadata up-to-date
[DEBUG] org.kie:kie-pmml-evaluator-api:8.15.0-SNAPSHOT/maven-metadata.xml was not found in https://repository.apache.org/content/groups/public/ during a previous attempt. This failure was cached in the local repository and resolution is not be reattempted until the update interval of apache-public has elapsed or updates are forced
[DEBUG] org.kie:kie-pmml-evaluator-api:8.15.0-SNAPSHOT/maven-metadata.xml was not found in https://repo.fusesource.com/nexus/content/groups/public-snapshots/ during a previous attempt. This failure was cached in the local repository and resolution is not be reattempted until the update interval of fusesource.snapshot has elapsed or updates are forced
[DEBUG] Skipped remote request for org.kie:kie-pmml-evaluator-api:8.15.0-SNAPSHOT/maven-metadata.xml, locally cached metadata up-to-date
[DEBUG] Could not find metadata org.kie:kie-pmml-evaluator-api:8.15.0-SNAPSHOT/maven-metadata.xml in local (/Users/mouachani/.m2/repository)
[DEBUG] Skipped remote request for org.kie:kie-pmml-evaluator-api:8.15.0-SNAPSHOT/maven-metadata.xml, locally cached metadata up-to-date
[DEBUG] org.kie:kie-pmml-evaluator-api:8.15.0-SNAPSHOT/maven-metadata.xml was not found in https://repository.apache.org/content/groups/public/ during a previous attempt. This failure was cached in the local repository and resolution is not be reattempted until the update interval of apache-public has elapsed or updates are forced
[DEBUG] org.kie:kie-pmml-evaluator-api:8.15.0-SNAPSHOT/maven-metadata.xml was not found in https://repo.fusesource.com/nexus/content/groups/public-snapshots/ during a previous attempt. This failure was cached in the local repository and resolution is not be reattempted until the update interval of fusesource.snapshot has elapsed or updates are forced
[DEBUG] Skipped remote request for org.kie:kie-pmml-evaluator-api:8.15.0-SNAPSHOT/maven-metadata.xml, locally cached metadata up-to-date
[DEBUG] Could not find metadata org.kie:kie-pmml-evaluator:8.15.0-SNAPSHOT/maven-metadata.xml in local (/Users/mouachani/.m2/repository)
[DEBUG] Skipped remote request for org.kie:kie-pmml-evaluator:8.15.0-SNAPSHOT/maven-metadata.xml, locally cached metadata up-to-date
[DEBUG] org.kie:kie-pmml-evaluator:8.15.0-SNAPSHOT/maven-metadata.xml was not found in https://repository.apache.org/content/groups/public/ during a previous attempt. This failure was cached in the local repository and resolution is not be reattempted until the update interval of apache-public has elapsed or updates are forced
[DEBUG] org.kie:kie-pmml-evaluator:8.15.0-SNAPSHOT/maven-metadata.xml was not found in https://repo.fusesource.com/nexus/content/groups/public-snapshots/ during a previous attempt. This failure was cached in the local repository and resolution is not be reattempted until the update interval of fusesource.snapshot has elapsed or updates are forced
[DEBUG] Skipped remote request for org.kie:kie-pmml-evaluator:8.15.0-SNAPSHOT/maven-metadata.xml, locally cached metadata up-to-date
[DEBUG] Could not find metadata org.kie:kie-pmml-trusty:8.15.0-SNAPSHOT/maven-metadata.xml in local (/Users/mouachani/.m2/repository)
[DEBUG] Skipped remote request for org.kie:kie-pmml-trusty:8.15.0-SNAPSHOT/maven-metadata.xml, locally cached metadata up-to-date
[DEBUG] org.kie:kie-pmml-trusty:8.15.0-SNAPSHOT/maven-metadata.xml was not found in https://repository.apache.org/content/groups/public/ during a previous attempt. This failure was cached in the local repository and resolution is not be reattempted until the update interval of apache-public has elapsed or updates are forced
[DEBUG] org.kie:kie-pmml-trusty:8.15.0-SNAPSHOT/maven-metadata.xml was not found in https://repo.fusesource.com/nexus/content/groups/public-snapshots/ during a previous attempt. This failure was cached in the local repository and resolution is not be reattempted until the update interval of fusesource.snapshot has elapsed or updates are forced
[DEBUG] Skipped remote request for org.kie:kie-pmml-trusty:8.15.0-SNAPSHOT/maven-metadata.xml, locally cached metadata up-to-date
[DEBUG] Could not find metadata org.kie:kie-pmml-api:8.15.0-SNAPSHOT/maven-metadata.xml in local (/Users/mouachani/.m2/repository)
[DEBUG] Skipped remote request for org.kie:kie-pmml-api:8.15.0-SNAPSHOT/maven-metadata.xml, locally cached metadata up-to-date
[DEBUG] org.kie:kie-pmml-api:8.15.0-SNAPSHOT/maven-metadata.xml was not found in https://repository.apache.org/content/groups/public/ during a previous attempt. This failure was cached in the local repository and resolution is not be reattempted until the update interval of apache-public has elapsed or updates are forced
[DEBUG] org.kie:kie-pmml-api:8.15.0-SNAPSHOT/maven-metadata.xml was not found in https://repo.fusesource.com/nexus/content/groups/public-snapshots/ during a previous attempt. This failure was cached in the local repository and resolution is not be reattempted until the update interval of fusesource.snapshot has elapsed or updates are forced
[DEBUG] Skipped remote request for org.kie:kie-pmml-api:8.15.0-SNAPSHOT/maven-metadata.xml, locally cached metadata up-to-date
[DEBUG] Could not find metadata org.kie:kie-pmml-api:8.15.0-SNAPSHOT/maven-metadata.xml in local (/Users/mouachani/.m2/repository)
[DEBUG] Skipped remote request for org.kie:kie-pmml-api:8.15.0-SNAPSHOT/maven-metadata.xml, locally cached metadata up-to-date
[DEBUG] org.kie:kie-pmml-api:8.15.0-SNAPSHOT/maven-metadata.xml was not found in https://repository.apache.org/content/groups/public/ during a previous attempt. This failure was cached in the local repository and resolution is not be reattempted until the update interval of apache-public has elapsed or updates are forced
[DEBUG] org.kie:kie-pmml-api:8.15.0-SNAPSHOT/maven-metadata.xml was not found in https://repo.fusesource.com/nexus/content/groups/public-snapshots/ during a previous attempt. This failure was cached in the local repository and resolution is not be reattempted until the update interval of fusesource.snapshot has elapsed or updates are forced
[DEBUG] Skipped remote request for org.kie:kie-pmml-api:8.15.0-SNAPSHOT/maven-metadata.xml, locally cached metadata up-to-date
[DEBUG] Could not find metadata org.kie:kie-pmml-commons:8.15.0-SNAPSHOT/maven-metadata.xml in local (/Users/mouachani/.m2/repository)
[DEBUG] Skipped remote request for org.kie:kie-pmml-commons:8.15.0-SNAPSHOT/maven-metadata.xml, locally cached metadata up-to-date
[DEBUG] org.kie:kie-pmml-commons:8.15.0-SNAPSHOT/maven-metadata.xml was not found in https://repository.apache.org/content/groups/public/ during a previous attempt. This failure was cached in the local repository and resolution is not be reattempted until the update interval of apache-public has elapsed or updates are forced
[DEBUG] org.kie:kie-pmml-commons:8.15.0-SNAPSHOT/maven-metadata.xml was not found in https://repo.fusesource.com/nexus/content/groups/public-snapshots/ during a previous attempt. This failure was cached in the local repository and resolution is not be reattempted until the update interval of fusesource.snapshot has elapsed or updates are forced
[DEBUG] Skipped remote request for org.kie:kie-pmml-commons:8.15.0-SNAPSHOT/maven-metadata.xml, locally cached metadata up-to-date
[DEBUG] Could not find metadata org.kie:kie-pmml-commons:8.15.0-SNAPSHOT/maven-metadata.xml in local (/Users/mouachani/.m2/repository)
[DEBUG] Skipped remote request for org.kie:kie-pmml-commons:8.15.0-SNAPSHOT/maven-metadata.xml, locally cached metadata up-to-date
[DEBUG] org.kie:kie-pmml-commons:8.15.0-SNAPSHOT/maven-metadata.xml was not found in https://repository.apache.org/content/groups/public/ during a previous attempt. This failure was cached in the local repository and resolution is not be reattempted until the update interval of apache-public has elapsed or updates are forced
[DEBUG] org.kie:kie-pmml-commons:8.15.0-SNAPSHOT/maven-metadata.xml was not found in https://repo.fusesource.com/nexus/content/groups/public-snapshots/ during a previous attempt. This failure was cached in the local repository and resolution is not be reattempted until the update interval of fusesource.snapshot has elapsed or updates are forced
[DEBUG] Skipped remote request for org.kie:kie-pmml-commons:8.15.0-SNAPSHOT/maven-metadata.xml, locally cached metadata up-to-date
[DEBUG] Skipped remote request for org.kie.kogito:kogito-quarkus-rules:2.0.0-SNAPSHOT/maven-metadata.xml, locally cached metadata up-to-date
[DEBUG] org.kie.kogito:kogito-quarkus-rules:2.0.0-SNAPSHOT/maven-metadata.xml was not found in https://repository.apache.org/content/groups/public/ during a previous attempt. This failure was cached in the local repository and resolution is not be reattempted until the update interval of apache-public has elapsed or updates are forced
[DEBUG] org.kie.kogito:kogito-quarkus-rules:2.0.0-SNAPSHOT/maven-metadata.xml was not found in https://repo.fusesource.com/nexus/content/groups/public-snapshots/ during a previous attempt. This failure was cached in the local repository and resolution is not be reattempted until the update interval of fusesource.snapshot has elapsed or updates are forced
[DEBUG] Skipped remote request for org.kie.kogito:kogito-quarkus-rules:2.0.0-SNAPSHOT/maven-metadata.xml, locally cached metadata up-to-date
[DEBUG] Skipped remote request for org.kie.kogito:kogito-quarkus-rules:2.0.0-SNAPSHOT/maven-metadata.xml, locally cached metadata up-to-date
[DEBUG] org.kie.kogito:kogito-quarkus-rules:2.0.0-SNAPSHOT/maven-metadata.xml was not found in https://repository.apache.org/content/groups/public/ during a previous attempt. This failure was cached in the local repository and resolution is not be reattempted until the update interval of apache-public has elapsed or updates are forced
[DEBUG] org.kie.kogito:kogito-quarkus-rules:2.0.0-SNAPSHOT/maven-metadata.xml was not found in https://repo.fusesource.com/nexus/content/groups/public-snapshots/ during a previous attempt. This failure was cached in the local repository and resolution is not be reattempted until the update interval of fusesource.snapshot has elapsed or updates are forced
[DEBUG] Skipped remote request for org.kie.kogito:kogito-quarkus-rules:2.0.0-SNAPSHOT/maven-metadata.xml, locally cached metadata up-to-date
[DEBUG] Skipped remote request for org.kie.kogito:kogito-quarkus-rules-extension:2.0.0-SNAPSHOT/maven-metadata.xml, locally cached metadata up-to-date
[DEBUG] org.kie.kogito:kogito-quarkus-rules-extension:2.0.0-SNAPSHOT/maven-metadata.xml was not found in https://repository.apache.org/content/groups/public/ during a previous attempt. This failure was cached in the local repository and resolution is not be reattempted until the update interval of apache-public has elapsed or updates are forced
[DEBUG] org.kie.kogito:kogito-quarkus-rules-extension:2.0.0-SNAPSHOT/maven-metadata.xml was not found in https://repo.fusesource.com/nexus/content/groups/public-snapshots/ during a previous attempt. This failure was cached in the local repository and resolution is not be reattempted until the update interval of fusesource.snapshot has elapsed or updates are forced
[DEBUG] Skipped remote request for org.kie.kogito:kogito-quarkus-rules-extension:2.0.0-SNAPSHOT/maven-metadata.xml, locally cached metadata up-to-date
[DEBUG] Skipped remote request for org.kie.kogito:kogito-api-incubation-rules-services:2.0.0-SNAPSHOT/maven-metadata.xml, locally cached metadata up-to-date
[DEBUG] org.kie.kogito:kogito-api-incubation-rules-services:2.0.0-SNAPSHOT/maven-metadata.xml was not found in https://repository.apache.org/content/groups/public/ during a previous attempt. This failure was cached in the local repository and resolution is not be reattempted until the update interval of apache-public has elapsed or updates are forced
[DEBUG] org.kie.kogito:kogito-api-incubation-rules-services:2.0.0-SNAPSHOT/maven-metadata.xml was not found in https://repo.fusesource.com/nexus/content/groups/public-snapshots/ during a previous attempt. This failure was cached in the local repository and resolution is not be reattempted until the update interval of fusesource.snapshot has elapsed or updates are forced
[DEBUG] Skipped remote request for org.kie.kogito:kogito-api-incubation-rules-services:2.0.0-SNAPSHOT/maven-metadata.xml, locally cached metadata up-to-date
[DEBUG] Skipped remote request for org.kie.kogito:kogito-api-incubation-rules-services:2.0.0-SNAPSHOT/maven-metadata.xml, locally cached metadata up-to-date
[DEBUG] org.kie.kogito:kogito-api-incubation-rules-services:2.0.0-SNAPSHOT/maven-metadata.xml was not found in https://repository.apache.org/content/groups/public/ during a previous attempt. This failure was cached in the local repository and resolution is not be reattempted until the update interval of apache-public has elapsed or updates are forced
[DEBUG] org.kie.kogito:kogito-api-incubation-rules-services:2.0.0-SNAPSHOT/maven-metadata.xml was not found in https://repo.fusesource.com/nexus/content/groups/public-snapshots/ during a previous attempt. This failure was cached in the local repository and resolution is not be reattempted until the update interval of fusesource.snapshot has elapsed or updates are forced
[DEBUG] Skipped remote request for org.kie.kogito:kogito-api-incubation-rules-services:2.0.0-SNAPSHOT/maven-metadata.xml, locally cached metadata up-to-date
[DEBUG] Skipped remote request for org.kie.kogito:kogito-api-incubation-rules:2.0.0-SNAPSHOT/maven-metadata.xml, locally cached metadata up-to-date
[DEBUG] org.kie.kogito:kogito-api-incubation-rules:2.0.0-SNAPSHOT/maven-metadata.xml was not found in https://repository.apache.org/content/groups/public/ during a previous attempt. This failure was cached in the local repository and resolution is not be reattempted until the update interval of apache-public has elapsed or updates are forced
[DEBUG] org.kie.kogito:kogito-api-incubation-rules:2.0.0-SNAPSHOT/maven-metadata.xml was not found in https://repo.fusesource.com/nexus/content/groups/public-snapshots/ during a previous attempt. This failure was cached in the local repository and resolution is not be reattempted until the update interval of fusesource.snapshot has elapsed or updates are forced
[DEBUG] Skipped remote request for org.kie.kogito:kogito-api-incubation-rules:2.0.0-SNAPSHOT/maven-metadata.xml, locally cached metadata up-to-date
[DEBUG] Skipped remote request for org.kie.kogito:kogito-api-incubation-rules:2.0.0-SNAPSHOT/maven-metadata.xml, locally cached metadata up-to-date
[DEBUG] org.kie.kogito:kogito-api-incubation-rules:2.0.0-SNAPSHOT/maven-metadata.xml was not found in https://repository.apache.org/content/groups/public/ during a previous attempt. This failure was cached in the local repository and resolution is not be reattempted until the update interval of apache-public has elapsed or updates are forced
[DEBUG] org.kie.kogito:kogito-api-incubation-rules:2.0.0-SNAPSHOT/maven-metadata.xml was not found in https://repo.fusesource.com/nexus/content/groups/public-snapshots/ during a previous attempt. This failure was cached in the local repository and resolution is not be reattempted until the update interval of fusesource.snapshot has elapsed or updates are forced
[DEBUG] Skipped remote request for org.kie.kogito:kogito-api-incubation-rules:2.0.0-SNAPSHOT/maven-metadata.xml, locally cached metadata up-to-date
[DEBUG] Skipped remote request for org.kie.kogito:kogito-drools:2.0.0-SNAPSHOT/maven-metadata.xml, locally cached metadata up-to-date
[DEBUG] org.kie.kogito:kogito-drools:2.0.0-SNAPSHOT/maven-metadata.xml was not found in https://repository.apache.org/content/groups/public/ during a previous attempt. This failure was cached in the local repository and resolution is not be reattempted until the update interval of apache-public has elapsed or updates are forced
[DEBUG] org.kie.kogito:kogito-drools:2.0.0-SNAPSHOT/maven-metadata.xml was not found in https://repo.fusesource.com/nexus/content/groups/public-snapshots/ during a previous attempt. This failure was cached in the local repository and resolution is not be reattempted until the update interval of fusesource.snapshot has elapsed or updates are forced
[DEBUG] Skipped remote request for org.kie.kogito:kogito-drools:2.0.0-SNAPSHOT/maven-metadata.xml, locally cached metadata up-to-date
[DEBUG] Skipped remote request for org.kie.kogito:kogito-drools:2.0.0-SNAPSHOT/maven-metadata.xml, locally cached metadata up-to-date
[DEBUG] org.kie.kogito:kogito-drools:2.0.0-SNAPSHOT/maven-metadata.xml was not found in https://repository.apache.org/content/groups/public/ during a previous attempt. This failure was cached in the local repository and resolution is not be reattempted until the update interval of apache-public has elapsed or updates are forced
[DEBUG] org.kie.kogito:kogito-drools:2.0.0-SNAPSHOT/maven-metadata.xml was not found in https://repo.fusesource.com/nexus/content/groups/public-snapshots/ during a previous attempt. This failure was cached in the local repository and resolution is not be reattempted until the update interval of fusesource.snapshot has elapsed or updates are forced
[DEBUG] Skipped remote request for org.kie.kogito:kogito-drools:2.0.0-SNAPSHOT/maven-metadata.xml, locally cached metadata up-to-date
[DEBUG] Skipped remote request for org.kie.kogito:drools-core:2.0.0-SNAPSHOT/maven-metadata.xml, locally cached metadata up-to-date
[DEBUG] org.kie.kogito:drools-core:2.0.0-SNAPSHOT/maven-metadata.xml was not found in https://repository.apache.org/content/groups/public/ during a previous attempt. This failure was cached in the local repository and resolution is not be reattempted until the update interval of apache-public has elapsed or updates are forced
[DEBUG] org.kie.kogito:drools-core:2.0.0-SNAPSHOT/maven-metadata.xml was not found in https://repo.fusesource.com/nexus/content/groups/public-snapshots/ during a previous attempt. This failure was cached in the local repository and resolution is not be reattempted until the update interval of fusesource.snapshot has elapsed or updates are forced
[DEBUG] Skipped remote request for org.kie.kogito:drools-core:2.0.0-SNAPSHOT/maven-metadata.xml, locally cached metadata up-to-date
[DEBUG] Skipped remote request for org.kie.kogito:drools-core:2.0.0-SNAPSHOT/maven-metadata.xml, locally cached metadata up-to-date
[DEBUG] org.kie.kogito:drools-core:2.0.0-SNAPSHOT/maven-metadata.xml was not found in https://repository.apache.org/content/groups/public/ during a previous attempt. This failure was cached in the local repository and resolution is not be reattempted until the update interval of apache-public has elapsed or updates are forced
[DEBUG] org.kie.kogito:drools-core:2.0.0-SNAPSHOT/maven-metadata.xml was not found in https://repo.fusesource.com/nexus/content/groups/public-snapshots/ during a previous attempt. This failure was cached in the local repository and resolution is not be reattempted until the update interval of fusesource.snapshot has elapsed or updates are forced
[DEBUG] Skipped remote request for org.kie.kogito:drools-core:2.0.0-SNAPSHOT/maven-metadata.xml, locally cached metadata up-to-date
[DEBUG] Could not find metadata org.drools:drools-core:8.15.0-SNAPSHOT/maven-metadata.xml in local (/Users/mouachani/.m2/repository)
[DEBUG] Skipped remote request for org.drools:drools-core:8.15.0-SNAPSHOT/maven-metadata.xml, locally cached metadata up-to-date
[DEBUG] org.drools:drools-core:8.15.0-SNAPSHOT/maven-metadata.xml was not found in https://repository.apache.org/content/groups/public/ during a previous attempt. This failure was cached in the local repository and resolution is not be reattempted until the update interval of apache-public has elapsed or updates are forced
[DEBUG] org.drools:drools-core:8.15.0-SNAPSHOT/maven-metadata.xml was not found in https://repo.fusesource.com/nexus/content/groups/public-snapshots/ during a previous attempt. This failure was cached in the local repository and resolution is not be reattempted until the update interval of fusesource.snapshot has elapsed or updates are forced
[DEBUG] Skipped remote request for org.drools:drools-core:8.15.0-SNAPSHOT/maven-metadata.xml, locally cached metadata up-to-date
[DEBUG] Could not find metadata org.drools:drools-core:8.15.0-SNAPSHOT/maven-metadata.xml in local (/Users/mouachani/.m2/repository)
[DEBUG] Skipped remote request for org.drools:drools-core:8.15.0-SNAPSHOT/maven-metadata.xml, locally cached metadata up-to-date
[DEBUG] org.drools:drools-core:8.15.0-SNAPSHOT/maven-metadata.xml was not found in https://repository.apache.org/content/groups/public/ during a previous attempt. This failure was cached in the local repository and resolution is not be reattempted until the update interval of apache-public has elapsed or updates are forced
[DEBUG] org.drools:drools-core:8.15.0-SNAPSHOT/maven-metadata.xml was not found in https://repo.fusesource.com/nexus/content/groups/public-snapshots/ during a previous attempt. This failure was cached in the local repository and resolution is not be reattempted until the update interval of fusesource.snapshot has elapsed or updates are forced
[DEBUG] Skipped remote request for org.drools:drools-core:8.15.0-SNAPSHOT/maven-metadata.xml, locally cached metadata up-to-date
[DEBUG] Could not find metadata org.kie:kie-util-xml:8.15.0-SNAPSHOT/maven-metadata.xml in local (/Users/mouachani/.m2/repository)
[DEBUG] Skipped remote request for org.kie:kie-util-xml:8.15.0-SNAPSHOT/maven-metadata.xml, locally cached metadata up-to-date
[DEBUG] org.kie:kie-util-xml:8.15.0-SNAPSHOT/maven-metadata.xml was not found in https://repository.apache.org/content/groups/public/ during a previous attempt. This failure was cached in the local repository and resolution is not be reattempted until the update interval of apache-public has elapsed or updates are forced
[DEBUG] org.kie:kie-util-xml:8.15.0-SNAPSHOT/maven-metadata.xml was not found in https://repo.fusesource.com/nexus/content/groups/public-snapshots/ during a previous attempt. This failure was cached in the local repository and resolution is not be reattempted until the update interval of fusesource.snapshot has elapsed or updates are forced
[DEBUG] Skipped remote request for org.kie:kie-util-xml:8.15.0-SNAPSHOT/maven-metadata.xml, locally cached metadata up-to-date
[DEBUG] Could not find metadata org.kie:kie-util-xml:8.15.0-SNAPSHOT/maven-metadata.xml in local (/Users/mouachani/.m2/repository)
[DEBUG] Skipped remote request for org.kie:kie-util-xml:8.15.0-SNAPSHOT/maven-metadata.xml, locally cached metadata up-to-date
[DEBUG] org.kie:kie-util-xml:8.15.0-SNAPSHOT/maven-metadata.xml was not found in https://repository.apache.org/content/groups/public/ during a previous attempt. This failure was cached in the local repository and resolution is not be reattempted until the update interval of apache-public has elapsed or updates are forced
[DEBUG] org.kie:kie-util-xml:8.15.0-SNAPSHOT/maven-metadata.xml was not found in https://repo.fusesource.com/nexus/content/groups/public-snapshots/ during a previous attempt. This failure was cached in the local repository and resolution is not be reattempted until the update interval of fusesource.snapshot has elapsed or updates are forced
[DEBUG] Skipped remote request for org.kie:kie-util-xml:8.15.0-SNAPSHOT/maven-metadata.xml, locally cached metadata up-to-date
[DEBUG] Could not find metadata org.kie:kie-util:8.15.0-SNAPSHOT/maven-metadata.xml in local (/Users/mouachani/.m2/repository)
[DEBUG] Skipped remote request for org.kie:kie-util:8.15.0-SNAPSHOT/maven-metadata.xml, locally cached metadata up-to-date
[DEBUG] org.kie:kie-util:8.15.0-SNAPSHOT/maven-metadata.xml was not found in https://repository.apache.org/content/groups/public/ during a previous attempt. This failure was cached in the local repository and resolution is not be reattempted until the update interval of apache-public has elapsed or updates are forced
[DEBUG] org.kie:kie-util:8.15.0-SNAPSHOT/maven-metadata.xml was not found in https://repo.fusesource.com/nexus/content/groups/public-snapshots/ during a previous attempt. This failure was cached in the local repository and resolution is not be reattempted until the update interval of fusesource.snapshot has elapsed or updates are forced
[DEBUG] Skipped remote request for org.kie:kie-util:8.15.0-SNAPSHOT/maven-metadata.xml, locally cached metadata up-to-date
[DEBUG] Could not find metadata org.drools:drools-core-reflective:8.15.0-SNAPSHOT/maven-metadata.xml in local (/Users/mouachani/.m2/repository)
[DEBUG] Skipped remote request for org.drools:drools-core-reflective:8.15.0-SNAPSHOT/maven-metadata.xml, locally cached metadata up-to-date
[DEBUG] org.drools:drools-core-reflective:8.15.0-SNAPSHOT/maven-metadata.xml was not found in https://repository.apache.org/content/groups/public/ during a previous attempt. This failure was cached in the local repository and resolution is not be reattempted until the update interval of apache-public has elapsed or updates are forced
[DEBUG] org.drools:drools-core-reflective:8.15.0-SNAPSHOT/maven-metadata.xml was not found in https://repo.fusesource.com/nexus/content/groups/public-snapshots/ during a previous attempt. This failure was cached in the local repository and resolution is not be reattempted until the update interval of fusesource.snapshot has elapsed or updates are forced
[DEBUG] Skipped remote request for org.drools:drools-core-reflective:8.15.0-SNAPSHOT/maven-metadata.xml, locally cached metadata up-to-date
[DEBUG] Could not find metadata org.drools:drools-core-reflective:8.15.0-SNAPSHOT/maven-metadata.xml in local (/Users/mouachani/.m2/repository)
[DEBUG] Skipped remote request for org.drools:drools-core-reflective:8.15.0-SNAPSHOT/maven-metadata.xml, locally cached metadata up-to-date
[DEBUG] org.drools:drools-core-reflective:8.15.0-SNAPSHOT/maven-metadata.xml was not found in https://repository.apache.org/content/groups/public/ during a previous attempt. This failure was cached in the local repository and resolution is not be reattempted until the update interval of apache-public has elapsed or updates are forced
[DEBUG] org.drools:drools-core-reflective:8.15.0-SNAPSHOT/maven-metadata.xml was not found in https://repo.fusesource.com/nexus/content/groups/public-snapshots/ during a previous attempt. This failure was cached in the local repository and resolution is not be reattempted until the update interval of fusesource.snapshot has elapsed or updates are forced
[DEBUG] Skipped remote request for org.drools:drools-core-reflective:8.15.0-SNAPSHOT/maven-metadata.xml, locally cached metadata up-to-date
[DEBUG] Could not find metadata org.kie:kie-memory-compiler:8.15.0-SNAPSHOT/maven-metadata.xml in local (/Users/mouachani/.m2/repository)
[DEBUG] Skipped remote request for org.kie:kie-memory-compiler:8.15.0-SNAPSHOT/maven-metadata.xml, locally cached metadata up-to-date
[DEBUG] org.kie:kie-memory-compiler:8.15.0-SNAPSHOT/maven-metadata.xml was not found in https://repository.apache.org/content/groups/public/ during a previous attempt. This failure was cached in the local repository and resolution is not be reattempted until the update interval of apache-public has elapsed or updates are forced
[DEBUG] org.kie:kie-memory-compiler:8.15.0-SNAPSHOT/maven-metadata.xml was not found in https://repo.fusesource.com/nexus/content/groups/public-snapshots/ during a previous attempt. This failure was cached in the local repository and resolution is not be reattempted until the update interval of fusesource.snapshot has elapsed or updates are forced
[DEBUG] Skipped remote request for org.kie:kie-memory-compiler:8.15.0-SNAPSHOT/maven-metadata.xml, locally cached metadata up-to-date
[DEBUG] Could not find metadata org.kie:kie-memory-compiler:8.15.0-SNAPSHOT/maven-metadata.xml in local (/Users/mouachani/.m2/repository)
[DEBUG] Skipped remote request for org.kie:kie-memory-compiler:8.15.0-SNAPSHOT/maven-metadata.xml, locally cached metadata up-to-date
[DEBUG] org.kie:kie-memory-compiler:8.15.0-SNAPSHOT/maven-metadata.xml was not found in https://repository.apache.org/content/groups/public/ during a previous attempt. This failure was cached in the local repository and resolution is not be reattempted until the update interval of apache-public has elapsed or updates are forced
[DEBUG] org.kie:kie-memory-compiler:8.15.0-SNAPSHOT/maven-metadata.xml was not found in https://repo.fusesource.com/nexus/content/groups/public-snapshots/ during a previous attempt. This failure was cached in the local repository and resolution is not be reattempted until the update interval of fusesource.snapshot has elapsed or updates are forced
[DEBUG] Skipped remote request for org.kie:kie-memory-compiler:8.15.0-SNAPSHOT/maven-metadata.xml, locally cached metadata up-to-date
[DEBUG] Skipped remote request for org.kie.kogito:kogito-services:2.0.0-SNAPSHOT/maven-metadata.xml, locally cached metadata up-to-date
[DEBUG] org.kie.kogito:kogito-services:2.0.0-SNAPSHOT/maven-metadata.xml was not found in https://repository.apache.org/content/groups/public/ during a previous attempt. This failure was cached in the local repository and resolution is not be reattempted until the update interval of apache-public has elapsed or updates are forced
[DEBUG] org.kie.kogito:kogito-services:2.0.0-SNAPSHOT/maven-metadata.xml was not found in https://repo.fusesource.com/nexus/content/groups/public-snapshots/ during a previous attempt. This failure was cached in the local repository and resolution is not be reattempted until the update interval of fusesource.snapshot has elapsed or updates are forced
[DEBUG] Skipped remote request for org.kie.kogito:kogito-services:2.0.0-SNAPSHOT/maven-metadata.xml, locally cached metadata up-to-date
[DEBUG] Skipped remote request for org.kie.kogito:kogito-services:2.0.0-SNAPSHOT/maven-metadata.xml, locally cached metadata up-to-date
[DEBUG] org.kie.kogito:kogito-services:2.0.0-SNAPSHOT/maven-metadata.xml was not found in https://repository.apache.org/content/groups/public/ during a previous attempt. This failure was cached in the local repository and resolution is not be reattempted until the update interval of apache-public has elapsed or updates are forced
[DEBUG] org.kie.kogito:kogito-services:2.0.0-SNAPSHOT/maven-metadata.xml was not found in https://repo.fusesource.com/nexus/content/groups/public-snapshots/ during a previous attempt. This failure was cached in the local repository and resolution is not be reattempted until the update interval of fusesource.snapshot has elapsed or updates are forced
[DEBUG] Skipped remote request for org.kie.kogito:kogito-services:2.0.0-SNAPSHOT/maven-metadata.xml, locally cached metadata up-to-date
[DEBUG] Skipped remote request for org.kie.kogito:drools-core-static:2.0.0-SNAPSHOT/maven-metadata.xml, locally cached metadata up-to-date
[DEBUG] org.kie.kogito:drools-core-static:2.0.0-SNAPSHOT/maven-metadata.xml was not found in https://repository.apache.org/content/groups/public/ during a previous attempt. This failure was cached in the local repository and resolution is not be reattempted until the update interval of apache-public has elapsed or updates are forced
[DEBUG] org.kie.kogito:drools-core-static:2.0.0-SNAPSHOT/maven-metadata.xml was not found in https://repo.fusesource.com/nexus/content/groups/public-snapshots/ during a previous attempt. This failure was cached in the local repository and resolution is not be reattempted until the update interval of fusesource.snapshot has elapsed or updates are forced
[DEBUG] Skipped remote request for org.kie.kogito:drools-core-static:2.0.0-SNAPSHOT/maven-metadata.xml, locally cached metadata up-to-date
[DEBUG] Skipped remote request for org.kie.kogito:drools-core-static:2.0.0-SNAPSHOT/maven-metadata.xml, locally cached metadata up-to-date
[DEBUG] org.kie.kogito:drools-core-static:2.0.0-SNAPSHOT/maven-metadata.xml was not found in https://repository.apache.org/content/groups/public/ during a previous attempt. This failure was cached in the local repository and resolution is not be reattempted until the update interval of apache-public has elapsed or updates are forced
[DEBUG] org.kie.kogito:drools-core-static:2.0.0-SNAPSHOT/maven-metadata.xml was not found in https://repo.fusesource.com/nexus/content/groups/public-snapshots/ during a previous attempt. This failure was cached in the local repository and resolution is not be reattempted until the update interval of fusesource.snapshot has elapsed or updates are forced
[DEBUG] Skipped remote request for org.kie.kogito:drools-core-static:2.0.0-SNAPSHOT/maven-metadata.xml, locally cached metadata up-to-date
[DEBUG] Skipped remote request for org.kie.kogito:drools-compiler:2.0.0-SNAPSHOT/maven-metadata.xml, locally cached metadata up-to-date
[DEBUG] org.kie.kogito:drools-compiler:2.0.0-SNAPSHOT/maven-metadata.xml was not found in https://repository.apache.org/content/groups/public/ during a previous attempt. This failure was cached in the local repository and resolution is not be reattempted until the update interval of apache-public has elapsed or updates are forced
[DEBUG] org.kie.kogito:drools-compiler:2.0.0-SNAPSHOT/maven-metadata.xml was not found in https://repo.fusesource.com/nexus/content/groups/public-snapshots/ during a previous attempt. This failure was cached in the local repository and resolution is not be reattempted until the update interval of fusesource.snapshot has elapsed or updates are forced
[DEBUG] Skipped remote request for org.kie.kogito:drools-compiler:2.0.0-SNAPSHOT/maven-metadata.xml, locally cached metadata up-to-date
[DEBUG] Skipped remote request for org.kie.kogito:drools-compiler:2.0.0-SNAPSHOT/maven-metadata.xml, locally cached metadata up-to-date
[DEBUG] org.kie.kogito:drools-compiler:2.0.0-SNAPSHOT/maven-metadata.xml was not found in https://repository.apache.org/content/groups/public/ during a previous attempt. This failure was cached in the local repository and resolution is not be reattempted until the update interval of apache-public has elapsed or updates are forced
[DEBUG] org.kie.kogito:drools-compiler:2.0.0-SNAPSHOT/maven-metadata.xml was not found in https://repo.fusesource.com/nexus/content/groups/public-snapshots/ during a previous attempt. This failure was cached in the local repository and resolution is not be reattempted until the update interval of fusesource.snapshot has elapsed or updates are forced
[DEBUG] Skipped remote request for org.kie.kogito:drools-compiler:2.0.0-SNAPSHOT/maven-metadata.xml, locally cached metadata up-to-date
[DEBUG] Could not find metadata org.drools:drools-compiler:8.15.0-SNAPSHOT/maven-metadata.xml in local (/Users/mouachani/.m2/repository)
[DEBUG] Skipped remote request for org.drools:drools-compiler:8.15.0-SNAPSHOT/maven-metadata.xml, locally cached metadata up-to-date
[DEBUG] org.drools:drools-compiler:8.15.0-SNAPSHOT/maven-metadata.xml was not found in https://repository.apache.org/content/groups/public/ during a previous attempt. This failure was cached in the local repository and resolution is not be reattempted until the update interval of apache-public has elapsed or updates are forced
[DEBUG] org.drools:drools-compiler:8.15.0-SNAPSHOT/maven-metadata.xml was not found in https://repo.fusesource.com/nexus/content/groups/public-snapshots/ during a previous attempt. This failure was cached in the local repository and resolution is not be reattempted until the update interval of fusesource.snapshot has elapsed or updates are forced
[DEBUG] Skipped remote request for org.drools:drools-compiler:8.15.0-SNAPSHOT/maven-metadata.xml, locally cached metadata up-to-date
[DEBUG] Could not find metadata org.drools:drools-compiler:8.15.0-SNAPSHOT/maven-metadata.xml in local (/Users/mouachani/.m2/repository)
[DEBUG] Skipped remote request for org.drools:drools-compiler:8.15.0-SNAPSHOT/maven-metadata.xml, locally cached metadata up-to-date
[DEBUG] org.drools:drools-compiler:8.15.0-SNAPSHOT/maven-metadata.xml was not found in https://repository.apache.org/content/groups/public/ during a previous attempt. This failure was cached in the local repository and resolution is not be reattempted until the update interval of apache-public has elapsed or updates are forced
[DEBUG] org.drools:drools-compiler:8.15.0-SNAPSHOT/maven-metadata.xml was not found in https://repo.fusesource.com/nexus/content/groups/public-snapshots/ during a previous attempt. This failure was cached in the local repository and resolution is not be reattempted until the update interval of fusesource.snapshot has elapsed or updates are forced
[DEBUG] Skipped remote request for org.drools:drools-compiler:8.15.0-SNAPSHOT/maven-metadata.xml, locally cached metadata up-to-date
[DEBUG] Could not find metadata org.drools:drools-ecj:8.15.0-SNAPSHOT/maven-metadata.xml in local (/Users/mouachani/.m2/repository)
[DEBUG] Skipped remote request for org.drools:drools-ecj:8.15.0-SNAPSHOT/maven-metadata.xml, locally cached metadata up-to-date
[DEBUG] org.drools:drools-ecj:8.15.0-SNAPSHOT/maven-metadata.xml was not found in https://repository.apache.org/content/groups/public/ during a previous attempt. This failure was cached in the local repository and resolution is not be reattempted until the update interval of apache-public has elapsed or updates are forced
[DEBUG] org.drools:drools-ecj:8.15.0-SNAPSHOT/maven-metadata.xml was not found in https://repo.fusesource.com/nexus/content/groups/public-snapshots/ during a previous attempt. This failure was cached in the local repository and resolution is not be reattempted until the update interval of fusesource.snapshot has elapsed or updates are forced
[DEBUG] Skipped remote request for org.drools:drools-ecj:8.15.0-SNAPSHOT/maven-metadata.xml, locally cached metadata up-to-date
[DEBUG] Could not find metadata org.drools:drools-ecj:8.15.0-SNAPSHOT/maven-metadata.xml in local (/Users/mouachani/.m2/repository)
[DEBUG] Skipped remote request for org.drools:drools-ecj:8.15.0-SNAPSHOT/maven-metadata.xml, locally cached metadata up-to-date
[DEBUG] org.drools:drools-ecj:8.15.0-SNAPSHOT/maven-metadata.xml was not found in https://repository.apache.org/content/groups/public/ during a previous attempt. This failure was cached in the local repository and resolution is not be reattempted until the update interval of apache-public has elapsed or updates are forced
[DEBUG] org.drools:drools-ecj:8.15.0-SNAPSHOT/maven-metadata.xml was not found in https://repo.fusesource.com/nexus/content/groups/public-snapshots/ during a previous attempt. This failure was cached in the local repository and resolution is not be reattempted until the update interval of fusesource.snapshot has elapsed or updates are forced
[DEBUG] Skipped remote request for org.drools:drools-ecj:8.15.0-SNAPSHOT/maven-metadata.xml, locally cached metadata up-to-date
[DEBUG] Could not find metadata org.kie:kie-util-maven-support:8.15.0-SNAPSHOT/maven-metadata.xml in local (/Users/mouachani/.m2/repository)
[DEBUG] Skipped remote request for org.kie:kie-util-maven-support:8.15.0-SNAPSHOT/maven-metadata.xml, locally cached metadata up-to-date
[DEBUG] org.kie:kie-util-maven-support:8.15.0-SNAPSHOT/maven-metadata.xml was not found in https://repository.apache.org/content/groups/public/ during a previous attempt. This failure was cached in the local repository and resolution is not be reattempted until the update interval of apache-public has elapsed or updates are forced
[DEBUG] org.kie:kie-util-maven-support:8.15.0-SNAPSHOT/maven-metadata.xml was not found in https://repo.fusesource.com/nexus/content/groups/public-snapshots/ during a previous attempt. This failure was cached in the local repository and resolution is not be reattempted until the update interval of fusesource.snapshot has elapsed or updates are forced
[DEBUG] Skipped remote request for org.kie:kie-util-maven-support:8.15.0-SNAPSHOT/maven-metadata.xml, locally cached metadata up-to-date
[DEBUG] Could not find metadata org.kie:kie-util-maven-support:8.15.0-SNAPSHOT/maven-metadata.xml in local (/Users/mouachani/.m2/repository)
[DEBUG] Skipped remote request for org.kie:kie-util-maven-support:8.15.0-SNAPSHOT/maven-metadata.xml, locally cached metadata up-to-date
[DEBUG] org.kie:kie-util-maven-support:8.15.0-SNAPSHOT/maven-metadata.xml was not found in https://repository.apache.org/content/groups/public/ during a previous attempt. This failure was cached in the local repository and resolution is not be reattempted until the update interval of apache-public has elapsed or updates are forced
[DEBUG] org.kie:kie-util-maven-support:8.15.0-SNAPSHOT/maven-metadata.xml was not found in https://repo.fusesource.com/nexus/content/groups/public-snapshots/ during a previous attempt. This failure was cached in the local repository and resolution is not be reattempted until the update interval of fusesource.snapshot has elapsed or updates are forced
[DEBUG] Skipped remote request for org.kie:kie-util-maven-support:8.15.0-SNAPSHOT/maven-metadata.xml, locally cached metadata up-to-date
[DEBUG] Skipped remote request for org.kie.kogito:kogito-ruleunits:2.0.0-SNAPSHOT/maven-metadata.xml, locally cached metadata up-to-date
[DEBUG] org.kie.kogito:kogito-ruleunits:2.0.0-SNAPSHOT/maven-metadata.xml was not found in https://repository.apache.org/content/groups/public/ during a previous attempt. This failure was cached in the local repository and resolution is not be reattempted until the update interval of apache-public has elapsed or updates are forced
[DEBUG] org.kie.kogito:kogito-ruleunits:2.0.0-SNAPSHOT/maven-metadata.xml was not found in https://repo.fusesource.com/nexus/content/groups/public-snapshots/ during a previous attempt. This failure was cached in the local repository and resolution is not be reattempted until the update interval of fusesource.snapshot has elapsed or updates are forced
[DEBUG] Skipped remote request for org.kie.kogito:kogito-ruleunits:2.0.0-SNAPSHOT/maven-metadata.xml, locally cached metadata up-to-date
[DEBUG] Skipped remote request for org.kie.kogito:kogito-ruleunits:2.0.0-SNAPSHOT/maven-metadata.xml, locally cached metadata up-to-date
[DEBUG] org.kie.kogito:kogito-ruleunits:2.0.0-SNAPSHOT/maven-metadata.xml was not found in https://repository.apache.org/content/groups/public/ during a previous attempt. This failure was cached in the local repository and resolution is not be reattempted until the update interval of apache-public has elapsed or updates are forced
[DEBUG] org.kie.kogito:kogito-ruleunits:2.0.0-SNAPSHOT/maven-metadata.xml was not found in https://repo.fusesource.com/nexus/content/groups/public-snapshots/ during a previous attempt. This failure was cached in the local repository and resolution is not be reattempted until the update interval of fusesource.snapshot has elapsed or updates are forced
[DEBUG] Skipped remote request for org.kie.kogito:kogito-ruleunits:2.0.0-SNAPSHOT/maven-metadata.xml, locally cached metadata up-to-date
[DEBUG] Skipped remote request for org.kie.kogito:kogito-drools-model:2.0.0-SNAPSHOT/maven-metadata.xml, locally cached metadata up-to-date
[DEBUG] org.kie.kogito:kogito-drools-model:2.0.0-SNAPSHOT/maven-metadata.xml was not found in https://repository.apache.org/content/groups/public/ during a previous attempt. This failure was cached in the local repository and resolution is not be reattempted until the update interval of apache-public has elapsed or updates are forced
[DEBUG] org.kie.kogito:kogito-drools-model:2.0.0-SNAPSHOT/maven-metadata.xml was not found in https://repo.fusesource.com/nexus/content/groups/public-snapshots/ during a previous attempt. This failure was cached in the local repository and resolution is not be reattempted until the update interval of fusesource.snapshot has elapsed or updates are forced
[DEBUG] Skipped remote request for org.kie.kogito:kogito-drools-model:2.0.0-SNAPSHOT/maven-metadata.xml, locally cached metadata up-to-date
[DEBUG] Skipped remote request for org.kie.kogito:kogito-drools-model:2.0.0-SNAPSHOT/maven-metadata.xml, locally cached metadata up-to-date
[DEBUG] org.kie.kogito:kogito-drools-model:2.0.0-SNAPSHOT/maven-metadata.xml was not found in https://repository.apache.org/content/groups/public/ during a previous attempt. This failure was cached in the local repository and resolution is not be reattempted until the update interval of apache-public has elapsed or updates are forced
[DEBUG] org.kie.kogito:kogito-drools-model:2.0.0-SNAPSHOT/maven-metadata.xml was not found in https://repo.fusesource.com/nexus/content/groups/public-snapshots/ during a previous attempt. This failure was cached in the local repository and resolution is not be reattempted until the update interval of fusesource.snapshot has elapsed or updates are forced
[DEBUG] Skipped remote request for org.kie.kogito:kogito-drools-model:2.0.0-SNAPSHOT/maven-metadata.xml, locally cached metadata up-to-date
[DEBUG] Could not find metadata org.drools:drools-model-compiler:8.15.0-SNAPSHOT/maven-metadata.xml in local (/Users/mouachani/.m2/repository)
[DEBUG] Skipped remote request for org.drools:drools-model-compiler:8.15.0-SNAPSHOT/maven-metadata.xml, locally cached metadata up-to-date
[DEBUG] org.drools:drools-model-compiler:8.15.0-SNAPSHOT/maven-metadata.xml was not found in https://repository.apache.org/content/groups/public/ during a previous attempt. This failure was cached in the local repository and resolution is not be reattempted until the update interval of apache-public has elapsed or updates are forced
[DEBUG] org.drools:drools-model-compiler:8.15.0-SNAPSHOT/maven-metadata.xml was not found in https://repo.fusesource.com/nexus/content/groups/public-snapshots/ during a previous attempt. This failure was cached in the local repository and resolution is not be reattempted until the update interval of fusesource.snapshot has elapsed or updates are forced
[DEBUG] Skipped remote request for org.drools:drools-model-compiler:8.15.0-SNAPSHOT/maven-metadata.xml, locally cached metadata up-to-date
[DEBUG] Could not find metadata org.drools:drools-model-compiler:8.15.0-SNAPSHOT/maven-metadata.xml in local (/Users/mouachani/.m2/repository)
[DEBUG] Skipped remote request for org.drools:drools-model-compiler:8.15.0-SNAPSHOT/maven-metadata.xml, locally cached metadata up-to-date
[DEBUG] org.drools:drools-model-compiler:8.15.0-SNAPSHOT/maven-metadata.xml was not found in https://repository.apache.org/content/groups/public/ during a previous attempt. This failure was cached in the local repository and resolution is not be reattempted until the update interval of apache-public has elapsed or updates are forced
[DEBUG] org.drools:drools-model-compiler:8.15.0-SNAPSHOT/maven-metadata.xml was not found in https://repo.fusesource.com/nexus/content/groups/public-snapshots/ during a previous attempt. This failure was cached in the local repository and resolution is not be reattempted until the update interval of fusesource.snapshot has elapsed or updates are forced
[DEBUG] Skipped remote request for org.drools:drools-model-compiler:8.15.0-SNAPSHOT/maven-metadata.xml, locally cached metadata up-to-date
[DEBUG] Could not find metadata org.drools:drools-model:8.15.0-SNAPSHOT/maven-metadata.xml in local (/Users/mouachani/.m2/repository)
[DEBUG] Skipped remote request for org.drools:drools-model:8.15.0-SNAPSHOT/maven-metadata.xml, locally cached metadata up-to-date
[DEBUG] org.drools:drools-model:8.15.0-SNAPSHOT/maven-metadata.xml was not found in https://repository.apache.org/content/groups/public/ during a previous attempt. This failure was cached in the local repository and resolution is not be reattempted until the update interval of apache-public has elapsed or updates are forced
[DEBUG] org.drools:drools-model:8.15.0-SNAPSHOT/maven-metadata.xml was not found in https://repo.fusesource.com/nexus/content/groups/public-snapshots/ during a previous attempt. This failure was cached in the local repository and resolution is not be reattempted until the update interval of fusesource.snapshot has elapsed or updates are forced
[DEBUG] Skipped remote request for org.drools:drools-model:8.15.0-SNAPSHOT/maven-metadata.xml, locally cached metadata up-to-date
[DEBUG] Could not find metadata org.drools:drools-canonical-model:8.15.0-SNAPSHOT/maven-metadata.xml in local (/Users/mouachani/.m2/repository)
[DEBUG] Skipped remote request for org.drools:drools-canonical-model:8.15.0-SNAPSHOT/maven-metadata.xml, locally cached metadata up-to-date
[DEBUG] org.drools:drools-canonical-model:8.15.0-SNAPSHOT/maven-metadata.xml was not found in https://repository.apache.org/content/groups/public/ during a previous attempt. This failure was cached in the local repository and resolution is not be reattempted until the update interval of apache-public has elapsed or updates are forced
[DEBUG] org.drools:drools-canonical-model:8.15.0-SNAPSHOT/maven-metadata.xml was not found in https://repo.fusesource.com/nexus/content/groups/public-snapshots/ during a previous attempt. This failure was cached in the local repository and resolution is not be reattempted until the update interval of fusesource.snapshot has elapsed or updates are forced
[DEBUG] Skipped remote request for org.drools:drools-canonical-model:8.15.0-SNAPSHOT/maven-metadata.xml, locally cached metadata up-to-date
[DEBUG] Could not find metadata org.drools:drools-canonical-model:8.15.0-SNAPSHOT/maven-metadata.xml in local (/Users/mouachani/.m2/repository)
[DEBUG] Skipped remote request for org.drools:drools-canonical-model:8.15.0-SNAPSHOT/maven-metadata.xml, locally cached metadata up-to-date
[DEBUG] org.drools:drools-canonical-model:8.15.0-SNAPSHOT/maven-metadata.xml was not found in https://repository.apache.org/content/groups/public/ during a previous attempt. This failure was cached in the local repository and resolution is not be reattempted until the update interval of apache-public has elapsed or updates are forced
[DEBUG] org.drools:drools-canonical-model:8.15.0-SNAPSHOT/maven-metadata.xml was not found in https://repo.fusesource.com/nexus/content/groups/public-snapshots/ during a previous attempt. This failure was cached in the local repository and resolution is not be reattempted until the update interval of fusesource.snapshot has elapsed or updates are forced
[DEBUG] Skipped remote request for org.drools:drools-canonical-model:8.15.0-SNAPSHOT/maven-metadata.xml, locally cached metadata up-to-date
[DEBUG] Could not find metadata org.drools:drools-mvel-parser:8.15.0-SNAPSHOT/maven-metadata.xml in local (/Users/mouachani/.m2/repository)
[DEBUG] Skipped remote request for org.drools:drools-mvel-parser:8.15.0-SNAPSHOT/maven-metadata.xml, locally cached metadata up-to-date
[DEBUG] org.drools:drools-mvel-parser:8.15.0-SNAPSHOT/maven-metadata.xml was not found in https://repository.apache.org/content/groups/public/ during a previous attempt. This failure was cached in the local repository and resolution is not be reattempted until the update interval of apache-public has elapsed or updates are forced
[DEBUG] org.drools:drools-mvel-parser:8.15.0-SNAPSHOT/maven-metadata.xml was not found in https://repo.fusesource.com/nexus/content/groups/public-snapshots/ during a previous attempt. This failure was cached in the local repository and resolution is not be reattempted until the update interval of fusesource.snapshot has elapsed or updates are forced
[DEBUG] Skipped remote request for org.drools:drools-mvel-parser:8.15.0-SNAPSHOT/maven-metadata.xml, locally cached metadata up-to-date
[DEBUG] Could not find metadata org.drools:drools-mvel-parser:8.15.0-SNAPSHOT/maven-metadata.xml in local (/Users/mouachani/.m2/repository)
[DEBUG] Skipped remote request for org.drools:drools-mvel-parser:8.15.0-SNAPSHOT/maven-metadata.xml, locally cached metadata up-to-date
[DEBUG] org.drools:drools-mvel-parser:8.15.0-SNAPSHOT/maven-metadata.xml was not found in https://repository.apache.org/content/groups/public/ during a previous attempt. This failure was cached in the local repository and resolution is not be reattempted until the update interval of apache-public has elapsed or updates are forced
[DEBUG] org.drools:drools-mvel-parser:8.15.0-SNAPSHOT/maven-metadata.xml was not found in https://repo.fusesource.com/nexus/content/groups/public-snapshots/ during a previous attempt. This failure was cached in the local repository and resolution is not be reattempted until the update interval of fusesource.snapshot has elapsed or updates are forced
[DEBUG] Skipped remote request for org.drools:drools-mvel-parser:8.15.0-SNAPSHOT/maven-metadata.xml, locally cached metadata up-to-date
[DEBUG] Could not find metadata org.drools:drools-mvel-compiler:8.15.0-SNAPSHOT/maven-metadata.xml in local (/Users/mouachani/.m2/repository)
[DEBUG] Skipped remote request for org.drools:drools-mvel-compiler:8.15.0-SNAPSHOT/maven-metadata.xml, locally cached metadata up-to-date
[DEBUG] org.drools:drools-mvel-compiler:8.15.0-SNAPSHOT/maven-metadata.xml was not found in https://repository.apache.org/content/groups/public/ during a previous attempt. This failure was cached in the local repository and resolution is not be reattempted until the update interval of apache-public has elapsed or updates are forced
[DEBUG] org.drools:drools-mvel-compiler:8.15.0-SNAPSHOT/maven-metadata.xml was not found in https://repo.fusesource.com/nexus/content/groups/public-snapshots/ during a previous attempt. This failure was cached in the local repository and resolution is not be reattempted until the update interval of fusesource.snapshot has elapsed or updates are forced
[DEBUG] Skipped remote request for org.drools:drools-mvel-compiler:8.15.0-SNAPSHOT/maven-metadata.xml, locally cached metadata up-to-date
[DEBUG] Could not find metadata org.drools:drools-mvel-compiler:8.15.0-SNAPSHOT/maven-metadata.xml in local (/Users/mouachani/.m2/repository)
[DEBUG] Skipped remote request for org.drools:drools-mvel-compiler:8.15.0-SNAPSHOT/maven-metadata.xml, locally cached metadata up-to-date
[DEBUG] org.drools:drools-mvel-compiler:8.15.0-SNAPSHOT/maven-metadata.xml was not found in https://repository.apache.org/content/groups/public/ during a previous attempt. This failure was cached in the local repository and resolution is not be reattempted until the update interval of apache-public has elapsed or updates are forced
[DEBUG] org.drools:drools-mvel-compiler:8.15.0-SNAPSHOT/maven-metadata.xml was not found in https://repo.fusesource.com/nexus/content/groups/public-snapshots/ during a previous attempt. This failure was cached in the local repository and resolution is not be reattempted until the update interval of fusesource.snapshot has elapsed or updates are forced
[DEBUG] Skipped remote request for org.drools:drools-mvel-compiler:8.15.0-SNAPSHOT/maven-metadata.xml, locally cached metadata up-to-date
[DEBUG] Skipped remote request for org.kie.kogito:kogito-quarkus-decisions:2.0.0-SNAPSHOT/maven-metadata.xml, locally cached metadata up-to-date
[DEBUG] org.kie.kogito:kogito-quarkus-decisions:2.0.0-SNAPSHOT/maven-metadata.xml was not found in https://repository.apache.org/content/groups/public/ during a previous attempt. This failure was cached in the local repository and resolution is not be reattempted until the update interval of apache-public has elapsed or updates are forced
[DEBUG] org.kie.kogito:kogito-quarkus-decisions:2.0.0-SNAPSHOT/maven-metadata.xml was not found in https://repo.fusesource.com/nexus/content/groups/public-snapshots/ during a previous attempt. This failure was cached in the local repository and resolution is not be reattempted until the update interval of fusesource.snapshot has elapsed or updates are forced
[DEBUG] Skipped remote request for org.kie.kogito:kogito-quarkus-decisions:2.0.0-SNAPSHOT/maven-metadata.xml, locally cached metadata up-to-date
[DEBUG] Skipped remote request for org.kie.kogito:kogito-quarkus-decisions:2.0.0-SNAPSHOT/maven-metadata.xml, locally cached metadata up-to-date
[DEBUG] org.kie.kogito:kogito-quarkus-decisions:2.0.0-SNAPSHOT/maven-metadata.xml was not found in https://repository.apache.org/content/groups/public/ during a previous attempt. This failure was cached in the local repository and resolution is not be reattempted until the update interval of apache-public has elapsed or updates are forced
[DEBUG] org.kie.kogito:kogito-quarkus-decisions:2.0.0-SNAPSHOT/maven-metadata.xml was not found in https://repo.fusesource.com/nexus/content/groups/public-snapshots/ during a previous attempt. This failure was cached in the local repository and resolution is not be reattempted until the update interval of fusesource.snapshot has elapsed or updates are forced
[DEBUG] Skipped remote request for org.kie.kogito:kogito-quarkus-decisions:2.0.0-SNAPSHOT/maven-metadata.xml, locally cached metadata up-to-date
[DEBUG] Skipped remote request for org.kie.kogito:kogito-quarkus-decisions-extension:2.0.0-SNAPSHOT/maven-metadata.xml, locally cached metadata up-to-date
[DEBUG] org.kie.kogito:kogito-quarkus-decisions-extension:2.0.0-SNAPSHOT/maven-metadata.xml was not found in https://repository.apache.org/content/groups/public/ during a previous attempt. This failure was cached in the local repository and resolution is not be reattempted until the update interval of apache-public has elapsed or updates are forced
[DEBUG] org.kie.kogito:kogito-quarkus-decisions-extension:2.0.0-SNAPSHOT/maven-metadata.xml was not found in https://repo.fusesource.com/nexus/content/groups/public-snapshots/ during a previous attempt. This failure was cached in the local repository and resolution is not be reattempted until the update interval of fusesource.snapshot has elapsed or updates are forced
[DEBUG] Skipped remote request for org.kie.kogito:kogito-quarkus-decisions-extension:2.0.0-SNAPSHOT/maven-metadata.xml, locally cached metadata up-to-date
[DEBUG] Skipped remote request for org.kie.kogito:kogito-api-incubation-decisions-services:2.0.0-SNAPSHOT/maven-metadata.xml, locally cached metadata up-to-date
[DEBUG] org.kie.kogito:kogito-api-incubation-decisions-services:2.0.0-SNAPSHOT/maven-metadata.xml was not found in https://repository.apache.org/content/groups/public/ during a previous attempt. This failure was cached in the local repository and resolution is not be reattempted until the update interval of apache-public has elapsed or updates are forced
[DEBUG] org.kie.kogito:kogito-api-incubation-decisions-services:2.0.0-SNAPSHOT/maven-metadata.xml was not found in https://repo.fusesource.com/nexus/content/groups/public-snapshots/ during a previous attempt. This failure was cached in the local repository and resolution is not be reattempted until the update interval of fusesource.snapshot has elapsed or updates are forced
[DEBUG] Skipped remote request for org.kie.kogito:kogito-api-incubation-decisions-services:2.0.0-SNAPSHOT/maven-metadata.xml, locally cached metadata up-to-date
[DEBUG] Skipped remote request for org.kie.kogito:kogito-api-incubation-decisions-services:2.0.0-SNAPSHOT/maven-metadata.xml, locally cached metadata up-to-date
[DEBUG] org.kie.kogito:kogito-api-incubation-decisions-services:2.0.0-SNAPSHOT/maven-metadata.xml was not found in https://repository.apache.org/content/groups/public/ during a previous attempt. This failure was cached in the local repository and resolution is not be reattempted until the update interval of apache-public has elapsed or updates are forced
[DEBUG] org.kie.kogito:kogito-api-incubation-decisions-services:2.0.0-SNAPSHOT/maven-metadata.xml was not found in https://repo.fusesource.com/nexus/content/groups/public-snapshots/ during a previous attempt. This failure was cached in the local repository and resolution is not be reattempted until the update interval of fusesource.snapshot has elapsed or updates are forced
[DEBUG] Skipped remote request for org.kie.kogito:kogito-api-incubation-decisions-services:2.0.0-SNAPSHOT/maven-metadata.xml, locally cached metadata up-to-date
[DEBUG] Skipped remote request for org.kie.kogito:kogito-api-incubation-decisions:2.0.0-SNAPSHOT/maven-metadata.xml, locally cached metadata up-to-date
[DEBUG] org.kie.kogito:kogito-api-incubation-decisions:2.0.0-SNAPSHOT/maven-metadata.xml was not found in https://repository.apache.org/content/groups/public/ during a previous attempt. This failure was cached in the local repository and resolution is not be reattempted until the update interval of apache-public has elapsed or updates are forced
[DEBUG] org.kie.kogito:kogito-api-incubation-decisions:2.0.0-SNAPSHOT/maven-metadata.xml was not found in https://repo.fusesource.com/nexus/content/groups/public-snapshots/ during a previous attempt. This failure was cached in the local repository and resolution is not be reattempted until the update interval of fusesource.snapshot has elapsed or updates are forced
[DEBUG] Skipped remote request for org.kie.kogito:kogito-api-incubation-decisions:2.0.0-SNAPSHOT/maven-metadata.xml, locally cached metadata up-to-date
[DEBUG] Skipped remote request for org.kie.kogito:kogito-api-incubation-decisions:2.0.0-SNAPSHOT/maven-metadata.xml, locally cached metadata up-to-date
[DEBUG] org.kie.kogito:kogito-api-incubation-decisions:2.0.0-SNAPSHOT/maven-metadata.xml was not found in https://repository.apache.org/content/groups/public/ during a previous attempt. This failure was cached in the local repository and resolution is not be reattempted until the update interval of apache-public has elapsed or updates are forced
[DEBUG] org.kie.kogito:kogito-api-incubation-decisions:2.0.0-SNAPSHOT/maven-metadata.xml was not found in https://repo.fusesource.com/nexus/content/groups/public-snapshots/ during a previous attempt. This failure was cached in the local repository and resolution is not be reattempted until the update interval of fusesource.snapshot has elapsed or updates are forced
[DEBUG] Skipped remote request for org.kie.kogito:kogito-api-incubation-decisions:2.0.0-SNAPSHOT/maven-metadata.xml, locally cached metadata up-to-date
[DEBUG] Skipped remote request for org.kie.kogito:kogito-dmn:2.0.0-SNAPSHOT/maven-metadata.xml, locally cached metadata up-to-date
[DEBUG] org.kie.kogito:kogito-dmn:2.0.0-SNAPSHOT/maven-metadata.xml was not found in https://repository.apache.org/content/groups/public/ during a previous attempt. This failure was cached in the local repository and resolution is not be reattempted until the update interval of apache-public has elapsed or updates are forced
[DEBUG] org.kie.kogito:kogito-dmn:2.0.0-SNAPSHOT/maven-metadata.xml was not found in https://repo.fusesource.com/nexus/content/groups/public-snapshots/ during a previous attempt. This failure was cached in the local repository and resolution is not be reattempted until the update interval of fusesource.snapshot has elapsed or updates are forced
[DEBUG] Skipped remote request for org.kie.kogito:kogito-dmn:2.0.0-SNAPSHOT/maven-metadata.xml, locally cached metadata up-to-date
[DEBUG] Skipped remote request for org.kie.kogito:kogito-dmn:2.0.0-SNAPSHOT/maven-metadata.xml, locally cached metadata up-to-date
[DEBUG] org.kie.kogito:kogito-dmn:2.0.0-SNAPSHOT/maven-metadata.xml was not found in https://repository.apache.org/content/groups/public/ during a previous attempt. This failure was cached in the local repository and resolution is not be reattempted until the update interval of apache-public has elapsed or updates are forced
[DEBUG] org.kie.kogito:kogito-dmn:2.0.0-SNAPSHOT/maven-metadata.xml was not found in https://repo.fusesource.com/nexus/content/groups/public-snapshots/ during a previous attempt. This failure was cached in the local repository and resolution is not be reattempted until the update interval of fusesource.snapshot has elapsed or updates are forced
[DEBUG] Skipped remote request for org.kie.kogito:kogito-dmn:2.0.0-SNAPSHOT/maven-metadata.xml, locally cached metadata up-to-date
[DEBUG] Could not find metadata org.kie:kie-dmn-core:8.15.0-SNAPSHOT/maven-metadata.xml in local (/Users/mouachani/.m2/repository)
[DEBUG] Skipped remote request for org.kie:kie-dmn-core:8.15.0-SNAPSHOT/maven-metadata.xml, locally cached metadata up-to-date
[DEBUG] org.kie:kie-dmn-core:8.15.0-SNAPSHOT/maven-metadata.xml was not found in https://repository.apache.org/content/groups/public/ during a previous attempt. This failure was cached in the local repository and resolution is not be reattempted until the update interval of apache-public has elapsed or updates are forced
[DEBUG] org.kie:kie-dmn-core:8.15.0-SNAPSHOT/maven-metadata.xml was not found in https://repo.fusesource.com/nexus/content/groups/public-snapshots/ during a previous attempt. This failure was cached in the local repository and resolution is not be reattempted until the update interval of fusesource.snapshot has elapsed or updates are forced
[DEBUG] Skipped remote request for org.kie:kie-dmn-core:8.15.0-SNAPSHOT/maven-metadata.xml, locally cached metadata up-to-date
[DEBUG] Could not find metadata org.kie:kie-dmn-core:8.15.0-SNAPSHOT/maven-metadata.xml in local (/Users/mouachani/.m2/repository)
[DEBUG] Skipped remote request for org.kie:kie-dmn-core:8.15.0-SNAPSHOT/maven-metadata.xml, locally cached metadata up-to-date
[DEBUG] org.kie:kie-dmn-core:8.15.0-SNAPSHOT/maven-metadata.xml was not found in https://repository.apache.org/content/groups/public/ during a previous attempt. This failure was cached in the local repository and resolution is not be reattempted until the update interval of apache-public has elapsed or updates are forced
[DEBUG] org.kie:kie-dmn-core:8.15.0-SNAPSHOT/maven-metadata.xml was not found in https://repo.fusesource.com/nexus/content/groups/public-snapshots/ during a previous attempt. This failure was cached in the local repository and resolution is not be reattempted until the update interval of fusesource.snapshot has elapsed or updates are forced
[DEBUG] Skipped remote request for org.kie:kie-dmn-core:8.15.0-SNAPSHOT/maven-metadata.xml, locally cached metadata up-to-date
[DEBUG] Could not find metadata org.kie:kie-dmn-backend:8.15.0-SNAPSHOT/maven-metadata.xml in local (/Users/mouachani/.m2/repository)
[DEBUG] Skipped remote request for org.kie:kie-dmn-backend:8.15.0-SNAPSHOT/maven-metadata.xml, locally cached metadata up-to-date
[DEBUG] org.kie:kie-dmn-backend:8.15.0-SNAPSHOT/maven-metadata.xml was not found in https://repository.apache.org/content/groups/public/ during a previous attempt. This failure was cached in the local repository and resolution is not be reattempted until the update interval of apache-public has elapsed or updates are forced
[DEBUG] org.kie:kie-dmn-backend:8.15.0-SNAPSHOT/maven-metadata.xml was not found in https://repo.fusesource.com/nexus/content/groups/public-snapshots/ during a previous attempt. This failure was cached in the local repository and resolution is not be reattempted until the update interval of fusesource.snapshot has elapsed or updates are forced
[DEBUG] Skipped remote request for org.kie:kie-dmn-backend:8.15.0-SNAPSHOT/maven-metadata.xml, locally cached metadata up-to-date
[DEBUG] Could not find metadata org.kie:kie-dmn-backend:8.15.0-SNAPSHOT/maven-metadata.xml in local (/Users/mouachani/.m2/repository)
[DEBUG] Skipped remote request for org.kie:kie-dmn-backend:8.15.0-SNAPSHOT/maven-metadata.xml, locally cached metadata up-to-date
[DEBUG] org.kie:kie-dmn-backend:8.15.0-SNAPSHOT/maven-metadata.xml was not found in https://repository.apache.org/content/groups/public/ during a previous attempt. This failure was cached in the local repository and resolution is not be reattempted until the update interval of apache-public has elapsed or updates are forced
[DEBUG] org.kie:kie-dmn-backend:8.15.0-SNAPSHOT/maven-metadata.xml was not found in https://repo.fusesource.com/nexus/content/groups/public-snapshots/ during a previous attempt. This failure was cached in the local repository and resolution is not be reattempted until the update interval of fusesource.snapshot has elapsed or updates are forced
[DEBUG] Skipped remote request for org.kie:kie-dmn-backend:8.15.0-SNAPSHOT/maven-metadata.xml, locally cached metadata up-to-date
[DEBUG] Could not find metadata org.kie:kie-dmn-feel:8.15.0-SNAPSHOT/maven-metadata.xml in local (/Users/mouachani/.m2/repository)
[DEBUG] Skipped remote request for org.kie:kie-dmn-feel:8.15.0-SNAPSHOT/maven-metadata.xml, locally cached metadata up-to-date
[DEBUG] org.kie:kie-dmn-feel:8.15.0-SNAPSHOT/maven-metadata.xml was not found in https://repository.apache.org/content/groups/public/ during a previous attempt. This failure was cached in the local repository and resolution is not be reattempted until the update interval of apache-public has elapsed or updates are forced
[DEBUG] org.kie:kie-dmn-feel:8.15.0-SNAPSHOT/maven-metadata.xml was not found in https://repo.fusesource.com/nexus/content/groups/public-snapshots/ during a previous attempt. This failure was cached in the local repository and resolution is not be reattempted until the update interval of fusesource.snapshot has elapsed or updates are forced
[DEBUG] Skipped remote request for org.kie:kie-dmn-feel:8.15.0-SNAPSHOT/maven-metadata.xml, locally cached metadata up-to-date
[DEBUG] Could not find metadata org.kie:kie-dmn-feel:8.15.0-SNAPSHOT/maven-metadata.xml in local (/Users/mouachani/.m2/repository)
[DEBUG] Skipped remote request for org.kie:kie-dmn-feel:8.15.0-SNAPSHOT/maven-metadata.xml, locally cached metadata up-to-date
[DEBUG] org.kie:kie-dmn-feel:8.15.0-SNAPSHOT/maven-metadata.xml was not found in https://repository.apache.org/content/groups/public/ during a previous attempt. This failure was cached in the local repository and resolution is not be reattempted until the update interval of apache-public has elapsed or updates are forced
[DEBUG] org.kie:kie-dmn-feel:8.15.0-SNAPSHOT/maven-metadata.xml was not found in https://repo.fusesource.com/nexus/content/groups/public-snapshots/ during a previous attempt. This failure was cached in the local repository and resolution is not be reattempted until the update interval of fusesource.snapshot has elapsed or updates are forced
[DEBUG] Skipped remote request for org.kie:kie-dmn-feel:8.15.0-SNAPSHOT/maven-metadata.xml, locally cached metadata up-to-date
[DEBUG] Could not find metadata org.drools:drools-alphanetwork-compiler:8.15.0-SNAPSHOT/maven-metadata.xml in local (/Users/mouachani/.m2/repository)
[DEBUG] Skipped remote request for org.drools:drools-alphanetwork-compiler:8.15.0-SNAPSHOT/maven-metadata.xml, locally cached metadata up-to-date
[DEBUG] org.drools:drools-alphanetwork-compiler:8.15.0-SNAPSHOT/maven-metadata.xml was not found in https://repository.apache.org/content/groups/public/ during a previous attempt. This failure was cached in the local repository and resolution is not be reattempted until the update interval of apache-public has elapsed or updates are forced
[DEBUG] org.drools:drools-alphanetwork-compiler:8.15.0-SNAPSHOT/maven-metadata.xml was not found in https://repo.fusesource.com/nexus/content/groups/public-snapshots/ during a previous attempt. This failure was cached in the local repository and resolution is not be reattempted until the update interval of fusesource.snapshot has elapsed or updates are forced
[DEBUG] Skipped remote request for org.drools:drools-alphanetwork-compiler:8.15.0-SNAPSHOT/maven-metadata.xml, locally cached metadata up-to-date
[DEBUG] Could not find metadata org.drools:drools-alphanetwork-compiler:8.15.0-SNAPSHOT/maven-metadata.xml in local (/Users/mouachani/.m2/repository)
[DEBUG] Skipped remote request for org.drools:drools-alphanetwork-compiler:8.15.0-SNAPSHOT/maven-metadata.xml, locally cached metadata up-to-date
[DEBUG] org.drools:drools-alphanetwork-compiler:8.15.0-SNAPSHOT/maven-metadata.xml was not found in https://repository.apache.org/content/groups/public/ during a previous attempt. This failure was cached in the local repository and resolution is not be reattempted until the update interval of apache-public has elapsed or updates are forced
[DEBUG] org.drools:drools-alphanetwork-compiler:8.15.0-SNAPSHOT/maven-metadata.xml was not found in https://repo.fusesource.com/nexus/content/groups/public-snapshots/ during a previous attempt. This failure was cached in the local repository and resolution is not be reattempted until the update interval of fusesource.snapshot has elapsed or updates are forced
[DEBUG] Skipped remote request for org.drools:drools-alphanetwork-compiler:8.15.0-SNAPSHOT/maven-metadata.xml, locally cached metadata up-to-date
[DEBUG] Could not find metadata org.kie:kie-dmn-validation:8.15.0-SNAPSHOT/maven-metadata.xml in local (/Users/mouachani/.m2/repository)
[DEBUG] Skipped remote request for org.kie:kie-dmn-validation:8.15.0-SNAPSHOT/maven-metadata.xml, locally cached metadata up-to-date
[DEBUG] org.kie:kie-dmn-validation:8.15.0-SNAPSHOT/maven-metadata.xml was not found in https://repository.apache.org/content/groups/public/ during a previous attempt. This failure was cached in the local repository and resolution is not be reattempted until the update interval of apache-public has elapsed or updates are forced
[DEBUG] org.kie:kie-dmn-validation:8.15.0-SNAPSHOT/maven-metadata.xml was not found in https://repo.fusesource.com/nexus/content/groups/public-snapshots/ during a previous attempt. This failure was cached in the local repository and resolution is not be reattempted until the update interval of fusesource.snapshot has elapsed or updates are forced
[DEBUG] Skipped remote request for org.kie:kie-dmn-validation:8.15.0-SNAPSHOT/maven-metadata.xml, locally cached metadata up-to-date
[DEBUG] Could not find metadata org.kie:kie-dmn-validation:8.15.0-SNAPSHOT/maven-metadata.xml in local (/Users/mouachani/.m2/repository)
[DEBUG] Skipped remote request for org.kie:kie-dmn-validation:8.15.0-SNAPSHOT/maven-metadata.xml, locally cached metadata up-to-date
[DEBUG] org.kie:kie-dmn-validation:8.15.0-SNAPSHOT/maven-metadata.xml was not found in https://repository.apache.org/content/groups/public/ during a previous attempt. This failure was cached in the local repository and resolution is not be reattempted until the update interval of apache-public has elapsed or updates are forced
[DEBUG] org.kie:kie-dmn-validation:8.15.0-SNAPSHOT/maven-metadata.xml was not found in https://repo.fusesource.com/nexus/content/groups/public-snapshots/ during a previous attempt. This failure was cached in the local repository and resolution is not be reattempted until the update interval of fusesource.snapshot has elapsed or updates are forced
[DEBUG] Skipped remote request for org.kie:kie-dmn-validation:8.15.0-SNAPSHOT/maven-metadata.xml, locally cached metadata up-to-date
[DEBUG] Skipped remote request for org.kie.kogito:kogito-quarkus-predictions:2.0.0-SNAPSHOT/maven-metadata.xml, locally cached metadata up-to-date
[DEBUG] org.kie.kogito:kogito-quarkus-predictions:2.0.0-SNAPSHOT/maven-metadata.xml was not found in https://repository.apache.org/content/groups/public/ during a previous attempt. This failure was cached in the local repository and resolution is not be reattempted until the update interval of apache-public has elapsed or updates are forced
[DEBUG] org.kie.kogito:kogito-quarkus-predictions:2.0.0-SNAPSHOT/maven-metadata.xml was not found in https://repo.fusesource.com/nexus/content/groups/public-snapshots/ during a previous attempt. This failure was cached in the local repository and resolution is not be reattempted until the update interval of fusesource.snapshot has elapsed or updates are forced
[DEBUG] Skipped remote request for org.kie.kogito:kogito-quarkus-predictions:2.0.0-SNAPSHOT/maven-metadata.xml, locally cached metadata up-to-date
[DEBUG] Skipped remote request for org.kie.kogito:kogito-quarkus-predictions:2.0.0-SNAPSHOT/maven-metadata.xml, locally cached metadata up-to-date
[DEBUG] org.kie.kogito:kogito-quarkus-predictions:2.0.0-SNAPSHOT/maven-metadata.xml was not found in https://repository.apache.org/content/groups/public/ during a previous attempt. This failure was cached in the local repository and resolution is not be reattempted until the update interval of apache-public has elapsed or updates are forced
[DEBUG] org.kie.kogito:kogito-quarkus-predictions:2.0.0-SNAPSHOT/maven-metadata.xml was not found in https://repo.fusesource.com/nexus/content/groups/public-snapshots/ during a previous attempt. This failure was cached in the local repository and resolution is not be reattempted until the update interval of fusesource.snapshot has elapsed or updates are forced
[DEBUG] Skipped remote request for org.kie.kogito:kogito-quarkus-predictions:2.0.0-SNAPSHOT/maven-metadata.xml, locally cached metadata up-to-date
[DEBUG] Skipped remote request for org.kie.kogito:kogito-quarkus-predictions-extension:2.0.0-SNAPSHOT/maven-metadata.xml, locally cached metadata up-to-date
[DEBUG] org.kie.kogito:kogito-quarkus-predictions-extension:2.0.0-SNAPSHOT/maven-metadata.xml was not found in https://repository.apache.org/content/groups/public/ during a previous attempt. This failure was cached in the local repository and resolution is not be reattempted until the update interval of apache-public has elapsed or updates are forced
[DEBUG] org.kie.kogito:kogito-quarkus-predictions-extension:2.0.0-SNAPSHOT/maven-metadata.xml was not found in https://repo.fusesource.com/nexus/content/groups/public-snapshots/ during a previous attempt. This failure was cached in the local repository and resolution is not be reattempted until the update interval of fusesource.snapshot has elapsed or updates are forced
[DEBUG] Skipped remote request for org.kie.kogito:kogito-quarkus-predictions-extension:2.0.0-SNAPSHOT/maven-metadata.xml, locally cached metadata up-to-date
[DEBUG] Skipped remote request for org.kie.kogito:kogito-pmml:2.0.0-SNAPSHOT/maven-metadata.xml, locally cached metadata up-to-date
[DEBUG] org.kie.kogito:kogito-pmml:2.0.0-SNAPSHOT/maven-metadata.xml was not found in https://repository.apache.org/content/groups/public/ during a previous attempt. This failure was cached in the local repository and resolution is not be reattempted until the update interval of apache-public has elapsed or updates are forced
[DEBUG] org.kie.kogito:kogito-pmml:2.0.0-SNAPSHOT/maven-metadata.xml was not found in https://repo.fusesource.com/nexus/content/groups/public-snapshots/ during a previous attempt. This failure was cached in the local repository and resolution is not be reattempted until the update interval of fusesource.snapshot has elapsed or updates are forced
[DEBUG] Skipped remote request for org.kie.kogito:kogito-pmml:2.0.0-SNAPSHOT/maven-metadata.xml, locally cached metadata up-to-date
[DEBUG] Skipped remote request for org.kie.kogito:kogito-pmml:2.0.0-SNAPSHOT/maven-metadata.xml, locally cached metadata up-to-date
[DEBUG] org.kie.kogito:kogito-pmml:2.0.0-SNAPSHOT/maven-metadata.xml was not found in https://repository.apache.org/content/groups/public/ during a previous attempt. This failure was cached in the local repository and resolution is not be reattempted until the update interval of apache-public has elapsed or updates are forced
[DEBUG] org.kie.kogito:kogito-pmml:2.0.0-SNAPSHOT/maven-metadata.xml was not found in https://repo.fusesource.com/nexus/content/groups/public-snapshots/ during a previous attempt. This failure was cached in the local repository and resolution is not be reattempted until the update interval of fusesource.snapshot has elapsed or updates are forced
[DEBUG] Skipped remote request for org.kie.kogito:kogito-pmml:2.0.0-SNAPSHOT/maven-metadata.xml, locally cached metadata up-to-date
[DEBUG] Skipped remote request for org.kie.kogito:kogito-pmml-dependencies:2.0.0-SNAPSHOT/maven-metadata.xml, locally cached metadata up-to-date
[DEBUG] org.kie.kogito:kogito-pmml-dependencies:2.0.0-SNAPSHOT/maven-metadata.xml was not found in https://repository.apache.org/content/groups/public/ during a previous attempt. This failure was cached in the local repository and resolution is not be reattempted until the update interval of apache-public has elapsed or updates are forced
[DEBUG] org.kie.kogito:kogito-pmml-dependencies:2.0.0-SNAPSHOT/maven-metadata.xml was not found in https://repo.fusesource.com/nexus/content/groups/public-snapshots/ during a previous attempt. This failure was cached in the local repository and resolution is not be reattempted until the update interval of fusesource.snapshot has elapsed or updates are forced
[DEBUG] Skipped remote request for org.kie.kogito:kogito-pmml-dependencies:2.0.0-SNAPSHOT/maven-metadata.xml, locally cached metadata up-to-date
[DEBUG] Could not find metadata org.kie:kie-pmml-dependencies:8.15.0-SNAPSHOT/maven-metadata.xml in local (/Users/mouachani/.m2/repository)
[DEBUG] Skipped remote request for org.kie:kie-pmml-dependencies:8.15.0-SNAPSHOT/maven-metadata.xml, locally cached metadata up-to-date
[DEBUG] org.kie:kie-pmml-dependencies:8.15.0-SNAPSHOT/maven-metadata.xml was not found in https://repository.apache.org/content/groups/public/ during a previous attempt. This failure was cached in the local repository and resolution is not be reattempted until the update interval of apache-public has elapsed or updates are forced
[DEBUG] org.kie:kie-pmml-dependencies:8.15.0-SNAPSHOT/maven-metadata.xml was not found in https://repo.fusesource.com/nexus/content/groups/public-snapshots/ during a previous attempt. This failure was cached in the local repository and resolution is not be reattempted until the update interval of fusesource.snapshot has elapsed or updates are forced
[DEBUG] Skipped remote request for org.kie:kie-pmml-dependencies:8.15.0-SNAPSHOT/maven-metadata.xml, locally cached metadata up-to-date
[DEBUG] Could not find metadata org.kie:kie-pmml-dependencies:8.15.0-SNAPSHOT/maven-metadata.xml in local (/Users/mouachani/.m2/repository)
[DEBUG] Skipped remote request for org.kie:kie-pmml-dependencies:8.15.0-SNAPSHOT/maven-metadata.xml, locally cached metadata up-to-date
[DEBUG] org.kie:kie-pmml-dependencies:8.15.0-SNAPSHOT/maven-metadata.xml was not found in https://repository.apache.org/content/groups/public/ during a previous attempt. This failure was cached in the local repository and resolution is not be reattempted until the update interval of apache-public has elapsed or updates are forced
[DEBUG] org.kie:kie-pmml-dependencies:8.15.0-SNAPSHOT/maven-metadata.xml was not found in https://repo.fusesource.com/nexus/content/groups/public-snapshots/ during a previous attempt. This failure was cached in the local repository and resolution is not be reattempted until the update interval of fusesource.snapshot has elapsed or updates are forced
[DEBUG] Skipped remote request for org.kie:kie-pmml-dependencies:8.15.0-SNAPSHOT/maven-metadata.xml, locally cached metadata up-to-date
[DEBUG] Could not find metadata org.kie:kie-pmml-compiler-api:8.15.0-SNAPSHOT/maven-metadata.xml in local (/Users/mouachani/.m2/repository)
[DEBUG] Skipped remote request for org.kie:kie-pmml-compiler-api:8.15.0-SNAPSHOT/maven-metadata.xml, locally cached metadata up-to-date
[DEBUG] org.kie:kie-pmml-compiler-api:8.15.0-SNAPSHOT/maven-metadata.xml was not found in https://repository.apache.org/content/groups/public/ during a previous attempt. This failure was cached in the local repository and resolution is not be reattempted until the update interval of apache-public has elapsed or updates are forced
[DEBUG] org.kie:kie-pmml-compiler-api:8.15.0-SNAPSHOT/maven-metadata.xml was not found in https://repo.fusesource.com/nexus/content/groups/public-snapshots/ during a previous attempt. This failure was cached in the local repository and resolution is not be reattempted until the update interval of fusesource.snapshot has elapsed or updates are forced
[DEBUG] Skipped remote request for org.kie:kie-pmml-compiler-api:8.15.0-SNAPSHOT/maven-metadata.xml, locally cached metadata up-to-date
[DEBUG] Could not find metadata org.kie:kie-pmml-compiler-api:8.15.0-SNAPSHOT/maven-metadata.xml in local (/Users/mouachani/.m2/repository)
[DEBUG] Skipped remote request for org.kie:kie-pmml-compiler-api:8.15.0-SNAPSHOT/maven-metadata.xml, locally cached metadata up-to-date
[DEBUG] org.kie:kie-pmml-compiler-api:8.15.0-SNAPSHOT/maven-metadata.xml was not found in https://repository.apache.org/content/groups/public/ during a previous attempt. This failure was cached in the local repository and resolution is not be reattempted until the update interval of apache-public has elapsed or updates are forced
[DEBUG] org.kie:kie-pmml-compiler-api:8.15.0-SNAPSHOT/maven-metadata.xml was not found in https://repo.fusesource.com/nexus/content/groups/public-snapshots/ during a previous attempt. This failure was cached in the local repository and resolution is not be reattempted until the update interval of fusesource.snapshot has elapsed or updates are forced
[DEBUG] Skipped remote request for org.kie:kie-pmml-compiler-api:8.15.0-SNAPSHOT/maven-metadata.xml, locally cached metadata up-to-date
[DEBUG] Could not find metadata org.kie:kie-pmml-compiler:8.15.0-SNAPSHOT/maven-metadata.xml in local (/Users/mouachani/.m2/repository)
[DEBUG] Skipped remote request for org.kie:kie-pmml-compiler:8.15.0-SNAPSHOT/maven-metadata.xml, locally cached metadata up-to-date
[DEBUG] org.kie:kie-pmml-compiler:8.15.0-SNAPSHOT/maven-metadata.xml was not found in https://repository.apache.org/content/groups/public/ during a previous attempt. This failure was cached in the local repository and resolution is not be reattempted until the update interval of apache-public has elapsed or updates are forced
[DEBUG] org.kie:kie-pmml-compiler:8.15.0-SNAPSHOT/maven-metadata.xml was not found in https://repo.fusesource.com/nexus/content/groups/public-snapshots/ during a previous attempt. This failure was cached in the local repository and resolution is not be reattempted until the update interval of fusesource.snapshot has elapsed or updates are forced
[DEBUG] Skipped remote request for org.kie:kie-pmml-compiler:8.15.0-SNAPSHOT/maven-metadata.xml, locally cached metadata up-to-date
[DEBUG] Could not find metadata org.kie:kie-pmml-compiler-core:8.15.0-SNAPSHOT/maven-metadata.xml in local (/Users/mouachani/.m2/repository)
[DEBUG] Skipped remote request for org.kie:kie-pmml-compiler-core:8.15.0-SNAPSHOT/maven-metadata.xml, locally cached metadata up-to-date
[DEBUG] org.kie:kie-pmml-compiler-core:8.15.0-SNAPSHOT/maven-metadata.xml was not found in https://repository.apache.org/content/groups/public/ during a previous attempt. This failure was cached in the local repository and resolution is not be reattempted until the update interval of apache-public has elapsed or updates are forced
[DEBUG] org.kie:kie-pmml-compiler-core:8.15.0-SNAPSHOT/maven-metadata.xml was not found in https://repo.fusesource.com/nexus/content/groups/public-snapshots/ during a previous attempt. This failure was cached in the local repository and resolution is not be reattempted until the update interval of fusesource.snapshot has elapsed or updates are forced
[DEBUG] Skipped remote request for org.kie:kie-pmml-compiler-core:8.15.0-SNAPSHOT/maven-metadata.xml, locally cached metadata up-to-date
[DEBUG] Could not find metadata org.kie:kie-pmml-compiler-core:8.15.0-SNAPSHOT/maven-metadata.xml in local (/Users/mouachani/.m2/repository)
[DEBUG] Skipped remote request for org.kie:kie-pmml-compiler-core:8.15.0-SNAPSHOT/maven-metadata.xml, locally cached metadata up-to-date
[DEBUG] org.kie:kie-pmml-compiler-core:8.15.0-SNAPSHOT/maven-metadata.xml was not found in https://repository.apache.org/content/groups/public/ during a previous attempt. This failure was cached in the local repository and resolution is not be reattempted until the update interval of apache-public has elapsed or updates are forced
[DEBUG] org.kie:kie-pmml-compiler-core:8.15.0-SNAPSHOT/maven-metadata.xml was not found in https://repo.fusesource.com/nexus/content/groups/public-snapshots/ during a previous attempt. This failure was cached in the local repository and resolution is not be reattempted until the update interval of fusesource.snapshot has elapsed or updates are forced
[DEBUG] Skipped remote request for org.kie:kie-pmml-compiler-core:8.15.0-SNAPSHOT/maven-metadata.xml, locally cached metadata up-to-date
[DEBUG] Could not find metadata org.kie:kie-pmml-compiler-commons:8.15.0-SNAPSHOT/maven-metadata.xml in local (/Users/mouachani/.m2/repository)
[DEBUG] Skipped remote request for org.kie:kie-pmml-compiler-commons:8.15.0-SNAPSHOT/maven-metadata.xml, locally cached metadata up-to-date
[DEBUG] org.kie:kie-pmml-compiler-commons:8.15.0-SNAPSHOT/maven-metadata.xml was not found in https://repository.apache.org/content/groups/public/ during a previous attempt. This failure was cached in the local repository and resolution is not be reattempted until the update interval of apache-public has elapsed or updates are forced
[DEBUG] org.kie:kie-pmml-compiler-commons:8.15.0-SNAPSHOT/maven-metadata.xml was not found in https://repo.fusesource.com/nexus/content/groups/public-snapshots/ during a previous attempt. This failure was cached in the local repository and resolution is not be reattempted until the update interval of fusesource.snapshot has elapsed or updates are forced
[DEBUG] Skipped remote request for org.kie:kie-pmml-compiler-commons:8.15.0-SNAPSHOT/maven-metadata.xml, locally cached metadata up-to-date
[DEBUG] Could not find metadata org.kie:kie-pmml-compiler-commons:8.15.0-SNAPSHOT/maven-metadata.xml in local (/Users/mouachani/.m2/repository)
[DEBUG] Skipped remote request for org.kie:kie-pmml-compiler-commons:8.15.0-SNAPSHOT/maven-metadata.xml, locally cached metadata up-to-date
[DEBUG] org.kie:kie-pmml-compiler-commons:8.15.0-SNAPSHOT/maven-metadata.xml was not found in https://repository.apache.org/content/groups/public/ during a previous attempt. This failure was cached in the local repository and resolution is not be reattempted until the update interval of apache-public has elapsed or updates are forced
[DEBUG] org.kie:kie-pmml-compiler-commons:8.15.0-SNAPSHOT/maven-metadata.xml was not found in https://repo.fusesource.com/nexus/content/groups/public-snapshots/ during a previous attempt. This failure was cached in the local repository and resolution is not be reattempted until the update interval of fusesource.snapshot has elapsed or updates are forced
[DEBUG] Skipped remote request for org.kie:kie-pmml-compiler-commons:8.15.0-SNAPSHOT/maven-metadata.xml, locally cached metadata up-to-date
[DEBUG] Could not find metadata org.kie:kie-pmml-evaluator-core:8.15.0-SNAPSHOT/maven-metadata.xml in local (/Users/mouachani/.m2/repository)
[DEBUG] Skipped remote request for org.kie:kie-pmml-evaluator-core:8.15.0-SNAPSHOT/maven-metadata.xml, locally cached metadata up-to-date
[DEBUG] org.kie:kie-pmml-evaluator-core:8.15.0-SNAPSHOT/maven-metadata.xml was not found in https://repository.apache.org/content/groups/public/ during a previous attempt. This failure was cached in the local repository and resolution is not be reattempted until the update interval of apache-public has elapsed or updates are forced
[DEBUG] org.kie:kie-pmml-evaluator-core:8.15.0-SNAPSHOT/maven-metadata.xml was not found in https://repo.fusesource.com/nexus/content/groups/public-snapshots/ during a previous attempt. This failure was cached in the local repository and resolution is not be reattempted until the update interval of fusesource.snapshot has elapsed or updates are forced
[DEBUG] Skipped remote request for org.kie:kie-pmml-evaluator-core:8.15.0-SNAPSHOT/maven-metadata.xml, locally cached metadata up-to-date
[DEBUG] Could not find metadata org.kie:kie-pmml-evaluator-core:8.15.0-SNAPSHOT/maven-metadata.xml in local (/Users/mouachani/.m2/repository)
[DEBUG] Skipped remote request for org.kie:kie-pmml-evaluator-core:8.15.0-SNAPSHOT/maven-metadata.xml, locally cached metadata up-to-date
[DEBUG] org.kie:kie-pmml-evaluator-core:8.15.0-SNAPSHOT/maven-metadata.xml was not found in https://repository.apache.org/content/groups/public/ during a previous attempt. This failure was cached in the local repository and resolution is not be reattempted until the update interval of apache-public has elapsed or updates are forced
[DEBUG] org.kie:kie-pmml-evaluator-core:8.15.0-SNAPSHOT/maven-metadata.xml was not found in https://repo.fusesource.com/nexus/content/groups/public-snapshots/ during a previous attempt. This failure was cached in the local repository and resolution is not be reattempted until the update interval of fusesource.snapshot has elapsed or updates are forced
[DEBUG] Skipped remote request for org.kie:kie-pmml-evaluator-core:8.15.0-SNAPSHOT/maven-metadata.xml, locally cached metadata up-to-date
[DEBUG] Could not find metadata org.kie:kie-pmml-evaluator-assembler:8.15.0-SNAPSHOT/maven-metadata.xml in local (/Users/mouachani/.m2/repository)
[DEBUG] Skipped remote request for org.kie:kie-pmml-evaluator-assembler:8.15.0-SNAPSHOT/maven-metadata.xml, locally cached metadata up-to-date
[DEBUG] org.kie:kie-pmml-evaluator-assembler:8.15.0-SNAPSHOT/maven-metadata.xml was not found in https://repository.apache.org/content/groups/public/ during a previous attempt. This failure was cached in the local repository and resolution is not be reattempted until the update interval of apache-public has elapsed or updates are forced
[DEBUG] org.kie:kie-pmml-evaluator-assembler:8.15.0-SNAPSHOT/maven-metadata.xml was not found in https://repo.fusesource.com/nexus/content/groups/public-snapshots/ during a previous attempt. This failure was cached in the local repository and resolution is not be reattempted until the update interval of fusesource.snapshot has elapsed or updates are forced
[DEBUG] Skipped remote request for org.kie:kie-pmml-evaluator-assembler:8.15.0-SNAPSHOT/maven-metadata.xml, locally cached metadata up-to-date
[DEBUG] Could not find metadata org.kie:kie-pmml-evaluator-assembler:8.15.0-SNAPSHOT/maven-metadata.xml in local (/Users/mouachani/.m2/repository)
[DEBUG] Skipped remote request for org.kie:kie-pmml-evaluator-assembler:8.15.0-SNAPSHOT/maven-metadata.xml, locally cached metadata up-to-date
[DEBUG] org.kie:kie-pmml-evaluator-assembler:8.15.0-SNAPSHOT/maven-metadata.xml was not found in https://repository.apache.org/content/groups/public/ during a previous attempt. This failure was cached in the local repository and resolution is not be reattempted until the update interval of apache-public has elapsed or updates are forced
[DEBUG] org.kie:kie-pmml-evaluator-assembler:8.15.0-SNAPSHOT/maven-metadata.xml was not found in https://repo.fusesource.com/nexus/content/groups/public-snapshots/ during a previous attempt. This failure was cached in the local repository and resolution is not be reattempted until the update interval of fusesource.snapshot has elapsed or updates are forced
[DEBUG] Skipped remote request for org.kie:kie-pmml-evaluator-assembler:8.15.0-SNAPSHOT/maven-metadata.xml, locally cached metadata up-to-date
[DEBUG] Could not find metadata org.kie:kie-pmml-kie-internal:8.15.0-SNAPSHOT/maven-metadata.xml in local (/Users/mouachani/.m2/repository)
[DEBUG] Skipped remote request for org.kie:kie-pmml-kie-internal:8.15.0-SNAPSHOT/maven-metadata.xml, locally cached metadata up-to-date
[DEBUG] org.kie:kie-pmml-kie-internal:8.15.0-SNAPSHOT/maven-metadata.xml was not found in https://repository.apache.org/content/groups/public/ during a previous attempt. This failure was cached in the local repository and resolution is not be reattempted until the update interval of apache-public has elapsed or updates are forced
[DEBUG] org.kie:kie-pmml-kie-internal:8.15.0-SNAPSHOT/maven-metadata.xml was not found in https://repo.fusesource.com/nexus/content/groups/public-snapshots/ during a previous attempt. This failure was cached in the local repository and resolution is not be reattempted until the update interval of fusesource.snapshot has elapsed or updates are forced
[DEBUG] Skipped remote request for org.kie:kie-pmml-kie-internal:8.15.0-SNAPSHOT/maven-metadata.xml, locally cached metadata up-to-date
[DEBUG] Could not find metadata org.kie:kie-pmml-kie-internal:8.15.0-SNAPSHOT/maven-metadata.xml in local (/Users/mouachani/.m2/repository)
[DEBUG] Skipped remote request for org.kie:kie-pmml-kie-internal:8.15.0-SNAPSHOT/maven-metadata.xml, locally cached metadata up-to-date
[DEBUG] org.kie:kie-pmml-kie-internal:8.15.0-SNAPSHOT/maven-metadata.xml was not found in https://repository.apache.org/content/groups/public/ during a previous attempt. This failure was cached in the local repository and resolution is not be reattempted until the update interval of apache-public has elapsed or updates are forced
[DEBUG] org.kie:kie-pmml-kie-internal:8.15.0-SNAPSHOT/maven-metadata.xml was not found in https://repo.fusesource.com/nexus/content/groups/public-snapshots/ during a previous attempt. This failure was cached in the local repository and resolution is not be reattempted until the update interval of fusesource.snapshot has elapsed or updates are forced
[DEBUG] Skipped remote request for org.kie:kie-pmml-kie-internal:8.15.0-SNAPSHOT/maven-metadata.xml, locally cached metadata up-to-date
[DEBUG] Could not find metadata org.kie:kie-pmml-models-drools-common:8.15.0-SNAPSHOT/maven-metadata.xml in local (/Users/mouachani/.m2/repository)
[DEBUG] Skipped remote request for org.kie:kie-pmml-models-drools-common:8.15.0-SNAPSHOT/maven-metadata.xml, locally cached metadata up-to-date
[DEBUG] org.kie:kie-pmml-models-drools-common:8.15.0-SNAPSHOT/maven-metadata.xml was not found in https://repository.apache.org/content/groups/public/ during a previous attempt. This failure was cached in the local repository and resolution is not be reattempted until the update interval of apache-public has elapsed or updates are forced
[DEBUG] org.kie:kie-pmml-models-drools-common:8.15.0-SNAPSHOT/maven-metadata.xml was not found in https://repo.fusesource.com/nexus/content/groups/public-snapshots/ during a previous attempt. This failure was cached in the local repository and resolution is not be reattempted until the update interval of fusesource.snapshot has elapsed or updates are forced
[DEBUG] Skipped remote request for org.kie:kie-pmml-models-drools-common:8.15.0-SNAPSHOT/maven-metadata.xml, locally cached metadata up-to-date
[DEBUG] Could not find metadata org.kie:kie-pmml-models-drools-common:8.15.0-SNAPSHOT/maven-metadata.xml in local (/Users/mouachani/.m2/repository)
[DEBUG] Skipped remote request for org.kie:kie-pmml-models-drools-common:8.15.0-SNAPSHOT/maven-metadata.xml, locally cached metadata up-to-date
[DEBUG] org.kie:kie-pmml-models-drools-common:8.15.0-SNAPSHOT/maven-metadata.xml was not found in https://repository.apache.org/content/groups/public/ during a previous attempt. This failure was cached in the local repository and resolution is not be reattempted until the update interval of apache-public has elapsed or updates are forced
[DEBUG] org.kie:kie-pmml-models-drools-common:8.15.0-SNAPSHOT/maven-metadata.xml was not found in https://repo.fusesource.com/nexus/content/groups/public-snapshots/ during a previous attempt. This failure was cached in the local repository and resolution is not be reattempted until the update interval of fusesource.snapshot has elapsed or updates are forced
[DEBUG] Skipped remote request for org.kie:kie-pmml-models-drools-common:8.15.0-SNAPSHOT/maven-metadata.xml, locally cached metadata up-to-date
[DEBUG] Could not find metadata org.kie:kie-pmml-models-drools:8.15.0-SNAPSHOT/maven-metadata.xml in local (/Users/mouachani/.m2/repository)
[DEBUG] Skipped remote request for org.kie:kie-pmml-models-drools:8.15.0-SNAPSHOT/maven-metadata.xml, locally cached metadata up-to-date
[DEBUG] org.kie:kie-pmml-models-drools:8.15.0-SNAPSHOT/maven-metadata.xml was not found in https://repository.apache.org/content/groups/public/ during a previous attempt. This failure was cached in the local repository and resolution is not be reattempted until the update interval of apache-public has elapsed or updates are forced
[DEBUG] org.kie:kie-pmml-models-drools:8.15.0-SNAPSHOT/maven-metadata.xml was not found in https://repo.fusesource.com/nexus/content/groups/public-snapshots/ during a previous attempt. This failure was cached in the local repository and resolution is not be reattempted until the update interval of fusesource.snapshot has elapsed or updates are forced
[DEBUG] Skipped remote request for org.kie:kie-pmml-models-drools:8.15.0-SNAPSHOT/maven-metadata.xml, locally cached metadata up-to-date
[DEBUG] Could not find metadata org.kie:kie-pmml-models:8.15.0-SNAPSHOT/maven-metadata.xml in local (/Users/mouachani/.m2/repository)
[DEBUG] Skipped remote request for org.kie:kie-pmml-models:8.15.0-SNAPSHOT/maven-metadata.xml, locally cached metadata up-to-date
[DEBUG] org.kie:kie-pmml-models:8.15.0-SNAPSHOT/maven-metadata.xml was not found in https://repository.apache.org/content/groups/public/ during a previous attempt. This failure was cached in the local repository and resolution is not be reattempted until the update interval of apache-public has elapsed or updates are forced
[DEBUG] org.kie:kie-pmml-models:8.15.0-SNAPSHOT/maven-metadata.xml was not found in https://repo.fusesource.com/nexus/content/groups/public-snapshots/ during a previous attempt. This failure was cached in the local repository and resolution is not be reattempted until the update interval of fusesource.snapshot has elapsed or updates are forced
[DEBUG] Skipped remote request for org.kie:kie-pmml-models:8.15.0-SNAPSHOT/maven-metadata.xml, locally cached metadata up-to-date
[DEBUG] Could not find metadata org.kie:kie-pmml-models-regression-model:8.15.0-SNAPSHOT/maven-metadata.xml in local (/Users/mouachani/.m2/repository)
[DEBUG] Skipped remote request for org.kie:kie-pmml-models-regression-model:8.15.0-SNAPSHOT/maven-metadata.xml, locally cached metadata up-to-date
[DEBUG] org.kie:kie-pmml-models-regression-model:8.15.0-SNAPSHOT/maven-metadata.xml was not found in https://repository.apache.org/content/groups/public/ during a previous attempt. This failure was cached in the local repository and resolution is not be reattempted until the update interval of apache-public has elapsed or updates are forced
[DEBUG] org.kie:kie-pmml-models-regression-model:8.15.0-SNAPSHOT/maven-metadata.xml was not found in https://repo.fusesource.com/nexus/content/groups/public-snapshots/ during a previous attempt. This failure was cached in the local repository and resolution is not be reattempted until the update interval of fusesource.snapshot has elapsed or updates are forced
[DEBUG] Skipped remote request for org.kie:kie-pmml-models-regression-model:8.15.0-SNAPSHOT/maven-metadata.xml, locally cached metadata up-to-date
[DEBUG] Could not find metadata org.kie:kie-pmml-models-regression-model:8.15.0-SNAPSHOT/maven-metadata.xml in local (/Users/mouachani/.m2/repository)
[DEBUG] Skipped remote request for org.kie:kie-pmml-models-regression-model:8.15.0-SNAPSHOT/maven-metadata.xml, locally cached metadata up-to-date
[DEBUG] org.kie:kie-pmml-models-regression-model:8.15.0-SNAPSHOT/maven-metadata.xml was not found in https://repository.apache.org/content/groups/public/ during a previous attempt. This failure was cached in the local repository and resolution is not be reattempted until the update interval of apache-public has elapsed or updates are forced
[DEBUG] org.kie:kie-pmml-models-regression-model:8.15.0-SNAPSHOT/maven-metadata.xml was not found in https://repo.fusesource.com/nexus/content/groups/public-snapshots/ during a previous attempt. This failure was cached in the local repository and resolution is not be reattempted until the update interval of fusesource.snapshot has elapsed or updates are forced
[DEBUG] Skipped remote request for org.kie:kie-pmml-models-regression-model:8.15.0-SNAPSHOT/maven-metadata.xml, locally cached metadata up-to-date
[DEBUG] Could not find metadata org.kie:kie-pmml-models-regression:8.15.0-SNAPSHOT/maven-metadata.xml in local (/Users/mouachani/.m2/repository)
[DEBUG] Skipped remote request for org.kie:kie-pmml-models-regression:8.15.0-SNAPSHOT/maven-metadata.xml, locally cached metadata up-to-date
[DEBUG] org.kie:kie-pmml-models-regression:8.15.0-SNAPSHOT/maven-metadata.xml was not found in https://repository.apache.org/content/groups/public/ during a previous attempt. This failure was cached in the local repository and resolution is not be reattempted until the update interval of apache-public has elapsed or updates are forced
[DEBUG] org.kie:kie-pmml-models-regression:8.15.0-SNAPSHOT/maven-metadata.xml was not found in https://repo.fusesource.com/nexus/content/groups/public-snapshots/ during a previous attempt. This failure was cached in the local repository and resolution is not be reattempted until the update interval of fusesource.snapshot has elapsed or updates are forced
[DEBUG] Skipped remote request for org.kie:kie-pmml-models-regression:8.15.0-SNAPSHOT/maven-metadata.xml, locally cached metadata up-to-date
[DEBUG] Could not find metadata org.kie:kie-pmml-models-regression-compiler:8.15.0-SNAPSHOT/maven-metadata.xml in local (/Users/mouachani/.m2/repository)
[DEBUG] Skipped remote request for org.kie:kie-pmml-models-regression-compiler:8.15.0-SNAPSHOT/maven-metadata.xml, locally cached metadata up-to-date
[DEBUG] org.kie:kie-pmml-models-regression-compiler:8.15.0-SNAPSHOT/maven-metadata.xml was not found in https://repository.apache.org/content/groups/public/ during a previous attempt. This failure was cached in the local repository and resolution is not be reattempted until the update interval of apache-public has elapsed or updates are forced
[DEBUG] org.kie:kie-pmml-models-regression-compiler:8.15.0-SNAPSHOT/maven-metadata.xml was not found in https://repo.fusesource.com/nexus/content/groups/public-snapshots/ during a previous attempt. This failure was cached in the local repository and resolution is not be reattempted until the update interval of fusesource.snapshot has elapsed or updates are forced
[DEBUG] Skipped remote request for org.kie:kie-pmml-models-regression-compiler:8.15.0-SNAPSHOT/maven-metadata.xml, locally cached metadata up-to-date
[DEBUG] Could not find metadata org.kie:kie-pmml-models-regression-compiler:8.15.0-SNAPSHOT/maven-metadata.xml in local (/Users/mouachani/.m2/repository)
[DEBUG] Skipped remote request for org.kie:kie-pmml-models-regression-compiler:8.15.0-SNAPSHOT/maven-metadata.xml, locally cached metadata up-to-date
[DEBUG] org.kie:kie-pmml-models-regression-compiler:8.15.0-SNAPSHOT/maven-metadata.xml was not found in https://repository.apache.org/content/groups/public/ during a previous attempt. This failure was cached in the local repository and resolution is not be reattempted until the update interval of apache-public has elapsed or updates are forced
[DEBUG] org.kie:kie-pmml-models-regression-compiler:8.15.0-SNAPSHOT/maven-metadata.xml was not found in https://repo.fusesource.com/nexus/content/groups/public-snapshots/ during a previous attempt. This failure was cached in the local repository and resolution is not be reattempted until the update interval of fusesource.snapshot has elapsed or updates are forced
[DEBUG] Skipped remote request for org.kie:kie-pmml-models-regression-compiler:8.15.0-SNAPSHOT/maven-metadata.xml, locally cached metadata up-to-date
[DEBUG] Could not find metadata org.kie:kie-pmml-models-regression-evaluator:8.15.0-SNAPSHOT/maven-metadata.xml in local (/Users/mouachani/.m2/repository)
[DEBUG] Skipped remote request for org.kie:kie-pmml-models-regression-evaluator:8.15.0-SNAPSHOT/maven-metadata.xml, locally cached metadata up-to-date
[DEBUG] org.kie:kie-pmml-models-regression-evaluator:8.15.0-SNAPSHOT/maven-metadata.xml was not found in https://repository.apache.org/content/groups/public/ during a previous attempt. This failure was cached in the local repository and resolution is not be reattempted until the update interval of apache-public has elapsed or updates are forced
[DEBUG] org.kie:kie-pmml-models-regression-evaluator:8.15.0-SNAPSHOT/maven-metadata.xml was not found in https://repo.fusesource.com/nexus/content/groups/public-snapshots/ during a previous attempt. This failure was cached in the local repository and resolution is not be reattempted until the update interval of fusesource.snapshot has elapsed or updates are forced
[DEBUG] Skipped remote request for org.kie:kie-pmml-models-regression-evaluator:8.15.0-SNAPSHOT/maven-metadata.xml, locally cached metadata up-to-date
[DEBUG] Could not find metadata org.kie:kie-pmml-models-regression-evaluator:8.15.0-SNAPSHOT/maven-metadata.xml in local (/Users/mouachani/.m2/repository)
[DEBUG] Skipped remote request for org.kie:kie-pmml-models-regression-evaluator:8.15.0-SNAPSHOT/maven-metadata.xml, locally cached metadata up-to-date
[DEBUG] org.kie:kie-pmml-models-regression-evaluator:8.15.0-SNAPSHOT/maven-metadata.xml was not found in https://repository.apache.org/content/groups/public/ during a previous attempt. This failure was cached in the local repository and resolution is not be reattempted until the update interval of apache-public has elapsed or updates are forced
[DEBUG] org.kie:kie-pmml-models-regression-evaluator:8.15.0-SNAPSHOT/maven-metadata.xml was not found in https://repo.fusesource.com/nexus/content/groups/public-snapshots/ during a previous attempt. This failure was cached in the local repository and resolution is not be reattempted until the update interval of fusesource.snapshot has elapsed or updates are forced
[DEBUG] Skipped remote request for org.kie:kie-pmml-models-regression-evaluator:8.15.0-SNAPSHOT/maven-metadata.xml, locally cached metadata up-to-date
[DEBUG] Could not find metadata org.kie:kie-pmml-models-tree-model:8.15.0-SNAPSHOT/maven-metadata.xml in local (/Users/mouachani/.m2/repository)
[DEBUG] Skipped remote request for org.kie:kie-pmml-models-tree-model:8.15.0-SNAPSHOT/maven-metadata.xml, locally cached metadata up-to-date
[DEBUG] org.kie:kie-pmml-models-tree-model:8.15.0-SNAPSHOT/maven-metadata.xml was not found in https://repository.apache.org/content/groups/public/ during a previous attempt. This failure was cached in the local repository and resolution is not be reattempted until the update interval of apache-public has elapsed or updates are forced
[DEBUG] org.kie:kie-pmml-models-tree-model:8.15.0-SNAPSHOT/maven-metadata.xml was not found in https://repo.fusesource.com/nexus/content/groups/public-snapshots/ during a previous attempt. This failure was cached in the local repository and resolution is not be reattempted until the update interval of fusesource.snapshot has elapsed or updates are forced
[DEBUG] Skipped remote request for org.kie:kie-pmml-models-tree-model:8.15.0-SNAPSHOT/maven-metadata.xml, locally cached metadata up-to-date
[DEBUG] Could not find metadata org.kie:kie-pmml-models-tree-model:8.15.0-SNAPSHOT/maven-metadata.xml in local (/Users/mouachani/.m2/repository)
[DEBUG] Skipped remote request for org.kie:kie-pmml-models-tree-model:8.15.0-SNAPSHOT/maven-metadata.xml, locally cached metadata up-to-date
[DEBUG] org.kie:kie-pmml-models-tree-model:8.15.0-SNAPSHOT/maven-metadata.xml was not found in https://repository.apache.org/content/groups/public/ during a previous attempt. This failure was cached in the local repository and resolution is not be reattempted until the update interval of apache-public has elapsed or updates are forced
[DEBUG] org.kie:kie-pmml-models-tree-model:8.15.0-SNAPSHOT/maven-metadata.xml was not found in https://repo.fusesource.com/nexus/content/groups/public-snapshots/ during a previous attempt. This failure was cached in the local repository and resolution is not be reattempted until the update interval of fusesource.snapshot has elapsed or updates are forced
[DEBUG] Skipped remote request for org.kie:kie-pmml-models-tree-model:8.15.0-SNAPSHOT/maven-metadata.xml, locally cached metadata up-to-date
[DEBUG] Could not find metadata org.kie:kie-pmml-models-tree:8.15.0-SNAPSHOT/maven-metadata.xml in local (/Users/mouachani/.m2/repository)
[DEBUG] Skipped remote request for org.kie:kie-pmml-models-tree:8.15.0-SNAPSHOT/maven-metadata.xml, locally cached metadata up-to-date
[DEBUG] org.kie:kie-pmml-models-tree:8.15.0-SNAPSHOT/maven-metadata.xml was not found in https://repository.apache.org/content/groups/public/ during a previous attempt. This failure was cached in the local repository and resolution is not be reattempted until the update interval of apache-public has elapsed or updates are forced
[DEBUG] org.kie:kie-pmml-models-tree:8.15.0-SNAPSHOT/maven-metadata.xml was not found in https://repo.fusesource.com/nexus/content/groups/public-snapshots/ during a previous attempt. This failure was cached in the local repository and resolution is not be reattempted until the update interval of fusesource.snapshot has elapsed or updates are forced
[DEBUG] Skipped remote request for org.kie:kie-pmml-models-tree:8.15.0-SNAPSHOT/maven-metadata.xml, locally cached metadata up-to-date
[DEBUG] Could not find metadata org.kie:kie-pmml-models-tree-compiler:8.15.0-SNAPSHOT/maven-metadata.xml in local (/Users/mouachani/.m2/repository)
[DEBUG] Skipped remote request for org.kie:kie-pmml-models-tree-compiler:8.15.0-SNAPSHOT/maven-metadata.xml, locally cached metadata up-to-date
[DEBUG] org.kie:kie-pmml-models-tree-compiler:8.15.0-SNAPSHOT/maven-metadata.xml was not found in https://repository.apache.org/content/groups/public/ during a previous attempt. This failure was cached in the local repository and resolution is not be reattempted until the update interval of apache-public has elapsed or updates are forced
[DEBUG] org.kie:kie-pmml-models-tree-compiler:8.15.0-SNAPSHOT/maven-metadata.xml was not found in https://repo.fusesource.com/nexus/content/groups/public-snapshots/ during a previous attempt. This failure was cached in the local repository and resolution is not be reattempted until the update interval of fusesource.snapshot has elapsed or updates are forced
[DEBUG] Skipped remote request for org.kie:kie-pmml-models-tree-compiler:8.15.0-SNAPSHOT/maven-metadata.xml, locally cached metadata up-to-date
[DEBUG] Could not find metadata org.kie:kie-pmml-models-tree-compiler:8.15.0-SNAPSHOT/maven-metadata.xml in local (/Users/mouachani/.m2/repository)
[DEBUG] Skipped remote request for org.kie:kie-pmml-models-tree-compiler:8.15.0-SNAPSHOT/maven-metadata.xml, locally cached metadata up-to-date
[DEBUG] org.kie:kie-pmml-models-tree-compiler:8.15.0-SNAPSHOT/maven-metadata.xml was not found in https://repository.apache.org/content/groups/public/ during a previous attempt. This failure was cached in the local repository and resolution is not be reattempted until the update interval of apache-public has elapsed or updates are forced
[DEBUG] org.kie:kie-pmml-models-tree-compiler:8.15.0-SNAPSHOT/maven-metadata.xml was not found in https://repo.fusesource.com/nexus/content/groups/public-snapshots/ during a previous attempt. This failure was cached in the local repository and resolution is not be reattempted until the update interval of fusesource.snapshot has elapsed or updates are forced
[DEBUG] Skipped remote request for org.kie:kie-pmml-models-tree-compiler:8.15.0-SNAPSHOT/maven-metadata.xml, locally cached metadata up-to-date
[DEBUG] Could not find metadata org.kie:kie-pmml-models-tree-evaluator:8.15.0-SNAPSHOT/maven-metadata.xml in local (/Users/mouachani/.m2/repository)
[DEBUG] Skipped remote request for org.kie:kie-pmml-models-tree-evaluator:8.15.0-SNAPSHOT/maven-metadata.xml, locally cached metadata up-to-date
[DEBUG] org.kie:kie-pmml-models-tree-evaluator:8.15.0-SNAPSHOT/maven-metadata.xml was not found in https://repository.apache.org/content/groups/public/ during a previous attempt. This failure was cached in the local repository and resolution is not be reattempted until the update interval of apache-public has elapsed or updates are forced
[DEBUG] org.kie:kie-pmml-models-tree-evaluator:8.15.0-SNAPSHOT/maven-metadata.xml was not found in https://repo.fusesource.com/nexus/content/groups/public-snapshots/ during a previous attempt. This failure was cached in the local repository and resolution is not be reattempted until the update interval of fusesource.snapshot has elapsed or updates are forced
[DEBUG] Skipped remote request for org.kie:kie-pmml-models-tree-evaluator:8.15.0-SNAPSHOT/maven-metadata.xml, locally cached metadata up-to-date
[DEBUG] Could not find metadata org.kie:kie-pmml-models-tree-evaluator:8.15.0-SNAPSHOT/maven-metadata.xml in local (/Users/mouachani/.m2/repository)
[DEBUG] Skipped remote request for org.kie:kie-pmml-models-tree-evaluator:8.15.0-SNAPSHOT/maven-metadata.xml, locally cached metadata up-to-date
[DEBUG] org.kie:kie-pmml-models-tree-evaluator:8.15.0-SNAPSHOT/maven-metadata.xml was not found in https://repository.apache.org/content/groups/public/ during a previous attempt. This failure was cached in the local repository and resolution is not be reattempted until the update interval of apache-public has elapsed or updates are forced
[DEBUG] org.kie:kie-pmml-models-tree-evaluator:8.15.0-SNAPSHOT/maven-metadata.xml was not found in https://repo.fusesource.com/nexus/content/groups/public-snapshots/ during a previous attempt. This failure was cached in the local repository and resolution is not be reattempted until the update interval of fusesource.snapshot has elapsed or updates are forced
[DEBUG] Skipped remote request for org.kie:kie-pmml-models-tree-evaluator:8.15.0-SNAPSHOT/maven-metadata.xml, locally cached metadata up-to-date
[DEBUG] Could not find metadata org.kie:kie-pmml-models-scorecard-model:8.15.0-SNAPSHOT/maven-metadata.xml in local (/Users/mouachani/.m2/repository)
[DEBUG] Skipped remote request for org.kie:kie-pmml-models-scorecard-model:8.15.0-SNAPSHOT/maven-metadata.xml, locally cached metadata up-to-date
[DEBUG] org.kie:kie-pmml-models-scorecard-model:8.15.0-SNAPSHOT/maven-metadata.xml was not found in https://repository.apache.org/content/groups/public/ during a previous attempt. This failure was cached in the local repository and resolution is not be reattempted until the update interval of apache-public has elapsed or updates are forced
[DEBUG] org.kie:kie-pmml-models-scorecard-model:8.15.0-SNAPSHOT/maven-metadata.xml was not found in https://repo.fusesource.com/nexus/content/groups/public-snapshots/ during a previous attempt. This failure was cached in the local repository and resolution is not be reattempted until the update interval of fusesource.snapshot has elapsed or updates are forced
[DEBUG] Skipped remote request for org.kie:kie-pmml-models-scorecard-model:8.15.0-SNAPSHOT/maven-metadata.xml, locally cached metadata up-to-date
[DEBUG] Could not find metadata org.kie:kie-pmml-models-scorecard-model:8.15.0-SNAPSHOT/maven-metadata.xml in local (/Users/mouachani/.m2/repository)
[DEBUG] Skipped remote request for org.kie:kie-pmml-models-scorecard-model:8.15.0-SNAPSHOT/maven-metadata.xml, locally cached metadata up-to-date
[DEBUG] org.kie:kie-pmml-models-scorecard-model:8.15.0-SNAPSHOT/maven-metadata.xml was not found in https://repository.apache.org/content/groups/public/ during a previous attempt. This failure was cached in the local repository and resolution is not be reattempted until the update interval of apache-public has elapsed or updates are forced
[DEBUG] org.kie:kie-pmml-models-scorecard-model:8.15.0-SNAPSHOT/maven-metadata.xml was not found in https://repo.fusesource.com/nexus/content/groups/public-snapshots/ during a previous attempt. This failure was cached in the local repository and resolution is not be reattempted until the update interval of fusesource.snapshot has elapsed or updates are forced
[DEBUG] Skipped remote request for org.kie:kie-pmml-models-scorecard-model:8.15.0-SNAPSHOT/maven-metadata.xml, locally cached metadata up-to-date
[DEBUG] Could not find metadata org.kie:kie-pmml-models-scorecard:8.15.0-SNAPSHOT/maven-metadata.xml in local (/Users/mouachani/.m2/repository)
[DEBUG] Skipped remote request for org.kie:kie-pmml-models-scorecard:8.15.0-SNAPSHOT/maven-metadata.xml, locally cached metadata up-to-date
[DEBUG] org.kie:kie-pmml-models-scorecard:8.15.0-SNAPSHOT/maven-metadata.xml was not found in https://repository.apache.org/content/groups/public/ during a previous attempt. This failure was cached in the local repository and resolution is not be reattempted until the update interval of apache-public has elapsed or updates are forced
[DEBUG] org.kie:kie-pmml-models-scorecard:8.15.0-SNAPSHOT/maven-metadata.xml was not found in https://repo.fusesource.com/nexus/content/groups/public-snapshots/ during a previous attempt. This failure was cached in the local repository and resolution is not be reattempted until the update interval of fusesource.snapshot has elapsed or updates are forced
[DEBUG] Skipped remote request for org.kie:kie-pmml-models-scorecard:8.15.0-SNAPSHOT/maven-metadata.xml, locally cached metadata up-to-date
[DEBUG] Could not find metadata org.kie:kie-pmml-models-scorecard-compiler:8.15.0-SNAPSHOT/maven-metadata.xml in local (/Users/mouachani/.m2/repository)
[DEBUG] Skipped remote request for org.kie:kie-pmml-models-scorecard-compiler:8.15.0-SNAPSHOT/maven-metadata.xml, locally cached metadata up-to-date
[DEBUG] org.kie:kie-pmml-models-scorecard-compiler:8.15.0-SNAPSHOT/maven-metadata.xml was not found in https://repository.apache.org/content/groups/public/ during a previous attempt. This failure was cached in the local repository and resolution is not be reattempted until the update interval of apache-public has elapsed or updates are forced
[DEBUG] org.kie:kie-pmml-models-scorecard-compiler:8.15.0-SNAPSHOT/maven-metadata.xml was not found in https://repo.fusesource.com/nexus/content/groups/public-snapshots/ during a previous attempt. This failure was cached in the local repository and resolution is not be reattempted until the update interval of fusesource.snapshot has elapsed or updates are forced
[DEBUG] Skipped remote request for org.kie:kie-pmml-models-scorecard-compiler:8.15.0-SNAPSHOT/maven-metadata.xml, locally cached metadata up-to-date
[DEBUG] Could not find metadata org.kie:kie-pmml-models-scorecard-compiler:8.15.0-SNAPSHOT/maven-metadata.xml in local (/Users/mouachani/.m2/repository)
[DEBUG] Skipped remote request for org.kie:kie-pmml-models-scorecard-compiler:8.15.0-SNAPSHOT/maven-metadata.xml, locally cached metadata up-to-date
[DEBUG] org.kie:kie-pmml-models-scorecard-compiler:8.15.0-SNAPSHOT/maven-metadata.xml was not found in https://repository.apache.org/content/groups/public/ during a previous attempt. This failure was cached in the local repository and resolution is not be reattempted until the update interval of apache-public has elapsed or updates are forced
[DEBUG] org.kie:kie-pmml-models-scorecard-compiler:8.15.0-SNAPSHOT/maven-metadata.xml was not found in https://repo.fusesource.com/nexus/content/groups/public-snapshots/ during a previous attempt. This failure was cached in the local repository and resolution is not be reattempted until the update interval of fusesource.snapshot has elapsed or updates are forced
[DEBUG] Skipped remote request for org.kie:kie-pmml-models-scorecard-compiler:8.15.0-SNAPSHOT/maven-metadata.xml, locally cached metadata up-to-date
[DEBUG] Could not find metadata org.kie:kie-pmml-models-scorecard-evaluator:8.15.0-SNAPSHOT/maven-metadata.xml in local (/Users/mouachani/.m2/repository)
[DEBUG] Skipped remote request for org.kie:kie-pmml-models-scorecard-evaluator:8.15.0-SNAPSHOT/maven-metadata.xml, locally cached metadata up-to-date
[DEBUG] org.kie:kie-pmml-models-scorecard-evaluator:8.15.0-SNAPSHOT/maven-metadata.xml was not found in https://repository.apache.org/content/groups/public/ during a previous attempt. This failure was cached in the local repository and resolution is not be reattempted until the update interval of apache-public has elapsed or updates are forced
[DEBUG] org.kie:kie-pmml-models-scorecard-evaluator:8.15.0-SNAPSHOT/maven-metadata.xml was not found in https://repo.fusesource.com/nexus/content/groups/public-snapshots/ during a previous attempt. This failure was cached in the local repository and resolution is not be reattempted until the update interval of fusesource.snapshot has elapsed or updates are forced
[DEBUG] Skipped remote request for org.kie:kie-pmml-models-scorecard-evaluator:8.15.0-SNAPSHOT/maven-metadata.xml, locally cached metadata up-to-date
[DEBUG] Could not find metadata org.kie:kie-pmml-models-scorecard-evaluator:8.15.0-SNAPSHOT/maven-metadata.xml in local (/Users/mouachani/.m2/repository)
[DEBUG] Skipped remote request for org.kie:kie-pmml-models-scorecard-evaluator:8.15.0-SNAPSHOT/maven-metadata.xml, locally cached metadata up-to-date
[DEBUG] org.kie:kie-pmml-models-scorecard-evaluator:8.15.0-SNAPSHOT/maven-metadata.xml was not found in https://repository.apache.org/content/groups/public/ during a previous attempt. This failure was cached in the local repository and resolution is not be reattempted until the update interval of apache-public has elapsed or updates are forced
[DEBUG] org.kie:kie-pmml-models-scorecard-evaluator:8.15.0-SNAPSHOT/maven-metadata.xml was not found in https://repo.fusesource.com/nexus/content/groups/public-snapshots/ during a previous attempt. This failure was cached in the local repository and resolution is not be reattempted until the update interval of fusesource.snapshot has elapsed or updates are forced
[DEBUG] Skipped remote request for org.kie:kie-pmml-models-scorecard-evaluator:8.15.0-SNAPSHOT/maven-metadata.xml, locally cached metadata up-to-date
[DEBUG] Could not find metadata org.kie:kie-pmml-models-mining-model:8.15.0-SNAPSHOT/maven-metadata.xml in local (/Users/mouachani/.m2/repository)
[DEBUG] Skipped remote request for org.kie:kie-pmml-models-mining-model:8.15.0-SNAPSHOT/maven-metadata.xml, locally cached metadata up-to-date
[DEBUG] org.kie:kie-pmml-models-mining-model:8.15.0-SNAPSHOT/maven-metadata.xml was not found in https://repository.apache.org/content/groups/public/ during a previous attempt. This failure was cached in the local repository and resolution is not be reattempted until the update interval of apache-public has elapsed or updates are forced
[DEBUG] org.kie:kie-pmml-models-mining-model:8.15.0-SNAPSHOT/maven-metadata.xml was not found in https://repo.fusesource.com/nexus/content/groups/public-snapshots/ during a previous attempt. This failure was cached in the local repository and resolution is not be reattempted until the update interval of fusesource.snapshot has elapsed or updates are forced
[DEBUG] Skipped remote request for org.kie:kie-pmml-models-mining-model:8.15.0-SNAPSHOT/maven-metadata.xml, locally cached metadata up-to-date
[DEBUG] Could not find metadata org.kie:kie-pmml-models-mining-model:8.15.0-SNAPSHOT/maven-metadata.xml in local (/Users/mouachani/.m2/repository)
[DEBUG] Skipped remote request for org.kie:kie-pmml-models-mining-model:8.15.0-SNAPSHOT/maven-metadata.xml, locally cached metadata up-to-date
[DEBUG] org.kie:kie-pmml-models-mining-model:8.15.0-SNAPSHOT/maven-metadata.xml was not found in https://repository.apache.org/content/groups/public/ during a previous attempt. This failure was cached in the local repository and resolution is not be reattempted until the update interval of apache-public has elapsed or updates are forced
[DEBUG] org.kie:kie-pmml-models-mining-model:8.15.0-SNAPSHOT/maven-metadata.xml was not found in https://repo.fusesource.com/nexus/content/groups/public-snapshots/ during a previous attempt. This failure was cached in the local repository and resolution is not be reattempted until the update interval of fusesource.snapshot has elapsed or updates are forced
[DEBUG] Skipped remote request for org.kie:kie-pmml-models-mining-model:8.15.0-SNAPSHOT/maven-metadata.xml, locally cached metadata up-to-date
[DEBUG] Could not find metadata org.kie:kie-pmml-models-mining:8.15.0-SNAPSHOT/maven-metadata.xml in local (/Users/mouachani/.m2/repository)
[DEBUG] Skipped remote request for org.kie:kie-pmml-models-mining:8.15.0-SNAPSHOT/maven-metadata.xml, locally cached metadata up-to-date
[DEBUG] org.kie:kie-pmml-models-mining:8.15.0-SNAPSHOT/maven-metadata.xml was not found in https://repository.apache.org/content/groups/public/ during a previous attempt. This failure was cached in the local repository and resolution is not be reattempted until the update interval of apache-public has elapsed or updates are forced
[DEBUG] org.kie:kie-pmml-models-mining:8.15.0-SNAPSHOT/maven-metadata.xml was not found in https://repo.fusesource.com/nexus/content/groups/public-snapshots/ during a previous attempt. This failure was cached in the local repository and resolution is not be reattempted until the update interval of fusesource.snapshot has elapsed or updates are forced
[DEBUG] Skipped remote request for org.kie:kie-pmml-models-mining:8.15.0-SNAPSHOT/maven-metadata.xml, locally cached metadata up-to-date
[DEBUG] Could not find metadata org.kie:kie-pmml-models-mining-compiler:8.15.0-SNAPSHOT/maven-metadata.xml in local (/Users/mouachani/.m2/repository)
[DEBUG] Skipped remote request for org.kie:kie-pmml-models-mining-compiler:8.15.0-SNAPSHOT/maven-metadata.xml, locally cached metadata up-to-date
[DEBUG] org.kie:kie-pmml-models-mining-compiler:8.15.0-SNAPSHOT/maven-metadata.xml was not found in https://repository.apache.org/content/groups/public/ during a previous attempt. This failure was cached in the local repository and resolution is not be reattempted until the update interval of apache-public has elapsed or updates are forced
[DEBUG] org.kie:kie-pmml-models-mining-compiler:8.15.0-SNAPSHOT/maven-metadata.xml was not found in https://repo.fusesource.com/nexus/content/groups/public-snapshots/ during a previous attempt. This failure was cached in the local repository and resolution is not be reattempted until the update interval of fusesource.snapshot has elapsed or updates are forced
[DEBUG] Skipped remote request for org.kie:kie-pmml-models-mining-compiler:8.15.0-SNAPSHOT/maven-metadata.xml, locally cached metadata up-to-date
[DEBUG] Could not find metadata org.kie:kie-pmml-models-mining-compiler:8.15.0-SNAPSHOT/maven-metadata.xml in local (/Users/mouachani/.m2/repository)
[DEBUG] Skipped remote request for org.kie:kie-pmml-models-mining-compiler:8.15.0-SNAPSHOT/maven-metadata.xml, locally cached metadata up-to-date
[DEBUG] org.kie:kie-pmml-models-mining-compiler:8.15.0-SNAPSHOT/maven-metadata.xml was not found in https://repository.apache.org/content/groups/public/ during a previous attempt. This failure was cached in the local repository and resolution is not be reattempted until the update interval of apache-public has elapsed or updates are forced
[DEBUG] org.kie:kie-pmml-models-mining-compiler:8.15.0-SNAPSHOT/maven-metadata.xml was not found in https://repo.fusesource.com/nexus/content/groups/public-snapshots/ during a previous attempt. This failure was cached in the local repository and resolution is not be reattempted until the update interval of fusesource.snapshot has elapsed or updates are forced
[DEBUG] Skipped remote request for org.kie:kie-pmml-models-mining-compiler:8.15.0-SNAPSHOT/maven-metadata.xml, locally cached metadata up-to-date
[DEBUG] Could not find metadata org.kie:kie-pmml-models-mining-evaluator:8.15.0-SNAPSHOT/maven-metadata.xml in local (/Users/mouachani/.m2/repository)
[DEBUG] Skipped remote request for org.kie:kie-pmml-models-mining-evaluator:8.15.0-SNAPSHOT/maven-metadata.xml, locally cached metadata up-to-date
[DEBUG] org.kie:kie-pmml-models-mining-evaluator:8.15.0-SNAPSHOT/maven-metadata.xml was not found in https://repository.apache.org/content/groups/public/ during a previous attempt. This failure was cached in the local repository and resolution is not be reattempted until the update interval of apache-public has elapsed or updates are forced
[DEBUG] org.kie:kie-pmml-models-mining-evaluator:8.15.0-SNAPSHOT/maven-metadata.xml was not found in https://repo.fusesource.com/nexus/content/groups/public-snapshots/ during a previous attempt. This failure was cached in the local repository and resolution is not be reattempted until the update interval of fusesource.snapshot has elapsed or updates are forced
[DEBUG] Skipped remote request for org.kie:kie-pmml-models-mining-evaluator:8.15.0-SNAPSHOT/maven-metadata.xml, locally cached metadata up-to-date
[DEBUG] Could not find metadata org.kie:kie-pmml-models-mining-evaluator:8.15.0-SNAPSHOT/maven-metadata.xml in local (/Users/mouachani/.m2/repository)
[DEBUG] Skipped remote request for org.kie:kie-pmml-models-mining-evaluator:8.15.0-SNAPSHOT/maven-metadata.xml, locally cached metadata up-to-date
[DEBUG] org.kie:kie-pmml-models-mining-evaluator:8.15.0-SNAPSHOT/maven-metadata.xml was not found in https://repository.apache.org/content/groups/public/ during a previous attempt. This failure was cached in the local repository and resolution is not be reattempted until the update interval of apache-public has elapsed or updates are forced
[DEBUG] org.kie:kie-pmml-models-mining-evaluator:8.15.0-SNAPSHOT/maven-metadata.xml was not found in https://repo.fusesource.com/nexus/content/groups/public-snapshots/ during a previous attempt. This failure was cached in the local repository and resolution is not be reattempted until the update interval of fusesource.snapshot has elapsed or updates are forced
[DEBUG] Skipped remote request for org.kie:kie-pmml-models-mining-evaluator:8.15.0-SNAPSHOT/maven-metadata.xml, locally cached metadata up-to-date
[DEBUG] Could not find metadata org.kie:kie-pmml-models-clustering-model:8.15.0-SNAPSHOT/maven-metadata.xml in local (/Users/mouachani/.m2/repository)
[DEBUG] Skipped remote request for org.kie:kie-pmml-models-clustering-model:8.15.0-SNAPSHOT/maven-metadata.xml, locally cached metadata up-to-date
[DEBUG] org.kie:kie-pmml-models-clustering-model:8.15.0-SNAPSHOT/maven-metadata.xml was not found in https://repository.apache.org/content/groups/public/ during a previous attempt. This failure was cached in the local repository and resolution is not be reattempted until the update interval of apache-public has elapsed or updates are forced
[DEBUG] org.kie:kie-pmml-models-clustering-model:8.15.0-SNAPSHOT/maven-metadata.xml was not found in https://repo.fusesource.com/nexus/content/groups/public-snapshots/ during a previous attempt. This failure was cached in the local repository and resolution is not be reattempted until the update interval of fusesource.snapshot has elapsed or updates are forced
[DEBUG] Skipped remote request for org.kie:kie-pmml-models-clustering-model:8.15.0-SNAPSHOT/maven-metadata.xml, locally cached metadata up-to-date
[DEBUG] Could not find metadata org.kie:kie-pmml-models-clustering-model:8.15.0-SNAPSHOT/maven-metadata.xml in local (/Users/mouachani/.m2/repository)
[DEBUG] Skipped remote request for org.kie:kie-pmml-models-clustering-model:8.15.0-SNAPSHOT/maven-metadata.xml, locally cached metadata up-to-date
[DEBUG] org.kie:kie-pmml-models-clustering-model:8.15.0-SNAPSHOT/maven-metadata.xml was not found in https://repository.apache.org/content/groups/public/ during a previous attempt. This failure was cached in the local repository and resolution is not be reattempted until the update interval of apache-public has elapsed or updates are forced
[DEBUG] org.kie:kie-pmml-models-clustering-model:8.15.0-SNAPSHOT/maven-metadata.xml was not found in https://repo.fusesource.com/nexus/content/groups/public-snapshots/ during a previous attempt. This failure was cached in the local repository and resolution is not be reattempted until the update interval of fusesource.snapshot has elapsed or updates are forced
[DEBUG] Skipped remote request for org.kie:kie-pmml-models-clustering-model:8.15.0-SNAPSHOT/maven-metadata.xml, locally cached metadata up-to-date
[DEBUG] Could not find metadata org.kie:kie-pmml-models-clustering:8.15.0-SNAPSHOT/maven-metadata.xml in local (/Users/mouachani/.m2/repository)
[DEBUG] Skipped remote request for org.kie:kie-pmml-models-clustering:8.15.0-SNAPSHOT/maven-metadata.xml, locally cached metadata up-to-date
[DEBUG] org.kie:kie-pmml-models-clustering:8.15.0-SNAPSHOT/maven-metadata.xml was not found in https://repository.apache.org/content/groups/public/ during a previous attempt. This failure was cached in the local repository and resolution is not be reattempted until the update interval of apache-public has elapsed or updates are forced
[DEBUG] org.kie:kie-pmml-models-clustering:8.15.0-SNAPSHOT/maven-metadata.xml was not found in https://repo.fusesource.com/nexus/content/groups/public-snapshots/ during a previous attempt. This failure was cached in the local repository and resolution is not be reattempted until the update interval of fusesource.snapshot has elapsed or updates are forced
[DEBUG] Skipped remote request for org.kie:kie-pmml-models-clustering:8.15.0-SNAPSHOT/maven-metadata.xml, locally cached metadata up-to-date
[DEBUG] Could not find metadata org.kie:kie-pmml-models-clustering-compiler:8.15.0-SNAPSHOT/maven-metadata.xml in local (/Users/mouachani/.m2/repository)
[DEBUG] Skipped remote request for org.kie:kie-pmml-models-clustering-compiler:8.15.0-SNAPSHOT/maven-metadata.xml, locally cached metadata up-to-date
[DEBUG] org.kie:kie-pmml-models-clustering-compiler:8.15.0-SNAPSHOT/maven-metadata.xml was not found in https://repository.apache.org/content/groups/public/ during a previous attempt. This failure was cached in the local repository and resolution is not be reattempted until the update interval of apache-public has elapsed or updates are forced
[DEBUG] org.kie:kie-pmml-models-clustering-compiler:8.15.0-SNAPSHOT/maven-metadata.xml was not found in https://repo.fusesource.com/nexus/content/groups/public-snapshots/ during a previous attempt. This failure was cached in the local repository and resolution is not be reattempted until the update interval of fusesource.snapshot has elapsed or updates are forced
[DEBUG] Skipped remote request for org.kie:kie-pmml-models-clustering-compiler:8.15.0-SNAPSHOT/maven-metadata.xml, locally cached metadata up-to-date
[DEBUG] Could not find metadata org.kie:kie-pmml-models-clustering-compiler:8.15.0-SNAPSHOT/maven-metadata.xml in local (/Users/mouachani/.m2/repository)
[DEBUG] Skipped remote request for org.kie:kie-pmml-models-clustering-compiler:8.15.0-SNAPSHOT/maven-metadata.xml, locally cached metadata up-to-date
[DEBUG] org.kie:kie-pmml-models-clustering-compiler:8.15.0-SNAPSHOT/maven-metadata.xml was not found in https://repository.apache.org/content/groups/public/ during a previous attempt. This failure was cached in the local repository and resolution is not be reattempted until the update interval of apache-public has elapsed or updates are forced
[DEBUG] org.kie:kie-pmml-models-clustering-compiler:8.15.0-SNAPSHOT/maven-metadata.xml was not found in https://repo.fusesource.com/nexus/content/groups/public-snapshots/ during a previous attempt. This failure was cached in the local repository and resolution is not be reattempted until the update interval of fusesource.snapshot has elapsed or updates are forced
[DEBUG] Skipped remote request for org.kie:kie-pmml-models-clustering-compiler:8.15.0-SNAPSHOT/maven-metadata.xml, locally cached metadata up-to-date
[DEBUG] Could not find metadata org.kie:kie-pmml-models-clustering-evaluator:8.15.0-SNAPSHOT/maven-metadata.xml in local (/Users/mouachani/.m2/repository)
[DEBUG] Skipped remote request for org.kie:kie-pmml-models-clustering-evaluator:8.15.0-SNAPSHOT/maven-metadata.xml, locally cached metadata up-to-date
[DEBUG] org.kie:kie-pmml-models-clustering-evaluator:8.15.0-SNAPSHOT/maven-metadata.xml was not found in https://repository.apache.org/content/groups/public/ during a previous attempt. This failure was cached in the local repository and resolution is not be reattempted until the update interval of apache-public has elapsed or updates are forced
[DEBUG] org.kie:kie-pmml-models-clustering-evaluator:8.15.0-SNAPSHOT/maven-metadata.xml was not found in https://repo.fusesource.com/nexus/content/groups/public-snapshots/ during a previous attempt. This failure was cached in the local repository and resolution is not be reattempted until the update interval of fusesource.snapshot has elapsed or updates are forced
[DEBUG] Skipped remote request for org.kie:kie-pmml-models-clustering-evaluator:8.15.0-SNAPSHOT/maven-metadata.xml, locally cached metadata up-to-date
[DEBUG] Could not find metadata org.kie:kie-pmml-models-clustering-evaluator:8.15.0-SNAPSHOT/maven-metadata.xml in local (/Users/mouachani/.m2/repository)
[DEBUG] Skipped remote request for org.kie:kie-pmml-models-clustering-evaluator:8.15.0-SNAPSHOT/maven-metadata.xml, locally cached metadata up-to-date
[DEBUG] org.kie:kie-pmml-models-clustering-evaluator:8.15.0-SNAPSHOT/maven-metadata.xml was not found in https://repository.apache.org/content/groups/public/ during a previous attempt. This failure was cached in the local repository and resolution is not be reattempted until the update interval of apache-public has elapsed or updates are forced
[DEBUG] org.kie:kie-pmml-models-clustering-evaluator:8.15.0-SNAPSHOT/maven-metadata.xml was not found in https://repo.fusesource.com/nexus/content/groups/public-snapshots/ during a previous attempt. This failure was cached in the local repository and resolution is not be reattempted until the update interval of fusesource.snapshot has elapsed or updates are forced
[DEBUG] Skipped remote request for org.kie:kie-pmml-models-clustering-evaluator:8.15.0-SNAPSHOT/maven-metadata.xml, locally cached metadata up-to-date
[DEBUG] Skipped remote request for org.kie.kogito:kogito-api-incubation-predictions-services:2.0.0-SNAPSHOT/maven-metadata.xml, locally cached metadata up-to-date
[DEBUG] org.kie.kogito:kogito-api-incubation-predictions-services:2.0.0-SNAPSHOT/maven-metadata.xml was not found in https://repository.apache.org/content/groups/public/ during a previous attempt. This failure was cached in the local repository and resolution is not be reattempted until the update interval of apache-public has elapsed or updates are forced
[DEBUG] org.kie.kogito:kogito-api-incubation-predictions-services:2.0.0-SNAPSHOT/maven-metadata.xml was not found in https://repo.fusesource.com/nexus/content/groups/public-snapshots/ during a previous attempt. This failure was cached in the local repository and resolution is not be reattempted until the update interval of fusesource.snapshot has elapsed or updates are forced
[DEBUG] Skipped remote request for org.kie.kogito:kogito-api-incubation-predictions-services:2.0.0-SNAPSHOT/maven-metadata.xml, locally cached metadata up-to-date
[DEBUG] Skipped remote request for org.kie.kogito:kogito-api-incubation-predictions-services:2.0.0-SNAPSHOT/maven-metadata.xml, locally cached metadata up-to-date
[DEBUG] org.kie.kogito:kogito-api-incubation-predictions-services:2.0.0-SNAPSHOT/maven-metadata.xml was not found in https://repository.apache.org/content/groups/public/ during a previous attempt. This failure was cached in the local repository and resolution is not be reattempted until the update interval of apache-public has elapsed or updates are forced
[DEBUG] org.kie.kogito:kogito-api-incubation-predictions-services:2.0.0-SNAPSHOT/maven-metadata.xml was not found in https://repo.fusesource.com/nexus/content/groups/public-snapshots/ during a previous attempt. This failure was cached in the local repository and resolution is not be reattempted until the update interval of fusesource.snapshot has elapsed or updates are forced
[DEBUG] Skipped remote request for org.kie.kogito:kogito-api-incubation-predictions-services:2.0.0-SNAPSHOT/maven-metadata.xml, locally cached metadata up-to-date
[DEBUG] Skipped remote request for org.kie.kogito:kogito-api-incubation-predictions:2.0.0-SNAPSHOT/maven-metadata.xml, locally cached metadata up-to-date
[DEBUG] org.kie.kogito:kogito-api-incubation-predictions:2.0.0-SNAPSHOT/maven-metadata.xml was not found in https://repository.apache.org/content/groups/public/ during a previous attempt. This failure was cached in the local repository and resolution is not be reattempted until the update interval of apache-public has elapsed or updates are forced
[DEBUG] org.kie.kogito:kogito-api-incubation-predictions:2.0.0-SNAPSHOT/maven-metadata.xml was not found in https://repo.fusesource.com/nexus/content/groups/public-snapshots/ during a previous attempt. This failure was cached in the local repository and resolution is not be reattempted until the update interval of fusesource.snapshot has elapsed or updates are forced
[DEBUG] Skipped remote request for org.kie.kogito:kogito-api-incubation-predictions:2.0.0-SNAPSHOT/maven-metadata.xml, locally cached metadata up-to-date
[DEBUG] Skipped remote request for org.kie.kogito:kogito-api-incubation-predictions:2.0.0-SNAPSHOT/maven-metadata.xml, locally cached metadata up-to-date
[DEBUG] org.kie.kogito:kogito-api-incubation-predictions:2.0.0-SNAPSHOT/maven-metadata.xml was not found in https://repository.apache.org/content/groups/public/ during a previous attempt. This failure was cached in the local repository and resolution is not be reattempted until the update interval of apache-public has elapsed or updates are forced
[DEBUG] org.kie.kogito:kogito-api-incubation-predictions:2.0.0-SNAPSHOT/maven-metadata.xml was not found in https://repo.fusesource.com/nexus/content/groups/public-snapshots/ during a previous attempt. This failure was cached in the local repository and resolution is not be reattempted until the update interval of fusesource.snapshot has elapsed or updates are forced
[DEBUG] Skipped remote request for org.kie.kogito:kogito-api-incubation-predictions:2.0.0-SNAPSHOT/maven-metadata.xml, locally cached metadata up-to-date
[DEBUG] Skipped remote request for org.kie.kogito:kogito-quarkus-processes:2.0.0-SNAPSHOT/maven-metadata.xml, locally cached metadata up-to-date
[DEBUG] org.kie.kogito:kogito-quarkus-processes:2.0.0-SNAPSHOT/maven-metadata.xml was not found in https://repository.apache.org/content/groups/public/ during a previous attempt. This failure was cached in the local repository and resolution is not be reattempted until the update interval of apache-public has elapsed or updates are forced
[DEBUG] org.kie.kogito:kogito-quarkus-processes:2.0.0-SNAPSHOT/maven-metadata.xml was not found in https://repo.fusesource.com/nexus/content/groups/public-snapshots/ during a previous attempt. This failure was cached in the local repository and resolution is not be reattempted until the update interval of fusesource.snapshot has elapsed or updates are forced
[DEBUG] Skipped remote request for org.kie.kogito:kogito-quarkus-processes:2.0.0-SNAPSHOT/maven-metadata.xml, locally cached metadata up-to-date
[DEBUG] Skipped remote request for org.kie.kogito:kogito-quarkus-processes:2.0.0-SNAPSHOT/maven-metadata.xml, locally cached metadata up-to-date
[DEBUG] org.kie.kogito:kogito-quarkus-processes:2.0.0-SNAPSHOT/maven-metadata.xml was not found in https://repository.apache.org/content/groups/public/ during a previous attempt. This failure was cached in the local repository and resolution is not be reattempted until the update interval of apache-public has elapsed or updates are forced
[DEBUG] org.kie.kogito:kogito-quarkus-processes:2.0.0-SNAPSHOT/maven-metadata.xml was not found in https://repo.fusesource.com/nexus/content/groups/public-snapshots/ during a previous attempt. This failure was cached in the local repository and resolution is not be reattempted until the update interval of fusesource.snapshot has elapsed or updates are forced
[DEBUG] Skipped remote request for org.kie.kogito:kogito-quarkus-processes:2.0.0-SNAPSHOT/maven-metadata.xml, locally cached metadata up-to-date
[DEBUG] Skipped remote request for org.kie.kogito:kogito-quarkus-processes-extension:2.0.0-SNAPSHOT/maven-metadata.xml, locally cached metadata up-to-date
[DEBUG] org.kie.kogito:kogito-quarkus-processes-extension:2.0.0-SNAPSHOT/maven-metadata.xml was not found in https://repository.apache.org/content/groups/public/ during a previous attempt. This failure was cached in the local repository and resolution is not be reattempted until the update interval of apache-public has elapsed or updates are forced
[DEBUG] org.kie.kogito:kogito-quarkus-processes-extension:2.0.0-SNAPSHOT/maven-metadata.xml was not found in https://repo.fusesource.com/nexus/content/groups/public-snapshots/ during a previous attempt. This failure was cached in the local repository and resolution is not be reattempted until the update interval of fusesource.snapshot has elapsed or updates are forced
[DEBUG] Skipped remote request for org.kie.kogito:kogito-quarkus-processes-extension:2.0.0-SNAPSHOT/maven-metadata.xml, locally cached metadata up-to-date
[DEBUG] Skipped remote request for org.kie.kogito:kogito-api-incubation-processes-services:2.0.0-SNAPSHOT/maven-metadata.xml, locally cached metadata up-to-date
[DEBUG] org.kie.kogito:kogito-api-incubation-processes-services:2.0.0-SNAPSHOT/maven-metadata.xml was not found in https://repository.apache.org/content/groups/public/ during a previous attempt. This failure was cached in the local repository and resolution is not be reattempted until the update interval of apache-public has elapsed or updates are forced
[DEBUG] org.kie.kogito:kogito-api-incubation-processes-services:2.0.0-SNAPSHOT/maven-metadata.xml was not found in https://repo.fusesource.com/nexus/content/groups/public-snapshots/ during a previous attempt. This failure was cached in the local repository and resolution is not be reattempted until the update interval of fusesource.snapshot has elapsed or updates are forced
[DEBUG] Skipped remote request for org.kie.kogito:kogito-api-incubation-processes-services:2.0.0-SNAPSHOT/maven-metadata.xml, locally cached metadata up-to-date
[DEBUG] Skipped remote request for org.kie.kogito:kogito-api-incubation-processes-services:2.0.0-SNAPSHOT/maven-metadata.xml, locally cached metadata up-to-date
[DEBUG] org.kie.kogito:kogito-api-incubation-processes-services:2.0.0-SNAPSHOT/maven-metadata.xml was not found in https://repository.apache.org/content/groups/public/ during a previous attempt. This failure was cached in the local repository and resolution is not be reattempted until the update interval of apache-public has elapsed or updates are forced
[DEBUG] org.kie.kogito:kogito-api-incubation-processes-services:2.0.0-SNAPSHOT/maven-metadata.xml was not found in https://repo.fusesource.com/nexus/content/groups/public-snapshots/ during a previous attempt. This failure was cached in the local repository and resolution is not be reattempted until the update interval of fusesource.snapshot has elapsed or updates are forced
[DEBUG] Skipped remote request for org.kie.kogito:kogito-api-incubation-processes-services:2.0.0-SNAPSHOT/maven-metadata.xml, locally cached metadata up-to-date
[DEBUG] Skipped remote request for org.kie.kogito:kogito-api-incubation-processes:2.0.0-SNAPSHOT/maven-metadata.xml, locally cached metadata up-to-date
[DEBUG] org.kie.kogito:kogito-api-incubation-processes:2.0.0-SNAPSHOT/maven-metadata.xml was not found in https://repository.apache.org/content/groups/public/ during a previous attempt. This failure was cached in the local repository and resolution is not be reattempted until the update interval of apache-public has elapsed or updates are forced
[DEBUG] org.kie.kogito:kogito-api-incubation-processes:2.0.0-SNAPSHOT/maven-metadata.xml was not found in https://repo.fusesource.com/nexus/content/groups/public-snapshots/ during a previous attempt. This failure was cached in the local repository and resolution is not be reattempted until the update interval of fusesource.snapshot has elapsed or updates are forced
[DEBUG] Skipped remote request for org.kie.kogito:kogito-api-incubation-processes:2.0.0-SNAPSHOT/maven-metadata.xml, locally cached metadata up-to-date
[DEBUG] Skipped remote request for org.kie.kogito:kogito-api-incubation-processes:2.0.0-SNAPSHOT/maven-metadata.xml, locally cached metadata up-to-date
[DEBUG] org.kie.kogito:kogito-api-incubation-processes:2.0.0-SNAPSHOT/maven-metadata.xml was not found in https://repository.apache.org/content/groups/public/ during a previous attempt. This failure was cached in the local repository and resolution is not be reattempted until the update interval of apache-public has elapsed or updates are forced
[DEBUG] org.kie.kogito:kogito-api-incubation-processes:2.0.0-SNAPSHOT/maven-metadata.xml was not found in https://repo.fusesource.com/nexus/content/groups/public-snapshots/ during a previous attempt. This failure was cached in the local repository and resolution is not be reattempted until the update interval of fusesource.snapshot has elapsed or updates are forced
[DEBUG] Skipped remote request for org.kie.kogito:kogito-api-incubation-processes:2.0.0-SNAPSHOT/maven-metadata.xml, locally cached metadata up-to-date
[DEBUG] Skipped remote request for org.kie.kogito:jbpm-bpmn2:2.0.0-SNAPSHOT/maven-metadata.xml, locally cached metadata up-to-date
[DEBUG] org.kie.kogito:jbpm-bpmn2:2.0.0-SNAPSHOT/maven-metadata.xml was not found in https://repository.apache.org/content/groups/public/ during a previous attempt. This failure was cached in the local repository and resolution is not be reattempted until the update interval of apache-public has elapsed or updates are forced
[DEBUG] org.kie.kogito:jbpm-bpmn2:2.0.0-SNAPSHOT/maven-metadata.xml was not found in https://repo.fusesource.com/nexus/content/groups/public-snapshots/ during a previous attempt. This failure was cached in the local repository and resolution is not be reattempted until the update interval of fusesource.snapshot has elapsed or updates are forced
[DEBUG] Skipped remote request for org.kie.kogito:jbpm-bpmn2:2.0.0-SNAPSHOT/maven-metadata.xml, locally cached metadata up-to-date
[DEBUG] Skipped remote request for org.kie.kogito:jbpm-bpmn2:2.0.0-SNAPSHOT/maven-metadata.xml, locally cached metadata up-to-date
[DEBUG] org.kie.kogito:jbpm-bpmn2:2.0.0-SNAPSHOT/maven-metadata.xml was not found in https://repository.apache.org/content/groups/public/ during a previous attempt. This failure was cached in the local repository and resolution is not be reattempted until the update interval of apache-public has elapsed or updates are forced
[DEBUG] org.kie.kogito:jbpm-bpmn2:2.0.0-SNAPSHOT/maven-metadata.xml was not found in https://repo.fusesource.com/nexus/content/groups/public-snapshots/ during a previous attempt. This failure was cached in the local repository and resolution is not be reattempted until the update interval of fusesource.snapshot has elapsed or updates are forced
[DEBUG] Skipped remote request for org.kie.kogito:jbpm-bpmn2:2.0.0-SNAPSHOT/maven-metadata.xml, locally cached metadata up-to-date
[DEBUG] Skipped remote request for org.kie.kogito:jbpm:2.0.0-SNAPSHOT/maven-metadata.xml, locally cached metadata up-to-date
[DEBUG] org.kie.kogito:jbpm:2.0.0-SNAPSHOT/maven-metadata.xml was not found in https://repository.apache.org/content/groups/public/ during a previous attempt. This failure was cached in the local repository and resolution is not be reattempted until the update interval of apache-public has elapsed or updates are forced
[DEBUG] org.kie.kogito:jbpm:2.0.0-SNAPSHOT/maven-metadata.xml was not found in https://repo.fusesource.com/nexus/content/groups/public-snapshots/ during a previous attempt. This failure was cached in the local repository and resolution is not be reattempted until the update interval of fusesource.snapshot has elapsed or updates are forced
[DEBUG] Skipped remote request for org.kie.kogito:jbpm:2.0.0-SNAPSHOT/maven-metadata.xml, locally cached metadata up-to-date
[DEBUG] Skipped remote request for org.kie.kogito:jbpm-flow-builder:2.0.0-SNAPSHOT/maven-metadata.xml, locally cached metadata up-to-date
[DEBUG] org.kie.kogito:jbpm-flow-builder:2.0.0-SNAPSHOT/maven-metadata.xml was not found in https://repository.apache.org/content/groups/public/ during a previous attempt. This failure was cached in the local repository and resolution is not be reattempted until the update interval of apache-public has elapsed or updates are forced
[DEBUG] org.kie.kogito:jbpm-flow-builder:2.0.0-SNAPSHOT/maven-metadata.xml was not found in https://repo.fusesource.com/nexus/content/groups/public-snapshots/ during a previous attempt. This failure was cached in the local repository and resolution is not be reattempted until the update interval of fusesource.snapshot has elapsed or updates are forced
[DEBUG] Skipped remote request for org.kie.kogito:jbpm-flow-builder:2.0.0-SNAPSHOT/maven-metadata.xml, locally cached metadata up-to-date
[DEBUG] Skipped remote request for org.kie.kogito:jbpm-flow-builder:2.0.0-SNAPSHOT/maven-metadata.xml, locally cached metadata up-to-date
[DEBUG] org.kie.kogito:jbpm-flow-builder:2.0.0-SNAPSHOT/maven-metadata.xml was not found in https://repository.apache.org/content/groups/public/ during a previous attempt. This failure was cached in the local repository and resolution is not be reattempted until the update interval of apache-public has elapsed or updates are forced
[DEBUG] org.kie.kogito:jbpm-flow-builder:2.0.0-SNAPSHOT/maven-metadata.xml was not found in https://repo.fusesource.com/nexus/content/groups/public-snapshots/ during a previous attempt. This failure was cached in the local repository and resolution is not be reattempted until the update interval of fusesource.snapshot has elapsed or updates are forced
[DEBUG] Skipped remote request for org.kie.kogito:jbpm-flow-builder:2.0.0-SNAPSHOT/maven-metadata.xml, locally cached metadata up-to-date
[DEBUG] Skipped remote request for org.kie.kogito:jbpm-flow:2.0.0-SNAPSHOT/maven-metadata.xml, locally cached metadata up-to-date
[DEBUG] org.kie.kogito:jbpm-flow:2.0.0-SNAPSHOT/maven-metadata.xml was not found in https://repository.apache.org/content/groups/public/ during a previous attempt. This failure was cached in the local repository and resolution is not be reattempted until the update interval of apache-public has elapsed or updates are forced
[DEBUG] org.kie.kogito:jbpm-flow:2.0.0-SNAPSHOT/maven-metadata.xml was not found in https://repo.fusesource.com/nexus/content/groups/public-snapshots/ during a previous attempt. This failure was cached in the local repository and resolution is not be reattempted until the update interval of fusesource.snapshot has elapsed or updates are forced
[DEBUG] Skipped remote request for org.kie.kogito:jbpm-flow:2.0.0-SNAPSHOT/maven-metadata.xml, locally cached metadata up-to-date
[DEBUG] Skipped remote request for org.kie.kogito:jbpm-flow:2.0.0-SNAPSHOT/maven-metadata.xml, locally cached metadata up-to-date
[DEBUG] org.kie.kogito:jbpm-flow:2.0.0-SNAPSHOT/maven-metadata.xml was not found in https://repository.apache.org/content/groups/public/ during a previous attempt. This failure was cached in the local repository and resolution is not be reattempted until the update interval of apache-public has elapsed or updates are forced
[DEBUG] org.kie.kogito:jbpm-flow:2.0.0-SNAPSHOT/maven-metadata.xml was not found in https://repo.fusesource.com/nexus/content/groups/public-snapshots/ during a previous attempt. This failure was cached in the local repository and resolution is not be reattempted until the update interval of fusesource.snapshot has elapsed or updates are forced
[DEBUG] Skipped remote request for org.kie.kogito:jbpm-flow:2.0.0-SNAPSHOT/maven-metadata.xml, locally cached metadata up-to-date
[DEBUG] Skipped remote request for org.kie.kogito:kogito-events-api:2.0.0-SNAPSHOT/maven-metadata.xml, locally cached metadata up-to-date
[DEBUG] org.kie.kogito:kogito-events-api:2.0.0-SNAPSHOT/maven-metadata.xml was not found in https://repository.apache.org/content/groups/public/ during a previous attempt. This failure was cached in the local repository and resolution is not be reattempted until the update interval of apache-public has elapsed or updates are forced
[DEBUG] org.kie.kogito:kogito-events-api:2.0.0-SNAPSHOT/maven-metadata.xml was not found in https://repo.fusesource.com/nexus/content/groups/public-snapshots/ during a previous attempt. This failure was cached in the local repository and resolution is not be reattempted until the update interval of fusesource.snapshot has elapsed or updates are forced
[DEBUG] Skipped remote request for org.kie.kogito:kogito-events-api:2.0.0-SNAPSHOT/maven-metadata.xml, locally cached metadata up-to-date
[DEBUG] Skipped remote request for org.kie.kogito:kogito-events-api:2.0.0-SNAPSHOT/maven-metadata.xml, locally cached metadata up-to-date
[DEBUG] org.kie.kogito:kogito-events-api:2.0.0-SNAPSHOT/maven-metadata.xml was not found in https://repository.apache.org/content/groups/public/ during a previous attempt. This failure was cached in the local repository and resolution is not be reattempted until the update interval of apache-public has elapsed or updates are forced
[DEBUG] org.kie.kogito:kogito-events-api:2.0.0-SNAPSHOT/maven-metadata.xml was not found in https://repo.fusesource.com/nexus/content/groups/public-snapshots/ during a previous attempt. This failure was cached in the local repository and resolution is not be reattempted until the update interval of fusesource.snapshot has elapsed or updates are forced
[DEBUG] Skipped remote request for org.kie.kogito:kogito-events-api:2.0.0-SNAPSHOT/maven-metadata.xml, locally cached metadata up-to-date
[DEBUG] Skipped remote request for org.kie.kogito:process-workitems:2.0.0-SNAPSHOT/maven-metadata.xml, locally cached metadata up-to-date
[DEBUG] org.kie.kogito:process-workitems:2.0.0-SNAPSHOT/maven-metadata.xml was not found in https://repository.apache.org/content/groups/public/ during a previous attempt. This failure was cached in the local repository and resolution is not be reattempted until the update interval of apache-public has elapsed or updates are forced
[DEBUG] org.kie.kogito:process-workitems:2.0.0-SNAPSHOT/maven-metadata.xml was not found in https://repo.fusesource.com/nexus/content/groups/public-snapshots/ during a previous attempt. This failure was cached in the local repository and resolution is not be reattempted until the update interval of fusesource.snapshot has elapsed or updates are forced
[DEBUG] Skipped remote request for org.kie.kogito:process-workitems:2.0.0-SNAPSHOT/maven-metadata.xml, locally cached metadata up-to-date
[DEBUG] Skipped remote request for org.kie.kogito:process-workitems:2.0.0-SNAPSHOT/maven-metadata.xml, locally cached metadata up-to-date
[DEBUG] org.kie.kogito:process-workitems:2.0.0-SNAPSHOT/maven-metadata.xml was not found in https://repository.apache.org/content/groups/public/ during a previous attempt. This failure was cached in the local repository and resolution is not be reattempted until the update interval of apache-public has elapsed or updates are forced
[DEBUG] org.kie.kogito:process-workitems:2.0.0-SNAPSHOT/maven-metadata.xml was not found in https://repo.fusesource.com/nexus/content/groups/public-snapshots/ during a previous attempt. This failure was cached in the local repository and resolution is not be reattempted until the update interval of fusesource.snapshot has elapsed or updates are forced
[DEBUG] Skipped remote request for org.kie.kogito:process-workitems:2.0.0-SNAPSHOT/maven-metadata.xml, locally cached metadata up-to-date
[DEBUG] Could not find metadata org.drools:drools-mvel:8.15.0-SNAPSHOT/maven-metadata.xml in local (/Users/mouachani/.m2/repository)
[DEBUG] Skipped remote request for org.drools:drools-mvel:8.15.0-SNAPSHOT/maven-metadata.xml, locally cached metadata up-to-date
[DEBUG] org.drools:drools-mvel:8.15.0-SNAPSHOT/maven-metadata.xml was not found in https://repository.apache.org/content/groups/public/ during a previous attempt. This failure was cached in the local repository and resolution is not be reattempted until the update interval of apache-public has elapsed or updates are forced
[DEBUG] org.drools:drools-mvel:8.15.0-SNAPSHOT/maven-metadata.xml was not found in https://repo.fusesource.com/nexus/content/groups/public-snapshots/ during a previous attempt. This failure was cached in the local repository and resolution is not be reattempted until the update interval of fusesource.snapshot has elapsed or updates are forced
[DEBUG] Skipped remote request for org.drools:drools-mvel:8.15.0-SNAPSHOT/maven-metadata.xml, locally cached metadata up-to-date
[DEBUG] Could not find metadata org.drools:drools-mvel:8.15.0-SNAPSHOT/maven-metadata.xml in local (/Users/mouachani/.m2/repository)
[DEBUG] Skipped remote request for org.drools:drools-mvel:8.15.0-SNAPSHOT/maven-metadata.xml, locally cached metadata up-to-date
[DEBUG] org.drools:drools-mvel:8.15.0-SNAPSHOT/maven-metadata.xml was not found in https://repository.apache.org/content/groups/public/ during a previous attempt. This failure was cached in the local repository and resolution is not be reattempted until the update interval of apache-public has elapsed or updates are forced
[DEBUG] org.drools:drools-mvel:8.15.0-SNAPSHOT/maven-metadata.xml was not found in https://repo.fusesource.com/nexus/content/groups/public-snapshots/ during a previous attempt. This failure was cached in the local repository and resolution is not be reattempted until the update interval of fusesource.snapshot has elapsed or updates are forced
[DEBUG] Skipped remote request for org.drools:drools-mvel:8.15.0-SNAPSHOT/maven-metadata.xml, locally cached metadata up-to-date
[DEBUG] Skipped remote request for org.kie.kogito:process-serialization-protobuf:2.0.0-SNAPSHOT/maven-metadata.xml, locally cached metadata up-to-date
[DEBUG] org.kie.kogito:process-serialization-protobuf:2.0.0-SNAPSHOT/maven-metadata.xml was not found in https://repository.apache.org/content/groups/public/ during a previous attempt. This failure was cached in the local repository and resolution is not be reattempted until the update interval of apache-public has elapsed or updates are forced
[DEBUG] org.kie.kogito:process-serialization-protobuf:2.0.0-SNAPSHOT/maven-metadata.xml was not found in https://repo.fusesource.com/nexus/content/groups/public-snapshots/ during a previous attempt. This failure was cached in the local repository and resolution is not be reattempted until the update interval of fusesource.snapshot has elapsed or updates are forced
[DEBUG] Skipped remote request for org.kie.kogito:process-serialization-protobuf:2.0.0-SNAPSHOT/maven-metadata.xml, locally cached metadata up-to-date
[DEBUG] Skipped remote request for org.kie.kogito:process-serialization-protobuf:2.0.0-SNAPSHOT/maven-metadata.xml, locally cached metadata up-to-date
[DEBUG] org.kie.kogito:process-serialization-protobuf:2.0.0-SNAPSHOT/maven-metadata.xml was not found in https://repository.apache.org/content/groups/public/ during a previous attempt. This failure was cached in the local repository and resolution is not be reattempted until the update interval of apache-public has elapsed or updates are forced
[DEBUG] org.kie.kogito:process-serialization-protobuf:2.0.0-SNAPSHOT/maven-metadata.xml was not found in https://repo.fusesource.com/nexus/content/groups/public-snapshots/ during a previous attempt. This failure was cached in the local repository and resolution is not be reattempted until the update interval of fusesource.snapshot has elapsed or updates are forced
[DEBUG] Skipped remote request for org.kie.kogito:process-serialization-protobuf:2.0.0-SNAPSHOT/maven-metadata.xml, locally cached metadata up-to-date
[DEBUG] Skipped remote request for org.kie.kogito:kogito-addons-quarkus-process-management:2.0.0-SNAPSHOT/maven-metadata.xml, locally cached metadata up-to-date
[DEBUG] org.kie.kogito:kogito-addons-quarkus-process-management:2.0.0-SNAPSHOT/maven-metadata.xml was not found in https://repository.apache.org/content/groups/public/ during a previous attempt. This failure was cached in the local repository and resolution is not be reattempted until the update interval of apache-public has elapsed or updates are forced
[DEBUG] org.kie.kogito:kogito-addons-quarkus-process-management:2.0.0-SNAPSHOT/maven-metadata.xml was not found in https://repo.fusesource.com/nexus/content/groups/public-snapshots/ during a previous attempt. This failure was cached in the local repository and resolution is not be reattempted until the update interval of fusesource.snapshot has elapsed or updates are forced
[DEBUG] Skipped remote request for org.kie.kogito:kogito-addons-quarkus-process-management:2.0.0-SNAPSHOT/maven-metadata.xml, locally cached metadata up-to-date
[DEBUG] org.kie.kogito:kogito-addons-quarkus-process-management:2.0.0-SNAPSHOT/maven-metadata.xml was not found in https://repository.apache.org/content/groups/public/ during a previous attempt. This failure was cached in the local repository and resolution is not be reattempted until the update interval of apache-public has elapsed or updates are forced
[DEBUG] org.kie.kogito:kogito-addons-quarkus-process-management:2.0.0-SNAPSHOT/maven-metadata.xml was not found in https://repo.fusesource.com/nexus/content/groups/public-snapshots/ during a previous attempt. This failure was cached in the local repository and resolution is not be reattempted until the update interval of fusesource.snapshot has elapsed or updates are forced
[DEBUG] Skipped remote request for org.kie.kogito:kogito-addons-quarkus-process-management-parent:2.0.0-SNAPSHOT/maven-metadata.xml, locally cached metadata up-to-date
[DEBUG] org.kie.kogito:kogito-addons-quarkus-process-management-parent:2.0.0-SNAPSHOT/maven-metadata.xml was not found in https://repository.apache.org/content/groups/public/ during a previous attempt. This failure was cached in the local repository and resolution is not be reattempted until the update interval of apache-public has elapsed or updates are forced
[DEBUG] org.kie.kogito:kogito-addons-quarkus-process-management-parent:2.0.0-SNAPSHOT/maven-metadata.xml was not found in https://repo.fusesource.com/nexus/content/groups/public-snapshots/ during a previous attempt. This failure was cached in the local repository and resolution is not be reattempted until the update interval of fusesource.snapshot has elapsed or updates are forced
[DEBUG] Skipped remote request for org.kie.kogito:kogito-addons-quarkus-parent:2.0.0-SNAPSHOT/maven-metadata.xml, locally cached metadata up-to-date
[DEBUG] org.kie.kogito:kogito-addons-quarkus-parent:2.0.0-SNAPSHOT/maven-metadata.xml was not found in https://repository.apache.org/content/groups/public/ during a previous attempt. This failure was cached in the local repository and resolution is not be reattempted until the update interval of apache-public has elapsed or updates are forced
[DEBUG] org.kie.kogito:kogito-addons-quarkus-parent:2.0.0-SNAPSHOT/maven-metadata.xml was not found in https://repo.fusesource.com/nexus/content/groups/public-snapshots/ during a previous attempt. This failure was cached in the local repository and resolution is not be reattempted until the update interval of fusesource.snapshot has elapsed or updates are forced
[DEBUG] Skipped remote request for org.kie.kogito:kogito-quarkus-bom:2.0.0-SNAPSHOT/maven-metadata.xml, locally cached metadata up-to-date
[DEBUG] org.kie.kogito:kogito-quarkus-bom:2.0.0-SNAPSHOT/maven-metadata.xml was not found in https://repository.apache.org/content/groups/public/ during a previous attempt. This failure was cached in the local repository and resolution is not be reattempted until the update interval of apache-public has elapsed or updates are forced
[DEBUG] org.kie.kogito:kogito-quarkus-bom:2.0.0-SNAPSHOT/maven-metadata.xml was not found in https://repo.fusesource.com/nexus/content/groups/public-snapshots/ during a previous attempt. This failure was cached in the local repository and resolution is not be reattempted until the update interval of fusesource.snapshot has elapsed or updates are forced
[DEBUG] Skipped remote request for org.kie.kogito:kogito-addons-process-management:2.0.0-SNAPSHOT/maven-metadata.xml, locally cached metadata up-to-date
[DEBUG] org.kie.kogito:kogito-addons-process-management:2.0.0-SNAPSHOT/maven-metadata.xml was not found in https://repository.apache.org/content/groups/public/ during a previous attempt. This failure was cached in the local repository and resolution is not be reattempted until the update interval of apache-public has elapsed or updates are forced
[DEBUG] org.kie.kogito:kogito-addons-process-management:2.0.0-SNAPSHOT/maven-metadata.xml was not found in https://repo.fusesource.com/nexus/content/groups/public-snapshots/ during a previous attempt. This failure was cached in the local repository and resolution is not be reattempted until the update interval of fusesource.snapshot has elapsed or updates are forced
[DEBUG] Skipped remote request for org.kie.kogito:kogito-addons-process-management:2.0.0-SNAPSHOT/maven-metadata.xml, locally cached metadata up-to-date
[DEBUG] Skipped remote request for org.kie.kogito:kogito-addons-process-management:2.0.0-SNAPSHOT/maven-metadata.xml, locally cached metadata up-to-date
[DEBUG] org.kie.kogito:kogito-addons-process-management:2.0.0-SNAPSHOT/maven-metadata.xml was not found in https://repository.apache.org/content/groups/public/ during a previous attempt. This failure was cached in the local repository and resolution is not be reattempted until the update interval of apache-public has elapsed or updates are forced
[DEBUG] org.kie.kogito:kogito-addons-process-management:2.0.0-SNAPSHOT/maven-metadata.xml was not found in https://repo.fusesource.com/nexus/content/groups/public-snapshots/ during a previous attempt. This failure was cached in the local repository and resolution is not be reattempted until the update interval of fusesource.snapshot has elapsed or updates are forced
[DEBUG] Skipped remote request for org.kie.kogito:kogito-addons-process-management:2.0.0-SNAPSHOT/maven-metadata.xml, locally cached metadata up-to-date
[DEBUG] Skipped remote request for org.kie.kogito:kogito-addons-common-parent:2.0.0-SNAPSHOT/maven-metadata.xml, locally cached metadata up-to-date
[DEBUG] org.kie.kogito:kogito-addons-common-parent:2.0.0-SNAPSHOT/maven-metadata.xml was not found in https://repository.apache.org/content/groups/public/ during a previous attempt. This failure was cached in the local repository and resolution is not be reattempted until the update interval of apache-public has elapsed or updates are forced
[DEBUG] org.kie.kogito:kogito-addons-common-parent:2.0.0-SNAPSHOT/maven-metadata.xml was not found in https://repo.fusesource.com/nexus/content/groups/public-snapshots/ during a previous attempt. This failure was cached in the local repository and resolution is not be reattempted until the update interval of fusesource.snapshot has elapsed or updates are forced
[DEBUG] Skipped remote request for org.kie.kogito:kogito-addons-common-parent:2.0.0-SNAPSHOT/maven-metadata.xml, locally cached metadata up-to-date
[DEBUG] Skipped remote request for org.kie.kogito:kogito-addons:2.0.0-SNAPSHOT/maven-metadata.xml, locally cached metadata up-to-date
[DEBUG] org.kie.kogito:kogito-addons:2.0.0-SNAPSHOT/maven-metadata.xml was not found in https://repository.apache.org/content/groups/public/ during a previous attempt. This failure was cached in the local repository and resolution is not be reattempted until the update interval of apache-public has elapsed or updates are forced
[DEBUG] org.kie.kogito:kogito-addons:2.0.0-SNAPSHOT/maven-metadata.xml was not found in https://repo.fusesource.com/nexus/content/groups/public-snapshots/ during a previous attempt. This failure was cached in the local repository and resolution is not be reattempted until the update interval of fusesource.snapshot has elapsed or updates are forced
[DEBUG] Skipped remote request for org.kie.kogito:kogito-addons:2.0.0-SNAPSHOT/maven-metadata.xml, locally cached metadata up-to-date
[DEBUG] Skipped remote request for org.kie.kogito:kogito-addons-quarkus-rest-exception-handler:2.0.0-SNAPSHOT/maven-metadata.xml, locally cached metadata up-to-date
[DEBUG] org.kie.kogito:kogito-addons-quarkus-rest-exception-handler:2.0.0-SNAPSHOT/maven-metadata.xml was not found in https://repository.apache.org/content/groups/public/ during a previous attempt. This failure was cached in the local repository and resolution is not be reattempted until the update interval of apache-public has elapsed or updates are forced
[DEBUG] org.kie.kogito:kogito-addons-quarkus-rest-exception-handler:2.0.0-SNAPSHOT/maven-metadata.xml was not found in https://repo.fusesource.com/nexus/content/groups/public-snapshots/ during a previous attempt. This failure was cached in the local repository and resolution is not be reattempted until the update interval of fusesource.snapshot has elapsed or updates are forced
[DEBUG] Skipped remote request for org.kie.kogito:kogito-addons-quarkus-rest-exception-handler:2.0.0-SNAPSHOT/maven-metadata.xml, locally cached metadata up-to-date
[DEBUG] Skipped remote request for org.kie.kogito:kogito-addons-quarkus-rest-exception-handler:2.0.0-SNAPSHOT/maven-metadata.xml, locally cached metadata up-to-date
[DEBUG] org.kie.kogito:kogito-addons-quarkus-rest-exception-handler:2.0.0-SNAPSHOT/maven-metadata.xml was not found in https://repository.apache.org/content/groups/public/ during a previous attempt. This failure was cached in the local repository and resolution is not be reattempted until the update interval of apache-public has elapsed or updates are forced
[DEBUG] org.kie.kogito:kogito-addons-quarkus-rest-exception-handler:2.0.0-SNAPSHOT/maven-metadata.xml was not found in https://repo.fusesource.com/nexus/content/groups/public-snapshots/ during a previous attempt. This failure was cached in the local repository and resolution is not be reattempted until the update interval of fusesource.snapshot has elapsed or updates are forced
[DEBUG] Skipped remote request for org.kie.kogito:kogito-addons-quarkus-rest-exception-handler:2.0.0-SNAPSHOT/maven-metadata.xml, locally cached metadata up-to-date
[DEBUG] Skipped remote request for org.kie.kogito:kogito-addons-rest-exception-handler:2.0.0-SNAPSHOT/maven-metadata.xml, locally cached metadata up-to-date
[DEBUG] org.kie.kogito:kogito-addons-rest-exception-handler:2.0.0-SNAPSHOT/maven-metadata.xml was not found in https://repository.apache.org/content/groups/public/ during a previous attempt. This failure was cached in the local repository and resolution is not be reattempted until the update interval of apache-public has elapsed or updates are forced
[DEBUG] org.kie.kogito:kogito-addons-rest-exception-handler:2.0.0-SNAPSHOT/maven-metadata.xml was not found in https://repo.fusesource.com/nexus/content/groups/public-snapshots/ during a previous attempt. This failure was cached in the local repository and resolution is not be reattempted until the update interval of fusesource.snapshot has elapsed or updates are forced
[DEBUG] Skipped remote request for org.kie.kogito:kogito-addons-rest-exception-handler:2.0.0-SNAPSHOT/maven-metadata.xml, locally cached metadata up-to-date
[DEBUG] Skipped remote request for org.kie.kogito:kogito-addons-rest-exception-handler:2.0.0-SNAPSHOT/maven-metadata.xml, locally cached metadata up-to-date
[DEBUG] org.kie.kogito:kogito-addons-rest-exception-handler:2.0.0-SNAPSHOT/maven-metadata.xml was not found in https://repository.apache.org/content/groups/public/ during a previous attempt. This failure was cached in the local repository and resolution is not be reattempted until the update interval of apache-public has elapsed or updates are forced
[DEBUG] org.kie.kogito:kogito-addons-rest-exception-handler:2.0.0-SNAPSHOT/maven-metadata.xml was not found in https://repo.fusesource.com/nexus/content/groups/public-snapshots/ during a previous attempt. This failure was cached in the local repository and resolution is not be reattempted until the update interval of fusesource.snapshot has elapsed or updates are forced
[DEBUG] Skipped remote request for org.kie.kogito:kogito-addons-rest-exception-handler:2.0.0-SNAPSHOT/maven-metadata.xml, locally cached metadata up-to-date
[DEBUG] Skipped remote request for org.kie.kogito:kogito-addons-quarkus-messaging:2.0.0-SNAPSHOT/maven-metadata.xml, locally cached metadata up-to-date
[DEBUG] org.kie.kogito:kogito-addons-quarkus-messaging:2.0.0-SNAPSHOT/maven-metadata.xml was not found in https://repository.apache.org/content/groups/public/ during a previous attempt. This failure was cached in the local repository and resolution is not be reattempted until the update interval of apache-public has elapsed or updates are forced
[DEBUG] org.kie.kogito:kogito-addons-quarkus-messaging:2.0.0-SNAPSHOT/maven-metadata.xml was not found in https://repo.fusesource.com/nexus/content/groups/public-snapshots/ during a previous attempt. This failure was cached in the local repository and resolution is not be reattempted until the update interval of fusesource.snapshot has elapsed or updates are forced
[DEBUG] Skipped remote request for org.kie.kogito:kogito-addons-quarkus-messaging:2.0.0-SNAPSHOT/maven-metadata.xml, locally cached metadata up-to-date
[DEBUG] org.kie.kogito:kogito-addons-quarkus-messaging:2.0.0-SNAPSHOT/maven-metadata.xml was not found in https://repository.apache.org/content/groups/public/ during a previous attempt. This failure was cached in the local repository and resolution is not be reattempted until the update interval of apache-public has elapsed or updates are forced
[DEBUG] org.kie.kogito:kogito-addons-quarkus-messaging:2.0.0-SNAPSHOT/maven-metadata.xml was not found in https://repo.fusesource.com/nexus/content/groups/public-snapshots/ during a previous attempt. This failure was cached in the local repository and resolution is not be reattempted until the update interval of fusesource.snapshot has elapsed or updates are forced
[DEBUG] Skipped remote request for org.kie.kogito:kogito-addons-quarkus-messaging-parent:2.0.0-SNAPSHOT/maven-metadata.xml, locally cached metadata up-to-date
[DEBUG] org.kie.kogito:kogito-addons-quarkus-messaging-parent:2.0.0-SNAPSHOT/maven-metadata.xml was not found in https://repository.apache.org/content/groups/public/ during a previous attempt. This failure was cached in the local repository and resolution is not be reattempted until the update interval of apache-public has elapsed or updates are forced
[DEBUG] org.kie.kogito:kogito-addons-quarkus-messaging-parent:2.0.0-SNAPSHOT/maven-metadata.xml was not found in https://repo.fusesource.com/nexus/content/groups/public-snapshots/ during a previous attempt. This failure was cached in the local repository and resolution is not be reattempted until the update interval of fusesource.snapshot has elapsed or updates are forced
[DEBUG] Skipped remote request for org.kie.kogito:kogito-addons-quarkus-messaging-common:2.0.0-SNAPSHOT/maven-metadata.xml, locally cached metadata up-to-date
[DEBUG] org.kie.kogito:kogito-addons-quarkus-messaging-common:2.0.0-SNAPSHOT/maven-metadata.xml was not found in https://repository.apache.org/content/groups/public/ during a previous attempt. This failure was cached in the local repository and resolution is not be reattempted until the update interval of apache-public has elapsed or updates are forced
[DEBUG] org.kie.kogito:kogito-addons-quarkus-messaging-common:2.0.0-SNAPSHOT/maven-metadata.xml was not found in https://repo.fusesource.com/nexus/content/groups/public-snapshots/ during a previous attempt. This failure was cached in the local repository and resolution is not be reattempted until the update interval of fusesource.snapshot has elapsed or updates are forced
[DEBUG] Skipped remote request for org.kie.kogito:kogito-addons-quarkus-messaging-common:2.0.0-SNAPSHOT/maven-metadata.xml, locally cached metadata up-to-date
[DEBUG] Skipped remote request for org.kie.kogito:kogito-addons-quarkus-messaging-common:2.0.0-SNAPSHOT/maven-metadata.xml, locally cached metadata up-to-date
[DEBUG] org.kie.kogito:kogito-addons-quarkus-messaging-common:2.0.0-SNAPSHOT/maven-metadata.xml was not found in https://repository.apache.org/content/groups/public/ during a previous attempt. This failure was cached in the local repository and resolution is not be reattempted until the update interval of apache-public has elapsed or updates are forced
[DEBUG] org.kie.kogito:kogito-addons-quarkus-messaging-common:2.0.0-SNAPSHOT/maven-metadata.xml was not found in https://repo.fusesource.com/nexus/content/groups/public-snapshots/ during a previous attempt. This failure was cached in the local repository and resolution is not be reattempted until the update interval of fusesource.snapshot has elapsed or updates are forced
[DEBUG] Skipped remote request for org.kie.kogito:kogito-addons-quarkus-messaging-common:2.0.0-SNAPSHOT/maven-metadata.xml, locally cached metadata up-to-date
[DEBUG] Skipped remote request for org.kie.kogito:kogito-addons-messaging:2.0.0-SNAPSHOT/maven-metadata.xml, locally cached metadata up-to-date
[DEBUG] org.kie.kogito:kogito-addons-messaging:2.0.0-SNAPSHOT/maven-metadata.xml was not found in https://repository.apache.org/content/groups/public/ during a previous attempt. This failure was cached in the local repository and resolution is not be reattempted until the update interval of apache-public has elapsed or updates are forced
[DEBUG] org.kie.kogito:kogito-addons-messaging:2.0.0-SNAPSHOT/maven-metadata.xml was not found in https://repo.fusesource.com/nexus/content/groups/public-snapshots/ during a previous attempt. This failure was cached in the local repository and resolution is not be reattempted until the update interval of fusesource.snapshot has elapsed or updates are forced
[DEBUG] Skipped remote request for org.kie.kogito:kogito-addons-messaging:2.0.0-SNAPSHOT/maven-metadata.xml, locally cached metadata up-to-date
[DEBUG] Skipped remote request for org.kie.kogito:kogito-addons-messaging:2.0.0-SNAPSHOT/maven-metadata.xml, locally cached metadata up-to-date
[DEBUG] org.kie.kogito:kogito-addons-messaging:2.0.0-SNAPSHOT/maven-metadata.xml was not found in https://repository.apache.org/content/groups/public/ during a previous attempt. This failure was cached in the local repository and resolution is not be reattempted until the update interval of apache-public has elapsed or updates are forced
[DEBUG] org.kie.kogito:kogito-addons-messaging:2.0.0-SNAPSHOT/maven-metadata.xml was not found in https://repo.fusesource.com/nexus/content/groups/public-snapshots/ during a previous attempt. This failure was cached in the local repository and resolution is not be reattempted until the update interval of fusesource.snapshot has elapsed or updates are forced
[DEBUG] Skipped remote request for org.kie.kogito:kogito-addons-messaging:2.0.0-SNAPSHOT/maven-metadata.xml, locally cached metadata up-to-date
[DEBUG] Skipped remote request for org.kie.kogito:kogito-addons-messaging-parent:2.0.0-SNAPSHOT/maven-metadata.xml, locally cached metadata up-to-date
[DEBUG] org.kie.kogito:kogito-addons-messaging-parent:2.0.0-SNAPSHOT/maven-metadata.xml was not found in https://repository.apache.org/content/groups/public/ during a previous attempt. This failure was cached in the local repository and resolution is not be reattempted until the update interval of apache-public has elapsed or updates are forced
[DEBUG] org.kie.kogito:kogito-addons-messaging-parent:2.0.0-SNAPSHOT/maven-metadata.xml was not found in https://repo.fusesource.com/nexus/content/groups/public-snapshots/ during a previous attempt. This failure was cached in the local repository and resolution is not be reattempted until the update interval of fusesource.snapshot has elapsed or updates are forced
[DEBUG] Skipped remote request for org.kie.kogito:kogito-addons-messaging-parent:2.0.0-SNAPSHOT/maven-metadata.xml, locally cached metadata up-to-date
[DEBUG] Skipped remote request for org.kie.kogito:kogito-addons-cloudevents-utils:2.0.0-SNAPSHOT/maven-metadata.xml, locally cached metadata up-to-date
[DEBUG] org.kie.kogito:kogito-addons-cloudevents-utils:2.0.0-SNAPSHOT/maven-metadata.xml was not found in https://repository.apache.org/content/groups/public/ during a previous attempt. This failure was cached in the local repository and resolution is not be reattempted until the update interval of apache-public has elapsed or updates are forced
[DEBUG] org.kie.kogito:kogito-addons-cloudevents-utils:2.0.0-SNAPSHOT/maven-metadata.xml was not found in https://repo.fusesource.com/nexus/content/groups/public-snapshots/ during a previous attempt. This failure was cached in the local repository and resolution is not be reattempted until the update interval of fusesource.snapshot has elapsed or updates are forced
[DEBUG] Skipped remote request for org.kie.kogito:kogito-addons-cloudevents-utils:2.0.0-SNAPSHOT/maven-metadata.xml, locally cached metadata up-to-date
[DEBUG] Skipped remote request for org.kie.kogito:kogito-addons-cloudevents-utils:2.0.0-SNAPSHOT/maven-metadata.xml, locally cached metadata up-to-date
[DEBUG] org.kie.kogito:kogito-addons-cloudevents-utils:2.0.0-SNAPSHOT/maven-metadata.xml was not found in https://repository.apache.org/content/groups/public/ during a previous attempt. This failure was cached in the local repository and resolution is not be reattempted until the update interval of apache-public has elapsed or updates are forced
[DEBUG] org.kie.kogito:kogito-addons-cloudevents-utils:2.0.0-SNAPSHOT/maven-metadata.xml was not found in https://repo.fusesource.com/nexus/content/groups/public-snapshots/ during a previous attempt. This failure was cached in the local repository and resolution is not be reattempted until the update interval of fusesource.snapshot has elapsed or updates are forced
[DEBUG] Skipped remote request for org.kie.kogito:kogito-addons-cloudevents-utils:2.0.0-SNAPSHOT/maven-metadata.xml, locally cached metadata up-to-date
[DEBUG] Skipped remote request for org.kie.kogito:kogito-addons-quarkus-events-process:2.0.0-SNAPSHOT/maven-metadata.xml, locally cached metadata up-to-date
[DEBUG] org.kie.kogito:kogito-addons-quarkus-events-process:2.0.0-SNAPSHOT/maven-metadata.xml was not found in https://repository.apache.org/content/groups/public/ during a previous attempt. This failure was cached in the local repository and resolution is not be reattempted until the update interval of apache-public has elapsed or updates are forced
[DEBUG] org.kie.kogito:kogito-addons-quarkus-events-process:2.0.0-SNAPSHOT/maven-metadata.xml was not found in https://repo.fusesource.com/nexus/content/groups/public-snapshots/ during a previous attempt. This failure was cached in the local repository and resolution is not be reattempted until the update interval of fusesource.snapshot has elapsed or updates are forced
[DEBUG] Skipped remote request for org.kie.kogito:kogito-addons-quarkus-events-process:2.0.0-SNAPSHOT/maven-metadata.xml, locally cached metadata up-to-date
[DEBUG] org.kie.kogito:kogito-addons-quarkus-events-process:2.0.0-SNAPSHOT/maven-metadata.xml was not found in https://repository.apache.org/content/groups/public/ during a previous attempt. This failure was cached in the local repository and resolution is not be reattempted until the update interval of apache-public has elapsed or updates are forced
[DEBUG] org.kie.kogito:kogito-addons-quarkus-events-process:2.0.0-SNAPSHOT/maven-metadata.xml was not found in https://repo.fusesource.com/nexus/content/groups/public-snapshots/ during a previous attempt. This failure was cached in the local repository and resolution is not be reattempted until the update interval of fusesource.snapshot has elapsed or updates are forced
[DEBUG] Skipped remote request for org.kie.kogito:kogito-addons-quarkus-events-process-parent:2.0.0-SNAPSHOT/maven-metadata.xml, locally cached metadata up-to-date
[DEBUG] org.kie.kogito:kogito-addons-quarkus-events-process-parent:2.0.0-SNAPSHOT/maven-metadata.xml was not found in https://repository.apache.org/content/groups/public/ during a previous attempt. This failure was cached in the local repository and resolution is not be reattempted until the update interval of apache-public has elapsed or updates are forced
[DEBUG] org.kie.kogito:kogito-addons-quarkus-events-process-parent:2.0.0-SNAPSHOT/maven-metadata.xml was not found in https://repo.fusesource.com/nexus/content/groups/public-snapshots/ during a previous attempt. This failure was cached in the local repository and resolution is not be reattempted until the update interval of fusesource.snapshot has elapsed or updates are forced
[DEBUG] Skipped remote request for org.kie.kogito:kogito-addons-quarkus-events-parent:2.0.0-SNAPSHOT/maven-metadata.xml, locally cached metadata up-to-date
[DEBUG] org.kie.kogito:kogito-addons-quarkus-events-parent:2.0.0-SNAPSHOT/maven-metadata.xml was not found in https://repository.apache.org/content/groups/public/ during a previous attempt. This failure was cached in the local repository and resolution is not be reattempted until the update interval of apache-public has elapsed or updates are forced
[DEBUG] org.kie.kogito:kogito-addons-quarkus-events-parent:2.0.0-SNAPSHOT/maven-metadata.xml was not found in https://repo.fusesource.com/nexus/content/groups/public-snapshots/ during a previous attempt. This failure was cached in the local repository and resolution is not be reattempted until the update interval of fusesource.snapshot has elapsed or updates are forced
[DEBUG] Skipped remote request for org.kie.kogito:kogito-addons-persistence-infinispan:2.0.0-SNAPSHOT/maven-metadata.xml, locally cached metadata up-to-date
[DEBUG] org.kie.kogito:kogito-addons-persistence-infinispan:2.0.0-SNAPSHOT/maven-metadata.xml was not found in https://repository.apache.org/content/groups/public/ during a previous attempt. This failure was cached in the local repository and resolution is not be reattempted until the update interval of apache-public has elapsed or updates are forced
[DEBUG] org.kie.kogito:kogito-addons-persistence-infinispan:2.0.0-SNAPSHOT/maven-metadata.xml was not found in https://repo.fusesource.com/nexus/content/groups/public-snapshots/ during a previous attempt. This failure was cached in the local repository and resolution is not be reattempted until the update interval of fusesource.snapshot has elapsed or updates are forced
[DEBUG] Skipped remote request for org.kie.kogito:kogito-addons-persistence-infinispan:2.0.0-SNAPSHOT/maven-metadata.xml, locally cached metadata up-to-date
[DEBUG] org.kie.kogito:kogito-addons-persistence-infinispan:2.0.0-SNAPSHOT/maven-metadata.xml was not found in https://repository.apache.org/content/groups/public/ during a previous attempt. This failure was cached in the local repository and resolution is not be reattempted until the update interval of apache-public has elapsed or updates are forced
[DEBUG] org.kie.kogito:kogito-addons-persistence-infinispan:2.0.0-SNAPSHOT/maven-metadata.xml was not found in https://repo.fusesource.com/nexus/content/groups/public-snapshots/ during a previous attempt. This failure was cached in the local repository and resolution is not be reattempted until the update interval of fusesource.snapshot has elapsed or updates are forced
[DEBUG] Skipped remote request for org.kie.kogito:kogito-addons-persistence-parent:2.0.0-SNAPSHOT/maven-metadata.xml, locally cached metadata up-to-date
[DEBUG] org.kie.kogito:kogito-addons-persistence-parent:2.0.0-SNAPSHOT/maven-metadata.xml was not found in https://repository.apache.org/content/groups/public/ during a previous attempt. This failure was cached in the local repository and resolution is not be reattempted until the update interval of apache-public has elapsed or updates are forced
[DEBUG] org.kie.kogito:kogito-addons-persistence-parent:2.0.0-SNAPSHOT/maven-metadata.xml was not found in https://repo.fusesource.com/nexus/content/groups/public-snapshots/ during a previous attempt. This failure was cached in the local repository and resolution is not be reattempted until the update interval of fusesource.snapshot has elapsed or updates are forced
[DEBUG] Skipped remote request for org.kie.kogito:kogito-addons-quarkus-monitoring-prometheus:2.0.0-SNAPSHOT/maven-metadata.xml, locally cached metadata up-to-date
[DEBUG] org.kie.kogito:kogito-addons-quarkus-monitoring-prometheus:2.0.0-SNAPSHOT/maven-metadata.xml was not found in https://repository.apache.org/content/groups/public/ during a previous attempt. This failure was cached in the local repository and resolution is not be reattempted until the update interval of apache-public has elapsed or updates are forced
[DEBUG] org.kie.kogito:kogito-addons-quarkus-monitoring-prometheus:2.0.0-SNAPSHOT/maven-metadata.xml was not found in https://repo.fusesource.com/nexus/content/groups/public-snapshots/ during a previous attempt. This failure was cached in the local repository and resolution is not be reattempted until the update interval of fusesource.snapshot has elapsed or updates are forced
[DEBUG] Skipped remote request for org.kie.kogito:kogito-addons-quarkus-monitoring-prometheus:2.0.0-SNAPSHOT/maven-metadata.xml, locally cached metadata up-to-date
[DEBUG] org.kie.kogito:kogito-addons-quarkus-monitoring-prometheus:2.0.0-SNAPSHOT/maven-metadata.xml was not found in https://repository.apache.org/content/groups/public/ during a previous attempt. This failure was cached in the local repository and resolution is not be reattempted until the update interval of apache-public has elapsed or updates are forced
[DEBUG] org.kie.kogito:kogito-addons-quarkus-monitoring-prometheus:2.0.0-SNAPSHOT/maven-metadata.xml was not found in https://repo.fusesource.com/nexus/content/groups/public-snapshots/ during a previous attempt. This failure was cached in the local repository and resolution is not be reattempted until the update interval of fusesource.snapshot has elapsed or updates are forced
[DEBUG] Skipped remote request for org.kie.kogito:kogito-addons-quarkus-monitoring-prometheus-parent:2.0.0-SNAPSHOT/maven-metadata.xml, locally cached metadata up-to-date
[DEBUG] org.kie.kogito:kogito-addons-quarkus-monitoring-prometheus-parent:2.0.0-SNAPSHOT/maven-metadata.xml was not found in https://repository.apache.org/content/groups/public/ during a previous attempt. This failure was cached in the local repository and resolution is not be reattempted until the update interval of apache-public has elapsed or updates are forced
[DEBUG] org.kie.kogito:kogito-addons-quarkus-monitoring-prometheus-parent:2.0.0-SNAPSHOT/maven-metadata.xml was not found in https://repo.fusesource.com/nexus/content/groups/public-snapshots/ during a previous attempt. This failure was cached in the local repository and resolution is not be reattempted until the update interval of fusesource.snapshot has elapsed or updates are forced
[DEBUG] Skipped remote request for org.kie.kogito:kogito-addons-quarkus-monitoring-parent:2.0.0-SNAPSHOT/maven-metadata.xml, locally cached metadata up-to-date
[DEBUG] org.kie.kogito:kogito-addons-quarkus-monitoring-parent:2.0.0-SNAPSHOT/maven-metadata.xml was not found in https://repository.apache.org/content/groups/public/ during a previous attempt. This failure was cached in the local repository and resolution is not be reattempted until the update interval of apache-public has elapsed or updates are forced
[DEBUG] org.kie.kogito:kogito-addons-quarkus-monitoring-parent:2.0.0-SNAPSHOT/maven-metadata.xml was not found in https://repo.fusesource.com/nexus/content/groups/public-snapshots/ during a previous attempt. This failure was cached in the local repository and resolution is not be reattempted until the update interval of fusesource.snapshot has elapsed or updates are forced
[DEBUG] Skipped remote request for org.kie.kogito:kogito-addons-monitoring-prometheus:2.0.0-SNAPSHOT/maven-metadata.xml, locally cached metadata up-to-date
[DEBUG] org.kie.kogito:kogito-addons-monitoring-prometheus:2.0.0-SNAPSHOT/maven-metadata.xml was not found in https://repository.apache.org/content/groups/public/ during a previous attempt. This failure was cached in the local repository and resolution is not be reattempted until the update interval of apache-public has elapsed or updates are forced
[DEBUG] org.kie.kogito:kogito-addons-monitoring-prometheus:2.0.0-SNAPSHOT/maven-metadata.xml was not found in https://repo.fusesource.com/nexus/content/groups/public-snapshots/ during a previous attempt. This failure was cached in the local repository and resolution is not be reattempted until the update interval of fusesource.snapshot has elapsed or updates are forced
[DEBUG] Skipped remote request for org.kie.kogito:kogito-addons-monitoring-prometheus:2.0.0-SNAPSHOT/maven-metadata.xml, locally cached metadata up-to-date
[DEBUG] Skipped remote request for org.kie.kogito:kogito-addons-monitoring-prometheus:2.0.0-SNAPSHOT/maven-metadata.xml, locally cached metadata up-to-date
[DEBUG] org.kie.kogito:kogito-addons-monitoring-prometheus:2.0.0-SNAPSHOT/maven-metadata.xml was not found in https://repository.apache.org/content/groups/public/ during a previous attempt. This failure was cached in the local repository and resolution is not be reattempted until the update interval of apache-public has elapsed or updates are forced
[DEBUG] org.kie.kogito:kogito-addons-monitoring-prometheus:2.0.0-SNAPSHOT/maven-metadata.xml was not found in https://repo.fusesource.com/nexus/content/groups/public-snapshots/ during a previous attempt. This failure was cached in the local repository and resolution is not be reattempted until the update interval of fusesource.snapshot has elapsed or updates are forced
[DEBUG] Skipped remote request for org.kie.kogito:kogito-addons-monitoring-prometheus:2.0.0-SNAPSHOT/maven-metadata.xml, locally cached metadata up-to-date
[DEBUG] Skipped remote request for org.kie.kogito:kogito-addons-monitoring-parent:2.0.0-SNAPSHOT/maven-metadata.xml, locally cached metadata up-to-date
[DEBUG] org.kie.kogito:kogito-addons-monitoring-parent:2.0.0-SNAPSHOT/maven-metadata.xml was not found in https://repository.apache.org/content/groups/public/ during a previous attempt. This failure was cached in the local repository and resolution is not be reattempted until the update interval of apache-public has elapsed or updates are forced
[DEBUG] org.kie.kogito:kogito-addons-monitoring-parent:2.0.0-SNAPSHOT/maven-metadata.xml was not found in https://repo.fusesource.com/nexus/content/groups/public-snapshots/ during a previous attempt. This failure was cached in the local repository and resolution is not be reattempted until the update interval of fusesource.snapshot has elapsed or updates are forced
[DEBUG] Skipped remote request for org.kie.kogito:kogito-addons-monitoring-parent:2.0.0-SNAPSHOT/maven-metadata.xml, locally cached metadata up-to-date
[DEBUG] Skipped remote request for org.kie.kogito:kogito-addons-monitoring-core:2.0.0-SNAPSHOT/maven-metadata.xml, locally cached metadata up-to-date
[DEBUG] org.kie.kogito:kogito-addons-monitoring-core:2.0.0-SNAPSHOT/maven-metadata.xml was not found in https://repository.apache.org/content/groups/public/ during a previous attempt. This failure was cached in the local repository and resolution is not be reattempted until the update interval of apache-public has elapsed or updates are forced
[DEBUG] org.kie.kogito:kogito-addons-monitoring-core:2.0.0-SNAPSHOT/maven-metadata.xml was not found in https://repo.fusesource.com/nexus/content/groups/public-snapshots/ during a previous attempt. This failure was cached in the local repository and resolution is not be reattempted until the update interval of fusesource.snapshot has elapsed or updates are forced
[DEBUG] Skipped remote request for org.kie.kogito:kogito-addons-monitoring-core:2.0.0-SNAPSHOT/maven-metadata.xml, locally cached metadata up-to-date
[DEBUG] Skipped remote request for org.kie.kogito:kogito-addons-monitoring-core:2.0.0-SNAPSHOT/maven-metadata.xml, locally cached metadata up-to-date
[DEBUG] org.kie.kogito:kogito-addons-monitoring-core:2.0.0-SNAPSHOT/maven-metadata.xml was not found in https://repository.apache.org/content/groups/public/ during a previous attempt. This failure was cached in the local repository and resolution is not be reattempted until the update interval of apache-public has elapsed or updates are forced
[DEBUG] org.kie.kogito:kogito-addons-monitoring-core:2.0.0-SNAPSHOT/maven-metadata.xml was not found in https://repo.fusesource.com/nexus/content/groups/public-snapshots/ during a previous attempt. This failure was cached in the local repository and resolution is not be reattempted until the update interval of fusesource.snapshot has elapsed or updates are forced
[DEBUG] Skipped remote request for org.kie.kogito:kogito-addons-monitoring-core:2.0.0-SNAPSHOT/maven-metadata.xml, locally cached metadata up-to-date
[DEBUG] Skipped remote request for org.kie.kogito:grafana-api:2.0.0-SNAPSHOT/maven-metadata.xml, locally cached metadata up-to-date
[DEBUG] org.kie.kogito:grafana-api:2.0.0-SNAPSHOT/maven-metadata.xml was not found in https://repository.apache.org/content/groups/public/ during a previous attempt. This failure was cached in the local repository and resolution is not be reattempted until the update interval of apache-public has elapsed or updates are forced
[DEBUG] org.kie.kogito:grafana-api:2.0.0-SNAPSHOT/maven-metadata.xml was not found in https://repo.fusesource.com/nexus/content/groups/public-snapshots/ during a previous attempt. This failure was cached in the local repository and resolution is not be reattempted until the update interval of fusesource.snapshot has elapsed or updates are forced
[DEBUG] Skipped remote request for org.kie.kogito:grafana-api:2.0.0-SNAPSHOT/maven-metadata.xml, locally cached metadata up-to-date
[DEBUG] Skipped remote request for org.kie.kogito:grafana-api:2.0.0-SNAPSHOT/maven-metadata.xml, locally cached metadata up-to-date
[DEBUG] org.kie.kogito:grafana-api:2.0.0-SNAPSHOT/maven-metadata.xml was not found in https://repository.apache.org/content/groups/public/ during a previous attempt. This failure was cached in the local repository and resolution is not be reattempted until the update interval of apache-public has elapsed or updates are forced
[DEBUG] org.kie.kogito:grafana-api:2.0.0-SNAPSHOT/maven-metadata.xml was not found in https://repo.fusesource.com/nexus/content/groups/public-snapshots/ during a previous attempt. This failure was cached in the local repository and resolution is not be reattempted until the update interval of fusesource.snapshot has elapsed or updates are forced
[DEBUG] Skipped remote request for org.kie.kogito:grafana-api:2.0.0-SNAPSHOT/maven-metadata.xml, locally cached metadata up-to-date
[DEBUG] Skipped remote request for org.kie.kogito:kogito-addons-quarkus-monitoring-core:2.0.0-SNAPSHOT/maven-metadata.xml, locally cached metadata up-to-date
[DEBUG] org.kie.kogito:kogito-addons-quarkus-monitoring-core:2.0.0-SNAPSHOT/maven-metadata.xml was not found in https://repository.apache.org/content/groups/public/ during a previous attempt. This failure was cached in the local repository and resolution is not be reattempted until the update interval of apache-public has elapsed or updates are forced
[DEBUG] org.kie.kogito:kogito-addons-quarkus-monitoring-core:2.0.0-SNAPSHOT/maven-metadata.xml was not found in https://repo.fusesource.com/nexus/content/groups/public-snapshots/ during a previous attempt. This failure was cached in the local repository and resolution is not be reattempted until the update interval of fusesource.snapshot has elapsed or updates are forced
[DEBUG] Skipped remote request for org.kie.kogito:kogito-addons-quarkus-monitoring-core:2.0.0-SNAPSHOT/maven-metadata.xml, locally cached metadata up-to-date
[DEBUG] Skipped remote request for org.kie.kogito:kogito-addons-quarkus-monitoring-core:2.0.0-SNAPSHOT/maven-metadata.xml, locally cached metadata up-to-date
[DEBUG] org.kie.kogito:kogito-addons-quarkus-monitoring-core:2.0.0-SNAPSHOT/maven-metadata.xml was not found in https://repository.apache.org/content/groups/public/ during a previous attempt. This failure was cached in the local repository and resolution is not be reattempted until the update interval of apache-public has elapsed or updates are forced
[DEBUG] org.kie.kogito:kogito-addons-quarkus-monitoring-core:2.0.0-SNAPSHOT/maven-metadata.xml was not found in https://repo.fusesource.com/nexus/content/groups/public-snapshots/ during a previous attempt. This failure was cached in the local repository and resolution is not be reattempted until the update interval of fusesource.snapshot has elapsed or updates are forced
[DEBUG] Skipped remote request for org.kie.kogito:kogito-addons-quarkus-monitoring-core:2.0.0-SNAPSHOT/maven-metadata.xml, locally cached metadata up-to-date
[DEBUG] Dependency collection stats {ConflictMarker.analyzeTime=7372554, ConflictMarker.markTime=3173605, ConflictMarker.nodeCount=3357, ConflictIdSorter.graphTime=3238209, ConflictIdSorter.topsortTime=879040, ConflictIdSorter.conflictIdCount=423, ConflictIdSorter.conflictIdCycleCount=0, ConflictResolver.totalTime=74373562, ConflictResolver.conflictItemCount=1211, DefaultDependencyCollector.collectTime=4861779571, DefaultDependencyCollector.transformTime=91256266}
[DEBUG] fr.msa.imsa:imsa-process-kogito:jar:1.0.0-SNAPSHOT
[DEBUG]    org.kie.kogito:kogito-quarkus:jar:2.0.0-SNAPSHOT:compile
[DEBUG]       org.kie.kogito:kogito-quarkus-common:jar:2.0.0-SNAPSHOT:compile
[DEBUG]          org.kie.kogito:kogito-api-incubation-application:jar:2.0.0-SNAPSHOT:compile
[DEBUG]             org.kie.kogito:kogito-api-incubation-common:jar:2.0.0-SNAPSHOT:compile
[DEBUG]          org.kie.kogito:kogito-api-incubation-common-objectmapper:jar:2.0.0-SNAPSHOT:compile
[DEBUG]          org.mvel:mvel2:jar:2.4.12.Final:compile
[DEBUG]          com.jayway.jsonpath:json-path:jar:2.6.0:compile
[DEBUG]             net.minidev:json-smart:jar:2.4.7:compile
[DEBUG]                net.minidev:accessors-smart:jar:2.4.7:compile
[DEBUG]          io.quarkus.arc:arc-processor:jar:2.4.0.Final:compile (version managed from 2.4.2.Final)
[DEBUG]             io.quarkus.gizmo:gizmo:jar:1.0.9.Final:compile (version managed from 1.0.9.Final)
[DEBUG]                org.ow2.asm:asm-util:jar:9.1:compile
[DEBUG]          io.quarkus:quarkus-undertow:jar:2.4.0.Final:compile (version managed from 2.4.2.Final)
[DEBUG]             io.quarkus.http:quarkus-http-servlet:jar:4.1.3:compile (version managed from 4.1.3) (exclusions managed from [org.jboss.spec.javax.servlet:jboss-servlet-api_4.0_spec:*:*, org.jboss.spec.javax.annotation:jboss-annotations-api_1.2_spec:*:*])
[DEBUG]             jakarta.servlet:jakarta.servlet-api:jar:4.0.3:compile (version managed from 4.0.3)
[DEBUG]             io.quarkus.http:quarkus-http-vertx-backend:jar:4.1.3:compile (version managed from 4.1.3) (exclusions managed from [io.netty:netty-all:*:*])
[DEBUG]                io.quarkus.http:quarkus-http-http-core:jar:4.1.3:compile
[DEBUG]             io.quarkus.http:quarkus-http-core:jar:4.1.3:compile (version managed from 4.1.3)
[DEBUG]       org.kie.kogito:kogito-quarkus-rules:jar:2.0.0-SNAPSHOT:compile
[DEBUG]          org.kie.kogito:kogito-api-incubation-rules-services:jar:2.0.0-SNAPSHOT:compile
[DEBUG]             org.kie.kogito:kogito-api-incubation-rules:jar:2.0.0-SNAPSHOT:compile
[DEBUG]          org.kie.kogito:kogito-drools:jar:2.0.0-SNAPSHOT:compile
[DEBUG]             org.kie.kogito:drools-core-static:jar:2.0.0-SNAPSHOT:compile
[DEBUG]                org.drools:drools-core-reflective:jar:8.15.0-SNAPSHOT:compile
[DEBUG]             org.kie.kogito:kogito-ruleunits:jar:2.0.0-SNAPSHOT:compile
[DEBUG]             org.kie.kogito:kogito-drools-model:jar:2.0.0-SNAPSHOT:compile
[DEBUG]                org.drools:drools-model-compiler:jar:8.15.0-SNAPSHOT:compile
[DEBUG]                   org.drools:drools-canonical-model:jar:8.15.0-SNAPSHOT:compile
[DEBUG]                   org.drools:drools-mvel-parser:jar:8.15.0-SNAPSHOT:compile
[DEBUG]                   org.drools:drools-mvel-compiler:jar:8.15.0-SNAPSHOT:compile
[DEBUG]       org.kie.kogito:kogito-quarkus-decisions:jar:2.0.0-SNAPSHOT:compile
[DEBUG]          org.kie.kogito:kogito-api-incubation-decisions-services:jar:2.0.0-SNAPSHOT:compile
[DEBUG]             org.kie.kogito:kogito-api-incubation-decisions:jar:2.0.0-SNAPSHOT:compile
[DEBUG]          org.kie.kogito:kogito-dmn:jar:2.0.0-SNAPSHOT:compile
[DEBUG]             org.kie:kie-dmn-core:jar:8.15.0-SNAPSHOT:compile
[DEBUG]                org.kie:kie-dmn-backend:jar:8.15.0-SNAPSHOT:compile
[DEBUG]                org.kie:kie-dmn-feel:jar:8.15.0-SNAPSHOT:compile
[DEBUG]                   ch.obermuhlner:big-math:jar:2.0.1:compile
[DEBUG]                org.kie:kie-memory-compiler:jar:8.15.0-SNAPSHOT:compile
[DEBUG]                org.drools:drools-alphanetwork-compiler:jar:8.15.0-SNAPSHOT:compile
[DEBUG]                org.antlr:antlr4-runtime:jar:4.9.2:compile (version managed from 4.8)
[DEBUG]                org.jpmml:pmml-model:jar:1.5.1:compile
[DEBUG]                   org.jpmml:pmml-agent:jar:1.5.1:compile
[DEBUG]             org.kie:kie-dmn-validation:jar:8.15.0-SNAPSHOT:compile
[DEBUG]       org.kie.kogito:kogito-quarkus-predictions:jar:2.0.0-SNAPSHOT:compile
[DEBUG]          org.kie.kogito:kogito-pmml:jar:2.0.0-SNAPSHOT:compile
[DEBUG]             org.kie.kogito:kogito-pmml-dependencies:pom:2.0.0-SNAPSHOT:compile
[DEBUG]                org.kie:kie-pmml-dependencies:jar:8.15.0-SNAPSHOT:compile
[DEBUG]                   org.kie:kie-pmml-compiler-api:jar:8.15.0-SNAPSHOT:compile
[DEBUG]                      org.glassfish.jaxb:jaxb-runtime:jar:2.3.3-b02:compile (version managed from 2.3.3-b02)
[DEBUG]                         org.glassfish.jaxb:txw2:jar:2.3.3-b02:compile
[DEBUG]                         com.sun.istack:istack-commons-runtime:jar:3.0.10:compile
[DEBUG]                   org.kie:kie-pmml-compiler-core:jar:8.15.0-SNAPSHOT:compile
[DEBUG]                   org.kie:kie-pmml-compiler-commons:jar:8.15.0-SNAPSHOT:compile
[DEBUG]                   org.kie:kie-pmml-evaluator-core:jar:8.15.0-SNAPSHOT:compile
[DEBUG]                   org.kie:kie-pmml-evaluator-assembler:jar:8.15.0-SNAPSHOT:compile
[DEBUG]                   org.kie:kie-pmml-kie-internal:jar:8.15.0-SNAPSHOT:compile
[DEBUG]                   org.kie:kie-pmml-models-drools-common:jar:8.15.0-SNAPSHOT:compile
[DEBUG]                   org.kie:kie-pmml-models-regression-model:jar:8.15.0-SNAPSHOT:compile
[DEBUG]                   org.kie:kie-pmml-models-regression-compiler:jar:8.15.0-SNAPSHOT:compile
[DEBUG]                   org.kie:kie-pmml-models-regression-evaluator:jar:8.15.0-SNAPSHOT:compile
[DEBUG]                   org.kie:kie-pmml-models-tree-model:jar:8.15.0-SNAPSHOT:compile
[DEBUG]                   org.kie:kie-pmml-models-tree-compiler:jar:8.15.0-SNAPSHOT:compile
[DEBUG]                   org.kie:kie-pmml-models-tree-evaluator:jar:8.15.0-SNAPSHOT:compile
[DEBUG]                   org.kie:kie-pmml-models-scorecard-model:jar:8.15.0-SNAPSHOT:compile
[DEBUG]                   org.kie:kie-pmml-models-scorecard-compiler:jar:8.15.0-SNAPSHOT:compile
[DEBUG]                   org.kie:kie-pmml-models-scorecard-evaluator:jar:8.15.0-SNAPSHOT:compile
[DEBUG]                   org.kie:kie-pmml-models-mining-model:jar:8.15.0-SNAPSHOT:compile
[DEBUG]                   org.kie:kie-pmml-models-mining-compiler:jar:8.15.0-SNAPSHOT:compile
[DEBUG]                   org.kie:kie-pmml-models-mining-evaluator:jar:8.15.0-SNAPSHOT:compile
[DEBUG]                   org.kie:kie-pmml-models-clustering-model:jar:8.15.0-SNAPSHOT:compile
[DEBUG]                   org.kie:kie-pmml-models-clustering-compiler:jar:8.15.0-SNAPSHOT:compile
[DEBUG]                   org.kie:kie-pmml-models-clustering-evaluator:jar:8.15.0-SNAPSHOT:compile
[DEBUG]          org.kie.kogito:kogito-api-incubation-predictions-services:jar:2.0.0-SNAPSHOT:compile
[DEBUG]             org.kie.kogito:kogito-api-incubation-predictions:jar:2.0.0-SNAPSHOT:compile
[DEBUG]    io.quarkus:quarkus-arc:jar:2.4.0.Final:compile
[DEBUG]       io.quarkus.arc:arc:jar:2.4.0.Final:compile (version managed from 2.4.0.Final)
[DEBUG]          jakarta.enterprise:jakarta.enterprise.cdi-api:jar:2.0.2:compile (version managed from 2.0.2)
[DEBUG]             jakarta.el:jakarta.el-api:jar:3.0.3:compile
[DEBUG]          org.jboss.logging:jboss-logging:jar:3.4.2.Final:compile (version managed from 3.4.2.Final)
[DEBUG]       io.quarkus:quarkus-core:jar:2.4.0.Final:compile (version managed from 2.4.0.Final)
[DEBUG]          jakarta.inject:jakarta.inject-api:jar:1.0:compile (version managed from 1.0)
[DEBUG]          io.quarkus:quarkus-ide-launcher:jar:2.4.0.Final:compile (version managed from 2.4.0.Final) (exclusions managed from [*:*:*:*])
[DEBUG]          io.quarkus:quarkus-development-mode-spi:jar:2.4.0.Final:compile (version managed from 2.4.0.Final)
[DEBUG]          io.smallrye.config:smallrye-config:jar:2.5.1:compile (version managed from 2.5.1) (exclusions managed from [javax.enterprise:cdi-api:*:*, javax.annotation:javax.annotation-api:*:*])
[DEBUG]             io.smallrye.config:smallrye-config-core:jar:2.5.1:compile
[DEBUG]                io.smallrye.common:smallrye-common-expression:jar:1.6.0:compile (version managed from 1.6.0)
[DEBUG]                   io.smallrye.common:smallrye-common-function:jar:1.6.0:compile (version managed from 1.6.0)
[DEBUG]                io.smallrye.common:smallrye-common-constraint:jar:1.6.0:compile (version managed from 1.6.0)
[DEBUG]                io.smallrye.common:smallrye-common-classloader:jar:1.6.0:compile (version managed from 1.6.0)
[DEBUG]                io.smallrye.config:smallrye-config-common:jar:2.5.1:compile (version managed from 2.5.1)
[DEBUG]          org.jboss.logmanager:jboss-logmanager-embedded:jar:1.0.9:compile (version managed from 1.0.9) (exclusions managed from [org.graalvm.nativeimage:svm:*:*, org.jboss.modules:jboss-modules:*:*, org.glassfish:javax.json:*:*])
[DEBUG]          org.jboss.logging:jboss-logging-annotations:jar:2.2.1.Final:compile (version managed from 2.2.1.Final)
[DEBUG]          org.jboss.threads:jboss-threads:jar:3.4.2.Final:compile (version managed from 3.4.2.Final)
[DEBUG]          org.jboss.slf4j:slf4j-jboss-logmanager:jar:1.1.0.Final:compile (version managed from 1.1.0.Final)
[DEBUG]          org.graalvm.sdk:graal-sdk:jar:21.2.0:compile (version managed from 21.2.0)
[DEBUG]          org.wildfly.common:wildfly-common:jar:1.5.4.Final-format-001:compile (version managed from 1.5.4.Final-format-001)
[DEBUG]          io.quarkus:quarkus-bootstrap-runner:jar:2.4.0.Final:compile (version managed from 2.4.0.Final)
[DEBUG]       org.eclipse.microprofile.context-propagation:microprofile-context-propagation-api:jar:1.2:compile (version managed from 1.2)
[DEBUG]    io.quarkus:quarkus-resteasy:jar:2.4.0.Final:compile
[DEBUG]       io.quarkus:quarkus-vertx-http:jar:2.4.0.Final:compile (version managed from 2.4.0.Final)
[DEBUG]          io.quarkus:quarkus-security-runtime-spi:jar:2.4.0.Final:compile (version managed from 2.4.0.Final)
[DEBUG]          io.quarkus:quarkus-mutiny:jar:2.4.0.Final:compile (version managed from 2.4.0.Final)
[DEBUG]             io.quarkus:quarkus-smallrye-context-propagation:jar:2.4.0.Final:compile (version managed from 2.4.0.Final)
[DEBUG]                io.smallrye:smallrye-context-propagation:jar:1.2.2:compile (version managed from 1.2.2)
[DEBUG]                   io.smallrye:smallrye-context-propagation-api:jar:1.2.2:compile (version managed from 1.2.2)
[DEBUG]                   io.smallrye:smallrye-context-propagation-storage:jar:1.2.2:compile
[DEBUG]             io.smallrye.reactive:mutiny-smallrye-context-propagation:jar:1.1.2:compile (version managed from 1.1.2)
[DEBUG]          io.quarkus:quarkus-vertx-http-dev-console-runtime-spi:jar:2.4.0.Final:compile (version managed from 2.4.0.Final)
[DEBUG]          io.quarkus.security:quarkus-security:jar:1.1.4.Final:compile (version managed from 1.1.4.Final) (exclusions managed from [javax.enterprise:cdi-api:*:*])
[DEBUG]          io.quarkus:quarkus-vertx:jar:2.4.0.Final:compile (version managed from 2.4.0.Final)
[DEBUG]             io.netty:netty-codec-haproxy:jar:4.1.68.Final:compile (version managed from 4.1.68.Final)
[DEBUG]             io.smallrye:smallrye-fault-tolerance-vertx:jar:5.2.1:compile (version managed from 5.2.1)
[DEBUG]          io.smallrye.reactive:smallrye-mutiny-vertx-web:jar:2.14.1:compile (version managed from 2.14.1)
[DEBUG]             io.smallrye.reactive:smallrye-mutiny-vertx-bridge-common:jar:2.14.1:compile (version managed from 2.14.1)
[DEBUG]          io.vertx:vertx-web:jar:4.1.5:compile (version managed from 4.1.5)
[DEBUG]             io.vertx:vertx-web-common:jar:4.1.5:compile (version managed from 4.1.5)
[DEBUG]             io.vertx:vertx-auth-common:jar:4.1.5:compile (version managed from 4.1.5)
[DEBUG]             io.vertx:vertx-bridge-common:jar:4.1.5:compile (version managed from 4.1.5)
[DEBUG]       io.quarkus:quarkus-resteasy-server-common:jar:2.4.0.Final:compile (version managed from 2.4.0.Final)
[DEBUG]          jakarta.validation:jakarta.validation-api:jar:2.0.2:compile (version managed from 2.0.2)
[DEBUG]    org.kie.kogito:kogito-addons-quarkus-process-management:jar:2.0.0-SNAPSHOT:compile
[DEBUG]       org.kie.kogito:kogito-addons-process-management:jar:2.0.0-SNAPSHOT:compile
[DEBUG]       org.kie.kogito:kogito-addons-quarkus-rest-exception-handler:jar:2.0.0-SNAPSHOT:compile
[DEBUG]          org.kie.kogito:kogito-addons-rest-exception-handler:jar:2.0.0-SNAPSHOT:compile
[DEBUG]       org.kie.kogito:jbpm-flow:jar:2.0.0-SNAPSHOT:compile
[DEBUG]          org.kie.kogito:process-workitems:jar:2.0.0-SNAPSHOT:compile
[DEBUG]          org.kie.kogito:drools-core:jar:2.0.0-SNAPSHOT:compile
[DEBUG]             org.drools:drools-core:jar:8.15.0-SNAPSHOT:compile
[DEBUG]                org.kie:kie-util-xml:jar:8.15.0-SNAPSHOT:compile
[DEBUG]          com.github.javaparser:javaparser-symbol-solver-core:jar:3.23.1:compile
[DEBUG]             com.github.javaparser:javaparser-core:jar:3.23.1:compile
[DEBUG]             org.javassist:javassist:jar:3.28.0-GA:compile
[DEBUG]             com.google.guava:guava:jar:30.1.1-jre:compile (version managed from 31.0.1-jre)
[DEBUG]                com.google.guava:failureaccess:jar:1.0.1:compile
[DEBUG]                com.google.guava:listenablefuture:jar:9999.0-empty-to-avoid-conflict-with-guava:compile
[DEBUG]                com.google.code.findbugs:jsr305:jar:3.0.2:compile
[DEBUG]                org.checkerframework:checker-qual:jar:2.5.2:compile (version managed from 3.8.0)
[DEBUG]                com.google.j2objc:j2objc-annotations:jar:1.3:compile
[DEBUG]          org.drools:drools-mvel:jar:8.15.0-SNAPSHOT:compile
[DEBUG]             org.drools:drools-compiler:jar:8.15.0-SNAPSHOT:compile
[DEBUG]                org.drools:drools-ecj:jar:8.15.0-SNAPSHOT:compile
[DEBUG]                org.kie:kie-util-maven-support:jar:8.15.0-SNAPSHOT:compile
[DEBUG]                org.antlr:antlr-runtime:jar:3.5.2:compile
[DEBUG]          com.fasterxml.jackson.datatype:jackson-datatype-jsr310:jar:2.12.5:compile (version managed from 2.12.5)
[DEBUG]    org.kie.kogito:kogito-quarkus-processes:jar:2.0.0-SNAPSHOT:compile
[DEBUG]       org.kie.kogito:kogito-api-incubation-processes-services:jar:2.0.0-SNAPSHOT:compile
[DEBUG]          org.kie.kogito:kogito-api-incubation-processes:jar:2.0.0-SNAPSHOT:compile
[DEBUG]       org.kie.kogito:jbpm-bpmn2:jar:2.0.0-SNAPSHOT:compile
[DEBUG]          org.kie.kogito:drools-compiler:jar:2.0.0-SNAPSHOT:compile
[DEBUG]          org.kie.kogito:jbpm-flow-builder:jar:2.0.0-SNAPSHOT:compile
[DEBUG]       org.kie.kogito:process-serialization-protobuf:jar:2.0.0-SNAPSHOT:compile
[DEBUG]          com.google.protobuf:protobuf-java:jar:3.17.3:compile (version managed from 3.15.8)
[DEBUG]          com.google.protobuf:protobuf-java-util:jar:3.15.8:compile
[DEBUG]             com.google.errorprone:error_prone_annotations:jar:2.2.0:compile (version managed from 2.3.4) (exclusions managed from [])
[DEBUG]             com.google.code.gson:gson:jar:2.8.6:compile (version managed from 2.8.6)
[DEBUG]          org.infinispan.protostream:protostream:jar:4.4.1.Final:compile (version managed from 4.4.1.Final)
[DEBUG]       io.smallrye.reactive:smallrye-mutiny-vertx-web-client:jar:2.14.1:compile (version managed from 2.14.1)
[DEBUG]          io.vertx:vertx-web-client:jar:4.1.5:compile (version managed from 4.1.5)
[DEBUG]          io.smallrye.reactive:smallrye-mutiny-vertx-core:jar:2.14.1:compile (version managed from 2.14.1) (exclusions managed from [])
[DEBUG]             io.smallrye.reactive:smallrye-mutiny-vertx-runtime:jar:2.14.1:compile (version managed from 2.14.1)
[DEBUG]             io.smallrye.reactive:vertx-mutiny-generator:jar:2.14.1:compile
[DEBUG]                io.vertx:vertx-codegen:jar:4.1.5:compile (version managed from 4.1.5)
[DEBUG]          io.smallrye.reactive:smallrye-mutiny-vertx-auth-common:jar:2.14.1:compile (version managed from 2.14.1)
[DEBUG]          io.smallrye.reactive:smallrye-mutiny-vertx-web-common:jar:2.14.1:compile (version managed from 2.14.1)
[DEBUG]    org.kie.kogito:kogito-addons-quarkus-messaging:jar:2.0.0-SNAPSHOT:compile
[DEBUG]       org.kie.kogito:kogito-addons-quarkus-messaging-common:jar:2.0.0-SNAPSHOT:compile
[DEBUG]          org.kie.kogito:kogito-addons-messaging:jar:2.0.0-SNAPSHOT:compile
[DEBUG]          org.kie.kogito:kogito-addons-cloudevents-utils:jar:2.0.0-SNAPSHOT:compile
[DEBUG]             io.cloudevents:cloudevents-api:jar:2.2.0:compile
[DEBUG]          io.cloudevents:cloudevents-json-jackson:jar:2.2.0:compile
[DEBUG]       io.cloudevents:cloudevents-http-restful-ws:jar:2.2.0:compile
[DEBUG]          io.cloudevents:cloudevents-core:jar:2.2.0:compile
[DEBUG]          jakarta.ws.rs:jakarta.ws.rs-api:jar:2.1.6:compile
[DEBUG]    org.kie.kogito:kogito-addons-quarkus-events-process:jar:2.0.0-SNAPSHOT:compile
[DEBUG]       org.kie.kogito:kogito-events-api:jar:2.0.0-SNAPSHOT:compile
[DEBUG]          org.reactivestreams:reactive-streams:jar:1.0.3:compile (version managed from 1.0.3) (exclusions managed from [])
[DEBUG]       org.kie.kogito:kogito-services:jar:2.0.0-SNAPSHOT:compile
[DEBUG]       com.fasterxml.jackson.core:jackson-databind:jar:2.12.5:compile (version managed from 2.12.5)
[DEBUG]          com.fasterxml.jackson.core:jackson-core:jar:2.12.5:compile (version managed from 2.12.5)
[DEBUG]       io.smallrye.reactive:smallrye-reactive-messaging-provider:jar:3.10.1:compile (version managed from 3.10.1)
[DEBUG]          io.smallrye.reactive:smallrye-reactive-messaging-api:jar:3.10.1:compile (version managed from 3.10.1)
[DEBUG]          org.jboss:jandex:jar:2.4.1.Final:compile (version managed from 2.4.0.Final)
[DEBUG]          io.smallrye.reactive:smallrye-reactive-converter-api:jar:2.6.0:compile (version managed from 2.6.0)
[DEBUG]          io.smallrye.reactive:mutiny:jar:1.1.2:compile (version managed from 0.18.1)
[DEBUG]       org.eclipse.microprofile.config:microprofile-config-api:jar:2.0:compile (version managed from 2.0) (exclusions managed from [org.osgi:org.osgi.annotation.versioning:*:*])
[DEBUG]       org.slf4j:slf4j-api:jar:1.7.30:compile (version managed from 1.7.30)
[DEBUG]    io.quarkus:quarkus-smallrye-reactive-messaging-kafka:jar:2.4.0.Final:compile
[DEBUG]       io.quarkus:quarkus-kafka-client:jar:2.4.0.Final:compile (version managed from 2.4.0.Final)
[DEBUG]       io.smallrye.reactive:smallrye-reactive-messaging-kafka:jar:3.10.1:compile (version managed from 3.10.1) (exclusions managed from [com.fasterxml.jackson.core:jackson-core:*:*, org.scala-lang:scala-reflect:*:*, org.apache.kafka:kafka-clients:*:*, com.101tec:zkclient:*:*, org.slf4j:slf4j-log4j12:*:*, log4j:log4j:*:*])
[DEBUG]          io.smallrye.reactive:smallrye-reactive-messaging-kafka-api:jar:3.10.1:compile
[DEBUG]          io.opentelemetry:opentelemetry-api:jar:1.6.0:compile (version managed from 1.6.0)
[DEBUG]             io.opentelemetry:opentelemetry-context:jar:1.6.0:compile (version managed from 1.6.0)
[DEBUG]          io.opentelemetry:opentelemetry-semconv:jar:1.6.0-alpha:compile (version managed from 1.6.0-alpha)
[DEBUG]       io.quarkus:quarkus-jackson:jar:2.4.0.Final:compile (version managed from 2.4.0.Final)
[DEBUG]          com.fasterxml.jackson.datatype:jackson-datatype-jdk8:jar:2.12.5:compile (version managed from 2.12.5)
[DEBUG]          com.fasterxml.jackson.module:jackson-module-parameter-names:jar:2.12.5:compile (version managed from 2.12.5)
[DEBUG]       org.apache.kafka:kafka-clients:jar:2.8.1:compile (version managed from 2.8.1)
[DEBUG]          com.github.luben:zstd-jni:jar:1.4.9-1:compile
[DEBUG]          org.lz4:lz4-java:jar:1.7.1:compile
[DEBUG]          org.xerial.snappy:snappy-java:jar:1.1.8.1:compile
[DEBUG]       io.vertx:vertx-kafka-client:jar:4.1.5:compile (version managed from 4.1.5) (exclusions managed from [com.google.code.findbugs:jsr305:*:*, log4j:log4j:*:*])
[DEBUG]          io.vertx:vertx-core:jar:4.1.5:compile (version managed from 4.1.5)
[DEBUG]             io.netty:netty-common:jar:4.1.68.Final:compile (version managed from 4.1.68.Final)
[DEBUG]             io.netty:netty-buffer:jar:4.1.68.Final:compile (version managed from 4.1.68.Final)
[DEBUG]             io.netty:netty-transport:jar:4.1.68.Final:compile (version managed from 4.1.68.Final)
[DEBUG]             io.netty:netty-handler-proxy:jar:4.1.68.Final:compile (version managed from 4.1.68.Final)
[DEBUG]                io.netty:netty-codec-socks:jar:4.1.68.Final:compile (version managed from 4.1.68.Final)
[DEBUG]             io.netty:netty-resolver:jar:4.1.68.Final:compile (version managed from 4.1.68.Final)
[DEBUG]             io.netty:netty-resolver-dns:jar:4.1.68.Final:compile (version managed from 4.1.68.Final)
[DEBUG]                io.netty:netty-codec-dns:jar:4.1.68.Final:compile (version managed from 4.1.68.Final)
[DEBUG]       io.quarkus:quarkus-smallrye-reactive-messaging:jar:2.4.0.Final:compile (version managed from 2.4.0.Final)
[DEBUG]          io.quarkus:quarkus-mutiny-reactive-streams-operators:jar:2.4.0.Final:compile (version managed from 2.4.0.Final)
[DEBUG]             org.eclipse.microprofile.reactive-streams-operators:microprofile-reactive-streams-operators-api:jar:1.0.1:compile (version managed from 1.0.1) (exclusions managed from [org.osgi:org.osgi.annotation.versioning:*:*])
[DEBUG]             org.eclipse.microprofile.reactive-streams-operators:microprofile-reactive-streams-operators-core:jar:1.0.1:compile (version managed from 1.0.1)
[DEBUG]             io.smallrye.reactive:mutiny-reactive-streams-operators:jar:1.1.2:compile (version managed from 1.1.2)
[DEBUG]          io.quarkus:quarkus-smallrye-reactive-messaging-kotlin:jar:2.4.0.Final:compile (version managed from 2.4.0.Final)
[DEBUG]          io.smallrye.common:smallrye-common-annotation:jar:1.6.0:compile (version managed from 1.6.0)
[DEBUG]          io.smallrye.reactive:smallrye-reactive-messaging-health:jar:3.10.1:compile (version managed from 3.10.1)
[DEBUG]       jakarta.annotation:jakarta.annotation-api:jar:1.3.5:compile (version managed from 1.3.5)
[DEBUG]    io.quarkus:quarkus-resteasy-jackson:jar:2.4.0.Final:compile
[DEBUG]       org.jboss.resteasy:resteasy-jackson2-provider:jar:4.7.0.Final:compile (version managed from 4.7.0.Final)
[DEBUG]          com.fasterxml.jackson.jaxrs:jackson-jaxrs-json-provider:jar:2.12.5:compile (version managed from 2.12.3)
[DEBUG]             com.fasterxml.jackson.jaxrs:jackson-jaxrs-base:jar:2.12.5:compile (version managed from 2.12.5)
[DEBUG]             com.fasterxml.jackson.module:jackson-module-jaxb-annotations:jar:2.12.5:compile (version managed from 2.12.5)
[DEBUG]          com.github.java-json-tools:json-patch:jar:1.13:compile
[DEBUG]             com.github.java-json-tools:msg-simple:jar:1.2:compile
[DEBUG]                com.github.java-json-tools:btf:jar:1.3:compile
[DEBUG]             com.github.java-json-tools:jackson-coreutils:jar:2.0:compile
[DEBUG]       org.jboss.spec.javax.xml.bind:jboss-jaxb-api_2.3_spec:jar:2.0.0.Final:compile (version managed from 2.0.0.Final)
[DEBUG]    io.quarkus:quarkus-smallrye-openapi:jar:2.4.0.Final:compile (exclusions managed from [org.jboss.shrinkwrap:shrinkwrap-api:*:*])
[DEBUG]       io.smallrye:smallrye-open-api-core:jar:2.1.15:compile (version managed from 2.1.15) (exclusions managed from [org.osgi:org.osgi.annotation.versioning:*:*])
[DEBUG]          org.eclipse.microprofile.openapi:microprofile-openapi-api:jar:2.0.1-RC1:compile
[DEBUG]          com.fasterxml.jackson.dataformat:jackson-dataformat-yaml:jar:2.12.5:compile (version managed from 2.12.5)
[DEBUG]             org.yaml:snakeyaml:jar:1.29:compile (version managed from 1.27)
[DEBUG]       io.quarkus:quarkus-swagger-ui:jar:2.4.0.Final:compile (version managed from 2.4.0.Final)
[DEBUG]    org.kie.kogito:kogito-api:jar:2.0.0-SNAPSHOT:compile
[DEBUG]       com.fasterxml.jackson.core:jackson-annotations:jar:2.12.5:compile (version managed from 2.12.5)
[DEBUG]       org.kie:kie-api:jar:8.15.0-SNAPSHOT:compile
[DEBUG]       org.kie:kie-dmn-api:jar:8.15.0-SNAPSHOT:compile
[DEBUG]          org.kie:kie-internal:jar:8.15.0-SNAPSHOT:compile
[DEBUG]          org.kie:kie-dmn-model:jar:8.15.0-SNAPSHOT:compile
[DEBUG]       org.kie.kogito:kogito-timer:jar:2.0.0-SNAPSHOT:compile
[DEBUG]       org.kie.kogito:kogito-pmml-api-dependencies:pom:2.0.0-SNAPSHOT:compile
[DEBUG]          org.kie:kie-pmml-evaluator-api:jar:8.15.0-SNAPSHOT:compile
[DEBUG]             org.kie:kie-pmml-api:jar:8.15.0-SNAPSHOT:compile
[DEBUG]                org.apache.commons:commons-math3:jar:3.4.1:compile
[DEBUG]          org.kie:kie-pmml-commons:jar:8.15.0-SNAPSHOT:compile
[DEBUG]             org.apache.commons:commons-text:jar:1.9:compile
[DEBUG]    io.quarkus:quarkus-smallrye-health:jar:2.4.0.Final:compile
[DEBUG]       io.smallrye:smallrye-health:jar:3.1.1:compile (version managed from 3.1.1)
[DEBUG]          org.eclipse.microprofile.health:microprofile-health-api:jar:3.1:compile
[DEBUG]          io.smallrye:smallrye-health-api:jar:3.1.1:compile
[DEBUG]       io.smallrye:smallrye-health-provided-checks:jar:3.1.1:compile (version managed from 3.1.1)
[DEBUG]       io.quarkus:quarkus-jsonp:jar:2.4.0.Final:compile (version managed from 2.4.0.Final)
[DEBUG]          org.glassfish:jakarta.json:jar:1.1.6:compile (version managed from 1.1.6)
[DEBUG]    io.quarkus:quarkus-infinispan-client:jar:2.4.0.Final:compile
[DEBUG]       io.quarkus:quarkus-caffeine:jar:2.4.0.Final:compile (version managed from 2.4.0.Final)
[DEBUG]          com.github.ben-manes.caffeine:caffeine:jar:2.9.2:compile (version managed from 2.9.2) (exclusions managed from [org.checkerframework:checker-qual:*:*])
[DEBUG]       io.quarkus:quarkus-netty:jar:2.4.0.Final:compile (version managed from 2.4.0.Final)
[DEBUG]          io.netty:netty-codec:jar:4.1.68.Final:compile (version managed from 4.1.68.Final)
[DEBUG]          io.netty:netty-codec-http:jar:4.1.68.Final:compile (version managed from 4.1.68.Final)
[DEBUG]          io.netty:netty-codec-http2:jar:4.1.68.Final:compile (version managed from 4.1.68.Final)
[DEBUG]          io.netty:netty-handler:jar:4.1.68.Final:compile (version managed from 4.1.68.Final)
[DEBUG]       io.quarkus:quarkus-elytron-security-common:jar:2.4.0.Final:compile (version managed from 2.4.0.Final)
[DEBUG]          org.wildfly.security:wildfly-elytron-credential:jar:1.17.2.Final:compile (version managed from 1.17.2.Final)
[DEBUG]             org.wildfly.security:wildfly-elytron-asn1:jar:1.17.2.Final:compile (version managed from 1.17.2.Final)
[DEBUG]             org.wildfly.security:wildfly-elytron-keystore:jar:1.17.2.Final:compile
[DEBUG]                org.wildfly.security:wildfly-elytron-x500-cert:jar:1.17.2.Final:compile (version managed from 1.17.2.Final)
[DEBUG]                   org.wildfly.security:wildfly-elytron-x500-cert-util:jar:1.17.2.Final:compile
[DEBUG]                   org.apache.sshd:sshd-common:jar:2.3.0:compile
[DEBUG]             org.wildfly.security:wildfly-elytron-provider-util:jar:1.17.2.Final:compile
[DEBUG]             org.wildfly.security:wildfly-elytron-x500:jar:1.17.2.Final:compile
[DEBUG]          org.wildfly.security:wildfly-elytron-password-impl:jar:1.17.2.Final:compile (version managed from 1.17.2.Final)
[DEBUG]       org.wildfly.security:wildfly-elytron-sasl-plain:jar:1.17.2.Final:compile (version managed from 1.17.2.Final)
[DEBUG]          org.wildfly.security:wildfly-elytron-auth-server:jar:1.17.2.Final:compile (version managed from 1.17.2.Final)
[DEBUG]             org.wildfly.security:wildfly-elytron-auth:jar:1.17.2.Final:compile
[DEBUG]             org.wildfly.security:wildfly-elytron-base:jar:1.17.2.Final:compile
[DEBUG]             org.wildfly.security:wildfly-elytron-permission:jar:1.17.2.Final:compile
[DEBUG]          org.wildfly.security:wildfly-elytron-sasl:jar:1.17.2.Final:compile
[DEBUG]             org.wildfly.security:wildfly-elytron-ssl:jar:1.17.2.Final:compile (version managed from 1.17.2.Final)
[DEBUG]          org.wildfly.security:wildfly-elytron-mechanism:jar:1.17.2.Final:compile
[DEBUG]             org.wildfly.security:wildfly-elytron-http:jar:1.17.2.Final:compile
[DEBUG]       org.wildfly.security:wildfly-elytron-sasl-digest:jar:1.17.2.Final:compile (version managed from 1.17.2.Final)
[DEBUG]          org.wildfly.security:wildfly-elytron-mechanism-digest:jar:1.17.2.Final:compile
[DEBUG]          org.wildfly.security:wildfly-elytron-util:jar:1.17.2.Final:compile
[DEBUG]       org.wildfly.security:wildfly-elytron-sasl-external:jar:1.17.2.Final:compile (version managed from 1.17.2.Final)
[DEBUG]       org.wildfly.security:wildfly-elytron-sasl-oauth2:jar:1.17.2.Final:compile (version managed from 1.17.2.Final)
[DEBUG]          org.wildfly.security:wildfly-elytron-mechanism-oauth2:jar:1.17.2.Final:compile
[DEBUG]       org.wildfly.security:wildfly-elytron-sasl-scram:jar:1.17.2.Final:compile (version managed from 1.17.2.Final)
[DEBUG]          org.wildfly.security:wildfly-elytron-mechanism-scram:jar:1.17.2.Final:compile
[DEBUG]       org.infinispan:infinispan-client-hotrod:jar:12.1.7.Final:compile (version managed from 12.1.7.Final)
[DEBUG]          org.infinispan:infinispan-commons:jar:12.1.7.Final:compile (version managed from 12.1.7.Final)
[DEBUG]          org.wildfly.security:wildfly-elytron-sasl-gs2:jar:1.17.2.Final:compile (version managed from 1.15.1.Final)
[DEBUG]             org.wildfly.security:wildfly-elytron-mechanism-gssapi:jar:1.17.2.Final:compile
[DEBUG]             org.wildfly.security:wildfly-elytron-security-manager-action:jar:1.17.2.Final:compile (version managed from 1.17.2.Final)
[DEBUG]          org.wildfly.security:wildfly-elytron-sasl-gssapi:jar:1.17.2.Final:compile (version managed from 1.15.1.Final)
[DEBUG]          io.reactivex.rxjava3:rxjava:jar:3.0.4:compile
[DEBUG]          io.netty:netty-transport-native-epoll:jar:linux-x86_64:4.1.68.Final:compile (version managed from 4.1.63.Final)
[DEBUG]             io.netty:netty-transport-native-unix-common:jar:4.1.68.Final:compile (version managed from 4.1.68.Final)
[DEBUG]       jakarta.transaction:jakarta.transaction-api:jar:1.3.3:compile (version managed from 1.3.3)
[DEBUG]       org.infinispan:infinispan-remote-query-client:jar:12.1.7.Final:compile (version managed from 12.1.7.Final)
[DEBUG]       org.infinispan:infinispan-query-dsl:jar:12.1.7.Final:compile (version managed from 12.1.7.Final)
[DEBUG]       org.infinispan.protostream:protostream-processor:jar:4.4.1.Final:compile (version managed from 4.4.1.Final)
[DEBUG]       org.infinispan.protostream:protostream-types:jar:4.4.1.Final:compile (version managed from 4.4.1.Final)
[DEBUG]    org.kie.kogito:kogito-addons-persistence-infinispan:jar:2.0.0-SNAPSHOT:compile
[DEBUG]       org.infinispan:infinispan-commons-jdk11:jar:12.1.7.Final:compile
[DEBUG]    org.kie.kogito:kogito-addons-quarkus-monitoring-prometheus:jar:2.0.0-SNAPSHOT:compile
[DEBUG]       io.quarkus:quarkus-micrometer-registry-prometheus:jar:2.4.0.Final:compile (version managed from 2.4.2.Final)
[DEBUG]          io.quarkus:quarkus-micrometer:jar:2.4.0.Final:compile (version managed from 2.4.0.Final)
[DEBUG]             io.micrometer:micrometer-core:jar:1.7.4:compile (version managed from 1.7.4)
[DEBUG]                org.hdrhistogram:HdrHistogram:jar:2.1.12:compile
[DEBUG]                org.latencyutils:LatencyUtils:jar:2.0.3:runtime
[DEBUG]          io.micrometer:micrometer-registry-prometheus:jar:1.7.4:compile (version managed from 1.7.4)
[DEBUG]             io.prometheus:simpleclient_common:jar:0.10.0:compile
[DEBUG]                io.prometheus:simpleclient:jar:0.10.0:compile
[DEBUG]       org.kie.kogito:kogito-addons-monitoring-prometheus:jar:2.0.0-SNAPSHOT:compile
[DEBUG]          org.kie.kogito:kogito-addons-monitoring-core:jar:2.0.0-SNAPSHOT:compile
[DEBUG]             org.kie.kogito:grafana-api:jar:2.0.0-SNAPSHOT:compile
[DEBUG]       org.kie.kogito:kogito-addons-quarkus-monitoring-core:jar:2.0.0-SNAPSHOT:compile
[DEBUG]    io.quarkus:quarkus-rest-client:jar:2.4.0.Final:compile
[DEBUG]       io.quarkus:quarkus-resteasy-common:jar:2.4.0.Final:compile (version managed from 2.4.0.Final)
[DEBUG]          org.jboss.resteasy:resteasy-core:jar:4.7.0.Final:compile (version managed from 4.7.0.Final) (exclusions managed from [jakarta.activation:jakarta.activation-api:*:*])
[DEBUG]             org.jboss.spec.javax.ws.rs:jboss-jaxrs-api_2.1_spec:jar:2.0.1.Final:compile (version managed from 2.0.1.Final)
[DEBUG]             org.jboss.resteasy:resteasy-core-spi:jar:4.7.0.Final:compile (version managed from 4.7.0.Final) (exclusions managed from [])
[DEBUG]             com.ibm.async:asyncutil:jar:0.1.0:compile
[DEBUG]          com.sun.activation:jakarta.activation:jar:1.2.1:compile (version managed from 1.2.1)
[DEBUG]       io.quarkus:quarkus-apache-httpclient:jar:2.4.0.Final:compile (version managed from 2.4.0.Final)
[DEBUG]       io.quarkus:quarkus-rest-client-config:jar:2.4.0.Final:compile (version managed from 2.4.0.Final)
[DEBUG]          org.eclipse.microprofile.rest.client:microprofile-rest-client-api:jar:2.0:compile (version managed from 2.0)
[DEBUG]       org.jboss.resteasy:resteasy-client-microprofile:jar:4.7.0.Final:compile (version managed from 4.7.0.Final) (exclusions managed from [org.jboss.spec.javax.interceptor:jboss-interceptors-api_1.2_spec:*:*, org.jboss.weld:weld-api:*:*])
[DEBUG]          org.jboss.resteasy:resteasy-client-microprofile-base:jar:4.7.0.Final:compile
[DEBUG]             org.jboss.resteasy:resteasy-client:jar:4.7.0.Final:compile (version managed from 4.7.0.Final)
[DEBUG]                org.jboss.resteasy:resteasy-client-api:jar:4.7.0.Final:compile (version managed from 4.7.0.Final)
[DEBUG]                commons-io:commons-io:jar:2.11.0:compile (version managed from 2.9.0)
[DEBUG]             org.jboss.resteasy:resteasy-cdi:jar:4.7.0.Final:compile (version managed from 4.7.0.Final)
[DEBUG]       jakarta.interceptor:jakarta.interceptor-api:jar:1.2.5:compile (version managed from 1.2.5) (exclusions managed from [jakarta.ejb:jakarta.ejb-api:*:*])
[DEBUG]       org.apache.httpcomponents:httpasyncclient:jar:4.1.4:compile (version managed from 4.1.4)
[DEBUG]          org.apache.httpcomponents:httpcore:jar:4.4.14:compile (version managed from 4.4.10)
[DEBUG]          org.apache.httpcomponents:httpcore-nio:jar:4.4.14:compile (version managed from 4.4.10)
[DEBUG]       org.jboss.logging:commons-logging-jboss-logging:jar:1.0.0.Final:compile (version managed from 1.0.0.Final)
[DEBUG]    io.quarkus:quarkus-junit5:jar:2.4.0.Final:test
[DEBUG]       io.quarkus:quarkus-bootstrap-core:jar:2.4.0.Final:test (version managed from 2.4.0.Final)
[DEBUG]          io.quarkus:quarkus-bootstrap-app-model:jar:2.4.0.Final:test (version managed from 2.4.0.Final)
[DEBUG]          io.quarkus:quarkus-bootstrap-maven-resolver:jar:2.4.0.Final:test (version managed from 2.4.0.Final)
[DEBUG]             org.apache.maven:maven-embedder:jar:3.8.1:test (version managed from 3.8.1) (exclusions managed from [org.sonatype.plexus:plexus-sec-dispatcher:*:*, org.sonatype.plexus:plexus-cipher:*:*, javax.annotation:jsr250-api:*:*, javax.inject:javax.inject:*:*, javax.enterprise:cdi-api:*:*, org.checkerframework:checker-qual:*:*, org.slf4j:slf4j-api:*:*])
[DEBUG]                org.apache.maven:maven-settings:jar:3.8.1:test (version managed from 3.8.1)
[DEBUG]                org.apache.maven:maven-core:jar:3.8.1:test (version managed from 3.8.1) (exclusions managed from [])
[DEBUG]                   org.apache.maven:maven-artifact:jar:3.8.1:test
[DEBUG]                   org.codehaus.plexus:plexus-component-annotations:jar:2.1.0:test (version managed from 2.1.0)
[DEBUG]                org.apache.maven:maven-plugin-api:jar:3.8.1:test (version managed from 3.8.1) (exclusions managed from [])
[DEBUG]                org.apache.maven:maven-model:jar:3.8.1:test (version managed from 3.8.1)
[DEBUG]                org.apache.maven:maven-model-builder:jar:3.8.1:test
[DEBUG]                org.apache.maven:maven-builder-support:jar:3.8.1:test
[DEBUG]                org.apache.maven.resolver:maven-resolver-api:jar:1.6.2:test
[DEBUG]                org.apache.maven.resolver:maven-resolver-util:jar:1.6.2:test
[DEBUG]                org.apache.maven.shared:maven-shared-utils:jar:3.3.3:test (version managed from 3.2.1)
[DEBUG]                com.google.inject:guice:jar:no_aop:4.2.1:test
[DEBUG]                org.codehaus.plexus:plexus-utils:jar:3.2.1:test (version managed from 3.2.1)
[DEBUG]                org.codehaus.plexus:plexus-classworlds:jar:2.6.0:test (version managed from 2.6.0) (exclusions managed from [])
[DEBUG]                commons-cli:commons-cli:jar:1.4:test
[DEBUG]             org.eclipse.sisu:org.eclipse.sisu.plexus:jar:0.3.4:test (version managed from 0.3.4) (exclusions managed from [*:*:*:*])
[DEBUG]             org.apache.maven:maven-settings-builder:jar:3.8.1:test (version managed from 3.8.1) (exclusions managed from [javax.inject:javax.inject:*:*, org.codehaus.plexus:plexus-utils:*:*])
[DEBUG]                org.codehaus.plexus:plexus-interpolation:jar:1.25:test
[DEBUG]                org.sonatype.plexus:plexus-sec-dispatcher:jar:1.4:test
[DEBUG]                   org.sonatype.plexus:plexus-cipher:jar:1.4:test
[DEBUG]             org.apache.maven:maven-resolver-provider:jar:3.8.1:test (version managed from 3.8.1) (exclusions managed from [javax.inject:javax.inject:*:*, org.slf4j:slf4j-api:*:*])
[DEBUG]                org.apache.maven:maven-repository-metadata:jar:3.8.1:test
[DEBUG]                org.apache.maven.resolver:maven-resolver-spi:jar:1.6.2:test
[DEBUG]                org.apache.maven.resolver:maven-resolver-impl:jar:1.6.2:test
[DEBUG]             org.apache.maven.resolver:maven-resolver-connector-basic:jar:1.6.2:test (version managed from 1.6.2) (exclusions managed from [org.slf4j:slf4j-api:*:*])
[DEBUG]             org.apache.maven.resolver:maven-resolver-transport-wagon:jar:1.6.2:test (version managed from 1.6.2) (exclusions managed from [org.apache.maven.wagon:wagon-provider-api:*:*])
[DEBUG]             org.apache.maven.wagon:wagon-http:jar:3.4.3:test (version managed from 3.4.3) (exclusions managed from [org.slf4j:jcl-over-slf4j:*:*, org.slf4j:slf4j-simple:*:*])
[DEBUG]                org.apache.maven.wagon:wagon-http-shared:jar:3.4.3:test
[DEBUG]                   org.jsoup:jsoup:jar:1.12.1:test
[DEBUG]                org.apache.maven.wagon:wagon-provider-api:jar:3.4.3:test
[DEBUG]             org.apache.maven.wagon:wagon-file:jar:3.4.3:test (version managed from 3.4.3) (exclusions managed from [org.slf4j:slf4j-simple:*:*])
[DEBUG]          io.quarkus:quarkus-bootstrap-gradle-resolver:jar:2.4.0.Final:test (version managed from 2.4.0.Final)
[DEBUG]          io.smallrye.common:smallrye-common-io:jar:1.6.0:compile (version managed from 1.6.0)
[DEBUG]       org.eclipse.sisu:org.eclipse.sisu.inject:jar:0.3.4:test (version managed from 0.3.4)
[DEBUG]       io.quarkus:quarkus-test-common:jar:2.4.0.Final:test (version managed from 2.4.0.Final)
[DEBUG]          io.quarkus:quarkus-core-deployment:jar:2.4.0.Final:test (version managed from 2.4.0.Final)
[DEBUG]             org.aesh:readline:jar:2.1:test (version managed from 2.1)
[DEBUG]                org.fusesource.jansi:jansi:jar:1.18:test
[DEBUG]             org.ow2.asm:asm:jar:9.2:compile (version managed from 9.2)
[DEBUG]             org.ow2.asm:asm-commons:jar:9.2:test (version managed from 9.2)
[DEBUG]                org.ow2.asm:asm-tree:jar:9.2:compile (version managed from 9.2)
[DEBUG]                org.ow2.asm:asm-analysis:jar:9.2:compile (version managed from 9.2)
[DEBUG]             io.quarkus:quarkus-class-change-agent:jar:2.4.0.Final:test (version managed from 2.4.0.Final)
[DEBUG]             io.quarkus:quarkus-devtools-utilities:jar:2.4.0.Final:test
[DEBUG]             io.quarkus:quarkus-builder:jar:2.4.0.Final:test (version managed from 2.4.0.Final)
[DEBUG]             org.junit.platform:junit-platform-launcher:jar:1.8.1:test (version managed from 1.8.1)
[DEBUG]          io.quarkus:quarkus-jsonp-deployment:jar:2.4.0.Final:test (version managed from 2.4.0.Final)
[DEBUG]       org.junit.jupiter:junit-jupiter:jar:5.8.1:test (version managed from 5.8.1)
[DEBUG]          org.junit.jupiter:junit-jupiter-api:jar:5.8.1:test (version managed from 5.8.1)
[DEBUG]             org.opentest4j:opentest4j:jar:1.2.0:test
[DEBUG]             org.junit.platform:junit-platform-commons:jar:1.8.1:test (version managed from 1.8.1)
[DEBUG]             org.apiguardian:apiguardian-api:jar:1.1.2:test
[DEBUG]          org.junit.jupiter:junit-jupiter-params:jar:5.8.1:test (version managed from 5.8.1)
[DEBUG]          org.junit.jupiter:junit-jupiter-engine:jar:5.8.1:test (version managed from 5.8.1)
[DEBUG]             org.junit.platform:junit-platform-engine:jar:1.8.1:test (version managed from 1.8.1)
[DEBUG]       com.thoughtworks.xstream:xstream:jar:1.4.18:compile
[DEBUG]          io.github.x-stream:mxparser:jar:1.2.2:compile
[DEBUG]             xmlpull:xmlpull:jar:1.1.3.1:compile
[DEBUG]    io.rest-assured:rest-assured:jar:4.4.0:test (exclusions managed from [javax.activation:activation:*:*, javax.activation:javax.activation-api:*:*, jakarta.activation:jakarta.activation-api:*:*, com.sun.xml.bind:jaxb-osgi:*:*, commons-logging:commons-logging:*:*])
[DEBUG]       org.codehaus.groovy:groovy:jar:3.0.8:test
[DEBUG]       org.codehaus.groovy:groovy-xml:jar:3.0.8:test
[DEBUG]       org.apache.httpcomponents:httpclient:jar:4.5.13:compile (version managed from 4.5.13)
[DEBUG]          commons-codec:commons-codec:jar:1.15:compile (version managed from 1.11)
[DEBUG]       org.apache.httpcomponents:httpmime:jar:4.5.13:test (version managed from 4.5.13)
[DEBUG]       org.hamcrest:hamcrest:jar:2.1:test
[DEBUG]       org.ccil.cowan.tagsoup:tagsoup:jar:1.2.1:test
[DEBUG]       io.rest-assured:json-path:jar:4.4.0:test
[DEBUG]          org.codehaus.groovy:groovy-json:jar:3.0.8:test
[DEBUG]          io.rest-assured:rest-assured-common:jar:4.4.0:test
[DEBUG]       io.rest-assured:xml-path:jar:4.4.0:test
[DEBUG]          org.apache.commons:commons-lang3:jar:3.12.0:compile (version managed from 3.11)
[DEBUG]          jakarta.xml.bind:jakarta.xml.bind-api:jar:2.3.3:compile (version managed from 2.3.3)
[DEBUG]          com.sun.xml.bind:jaxb-impl:jar:2.3.3:test
[DEBUG] Skipped remote request for org.kie.kogito:kogito-quarkus-processes:2.0.0-SNAPSHOT/maven-metadata.xml, locally cached metadata up-to-date
[DEBUG] org.kie.kogito:kogito-quarkus-processes:2.0.0-SNAPSHOT/maven-metadata.xml was not found in https://repository.apache.org/content/groups/public/ during a previous attempt. This failure was cached in the local repository and resolution is not be reattempted until the update interval of apache-public has elapsed or updates are forced
[DEBUG] org.kie.kogito:kogito-quarkus-processes:2.0.0-SNAPSHOT/maven-metadata.xml was not found in https://repo.fusesource.com/nexus/content/groups/public-snapshots/ during a previous attempt. This failure was cached in the local repository and resolution is not be reattempted until the update interval of fusesource.snapshot has elapsed or updates are forced
[DEBUG] Skipped remote request for org.kie.kogito:kogito-api:2.0.0-SNAPSHOT/maven-metadata.xml, locally cached metadata up-to-date
[DEBUG] org.kie.kogito:kogito-api:2.0.0-SNAPSHOT/maven-metadata.xml was not found in https://repository.apache.org/content/groups/public/ during a previous attempt. This failure was cached in the local repository and resolution is not be reattempted until the update interval of apache-public has elapsed or updates are forced
[DEBUG] org.kie.kogito:kogito-api:2.0.0-SNAPSHOT/maven-metadata.xml was not found in https://repo.fusesource.com/nexus/content/groups/public-snapshots/ during a previous attempt. This failure was cached in the local repository and resolution is not be reattempted until the update interval of fusesource.snapshot has elapsed or updates are forced
[INFO] 
[INFO] --- maven-clean-plugin:2.5:clean (default-clean) @ imsa-process-kogito ---
[DEBUG] Dependency collection stats {ConflictMarker.analyzeTime=42997, ConflictMarker.markTime=20133, ConflictMarker.nodeCount=3, ConflictIdSorter.graphTime=24937, ConflictIdSorter.topsortTime=9251, ConflictIdSorter.conflictIdCount=3, ConflictIdSorter.conflictIdCycleCount=0, ConflictResolver.totalTime=238178, ConflictResolver.conflictItemCount=3, DefaultDependencyCollector.collectTime=14154853, DefaultDependencyCollector.transformTime=413195}
[DEBUG] org.apache.maven.plugins:maven-clean-plugin:jar:2.5
[DEBUG]    org.apache.maven:maven-plugin-api:jar:2.0.6:compile
[DEBUG]    org.codehaus.plexus:plexus-utils:jar:3.0:compile
[DEBUG] Created new class realm plugin>org.apache.maven.plugins:maven-clean-plugin:2.5
[DEBUG] Importing foreign packages into class realm plugin>org.apache.maven.plugins:maven-clean-plugin:2.5
[DEBUG]   Imported:  < maven.api
[DEBUG] Populating class realm plugin>org.apache.maven.plugins:maven-clean-plugin:2.5
[DEBUG]   Included: org.apache.maven.plugins:maven-clean-plugin:jar:2.5
[DEBUG]   Included: org.codehaus.plexus:plexus-utils:jar:3.0
[DEBUG] Configuring mojo org.apache.maven.plugins:maven-clean-plugin:2.5:clean from plugin realm ClassRealm[plugin>org.apache.maven.plugins:maven-clean-plugin:2.5, parent: jdk.internal.loader.ClassLoaders$AppClassLoader@277050dc]
[DEBUG] Configuring mojo 'org.apache.maven.plugins:maven-clean-plugin:2.5:clean' with basic configurator -->
[DEBUG]   (f) directory = /Users/mouachani/projects/imsa/imsa-process-kogito/target
[DEBUG]   (f) excludeDefaultDirectories = false
[DEBUG]   (f) failOnError = true
[DEBUG]   (f) followSymLinks = false
[DEBUG]   (f) outputDirectory = /Users/mouachani/projects/imsa/imsa-process-kogito/target/classes
[DEBUG]   (f) reportDirectory = /Users/mouachani/projects/imsa/imsa-process-kogito/target/site
[DEBUG]   (f) retryOnError = true
[DEBUG]   (f) skip = false
[DEBUG]   (f) testOutputDirectory = /Users/mouachani/projects/imsa/imsa-process-kogito/target/test-classes
[DEBUG] -- end configuration --
[INFO] Deleting /Users/mouachani/projects/imsa/imsa-process-kogito/target
[INFO] Deleting file /Users/mouachani/projects/imsa/imsa-process-kogito/target/maven-archiver/pom.properties
[INFO] Deleting directory /Users/mouachani/projects/imsa/imsa-process-kogito/target/maven-archiver
[INFO] Deleting file /Users/mouachani/projects/imsa/imsa-process-kogito/target/maven-status/maven-compiler-plugin/compile/default-compile/createdFiles.lst
[INFO] Deleting file /Users/mouachani/projects/imsa/imsa-process-kogito/target/maven-status/maven-compiler-plugin/compile/default-compile/inputFiles.lst
[INFO] Deleting directory /Users/mouachani/projects/imsa/imsa-process-kogito/target/maven-status/maven-compiler-plugin/compile/default-compile
[INFO] Deleting directory /Users/mouachani/projects/imsa/imsa-process-kogito/target/maven-status/maven-compiler-plugin/compile
[INFO] Deleting file /Users/mouachani/projects/imsa/imsa-process-kogito/target/maven-status/maven-compiler-plugin/testCompile/default-testCompile/inputFiles.lst
[INFO] Deleting directory /Users/mouachani/projects/imsa/imsa-process-kogito/target/maven-status/maven-compiler-plugin/testCompile/default-testCompile
[INFO] Deleting directory /Users/mouachani/projects/imsa/imsa-process-kogito/target/maven-status/maven-compiler-plugin/testCompile
[INFO] Deleting directory /Users/mouachani/projects/imsa/imsa-process-kogito/target/maven-status/maven-compiler-plugin
[INFO] Deleting directory /Users/mouachani/projects/imsa/imsa-process-kogito/target/maven-status
[INFO] Deleting file /Users/mouachani/projects/imsa/imsa-process-kogito/target/imsa-process-kogito.jar
[INFO] Deleting file /Users/mouachani/projects/imsa/imsa-process-kogito/target/classes/application.properties
[INFO] Deleting file /Users/mouachani/projects/imsa/imsa-process-kogito/target/classes/imsa-process.bpmn
[INFO] Deleting file /Users/mouachani/projects/imsa/imsa-process-kogito/target/classes/fr/msa/imsa/rest/TacheRemoteServices.class
[INFO] Deleting directory /Users/mouachani/projects/imsa/imsa-process-kogito/target/classes/fr/msa/imsa/rest
[INFO] Deleting file /Users/mouachani/projects/imsa/imsa-process-kogito/target/classes/fr/msa/imsa/services/TacheServices.class
[INFO] Deleting directory /Users/mouachani/projects/imsa/imsa-process-kogito/target/classes/fr/msa/imsa/services
[INFO] Deleting file /Users/mouachani/projects/imsa/imsa-process-kogito/target/classes/fr/msa/imsa/model/Dossier.class
[INFO] Deleting directory /Users/mouachani/projects/imsa/imsa-process-kogito/target/classes/fr/msa/imsa/model
[INFO] Deleting directory /Users/mouachani/projects/imsa/imsa-process-kogito/target/classes/fr/msa/imsa
[INFO] Deleting directory /Users/mouachani/projects/imsa/imsa-process-kogito/target/classes/fr/msa
[INFO] Deleting directory /Users/mouachani/projects/imsa/imsa-process-kogito/target/classes/fr
[INFO] Deleting file /Users/mouachani/projects/imsa/imsa-process-kogito/target/classes/META-INF/resources/monitoring/dashboards/operational-dashboard-imsa-process-kogito_1.0.0-SNAPSHOT-Global.json
[INFO] Deleting file /Users/mouachani/projects/imsa/imsa-process-kogito/target/classes/META-INF/resources/monitoring/dashboards/list.json
[INFO] Deleting file /Users/mouachani/projects/imsa/imsa-process-kogito/target/classes/META-INF/resources/monitoring/dashboards/operational-dashboard-imsa-process-kogito_1.0.0-SNAPSHOT-imsa_process.json
[INFO] Deleting directory /Users/mouachani/projects/imsa/imsa-process-kogito/target/classes/META-INF/resources/monitoring/dashboards
[INFO] Deleting directory /Users/mouachani/projects/imsa/imsa-process-kogito/target/classes/META-INF/resources/monitoring
[INFO] Deleting file /Users/mouachani/projects/imsa/imsa-process-kogito/target/classes/META-INF/resources/index.html
[INFO] Deleting directory /Users/mouachani/projects/imsa/imsa-process-kogito/target/classes/META-INF/resources
[INFO] Deleting directory /Users/mouachani/projects/imsa/imsa-process-kogito/target/classes/META-INF
[INFO] Deleting directory /Users/mouachani/projects/imsa/imsa-process-kogito/target/classes
[INFO] Deleting directory /Users/mouachani/projects/imsa/imsa-process-kogito/target/generated-sources/annotations
[INFO] Deleting file /Users/mouachani/projects/imsa/imsa-process-kogito/target/generated-sources/kogito/fr/msa/Imsa_process_19_TaskOutput.java
[INFO] Deleting file /Users/mouachani/projects/imsa/imsa-process-kogito/target/generated-sources/kogito/fr/msa/Imsa_process_16_TaskInput.java
[INFO] Deleting file /Users/mouachani/projects/imsa/imsa-process-kogito/target/generated-sources/kogito/fr/msa/Imsa_process_19_TaskInput.java
[INFO] Deleting file /Users/mouachani/projects/imsa/imsa-process-kogito/target/generated-sources/kogito/fr/msa/Imsa_process_16_TaskOutput.java
[INFO] Deleting file /Users/mouachani/projects/imsa/imsa-process-kogito/target/generated-sources/kogito/fr/msa/Imsa_processProcessInstance.java
[INFO] Deleting file /Users/mouachani/projects/imsa/imsa-process-kogito/target/generated-sources/kogito/fr/msa/Imsa_process_14_TaskModel.java
[INFO] Deleting file /Users/mouachani/projects/imsa/imsa-process-kogito/target/generated-sources/kogito/fr/msa/Imsa_processMessageConsumer_5.java
[INFO] Deleting file /Users/mouachani/projects/imsa/imsa-process-kogito/target/generated-sources/kogito/fr/msa/Imsa_process_16_TaskModel.java
[INFO] Deleting file /Users/mouachani/projects/imsa/imsa-process-kogito/target/generated-sources/kogito/fr/msa/Imsa_processMessageDataEvent_10.java
[INFO] Deleting file /Users/mouachani/projects/imsa/imsa-process-kogito/target/generated-sources/kogito/fr/msa/Imsa_processMessageConsumer_10.java
[INFO] Deleting file /Users/mouachani/projects/imsa/imsa-process-kogito/target/generated-sources/kogito/fr/msa/Imsa_process_19_TaskModel.java
[INFO] Deleting file /Users/mouachani/projects/imsa/imsa-process-kogito/target/generated-sources/kogito/fr/msa/Imsa_processModel.java
[INFO] Deleting file /Users/mouachani/projects/imsa/imsa-process-kogito/target/generated-sources/kogito/fr/msa/Imsa_processMessageDataEvent_7.java
[INFO] Deleting file /Users/mouachani/projects/imsa/imsa-process-kogito/target/generated-sources/kogito/fr/msa/Imsa_process_14_TaskInput.java
[INFO] Deleting file /Users/mouachani/projects/imsa/imsa-process-kogito/target/generated-sources/kogito/fr/msa/Imsa_process_TaskModelFactory.java
[INFO] Deleting file /Users/mouachani/projects/imsa/imsa-process-kogito/target/generated-sources/kogito/fr/msa/Imsa_processMessageConsumer_12.java
[INFO] Deleting file /Users/mouachani/projects/imsa/imsa-process-kogito/target/generated-sources/kogito/fr/msa/Imsa_processMessageDataEvent_12.java
[INFO] Deleting file /Users/mouachani/projects/imsa/imsa-process-kogito/target/generated-sources/kogito/fr/msa/Imsa_processMessageConsumer_7.java
[INFO] Deleting file /Users/mouachani/projects/imsa/imsa-process-kogito/target/generated-sources/kogito/fr/msa/Imsa_processMessageDataEvent_5.java
[INFO] Deleting file /Users/mouachani/projects/imsa/imsa-process-kogito/target/generated-sources/kogito/fr/msa/Imsa_processMessageDataEvent_25.java
[INFO] Deleting file /Users/mouachani/projects/imsa/imsa-process-kogito/target/generated-sources/kogito/fr/msa/Imsa_processMessageConsumer_25.java
[INFO] Deleting file /Users/mouachani/projects/imsa/imsa-process-kogito/target/generated-sources/kogito/fr/msa/Imsa_processResource.java
[INFO] Deleting file /Users/mouachani/projects/imsa/imsa-process-kogito/target/generated-sources/kogito/fr/msa/Imsa_processMessageProducer_13.java
[INFO] Deleting file /Users/mouachani/projects/imsa/imsa-process-kogito/target/generated-sources/kogito/fr/msa/Imsa_processMessageDataEvent_13.java
[INFO] Deleting file /Users/mouachani/projects/imsa/imsa-process-kogito/target/generated-sources/kogito/fr/msa/Imsa_processModelOutput.java
[INFO] Deleting file /Users/mouachani/projects/imsa/imsa-process-kogito/target/generated-sources/kogito/fr/msa/Imsa_processProcess.java
[INFO] Deleting file /Users/mouachani/projects/imsa/imsa-process-kogito/target/generated-sources/kogito/fr/msa/Imsa_process_14_TaskOutput.java
[INFO] Deleting file /Users/mouachani/projects/imsa/imsa-process-kogito/target/generated-sources/kogito/fr/msa/Imsa_processModelInput.java
[INFO] Deleting directory /Users/mouachani/projects/imsa/imsa-process-kogito/target/generated-sources/kogito/fr/msa
[INFO] Deleting directory /Users/mouachani/projects/imsa/imsa-process-kogito/target/generated-sources/kogito/fr
[INFO] Deleting file /Users/mouachani/projects/imsa/imsa-process-kogito/target/generated-sources/kogito/org/kie/kogito/handlers/TacheServices_initt2_17_Handler.java
[INFO] Deleting file /Users/mouachani/projects/imsa/imsa-process-kogito/target/generated-sources/kogito/org/kie/kogito/handlers/TacheServices_initt3_15_Handler.java
[INFO] Deleting file /Users/mouachani/projects/imsa/imsa-process-kogito/target/generated-sources/kogito/org/kie/kogito/handlers/TacheServices_initt1_20_Handler.java
[INFO] Deleting directory /Users/mouachani/projects/imsa/imsa-process-kogito/target/generated-sources/kogito/org/kie/kogito/handlers
[INFO] Deleting file /Users/mouachani/projects/imsa/imsa-process-kogito/target/generated-sources/kogito/org/kie/kogito/app/ProcessConfig.java
[INFO] Deleting file /Users/mouachani/projects/imsa/imsa-process-kogito/target/generated-sources/kogito/org/kie/kogito/app/KogitoEventExecutorProducer.java
[INFO] Deleting file /Users/mouachani/projects/imsa/imsa-process-kogito/target/generated-sources/kogito/org/kie/kogito/app/CloudEventListenerResource.java
[INFO] Deleting file /Users/mouachani/projects/imsa/imsa-process-kogito/target/generated-sources/kogito/org/kie/kogito/app/ProcessServiceProducer.java
[INFO] Deleting file /Users/mouachani/projects/imsa/imsa-process-kogito/target/generated-sources/kogito/org/kie/kogito/app/HotReloadSupportClass.java
[INFO] Deleting file /Users/mouachani/projects/imsa/imsa-process-kogito/target/generated-sources/kogito/org/kie/kogito/app/GlobalObjectMapper.java
[INFO] Deleting file /Users/mouachani/projects/imsa/imsa-process-kogito/target/generated-sources/kogito/org/kie/kogito/app/ConfigBean.java
[INFO] Deleting file /Users/mouachani/projects/imsa/imsa-process-kogito/target/generated-sources/kogito/org/kie/kogito/app/RuleUnits.java
[INFO] Deleting file /Users/mouachani/projects/imsa/imsa-process-kogito/target/generated-sources/kogito/org/kie/kogito/app/RuleConfig.java
[INFO] Deleting file /Users/mouachani/projects/imsa/imsa-process-kogito/target/generated-sources/kogito/org/kie/kogito/app/Processes.java
[INFO] Deleting file /Users/mouachani/projects/imsa/imsa-process-kogito/target/generated-sources/kogito/org/kie/kogito/app/EventConverterProducer.java
[INFO] Deleting file /Users/mouachani/projects/imsa/imsa-process-kogito/target/generated-sources/kogito/org/kie/kogito/app/ProcessCloudEventMetaFactory.java
[INFO] Deleting file /Users/mouachani/projects/imsa/imsa-process-kogito/target/generated-sources/kogito/org/kie/kogito/app/Application.java
[INFO] Deleting file /Users/mouachani/projects/imsa/imsa-process-kogito/target/generated-sources/kogito/org/kie/kogito/app/EventMarshallerProducer.java
[INFO] Deleting file /Users/mouachani/projects/imsa/imsa-process-kogito/target/generated-sources/kogito/org/kie/kogito/app/ApplicationConfig.java
[INFO] Deleting directory /Users/mouachani/projects/imsa/imsa-process-kogito/target/generated-sources/kogito/org/kie/kogito/app
[INFO] Deleting directory /Users/mouachani/projects/imsa/imsa-process-kogito/target/generated-sources/kogito/org/kie/kogito
[INFO] Deleting directory /Users/mouachani/projects/imsa/imsa-process-kogito/target/generated-sources/kogito/org/kie
[INFO] Deleting directory /Users/mouachani/projects/imsa/imsa-process-kogito/target/generated-sources/kogito/org
[INFO] Deleting directory /Users/mouachani/projects/imsa/imsa-process-kogito/target/generated-sources/kogito
[INFO] Deleting directory /Users/mouachani/projects/imsa/imsa-process-kogito/target/generated-sources
[INFO] Deleting directory /Users/mouachani/projects/imsa/imsa-process-kogito/target
[DEBUG] Skipping non-existing directory /Users/mouachani/projects/imsa/imsa-process-kogito/target/classes
[DEBUG] Skipping non-existing directory /Users/mouachani/projects/imsa/imsa-process-kogito/target/test-classes
[DEBUG] Skipping non-existing directory /Users/mouachani/projects/imsa/imsa-process-kogito/target/site
[INFO] 
[INFO] --- maven-resources-plugin:2.6:resources (default-resources) @ imsa-process-kogito ---
[DEBUG] Dependency collection stats {ConflictMarker.analyzeTime=86132, ConflictMarker.markTime=31775, ConflictMarker.nodeCount=77, ConflictIdSorter.graphTime=79910, ConflictIdSorter.topsortTime=20330, ConflictIdSorter.conflictIdCount=26, ConflictIdSorter.conflictIdCycleCount=0, ConflictResolver.totalTime=382505, ConflictResolver.conflictItemCount=74, DefaultDependencyCollector.collectTime=68040201, DefaultDependencyCollector.transformTime=643432}
[DEBUG] org.apache.maven.plugins:maven-resources-plugin:jar:2.6
[DEBUG]    org.apache.maven:maven-plugin-api:jar:2.0.6:compile
[DEBUG]    org.apache.maven:maven-project:jar:2.0.6:compile
[DEBUG]       org.apache.maven:maven-profile:jar:2.0.6:compile
[DEBUG]       org.apache.maven:maven-artifact-manager:jar:2.0.6:compile
[DEBUG]       org.apache.maven:maven-plugin-registry:jar:2.0.6:compile
[DEBUG]    org.apache.maven:maven-core:jar:2.0.6:compile
[DEBUG]       org.apache.maven:maven-plugin-parameter-documenter:jar:2.0.6:compile
[DEBUG]       org.apache.maven.reporting:maven-reporting-api:jar:2.0.6:compile
[DEBUG]          org.apache.maven.doxia:doxia-sink-api:jar:1.0-alpha-7:compile
[DEBUG]       org.apache.maven:maven-repository-metadata:jar:2.0.6:compile
[DEBUG]       org.apache.maven:maven-error-diagnostics:jar:2.0.6:compile
[DEBUG]       commons-cli:commons-cli:jar:1.0:compile
[DEBUG]       org.apache.maven:maven-plugin-descriptor:jar:2.0.6:compile
[DEBUG]       org.codehaus.plexus:plexus-interactivity-api:jar:1.0-alpha-4:compile
[DEBUG]       classworlds:classworlds:jar:1.1:compile
[DEBUG]    org.apache.maven:maven-artifact:jar:2.0.6:compile
[DEBUG]    org.apache.maven:maven-settings:jar:2.0.6:compile
[DEBUG]    org.apache.maven:maven-model:jar:2.0.6:compile
[DEBUG]    org.apache.maven:maven-monitor:jar:2.0.6:compile
[DEBUG]    org.codehaus.plexus:plexus-container-default:jar:1.0-alpha-9-stable-1:compile
[DEBUG]       junit:junit:jar:3.8.1:compile
[DEBUG]    org.codehaus.plexus:plexus-utils:jar:2.0.5:compile
[DEBUG]    org.apache.maven.shared:maven-filtering:jar:1.1:compile
[DEBUG]       org.sonatype.plexus:plexus-build-api:jar:0.0.4:compile
[DEBUG]    org.codehaus.plexus:plexus-interpolation:jar:1.13:compile
[DEBUG] Created new class realm plugin>org.apache.maven.plugins:maven-resources-plugin:2.6
[DEBUG] Importing foreign packages into class realm plugin>org.apache.maven.plugins:maven-resources-plugin:2.6
[DEBUG]   Imported:  < maven.api
[DEBUG] Populating class realm plugin>org.apache.maven.plugins:maven-resources-plugin:2.6
[DEBUG]   Included: org.apache.maven.plugins:maven-resources-plugin:jar:2.6
[DEBUG]   Included: org.apache.maven.reporting:maven-reporting-api:jar:2.0.6
[DEBUG]   Included: org.apache.maven.doxia:doxia-sink-api:jar:1.0-alpha-7
[DEBUG]   Included: commons-cli:commons-cli:jar:1.0
[DEBUG]   Included: org.codehaus.plexus:plexus-interactivity-api:jar:1.0-alpha-4
[DEBUG]   Included: junit:junit:jar:3.8.1
[DEBUG]   Included: org.codehaus.plexus:plexus-utils:jar:2.0.5
[DEBUG]   Included: org.apache.maven.shared:maven-filtering:jar:1.1
[DEBUG]   Included: org.sonatype.plexus:plexus-build-api:jar:0.0.4
[DEBUG]   Included: org.codehaus.plexus:plexus-interpolation:jar:1.13
[DEBUG] Configuring mojo org.apache.maven.plugins:maven-resources-plugin:2.6:resources from plugin realm ClassRealm[plugin>org.apache.maven.plugins:maven-resources-plugin:2.6, parent: jdk.internal.loader.ClassLoaders$AppClassLoader@277050dc]
[DEBUG] Configuring mojo 'org.apache.maven.plugins:maven-resources-plugin:2.6:resources' with basic configurator -->
[DEBUG]   (f) buildFilters = []
[DEBUG]   (f) escapeWindowsPaths = true
[DEBUG]   (s) includeEmptyDirs = false
[DEBUG]   (s) outputDirectory = /Users/mouachani/projects/imsa/imsa-process-kogito/target/classes
[DEBUG]   (s) overwrite = false
[DEBUG]   (f) project = MavenProject: fr.msa.imsa:imsa-process-kogito:1.0.0-SNAPSHOT @ /Users/mouachani/projects/imsa/imsa-process-kogito/pom.xml
[DEBUG]   (s) resources = [Resource {targetPath: null, filtering: false, FileSet {directory: /Users/mouachani/projects/imsa/imsa-process-kogito/src/main/resources, PatternSet [includes: {}, excludes: {}]}}]
[DEBUG]   (f) session = org.apache.maven.execution.MavenSession@6dce59e
[DEBUG]   (f) supportMultiLineFiltering = false
[DEBUG]   (f) useBuildFilters = true
[DEBUG]   (s) useDefaultDelimiters = true
[DEBUG] -- end configuration --
[DEBUG] properties used {env.TERM=xterm-256color, java.specification.version=11, sun.cpu.isalist=, sun.arch.data.model=64, java.vendor.url=https://adoptopenjdk.net/, sun.boot.library.path=/Library/Java/JavaVirtualMachines/adoptopenjdk-11.jdk/Contents/Home/lib, sun.java.command=org.codehaus.plexus.classworlds.launcher.Launcher clean package -X, jdk.debug=release, maven.version=3.8.1, java.specification.vendor=Oracle Corporation, java.version.date=2021-04-20, java.home=/Library/Java/JavaVirtualMachines/adoptopenjdk-11.jdk/Contents/Home, env.GIT_ASKPASS=/Applications/Visual Studio Code.app/Contents/Resources/app/extensions/git/dist/askpass.sh, java.specification.name=Java Platform API Specification, java.vm.specification.vendor=Oracle Corporation, sun.management.compiler=HotSpot 64-Bit Tiered Compilers, java.runtime.version=11.0.11+9, env.LSCOLORS=Gxfxcxdxbxegedabagacad, env.PATH=/Users/mouachani/bin:/usr/local/bin:/usr/bin:/bin:/usr/sbin:/sbin:/usr/local/munki:/Users/mouachani/Library/Application Support/cloud-code/installer/google-cloud-sdk/bin:/Users/mouachani/bin, env.ORIGINAL_XDG_CURRENT_DESKTOP=undefined, env.__CFBundleIdentifier=com.microsoft.VSCode, file.encoding=UTF-8, java.vendor.version=AdoptOpenJDK-11.0.11+9, env.SHLVL=1, java.io.tmpdir=/var/folders/2_/g0bm690n6t14mbp9bq3r8ctr0000gn/T/, java.version=11.0.11, java.vm.specification.name=Java Virtual Machine Specification, java.awt.printerjob=sun.lwawt.macosx.CPrinterJob, java.library.path=/Users/mouachani/Library/Java/Extensions:/Library/Java/Extensions:/Network/Library/Java/Extensions:/System/Library/Java/Extensions:/usr/lib/java:., java.vendor=AdoptOpenJDK, classworlds.conf=/usr/local/Cellar/maven/3.8.1/libexec/bin/m2.conf, sun.io.unicode.encoding=UnicodeBig, quarkus-plugin.version=2.4.0.Final, env.LANG=en_US.UTF-8, env.COMMAND_MODE=unix2003, quarkus.platform.artifact-id=quarkus-bom, user.timezone=, os.name=Mac OS X, java.vm.specification.version=11, env.JAVA_MAIN_CLASS_13364=org.codehaus.plexus.classworlds.launcher.Launcher, http.nonProxyHosts=local|*.local|169.254/16|*.169.254/16, maven.compiler.source=1.6, user.home=/Users/mouachani, env.ZSH=/Users/mouachani/.oh-my-zsh, env.COLORTERM=truecolor, java.awt.graphicsenv=sun.awt.CGraphicsEnvironment, path.separator=:, os.version=10.16, env.P9K_TTY=old, java.vm.name=OpenJDK 64-Bit Server VM, env.SHELL=/bin/zsh, env.P9K_SSH=0, os.arch=x86_64, maven.multiModuleProjectDirectory=/Users/mouachani/projects/imsa/imsa-process-kogito, env.VSCODE_GIT_ASKPASS_NODE=/Applications/Visual Studio Code.app/Contents/Frameworks/Code Helper (Renderer).app/Contents/MacOS/Code Helper (Renderer), env.MAVEN_PROJECTBASEDIR=/Users/mouachani/projects/imsa/imsa-process-kogito, java.vm.info=mixed mode, env.USER=mouachani, java.class.version=55.0, quarkus.platform.group-id=io.quarkus, awt.toolkit=sun.lwawt.macosx.LWCToolkit, kogito.version=2.0.0-SNAPSHOT, sun.jnu.encoding=UTF-8, maven.build.version=Apache Maven 3.8.1 (05c21c65bdfed0f71a2f2ada8b84da59348c4c5d), maven.home=/usr/local/Cellar/maven/3.8.1/libexec, env.VSCODE_GIT_ASKPASS_MAIN=/Applications/Visual Studio Code.app/Contents/Resources/app/extensions/git/dist/askpass-main.js, env.JAVA_HOME=/Library/Java/JavaVirtualMachines/adoptopenjdk-11.jdk/Contents/Home, file.separator=/, env.LESS=-R, java.vm.compressedOopsMode=Zero based, line.separator=
, env.TERM_PROGRAM_VERSION=1.62.3, user.name=mouachani, env.LOGNAME=mouachani, env.XPC_FLAGS=0x0, env.__CF_USER_TEXT_ENCODING=0x1F5:0x0:0x1, env.GRAALVM_HOME=/Library/Java/JavaVirtualMachines/graalvm-ee-19.2.0/Contents/Home, env.SSH_AUTH_SOCK=/private/tmp/com.apple.launchd.BdKvKPfkfs/Listeners, sun.os.patch.level=unknown, maven.compiler.target=1.6, env.TMPDIR=/var/folders/2_/g0bm690n6t14mbp9bq3r8ctr0000gn/T/, library.jansi.path=/usr/local/Cellar/maven/3.8.1/libexec/lib/jansi-native, env.TERM_PROGRAM=vscode, socksNonProxyHosts=local|*.local|169.254/16|*.169.254/16, env.OLDPWD=/Users/mouachani/projects/imsa/imsa-process-kogito, gopherProxySet=false, quarkus.platform.version=2.4.0.Final, env.PWD=/Users/mouachani/projects/imsa/imsa-process-kogito, env.PAGER=less, java.class.path=/usr/local/Cellar/maven/3.8.1/libexec/boot/plexus-classworlds-2.6.0.jar, env.HOME=/Users/mouachani, java.vm.vendor=AdoptOpenJDK, maven.conf=/usr/local/Cellar/maven/3.8.1/libexec/conf, sun.java.launcher=SUN_STANDARD, user.country=FR, sun.cpu.endian=little, user.language=fr, env.VSCODE_GIT_IPC_HANDLE=/var/folders/2_/g0bm690n6t14mbp9bq3r8ctr0000gn/T/vscode-git-6f6035354f.sock, env.XPC_SERVICE_NAME=0, ftp.nonProxyHosts=local|*.local|169.254/16|*.169.254/16, env.VSCODE_GIT_ASKPASS_EXTRA_ARGS=--ms-enable-electron-run-as-node, java.runtime.name=OpenJDK Runtime Environment, env.MAVEN_CMD_LINE_ARGS= clean package -X, java.vendor.url.bug=https://github.com/AdoptOpenJDK/openjdk-support/issues, user.dir=/Users/mouachani/projects/imsa/imsa-process-kogito, java.vm.version=11.0.11+9}
[WARNING] Using platform encoding (UTF-8 actually) to copy filtered resources, i.e. build is platform dependent!
[DEBUG] resource with targetPath null
directory /Users/mouachani/projects/imsa/imsa-process-kogito/src/main/resources
excludes []
includes []
[DEBUG] ignoreDelta true
[INFO] Copying 3 resources
[DEBUG] file index.html has a filtered file extension
[DEBUG] copy /Users/mouachani/projects/imsa/imsa-process-kogito/src/main/resources/META-INF/resources/index.html to /Users/mouachani/projects/imsa/imsa-process-kogito/target/classes/META-INF/resources/index.html
[DEBUG] file imsa-process.bpmn has a filtered file extension
[DEBUG] copy /Users/mouachani/projects/imsa/imsa-process-kogito/src/main/resources/imsa-process.bpmn to /Users/mouachani/projects/imsa/imsa-process-kogito/target/classes/imsa-process.bpmn
[DEBUG] file application.properties has a filtered file extension
[DEBUG] copy /Users/mouachani/projects/imsa/imsa-process-kogito/src/main/resources/application.properties to /Users/mouachani/projects/imsa/imsa-process-kogito/target/classes/application.properties
[DEBUG] no use filter components
[INFO] 
[INFO] --- maven-compiler-plugin:3.1:compile (default-compile) @ imsa-process-kogito ---
[DEBUG] Dependency collection stats {ConflictMarker.analyzeTime=88213, ConflictMarker.markTime=59180, ConflictMarker.nodeCount=160, ConflictIdSorter.graphTime=68358, ConflictIdSorter.topsortTime=34977, ConflictIdSorter.conflictIdCount=43, ConflictIdSorter.conflictIdCycleCount=0, ConflictResolver.totalTime=349060, ConflictResolver.conflictItemCount=63, DefaultDependencyCollector.collectTime=148617703, DefaultDependencyCollector.transformTime=623534}
[DEBUG] org.apache.maven.plugins:maven-compiler-plugin:jar:3.1
[DEBUG]    org.apache.maven:maven-plugin-api:jar:2.0.9:compile
[DEBUG]    org.apache.maven:maven-artifact:jar:2.0.9:compile
[DEBUG]       org.codehaus.plexus:plexus-utils:jar:1.5.1:compile
[DEBUG]    org.apache.maven:maven-core:jar:2.0.9:compile
[DEBUG]       org.apache.maven:maven-settings:jar:2.0.9:compile
[DEBUG]       org.apache.maven:maven-plugin-parameter-documenter:jar:2.0.9:compile
[DEBUG]       org.apache.maven:maven-profile:jar:2.0.9:compile
[DEBUG]       org.apache.maven:maven-model:jar:2.0.9:compile
[DEBUG]       org.apache.maven:maven-repository-metadata:jar:2.0.9:compile
[DEBUG]       org.apache.maven:maven-error-diagnostics:jar:2.0.9:compile
[DEBUG]       org.apache.maven:maven-project:jar:2.0.9:compile
[DEBUG]          org.apache.maven:maven-plugin-registry:jar:2.0.9:compile
[DEBUG]       org.apache.maven:maven-plugin-descriptor:jar:2.0.9:compile
[DEBUG]       org.apache.maven:maven-artifact-manager:jar:2.0.9:compile
[DEBUG]       org.apache.maven:maven-monitor:jar:2.0.9:compile
[DEBUG]    org.apache.maven:maven-toolchain:jar:1.0:compile
[DEBUG]    org.apache.maven.shared:maven-shared-utils:jar:0.1:compile
[DEBUG]       com.google.code.findbugs:jsr305:jar:2.0.1:compile
[DEBUG]    org.apache.maven.shared:maven-shared-incremental:jar:1.1:compile
[DEBUG]       org.codehaus.plexus:plexus-component-annotations:jar:1.5.5:compile (version managed from default)
[DEBUG]    org.codehaus.plexus:plexus-compiler-api:jar:2.2:compile
[DEBUG]    org.codehaus.plexus:plexus-compiler-manager:jar:2.2:compile
[DEBUG]    org.codehaus.plexus:plexus-compiler-javac:jar:2.2:runtime
[DEBUG]    org.codehaus.plexus:plexus-container-default:jar:1.5.5:compile
[DEBUG]       org.codehaus.plexus:plexus-classworlds:jar:2.2.2:compile
[DEBUG]       org.apache.xbean:xbean-reflect:jar:3.4:compile
[DEBUG]          log4j:log4j:jar:1.2.12:compile
[DEBUG]          commons-logging:commons-logging-api:jar:1.1:compile
[DEBUG]       com.google.collections:google-collections:jar:1.0:compile
[DEBUG]       junit:junit:jar:3.8.2:compile
[DEBUG] Created new class realm plugin>org.apache.maven.plugins:maven-compiler-plugin:3.1
[DEBUG] Importing foreign packages into class realm plugin>org.apache.maven.plugins:maven-compiler-plugin:3.1
[DEBUG]   Imported:  < maven.api
[DEBUG] Populating class realm plugin>org.apache.maven.plugins:maven-compiler-plugin:3.1
[DEBUG]   Included: org.apache.maven.plugins:maven-compiler-plugin:jar:3.1
[DEBUG]   Included: org.codehaus.plexus:plexus-utils:jar:1.5.1
[DEBUG]   Included: org.apache.maven.shared:maven-shared-utils:jar:0.1
[DEBUG]   Included: com.google.code.findbugs:jsr305:jar:2.0.1
[DEBUG]   Included: org.apache.maven.shared:maven-shared-incremental:jar:1.1
[DEBUG]   Included: org.codehaus.plexus:plexus-component-annotations:jar:1.5.5
[DEBUG]   Included: org.codehaus.plexus:plexus-compiler-api:jar:2.2
[DEBUG]   Included: org.codehaus.plexus:plexus-compiler-manager:jar:2.2
[DEBUG]   Included: org.codehaus.plexus:plexus-compiler-javac:jar:2.2
[DEBUG]   Included: org.apache.xbean:xbean-reflect:jar:3.4
[DEBUG]   Included: log4j:log4j:jar:1.2.12
[DEBUG]   Included: commons-logging:commons-logging-api:jar:1.1
[DEBUG]   Included: com.google.collections:google-collections:jar:1.0
[DEBUG]   Included: junit:junit:jar:3.8.2
[DEBUG] Configuring mojo org.apache.maven.plugins:maven-compiler-plugin:3.1:compile from plugin realm ClassRealm[plugin>org.apache.maven.plugins:maven-compiler-plugin:3.1, parent: jdk.internal.loader.ClassLoaders$AppClassLoader@277050dc]
[DEBUG] Configuring mojo 'org.apache.maven.plugins:maven-compiler-plugin:3.1:compile' with basic configurator -->
[DEBUG]   (f) basedir = /Users/mouachani/projects/imsa/imsa-process-kogito
[DEBUG]   (f) buildDirectory = /Users/mouachani/projects/imsa/imsa-process-kogito/target
[DEBUG]   (f) classpathElements = [/Users/mouachani/projects/imsa/imsa-process-kogito/target/classes, /Users/mouachani/.m2/repository/org/kie/kogito/kogito-quarkus/2.0.0-SNAPSHOT/kogito-quarkus-2.0.0-SNAPSHOT.jar, /Users/mouachani/.m2/repository/org/kie/kogito/kogito-quarkus-common/2.0.0-SNAPSHOT/kogito-quarkus-common-2.0.0-SNAPSHOT.jar, /Users/mouachani/.m2/repository/org/kie/kogito/kogito-api-incubation-application/2.0.0-SNAPSHOT/kogito-api-incubation-application-2.0.0-SNAPSHOT.jar, /Users/mouachani/.m2/repository/org/kie/kogito/kogito-api-incubation-common/2.0.0-SNAPSHOT/kogito-api-incubation-common-2.0.0-SNAPSHOT.jar, /Users/mouachani/.m2/repository/org/kie/kogito/kogito-api-incubation-common-objectmapper/2.0.0-SNAPSHOT/kogito-api-incubation-common-objectmapper-2.0.0-SNAPSHOT.jar, /Users/mouachani/.m2/repository/org/mvel/mvel2/2.4.12.Final/mvel2-2.4.12.Final.jar, /Users/mouachani/.m2/repository/com/jayway/jsonpath/json-path/2.6.0/json-path-2.6.0.jar, /Users/mouachani/.m2/repository/net/minidev/json-smart/2.4.7/json-smart-2.4.7.jar, /Users/mouachani/.m2/repository/net/minidev/accessors-smart/2.4.7/accessors-smart-2.4.7.jar, /Users/mouachani/.m2/repository/io/quarkus/arc/arc-processor/2.4.0.Final/arc-processor-2.4.0.Final.jar, /Users/mouachani/.m2/repository/io/quarkus/gizmo/gizmo/1.0.9.Final/gizmo-1.0.9.Final.jar, /Users/mouachani/.m2/repository/org/ow2/asm/asm-util/9.1/asm-util-9.1.jar, /Users/mouachani/.m2/repository/io/quarkus/quarkus-undertow/2.4.0.Final/quarkus-undertow-2.4.0.Final.jar, /Users/mouachani/.m2/repository/io/quarkus/http/quarkus-http-servlet/4.1.3/quarkus-http-servlet-4.1.3.jar, /Users/mouachani/.m2/repository/jakarta/servlet/jakarta.servlet-api/4.0.3/jakarta.servlet-api-4.0.3.jar, /Users/mouachani/.m2/repository/io/quarkus/http/quarkus-http-vertx-backend/4.1.3/quarkus-http-vertx-backend-4.1.3.jar, /Users/mouachani/.m2/repository/io/quarkus/http/quarkus-http-http-core/4.1.3/quarkus-http-http-core-4.1.3.jar, /Users/mouachani/.m2/repository/io/quarkus/http/quarkus-http-core/4.1.3/quarkus-http-core-4.1.3.jar, /Users/mouachani/.m2/repository/org/kie/kogito/kogito-quarkus-rules/2.0.0-SNAPSHOT/kogito-quarkus-rules-2.0.0-SNAPSHOT.jar, /Users/mouachani/.m2/repository/org/kie/kogito/kogito-api-incubation-rules-services/2.0.0-SNAPSHOT/kogito-api-incubation-rules-services-2.0.0-SNAPSHOT.jar, /Users/mouachani/.m2/repository/org/kie/kogito/kogito-api-incubation-rules/2.0.0-SNAPSHOT/kogito-api-incubation-rules-2.0.0-SNAPSHOT.jar, /Users/mouachani/.m2/repository/org/kie/kogito/kogito-drools/2.0.0-SNAPSHOT/kogito-drools-2.0.0-SNAPSHOT.jar, /Users/mouachani/.m2/repository/org/kie/kogito/drools-core-static/2.0.0-SNAPSHOT/drools-core-static-2.0.0-SNAPSHOT.jar, /Users/mouachani/.m2/repository/org/drools/drools-core-reflective/8.15.0-SNAPSHOT/drools-core-reflective-8.15.0-SNAPSHOT.jar, /Users/mouachani/.m2/repository/org/kie/kogito/kogito-ruleunits/2.0.0-SNAPSHOT/kogito-ruleunits-2.0.0-SNAPSHOT.jar, /Users/mouachani/.m2/repository/org/kie/kogito/kogito-drools-model/2.0.0-SNAPSHOT/kogito-drools-model-2.0.0-SNAPSHOT.jar, /Users/mouachani/.m2/repository/org/drools/drools-model-compiler/8.15.0-SNAPSHOT/drools-model-compiler-8.15.0-SNAPSHOT.jar, /Users/mouachani/.m2/repository/org/drools/drools-canonical-model/8.15.0-SNAPSHOT/drools-canonical-model-8.15.0-SNAPSHOT.jar, /Users/mouachani/.m2/repository/org/drools/drools-mvel-parser/8.15.0-SNAPSHOT/drools-mvel-parser-8.15.0-SNAPSHOT.jar, /Users/mouachani/.m2/repository/org/drools/drools-mvel-compiler/8.15.0-SNAPSHOT/drools-mvel-compiler-8.15.0-SNAPSHOT.jar, /Users/mouachani/.m2/repository/org/kie/kogito/kogito-quarkus-decisions/2.0.0-SNAPSHOT/kogito-quarkus-decisions-2.0.0-SNAPSHOT.jar, /Users/mouachani/.m2/repository/org/kie/kogito/kogito-api-incubation-decisions-services/2.0.0-SNAPSHOT/kogito-api-incubation-decisions-services-2.0.0-SNAPSHOT.jar, /Users/mouachani/.m2/repository/org/kie/kogito/kogito-api-incubation-decisions/2.0.0-SNAPSHOT/kogito-api-incubation-decisions-2.0.0-SNAPSHOT.jar, /Users/mouachani/.m2/repository/org/kie/kogito/kogito-dmn/2.0.0-SNAPSHOT/kogito-dmn-2.0.0-SNAPSHOT.jar, /Users/mouachani/.m2/repository/org/kie/kie-dmn-core/8.15.0-SNAPSHOT/kie-dmn-core-8.15.0-SNAPSHOT.jar, /Users/mouachani/.m2/repository/org/kie/kie-dmn-backend/8.15.0-SNAPSHOT/kie-dmn-backend-8.15.0-SNAPSHOT.jar, /Users/mouachani/.m2/repository/org/kie/kie-dmn-feel/8.15.0-SNAPSHOT/kie-dmn-feel-8.15.0-SNAPSHOT.jar, /Users/mouachani/.m2/repository/ch/obermuhlner/big-math/2.0.1/big-math-2.0.1.jar, /Users/mouachani/.m2/repository/org/kie/kie-memory-compiler/8.15.0-SNAPSHOT/kie-memory-compiler-8.15.0-SNAPSHOT.jar, /Users/mouachani/.m2/repository/org/drools/drools-alphanetwork-compiler/8.15.0-SNAPSHOT/drools-alphanetwork-compiler-8.15.0-SNAPSHOT.jar, /Users/mouachani/.m2/repository/org/antlr/antlr4-runtime/4.9.2/antlr4-runtime-4.9.2.jar, /Users/mouachani/.m2/repository/org/jpmml/pmml-model/1.5.1/pmml-model-1.5.1.jar, /Users/mouachani/.m2/repository/org/jpmml/pmml-agent/1.5.1/pmml-agent-1.5.1.jar, /Users/mouachani/.m2/repository/org/kie/kie-dmn-validation/8.15.0-SNAPSHOT/kie-dmn-validation-8.15.0-SNAPSHOT.jar, /Users/mouachani/.m2/repository/org/kie/kogito/kogito-quarkus-predictions/2.0.0-SNAPSHOT/kogito-quarkus-predictions-2.0.0-SNAPSHOT.jar, /Users/mouachani/.m2/repository/org/kie/kogito/kogito-pmml/2.0.0-SNAPSHOT/kogito-pmml-2.0.0-SNAPSHOT.jar, /Users/mouachani/.m2/repository/org/kie/kie-pmml-dependencies/8.15.0-SNAPSHOT/kie-pmml-dependencies-8.15.0-SNAPSHOT.jar, /Users/mouachani/.m2/repository/org/kie/kie-pmml-compiler-api/8.15.0-SNAPSHOT/kie-pmml-compiler-api-8.15.0-SNAPSHOT.jar, /Users/mouachani/.m2/repository/org/glassfish/jaxb/jaxb-runtime/2.3.3-b02/jaxb-runtime-2.3.3-b02.jar, /Users/mouachani/.m2/repository/org/glassfish/jaxb/txw2/2.3.3-b02/txw2-2.3.3-b02.jar, /Users/mouachani/.m2/repository/com/sun/istack/istack-commons-runtime/3.0.10/istack-commons-runtime-3.0.10.jar, /Users/mouachani/.m2/repository/org/kie/kie-pmml-compiler-core/8.15.0-SNAPSHOT/kie-pmml-compiler-core-8.15.0-SNAPSHOT.jar, /Users/mouachani/.m2/repository/org/kie/kie-pmml-compiler-commons/8.15.0-SNAPSHOT/kie-pmml-compiler-commons-8.15.0-SNAPSHOT.jar, /Users/mouachani/.m2/repository/org/kie/kie-pmml-evaluator-core/8.15.0-SNAPSHOT/kie-pmml-evaluator-core-8.15.0-SNAPSHOT.jar, /Users/mouachani/.m2/repository/org/kie/kie-pmml-evaluator-assembler/8.15.0-SNAPSHOT/kie-pmml-evaluator-assembler-8.15.0-SNAPSHOT.jar, /Users/mouachani/.m2/repository/org/kie/kie-pmml-kie-internal/8.15.0-SNAPSHOT/kie-pmml-kie-internal-8.15.0-SNAPSHOT.jar, /Users/mouachani/.m2/repository/org/kie/kie-pmml-models-drools-common/8.15.0-SNAPSHOT/kie-pmml-models-drools-common-8.15.0-SNAPSHOT.jar, /Users/mouachani/.m2/repository/org/kie/kie-pmml-models-regression-model/8.15.0-SNAPSHOT/kie-pmml-models-regression-model-8.15.0-SNAPSHOT.jar, /Users/mouachani/.m2/repository/org/kie/kie-pmml-models-regression-compiler/8.15.0-SNAPSHOT/kie-pmml-models-regression-compiler-8.15.0-SNAPSHOT.jar, /Users/mouachani/.m2/repository/org/kie/kie-pmml-models-regression-evaluator/8.15.0-SNAPSHOT/kie-pmml-models-regression-evaluator-8.15.0-SNAPSHOT.jar, /Users/mouachani/.m2/repository/org/kie/kie-pmml-models-tree-model/8.15.0-SNAPSHOT/kie-pmml-models-tree-model-8.15.0-SNAPSHOT.jar, /Users/mouachani/.m2/repository/org/kie/kie-pmml-models-tree-compiler/8.15.0-SNAPSHOT/kie-pmml-models-tree-compiler-8.15.0-SNAPSHOT.jar, /Users/mouachani/.m2/repository/org/kie/kie-pmml-models-tree-evaluator/8.15.0-SNAPSHOT/kie-pmml-models-tree-evaluator-8.15.0-SNAPSHOT.jar, /Users/mouachani/.m2/repository/org/kie/kie-pmml-models-scorecard-model/8.15.0-SNAPSHOT/kie-pmml-models-scorecard-model-8.15.0-SNAPSHOT.jar, /Users/mouachani/.m2/repository/org/kie/kie-pmml-models-scorecard-compiler/8.15.0-SNAPSHOT/kie-pmml-models-scorecard-compiler-8.15.0-SNAPSHOT.jar, /Users/mouachani/.m2/repository/org/kie/kie-pmml-models-scorecard-evaluator/8.15.0-SNAPSHOT/kie-pmml-models-scorecard-evaluator-8.15.0-SNAPSHOT.jar, /Users/mouachani/.m2/repository/org/kie/kie-pmml-models-mining-model/8.15.0-SNAPSHOT/kie-pmml-models-mining-model-8.15.0-SNAPSHOT.jar, /Users/mouachani/.m2/repository/org/kie/kie-pmml-models-mining-compiler/8.15.0-SNAPSHOT/kie-pmml-models-mining-compiler-8.15.0-SNAPSHOT.jar, /Users/mouachani/.m2/repository/org/kie/kie-pmml-models-mining-evaluator/8.15.0-SNAPSHOT/kie-pmml-models-mining-evaluator-8.15.0-SNAPSHOT.jar, /Users/mouachani/.m2/repository/org/kie/kie-pmml-models-clustering-model/8.15.0-SNAPSHOT/kie-pmml-models-clustering-model-8.15.0-SNAPSHOT.jar, /Users/mouachani/.m2/repository/org/kie/kie-pmml-models-clustering-compiler/8.15.0-SNAPSHOT/kie-pmml-models-clustering-compiler-8.15.0-SNAPSHOT.jar, /Users/mouachani/.m2/repository/org/kie/kie-pmml-models-clustering-evaluator/8.15.0-SNAPSHOT/kie-pmml-models-clustering-evaluator-8.15.0-SNAPSHOT.jar, /Users/mouachani/.m2/repository/org/kie/kogito/kogito-api-incubation-predictions-services/2.0.0-SNAPSHOT/kogito-api-incubation-predictions-services-2.0.0-SNAPSHOT.jar, /Users/mouachani/.m2/repository/org/kie/kogito/kogito-api-incubation-predictions/2.0.0-SNAPSHOT/kogito-api-incubation-predictions-2.0.0-SNAPSHOT.jar, /Users/mouachani/.m2/repository/io/quarkus/quarkus-arc/2.4.0.Final/quarkus-arc-2.4.0.Final.jar, /Users/mouachani/.m2/repository/io/quarkus/arc/arc/2.4.0.Final/arc-2.4.0.Final.jar, /Users/mouachani/.m2/repository/jakarta/enterprise/jakarta.enterprise.cdi-api/2.0.2/jakarta.enterprise.cdi-api-2.0.2.jar, /Users/mouachani/.m2/repository/jakarta/el/jakarta.el-api/3.0.3/jakarta.el-api-3.0.3.jar, /Users/mouachani/.m2/repository/org/jboss/logging/jboss-logging/3.4.2.Final/jboss-logging-3.4.2.Final.jar, /Users/mouachani/.m2/repository/io/quarkus/quarkus-core/2.4.0.Final/quarkus-core-2.4.0.Final.jar, /Users/mouachani/.m2/repository/jakarta/inject/jakarta.inject-api/1.0/jakarta.inject-api-1.0.jar, /Users/mouachani/.m2/repository/io/quarkus/quarkus-ide-launcher/2.4.0.Final/quarkus-ide-launcher-2.4.0.Final.jar, /Users/mouachani/.m2/repository/io/quarkus/quarkus-development-mode-spi/2.4.0.Final/quarkus-development-mode-spi-2.4.0.Final.jar, /Users/mouachani/.m2/repository/io/smallrye/config/smallrye-config/2.5.1/smallrye-config-2.5.1.jar, /Users/mouachani/.m2/repository/io/smallrye/config/smallrye-config-core/2.5.1/smallrye-config-core-2.5.1.jar, /Users/mouachani/.m2/repository/io/smallrye/common/smallrye-common-expression/1.6.0/smallrye-common-expression-1.6.0.jar, /Users/mouachani/.m2/repository/io/smallrye/common/smallrye-common-function/1.6.0/smallrye-common-function-1.6.0.jar, /Users/mouachani/.m2/repository/io/smallrye/common/smallrye-common-constraint/1.6.0/smallrye-common-constraint-1.6.0.jar, /Users/mouachani/.m2/repository/io/smallrye/common/smallrye-common-classloader/1.6.0/smallrye-common-classloader-1.6.0.jar, /Users/mouachani/.m2/repository/io/smallrye/config/smallrye-config-common/2.5.1/smallrye-config-common-2.5.1.jar, /Users/mouachani/.m2/repository/org/jboss/logmanager/jboss-logmanager-embedded/1.0.9/jboss-logmanager-embedded-1.0.9.jar, /Users/mouachani/.m2/repository/org/jboss/logging/jboss-logging-annotations/2.2.1.Final/jboss-logging-annotations-2.2.1.Final.jar, /Users/mouachani/.m2/repository/org/jboss/threads/jboss-threads/3.4.2.Final/jboss-threads-3.4.2.Final.jar, /Users/mouachani/.m2/repository/org/jboss/slf4j/slf4j-jboss-logmanager/1.1.0.Final/slf4j-jboss-logmanager-1.1.0.Final.jar, /Users/mouachani/.m2/repository/org/graalvm/sdk/graal-sdk/21.2.0/graal-sdk-21.2.0.jar, /Users/mouachani/.m2/repository/org/wildfly/common/wildfly-common/1.5.4.Final-format-001/wildfly-common-1.5.4.Final-format-001.jar, /Users/mouachani/.m2/repository/io/quarkus/quarkus-bootstrap-runner/2.4.0.Final/quarkus-bootstrap-runner-2.4.0.Final.jar, /Users/mouachani/.m2/repository/org/eclipse/microprofile/context-propagation/microprofile-context-propagation-api/1.2/microprofile-context-propagation-api-1.2.jar, /Users/mouachani/.m2/repository/io/quarkus/quarkus-resteasy/2.4.0.Final/quarkus-resteasy-2.4.0.Final.jar, /Users/mouachani/.m2/repository/io/quarkus/quarkus-vertx-http/2.4.0.Final/quarkus-vertx-http-2.4.0.Final.jar, /Users/mouachani/.m2/repository/io/quarkus/quarkus-security-runtime-spi/2.4.0.Final/quarkus-security-runtime-spi-2.4.0.Final.jar, /Users/mouachani/.m2/repository/io/quarkus/quarkus-mutiny/2.4.0.Final/quarkus-mutiny-2.4.0.Final.jar, /Users/mouachani/.m2/repository/io/quarkus/quarkus-smallrye-context-propagation/2.4.0.Final/quarkus-smallrye-context-propagation-2.4.0.Final.jar, /Users/mouachani/.m2/repository/io/smallrye/smallrye-context-propagation/1.2.2/smallrye-context-propagation-1.2.2.jar, /Users/mouachani/.m2/repository/io/smallrye/smallrye-context-propagation-api/1.2.2/smallrye-context-propagation-api-1.2.2.jar, /Users/mouachani/.m2/repository/io/smallrye/smallrye-context-propagation-storage/1.2.2/smallrye-context-propagation-storage-1.2.2.jar, /Users/mouachani/.m2/repository/io/smallrye/reactive/mutiny-smallrye-context-propagation/1.1.2/mutiny-smallrye-context-propagation-1.1.2.jar, /Users/mouachani/.m2/repository/io/quarkus/quarkus-vertx-http-dev-console-runtime-spi/2.4.0.Final/quarkus-vertx-http-dev-console-runtime-spi-2.4.0.Final.jar, /Users/mouachani/.m2/repository/io/quarkus/security/quarkus-security/1.1.4.Final/quarkus-security-1.1.4.Final.jar, /Users/mouachani/.m2/repository/io/quarkus/quarkus-vertx/2.4.0.Final/quarkus-vertx-2.4.0.Final.jar, /Users/mouachani/.m2/repository/io/netty/netty-codec-haproxy/4.1.68.Final/netty-codec-haproxy-4.1.68.Final.jar, /Users/mouachani/.m2/repository/io/smallrye/smallrye-fault-tolerance-vertx/5.2.1/smallrye-fault-tolerance-vertx-5.2.1.jar, /Users/mouachani/.m2/repository/io/smallrye/reactive/smallrye-mutiny-vertx-web/2.14.1/smallrye-mutiny-vertx-web-2.14.1.jar, /Users/mouachani/.m2/repository/io/smallrye/reactive/smallrye-mutiny-vertx-bridge-common/2.14.1/smallrye-mutiny-vertx-bridge-common-2.14.1.jar, /Users/mouachani/.m2/repository/io/vertx/vertx-web/4.1.5/vertx-web-4.1.5.jar, /Users/mouachani/.m2/repository/io/vertx/vertx-web-common/4.1.5/vertx-web-common-4.1.5.jar, /Users/mouachani/.m2/repository/io/vertx/vertx-auth-common/4.1.5/vertx-auth-common-4.1.5.jar, /Users/mouachani/.m2/repository/io/vertx/vertx-bridge-common/4.1.5/vertx-bridge-common-4.1.5.jar, /Users/mouachani/.m2/repository/io/quarkus/quarkus-resteasy-server-common/2.4.0.Final/quarkus-resteasy-server-common-2.4.0.Final.jar, /Users/mouachani/.m2/repository/jakarta/validation/jakarta.validation-api/2.0.2/jakarta.validation-api-2.0.2.jar, /Users/mouachani/.m2/repository/org/kie/kogito/kogito-addons-quarkus-process-management/2.0.0-SNAPSHOT/kogito-addons-quarkus-process-management-2.0.0-SNAPSHOT.jar, /Users/mouachani/.m2/repository/org/kie/kogito/kogito-addons-process-management/2.0.0-SNAPSHOT/kogito-addons-process-management-2.0.0-SNAPSHOT.jar, /Users/mouachani/.m2/repository/org/kie/kogito/kogito-addons-quarkus-rest-exception-handler/2.0.0-SNAPSHOT/kogito-addons-quarkus-rest-exception-handler-2.0.0-SNAPSHOT.jar, /Users/mouachani/.m2/repository/org/kie/kogito/kogito-addons-rest-exception-handler/2.0.0-SNAPSHOT/kogito-addons-rest-exception-handler-2.0.0-SNAPSHOT.jar, /Users/mouachani/.m2/repository/org/kie/kogito/jbpm-flow/2.0.0-SNAPSHOT/jbpm-flow-2.0.0-SNAPSHOT.jar, /Users/mouachani/.m2/repository/org/kie/kogito/process-workitems/2.0.0-SNAPSHOT/process-workitems-2.0.0-SNAPSHOT.jar, /Users/mouachani/.m2/repository/org/kie/kogito/drools-core/2.0.0-SNAPSHOT/drools-core-2.0.0-SNAPSHOT.jar, /Users/mouachani/.m2/repository/org/drools/drools-core/8.15.0-SNAPSHOT/drools-core-8.15.0-SNAPSHOT.jar, /Users/mouachani/.m2/repository/org/kie/kie-util-xml/8.15.0-SNAPSHOT/kie-util-xml-8.15.0-SNAPSHOT.jar, /Users/mouachani/.m2/repository/com/github/javaparser/javaparser-symbol-solver-core/3.23.1/javaparser-symbol-solver-core-3.23.1.jar, /Users/mouachani/.m2/repository/com/github/javaparser/javaparser-core/3.23.1/javaparser-core-3.23.1.jar, /Users/mouachani/.m2/repository/org/javassist/javassist/3.28.0-GA/javassist-3.28.0-GA.jar, /Users/mouachani/.m2/repository/com/google/guava/guava/30.1.1-jre/guava-30.1.1-jre.jar, /Users/mouachani/.m2/repository/com/google/guava/failureaccess/1.0.1/failureaccess-1.0.1.jar, /Users/mouachani/.m2/repository/com/google/guava/listenablefuture/9999.0-empty-to-avoid-conflict-with-guava/listenablefuture-9999.0-empty-to-avoid-conflict-with-guava.jar, /Users/mouachani/.m2/repository/com/google/code/findbugs/jsr305/3.0.2/jsr305-3.0.2.jar, /Users/mouachani/.m2/repository/org/checkerframework/checker-qual/2.5.2/checker-qual-2.5.2.jar, /Users/mouachani/.m2/repository/com/google/j2objc/j2objc-annotations/1.3/j2objc-annotations-1.3.jar, /Users/mouachani/.m2/repository/org/drools/drools-mvel/8.15.0-SNAPSHOT/drools-mvel-8.15.0-SNAPSHOT.jar, /Users/mouachani/.m2/repository/org/drools/drools-compiler/8.15.0-SNAPSHOT/drools-compiler-8.15.0-SNAPSHOT.jar, /Users/mouachani/.m2/repository/org/drools/drools-ecj/8.15.0-SNAPSHOT/drools-ecj-8.15.0-SNAPSHOT.jar, /Users/mouachani/.m2/repository/org/kie/kie-util-maven-support/8.15.0-SNAPSHOT/kie-util-maven-support-8.15.0-SNAPSHOT.jar, /Users/mouachani/.m2/repository/org/antlr/antlr-runtime/3.5.2/antlr-runtime-3.5.2.jar, /Users/mouachani/.m2/repository/com/fasterxml/jackson/datatype/jackson-datatype-jsr310/2.12.5/jackson-datatype-jsr310-2.12.5.jar, /Users/mouachani/.m2/repository/org/kie/kogito/kogito-quarkus-processes/2.0.0-SNAPSHOT/kogito-quarkus-processes-2.0.0-SNAPSHOT.jar, /Users/mouachani/.m2/repository/org/kie/kogito/kogito-api-incubation-processes-services/2.0.0-SNAPSHOT/kogito-api-incubation-processes-services-2.0.0-SNAPSHOT.jar, /Users/mouachani/.m2/repository/org/kie/kogito/kogito-api-incubation-processes/2.0.0-SNAPSHOT/kogito-api-incubation-processes-2.0.0-SNAPSHOT.jar, /Users/mouachani/.m2/repository/org/kie/kogito/jbpm-bpmn2/2.0.0-SNAPSHOT/jbpm-bpmn2-2.0.0-SNAPSHOT.jar, /Users/mouachani/.m2/repository/org/kie/kogito/drools-compiler/2.0.0-SNAPSHOT/drools-compiler-2.0.0-SNAPSHOT.jar, /Users/mouachani/.m2/repository/org/kie/kogito/jbpm-flow-builder/2.0.0-SNAPSHOT/jbpm-flow-builder-2.0.0-SNAPSHOT.jar, /Users/mouachani/.m2/repository/org/kie/kogito/process-serialization-protobuf/2.0.0-SNAPSHOT/process-serialization-protobuf-2.0.0-SNAPSHOT.jar, /Users/mouachani/.m2/repository/com/google/protobuf/protobuf-java/3.17.3/protobuf-java-3.17.3.jar, /Users/mouachani/.m2/repository/com/google/protobuf/protobuf-java-util/3.15.8/protobuf-java-util-3.15.8.jar, /Users/mouachani/.m2/repository/com/google/errorprone/error_prone_annotations/2.2.0/error_prone_annotations-2.2.0.jar, /Users/mouachani/.m2/repository/com/google/code/gson/gson/2.8.6/gson-2.8.6.jar, /Users/mouachani/.m2/repository/org/infinispan/protostream/protostream/4.4.1.Final/protostream-4.4.1.Final.jar, /Users/mouachani/.m2/repository/io/smallrye/reactive/smallrye-mutiny-vertx-web-client/2.14.1/smallrye-mutiny-vertx-web-client-2.14.1.jar, /Users/mouachani/.m2/repository/io/vertx/vertx-web-client/4.1.5/vertx-web-client-4.1.5.jar, /Users/mouachani/.m2/repository/io/smallrye/reactive/smallrye-mutiny-vertx-core/2.14.1/smallrye-mutiny-vertx-core-2.14.1.jar, /Users/mouachani/.m2/repository/io/smallrye/reactive/smallrye-mutiny-vertx-runtime/2.14.1/smallrye-mutiny-vertx-runtime-2.14.1.jar, /Users/mouachani/.m2/repository/io/smallrye/reactive/vertx-mutiny-generator/2.14.1/vertx-mutiny-generator-2.14.1.jar, /Users/mouachani/.m2/repository/io/vertx/vertx-codegen/4.1.5/vertx-codegen-4.1.5.jar, /Users/mouachani/.m2/repository/io/smallrye/reactive/smallrye-mutiny-vertx-auth-common/2.14.1/smallrye-mutiny-vertx-auth-common-2.14.1.jar, /Users/mouachani/.m2/repository/io/smallrye/reactive/smallrye-mutiny-vertx-web-common/2.14.1/smallrye-mutiny-vertx-web-common-2.14.1.jar, /Users/mouachani/.m2/repository/org/kie/kogito/kogito-addons-quarkus-messaging/2.0.0-SNAPSHOT/kogito-addons-quarkus-messaging-2.0.0-SNAPSHOT.jar, /Users/mouachani/.m2/repository/org/kie/kogito/kogito-addons-quarkus-messaging-common/2.0.0-SNAPSHOT/kogito-addons-quarkus-messaging-common-2.0.0-SNAPSHOT.jar, /Users/mouachani/.m2/repository/org/kie/kogito/kogito-addons-messaging/2.0.0-SNAPSHOT/kogito-addons-messaging-2.0.0-SNAPSHOT.jar, /Users/mouachani/.m2/repository/org/kie/kogito/kogito-addons-cloudevents-utils/2.0.0-SNAPSHOT/kogito-addons-cloudevents-utils-2.0.0-SNAPSHOT.jar, /Users/mouachani/.m2/repository/io/cloudevents/cloudevents-api/2.2.0/cloudevents-api-2.2.0.jar, /Users/mouachani/.m2/repository/io/cloudevents/cloudevents-json-jackson/2.2.0/cloudevents-json-jackson-2.2.0.jar, /Users/mouachani/.m2/repository/io/cloudevents/cloudevents-http-restful-ws/2.2.0/cloudevents-http-restful-ws-2.2.0.jar, /Users/mouachani/.m2/repository/io/cloudevents/cloudevents-core/2.2.0/cloudevents-core-2.2.0.jar, /Users/mouachani/.m2/repository/jakarta/ws/rs/jakarta.ws.rs-api/2.1.6/jakarta.ws.rs-api-2.1.6.jar, /Users/mouachani/.m2/repository/org/kie/kogito/kogito-addons-quarkus-events-process/2.0.0-SNAPSHOT/kogito-addons-quarkus-events-process-2.0.0-SNAPSHOT.jar, /Users/mouachani/.m2/repository/org/kie/kogito/kogito-events-api/2.0.0-SNAPSHOT/kogito-events-api-2.0.0-SNAPSHOT.jar, /Users/mouachani/.m2/repository/org/reactivestreams/reactive-streams/1.0.3/reactive-streams-1.0.3.jar, /Users/mouachani/.m2/repository/org/kie/kogito/kogito-services/2.0.0-SNAPSHOT/kogito-services-2.0.0-SNAPSHOT.jar, /Users/mouachani/.m2/repository/com/fasterxml/jackson/core/jackson-databind/2.12.5/jackson-databind-2.12.5.jar, /Users/mouachani/.m2/repository/com/fasterxml/jackson/core/jackson-core/2.12.5/jackson-core-2.12.5.jar, /Users/mouachani/.m2/repository/io/smallrye/reactive/smallrye-reactive-messaging-provider/3.10.1/smallrye-reactive-messaging-provider-3.10.1.jar, /Users/mouachani/.m2/repository/io/smallrye/reactive/smallrye-reactive-messaging-api/3.10.1/smallrye-reactive-messaging-api-3.10.1.jar, /Users/mouachani/.m2/repository/org/jboss/jandex/2.4.1.Final/jandex-2.4.1.Final.jar, /Users/mouachani/.m2/repository/io/smallrye/reactive/smallrye-reactive-converter-api/2.6.0/smallrye-reactive-converter-api-2.6.0.jar, /Users/mouachani/.m2/repository/io/smallrye/reactive/mutiny/1.1.2/mutiny-1.1.2.jar, /Users/mouachani/.m2/repository/org/eclipse/microprofile/config/microprofile-config-api/2.0/microprofile-config-api-2.0.jar, /Users/mouachani/.m2/repository/org/slf4j/slf4j-api/1.7.30/slf4j-api-1.7.30.jar, /Users/mouachani/.m2/repository/io/quarkus/quarkus-smallrye-reactive-messaging-kafka/2.4.0.Final/quarkus-smallrye-reactive-messaging-kafka-2.4.0.Final.jar, /Users/mouachani/.m2/repository/io/quarkus/quarkus-kafka-client/2.4.0.Final/quarkus-kafka-client-2.4.0.Final.jar, /Users/mouachani/.m2/repository/io/smallrye/reactive/smallrye-reactive-messaging-kafka/3.10.1/smallrye-reactive-messaging-kafka-3.10.1.jar, /Users/mouachani/.m2/repository/io/smallrye/reactive/smallrye-reactive-messaging-kafka-api/3.10.1/smallrye-reactive-messaging-kafka-api-3.10.1.jar, /Users/mouachani/.m2/repository/io/opentelemetry/opentelemetry-api/1.6.0/opentelemetry-api-1.6.0.jar, /Users/mouachani/.m2/repository/io/opentelemetry/opentelemetry-context/1.6.0/opentelemetry-context-1.6.0.jar, /Users/mouachani/.m2/repository/io/opentelemetry/opentelemetry-semconv/1.6.0-alpha/opentelemetry-semconv-1.6.0-alpha.jar, /Users/mouachani/.m2/repository/io/quarkus/quarkus-jackson/2.4.0.Final/quarkus-jackson-2.4.0.Final.jar, /Users/mouachani/.m2/repository/com/fasterxml/jackson/datatype/jackson-datatype-jdk8/2.12.5/jackson-datatype-jdk8-2.12.5.jar, /Users/mouachani/.m2/repository/com/fasterxml/jackson/module/jackson-module-parameter-names/2.12.5/jackson-module-parameter-names-2.12.5.jar, /Users/mouachani/.m2/repository/org/apache/kafka/kafka-clients/2.8.1/kafka-clients-2.8.1.jar, /Users/mouachani/.m2/repository/com/github/luben/zstd-jni/1.4.9-1/zstd-jni-1.4.9-1.jar, /Users/mouachani/.m2/repository/org/lz4/lz4-java/1.7.1/lz4-java-1.7.1.jar, /Users/mouachani/.m2/repository/org/xerial/snappy/snappy-java/1.1.8.1/snappy-java-1.1.8.1.jar, /Users/mouachani/.m2/repository/io/vertx/vertx-kafka-client/4.1.5/vertx-kafka-client-4.1.5.jar, /Users/mouachani/.m2/repository/io/vertx/vertx-core/4.1.5/vertx-core-4.1.5.jar, /Users/mouachani/.m2/repository/io/netty/netty-common/4.1.68.Final/netty-common-4.1.68.Final.jar, /Users/mouachani/.m2/repository/io/netty/netty-buffer/4.1.68.Final/netty-buffer-4.1.68.Final.jar, /Users/mouachani/.m2/repository/io/netty/netty-transport/4.1.68.Final/netty-transport-4.1.68.Final.jar, /Users/mouachani/.m2/repository/io/netty/netty-handler-proxy/4.1.68.Final/netty-handler-proxy-4.1.68.Final.jar, /Users/mouachani/.m2/repository/io/netty/netty-codec-socks/4.1.68.Final/netty-codec-socks-4.1.68.Final.jar, /Users/mouachani/.m2/repository/io/netty/netty-resolver/4.1.68.Final/netty-resolver-4.1.68.Final.jar, /Users/mouachani/.m2/repository/io/netty/netty-resolver-dns/4.1.68.Final/netty-resolver-dns-4.1.68.Final.jar, /Users/mouachani/.m2/repository/io/netty/netty-codec-dns/4.1.68.Final/netty-codec-dns-4.1.68.Final.jar, /Users/mouachani/.m2/repository/io/quarkus/quarkus-smallrye-reactive-messaging/2.4.0.Final/quarkus-smallrye-reactive-messaging-2.4.0.Final.jar, /Users/mouachani/.m2/repository/io/quarkus/quarkus-mutiny-reactive-streams-operators/2.4.0.Final/quarkus-mutiny-reactive-streams-operators-2.4.0.Final.jar, /Users/mouachani/.m2/repository/org/eclipse/microprofile/reactive-streams-operators/microprofile-reactive-streams-operators-api/1.0.1/microprofile-reactive-streams-operators-api-1.0.1.jar, /Users/mouachani/.m2/repository/org/eclipse/microprofile/reactive-streams-operators/microprofile-reactive-streams-operators-core/1.0.1/microprofile-reactive-streams-operators-core-1.0.1.jar, /Users/mouachani/.m2/repository/io/smallrye/reactive/mutiny-reactive-streams-operators/1.1.2/mutiny-reactive-streams-operators-1.1.2.jar, /Users/mouachani/.m2/repository/io/quarkus/quarkus-smallrye-reactive-messaging-kotlin/2.4.0.Final/quarkus-smallrye-reactive-messaging-kotlin-2.4.0.Final.jar, /Users/mouachani/.m2/repository/io/smallrye/common/smallrye-common-annotation/1.6.0/smallrye-common-annotation-1.6.0.jar, /Users/mouachani/.m2/repository/io/smallrye/reactive/smallrye-reactive-messaging-health/3.10.1/smallrye-reactive-messaging-health-3.10.1.jar, /Users/mouachani/.m2/repository/jakarta/annotation/jakarta.annotation-api/1.3.5/jakarta.annotation-api-1.3.5.jar, /Users/mouachani/.m2/repository/io/quarkus/quarkus-resteasy-jackson/2.4.0.Final/quarkus-resteasy-jackson-2.4.0.Final.jar, /Users/mouachani/.m2/repository/org/jboss/resteasy/resteasy-jackson2-provider/4.7.0.Final/resteasy-jackson2-provider-4.7.0.Final.jar, /Users/mouachani/.m2/repository/com/fasterxml/jackson/jaxrs/jackson-jaxrs-json-provider/2.12.5/jackson-jaxrs-json-provider-2.12.5.jar, /Users/mouachani/.m2/repository/com/fasterxml/jackson/jaxrs/jackson-jaxrs-base/2.12.5/jackson-jaxrs-base-2.12.5.jar, /Users/mouachani/.m2/repository/com/fasterxml/jackson/module/jackson-module-jaxb-annotations/2.12.5/jackson-module-jaxb-annotations-2.12.5.jar, /Users/mouachani/.m2/repository/com/github/java-json-tools/json-patch/1.13/json-patch-1.13.jar, /Users/mouachani/.m2/repository/com/github/java-json-tools/msg-simple/1.2/msg-simple-1.2.jar, /Users/mouachani/.m2/repository/com/github/java-json-tools/btf/1.3/btf-1.3.jar, /Users/mouachani/.m2/repository/com/github/java-json-tools/jackson-coreutils/2.0/jackson-coreutils-2.0.jar, /Users/mouachani/.m2/repository/org/jboss/spec/javax/xml/bind/jboss-jaxb-api_2.3_spec/2.0.0.Final/jboss-jaxb-api_2.3_spec-2.0.0.Final.jar, /Users/mouachani/.m2/repository/io/quarkus/quarkus-smallrye-openapi/2.4.0.Final/quarkus-smallrye-openapi-2.4.0.Final.jar, /Users/mouachani/.m2/repository/io/smallrye/smallrye-open-api-core/2.1.15/smallrye-open-api-core-2.1.15.jar, /Users/mouachani/.m2/repository/org/eclipse/microprofile/openapi/microprofile-openapi-api/2.0.1-RC1/microprofile-openapi-api-2.0.1-RC1.jar, /Users/mouachani/.m2/repository/com/fasterxml/jackson/dataformat/jackson-dataformat-yaml/2.12.5/jackson-dataformat-yaml-2.12.5.jar, /Users/mouachani/.m2/repository/org/yaml/snakeyaml/1.29/snakeyaml-1.29.jar, /Users/mouachani/.m2/repository/io/quarkus/quarkus-swagger-ui/2.4.0.Final/quarkus-swagger-ui-2.4.0.Final.jar, /Users/mouachani/.m2/repository/org/kie/kogito/kogito-api/2.0.0-SNAPSHOT/kogito-api-2.0.0-SNAPSHOT.jar, /Users/mouachani/.m2/repository/com/fasterxml/jackson/core/jackson-annotations/2.12.5/jackson-annotations-2.12.5.jar, /Users/mouachani/.m2/repository/org/kie/kie-api/8.15.0-SNAPSHOT/kie-api-8.15.0-SNAPSHOT.jar, /Users/mouachani/.m2/repository/org/kie/kie-dmn-api/8.15.0-SNAPSHOT/kie-dmn-api-8.15.0-SNAPSHOT.jar, /Users/mouachani/.m2/repository/org/kie/kie-internal/8.15.0-SNAPSHOT/kie-internal-8.15.0-SNAPSHOT.jar, /Users/mouachani/.m2/repository/org/kie/kie-dmn-model/8.15.0-SNAPSHOT/kie-dmn-model-8.15.0-SNAPSHOT.jar, /Users/mouachani/.m2/repository/org/kie/kogito/kogito-timer/2.0.0-SNAPSHOT/kogito-timer-2.0.0-SNAPSHOT.jar, /Users/mouachani/.m2/repository/org/kie/kie-pmml-evaluator-api/8.15.0-SNAPSHOT/kie-pmml-evaluator-api-8.15.0-SNAPSHOT.jar, /Users/mouachani/.m2/repository/org/kie/kie-pmml-api/8.15.0-SNAPSHOT/kie-pmml-api-8.15.0-SNAPSHOT.jar, /Users/mouachani/.m2/repository/org/apache/commons/commons-math3/3.4.1/commons-math3-3.4.1.jar, /Users/mouachani/.m2/repository/org/kie/kie-pmml-commons/8.15.0-SNAPSHOT/kie-pmml-commons-8.15.0-SNAPSHOT.jar, /Users/mouachani/.m2/repository/org/apache/commons/commons-text/1.9/commons-text-1.9.jar, /Users/mouachani/.m2/repository/io/quarkus/quarkus-smallrye-health/2.4.0.Final/quarkus-smallrye-health-2.4.0.Final.jar, /Users/mouachani/.m2/repository/io/smallrye/smallrye-health/3.1.1/smallrye-health-3.1.1.jar, /Users/mouachani/.m2/repository/org/eclipse/microprofile/health/microprofile-health-api/3.1/microprofile-health-api-3.1.jar, /Users/mouachani/.m2/repository/io/smallrye/smallrye-health-api/3.1.1/smallrye-health-api-3.1.1.jar, /Users/mouachani/.m2/repository/io/smallrye/smallrye-health-provided-checks/3.1.1/smallrye-health-provided-checks-3.1.1.jar, /Users/mouachani/.m2/repository/io/quarkus/quarkus-jsonp/2.4.0.Final/quarkus-jsonp-2.4.0.Final.jar, /Users/mouachani/.m2/repository/org/glassfish/jakarta.json/1.1.6/jakarta.json-1.1.6.jar, /Users/mouachani/.m2/repository/io/quarkus/quarkus-infinispan-client/2.4.0.Final/quarkus-infinispan-client-2.4.0.Final.jar, /Users/mouachani/.m2/repository/io/quarkus/quarkus-caffeine/2.4.0.Final/quarkus-caffeine-2.4.0.Final.jar, /Users/mouachani/.m2/repository/com/github/ben-manes/caffeine/caffeine/2.9.2/caffeine-2.9.2.jar, /Users/mouachani/.m2/repository/io/quarkus/quarkus-netty/2.4.0.Final/quarkus-netty-2.4.0.Final.jar, /Users/mouachani/.m2/repository/io/netty/netty-codec/4.1.68.Final/netty-codec-4.1.68.Final.jar, /Users/mouachani/.m2/repository/io/netty/netty-codec-http/4.1.68.Final/netty-codec-http-4.1.68.Final.jar, /Users/mouachani/.m2/repository/io/netty/netty-codec-http2/4.1.68.Final/netty-codec-http2-4.1.68.Final.jar, /Users/mouachani/.m2/repository/io/netty/netty-handler/4.1.68.Final/netty-handler-4.1.68.Final.jar, /Users/mouachani/.m2/repository/io/quarkus/quarkus-elytron-security-common/2.4.0.Final/quarkus-elytron-security-common-2.4.0.Final.jar, /Users/mouachani/.m2/repository/org/wildfly/security/wildfly-elytron-credential/1.17.2.Final/wildfly-elytron-credential-1.17.2.Final.jar, /Users/mouachani/.m2/repository/org/wildfly/security/wildfly-elytron-asn1/1.17.2.Final/wildfly-elytron-asn1-1.17.2.Final.jar, /Users/mouachani/.m2/repository/org/wildfly/security/wildfly-elytron-keystore/1.17.2.Final/wildfly-elytron-keystore-1.17.2.Final.jar, /Users/mouachani/.m2/repository/org/wildfly/security/wildfly-elytron-x500-cert/1.17.2.Final/wildfly-elytron-x500-cert-1.17.2.Final.jar, /Users/mouachani/.m2/repository/org/wildfly/security/wildfly-elytron-x500-cert-util/1.17.2.Final/wildfly-elytron-x500-cert-util-1.17.2.Final.jar, /Users/mouachani/.m2/repository/org/apache/sshd/sshd-common/2.3.0/sshd-common-2.3.0.jar, /Users/mouachani/.m2/repository/org/wildfly/security/wildfly-elytron-provider-util/1.17.2.Final/wildfly-elytron-provider-util-1.17.2.Final.jar, /Users/mouachani/.m2/repository/org/wildfly/security/wildfly-elytron-x500/1.17.2.Final/wildfly-elytron-x500-1.17.2.Final.jar, /Users/mouachani/.m2/repository/org/wildfly/security/wildfly-elytron-password-impl/1.17.2.Final/wildfly-elytron-password-impl-1.17.2.Final.jar, /Users/mouachani/.m2/repository/org/wildfly/security/wildfly-elytron-sasl-plain/1.17.2.Final/wildfly-elytron-sasl-plain-1.17.2.Final.jar, /Users/mouachani/.m2/repository/org/wildfly/security/wildfly-elytron-auth-server/1.17.2.Final/wildfly-elytron-auth-server-1.17.2.Final.jar, /Users/mouachani/.m2/repository/org/wildfly/security/wildfly-elytron-auth/1.17.2.Final/wildfly-elytron-auth-1.17.2.Final.jar, /Users/mouachani/.m2/repository/org/wildfly/security/wildfly-elytron-base/1.17.2.Final/wildfly-elytron-base-1.17.2.Final.jar, /Users/mouachani/.m2/repository/org/wildfly/security/wildfly-elytron-permission/1.17.2.Final/wildfly-elytron-permission-1.17.2.Final.jar, /Users/mouachani/.m2/repository/org/wildfly/security/wildfly-elytron-sasl/1.17.2.Final/wildfly-elytron-sasl-1.17.2.Final.jar, /Users/mouachani/.m2/repository/org/wildfly/security/wildfly-elytron-ssl/1.17.2.Final/wildfly-elytron-ssl-1.17.2.Final.jar, /Users/mouachani/.m2/repository/org/wildfly/security/wildfly-elytron-mechanism/1.17.2.Final/wildfly-elytron-mechanism-1.17.2.Final.jar, /Users/mouachani/.m2/repository/org/wildfly/security/wildfly-elytron-http/1.17.2.Final/wildfly-elytron-http-1.17.2.Final.jar, /Users/mouachani/.m2/repository/org/wildfly/security/wildfly-elytron-sasl-digest/1.17.2.Final/wildfly-elytron-sasl-digest-1.17.2.Final.jar, /Users/mouachani/.m2/repository/org/wildfly/security/wildfly-elytron-mechanism-digest/1.17.2.Final/wildfly-elytron-mechanism-digest-1.17.2.Final.jar, /Users/mouachani/.m2/repository/org/wildfly/security/wildfly-elytron-util/1.17.2.Final/wildfly-elytron-util-1.17.2.Final.jar, /Users/mouachani/.m2/repository/org/wildfly/security/wildfly-elytron-sasl-external/1.17.2.Final/wildfly-elytron-sasl-external-1.17.2.Final.jar, /Users/mouachani/.m2/repository/org/wildfly/security/wildfly-elytron-sasl-oauth2/1.17.2.Final/wildfly-elytron-sasl-oauth2-1.17.2.Final.jar, /Users/mouachani/.m2/repository/org/wildfly/security/wildfly-elytron-mechanism-oauth2/1.17.2.Final/wildfly-elytron-mechanism-oauth2-1.17.2.Final.jar, /Users/mouachani/.m2/repository/org/wildfly/security/wildfly-elytron-sasl-scram/1.17.2.Final/wildfly-elytron-sasl-scram-1.17.2.Final.jar, /Users/mouachani/.m2/repository/org/wildfly/security/wildfly-elytron-mechanism-scram/1.17.2.Final/wildfly-elytron-mechanism-scram-1.17.2.Final.jar, /Users/mouachani/.m2/repository/org/infinispan/infinispan-client-hotrod/12.1.7.Final/infinispan-client-hotrod-12.1.7.Final.jar, /Users/mouachani/.m2/repository/org/infinispan/infinispan-commons/12.1.7.Final/infinispan-commons-12.1.7.Final.jar, /Users/mouachani/.m2/repository/org/wildfly/security/wildfly-elytron-sasl-gs2/1.17.2.Final/wildfly-elytron-sasl-gs2-1.17.2.Final.jar, /Users/mouachani/.m2/repository/org/wildfly/security/wildfly-elytron-mechanism-gssapi/1.17.2.Final/wildfly-elytron-mechanism-gssapi-1.17.2.Final.jar, /Users/mouachani/.m2/repository/org/wildfly/security/wildfly-elytron-security-manager-action/1.17.2.Final/wildfly-elytron-security-manager-action-1.17.2.Final.jar, /Users/mouachani/.m2/repository/org/wildfly/security/wildfly-elytron-sasl-gssapi/1.17.2.Final/wildfly-elytron-sasl-gssapi-1.17.2.Final.jar, /Users/mouachani/.m2/repository/io/reactivex/rxjava3/rxjava/3.0.4/rxjava-3.0.4.jar, /Users/mouachani/.m2/repository/io/netty/netty-transport-native-epoll/4.1.68.Final/netty-transport-native-epoll-4.1.68.Final-linux-x86_64.jar, /Users/mouachani/.m2/repository/io/netty/netty-transport-native-unix-common/4.1.68.Final/netty-transport-native-unix-common-4.1.68.Final.jar, /Users/mouachani/.m2/repository/jakarta/transaction/jakarta.transaction-api/1.3.3/jakarta.transaction-api-1.3.3.jar, /Users/mouachani/.m2/repository/org/infinispan/infinispan-remote-query-client/12.1.7.Final/infinispan-remote-query-client-12.1.7.Final.jar, /Users/mouachani/.m2/repository/org/infinispan/infinispan-query-dsl/12.1.7.Final/infinispan-query-dsl-12.1.7.Final.jar, /Users/mouachani/.m2/repository/org/infinispan/protostream/protostream-processor/4.4.1.Final/protostream-processor-4.4.1.Final.jar, /Users/mouachani/.m2/repository/org/infinispan/protostream/protostream-types/4.4.1.Final/protostream-types-4.4.1.Final.jar, /Users/mouachani/.m2/repository/org/kie/kogito/kogito-addons-persistence-infinispan/2.0.0-SNAPSHOT/kogito-addons-persistence-infinispan-2.0.0-SNAPSHOT.jar, /Users/mouachani/.m2/repository/org/infinispan/infinispan-commons-jdk11/12.1.7.Final/infinispan-commons-jdk11-12.1.7.Final.jar, /Users/mouachani/.m2/repository/org/kie/kogito/kogito-addons-quarkus-monitoring-prometheus/2.0.0-SNAPSHOT/kogito-addons-quarkus-monitoring-prometheus-2.0.0-SNAPSHOT.jar, /Users/mouachani/.m2/repository/io/quarkus/quarkus-micrometer-registry-prometheus/2.4.0.Final/quarkus-micrometer-registry-prometheus-2.4.0.Final.jar, /Users/mouachani/.m2/repository/io/quarkus/quarkus-micrometer/2.4.0.Final/quarkus-micrometer-2.4.0.Final.jar, /Users/mouachani/.m2/repository/io/micrometer/micrometer-core/1.7.4/micrometer-core-1.7.4.jar, /Users/mouachani/.m2/repository/org/hdrhistogram/HdrHistogram/2.1.12/HdrHistogram-2.1.12.jar, /Users/mouachani/.m2/repository/io/micrometer/micrometer-registry-prometheus/1.7.4/micrometer-registry-prometheus-1.7.4.jar, /Users/mouachani/.m2/repository/io/prometheus/simpleclient_common/0.10.0/simpleclient_common-0.10.0.jar, /Users/mouachani/.m2/repository/io/prometheus/simpleclient/0.10.0/simpleclient-0.10.0.jar, /Users/mouachani/.m2/repository/org/kie/kogito/kogito-addons-monitoring-prometheus/2.0.0-SNAPSHOT/kogito-addons-monitoring-prometheus-2.0.0-SNAPSHOT.jar, /Users/mouachani/.m2/repository/org/kie/kogito/kogito-addons-monitoring-core/2.0.0-SNAPSHOT/kogito-addons-monitoring-core-2.0.0-SNAPSHOT.jar, /Users/mouachani/.m2/repository/org/kie/kogito/grafana-api/2.0.0-SNAPSHOT/grafana-api-2.0.0-SNAPSHOT.jar, /Users/mouachani/.m2/repository/org/kie/kogito/kogito-addons-quarkus-monitoring-core/2.0.0-SNAPSHOT/kogito-addons-quarkus-monitoring-core-2.0.0-SNAPSHOT.jar, /Users/mouachani/.m2/repository/io/quarkus/quarkus-rest-client/2.4.0.Final/quarkus-rest-client-2.4.0.Final.jar, /Users/mouachani/.m2/repository/io/quarkus/quarkus-resteasy-common/2.4.0.Final/quarkus-resteasy-common-2.4.0.Final.jar, /Users/mouachani/.m2/repository/org/jboss/resteasy/resteasy-core/4.7.0.Final/resteasy-core-4.7.0.Final.jar, /Users/mouachani/.m2/repository/org/jboss/spec/javax/ws/rs/jboss-jaxrs-api_2.1_spec/2.0.1.Final/jboss-jaxrs-api_2.1_spec-2.0.1.Final.jar, /Users/mouachani/.m2/repository/org/jboss/resteasy/resteasy-core-spi/4.7.0.Final/resteasy-core-spi-4.7.0.Final.jar, /Users/mouachani/.m2/repository/com/ibm/async/asyncutil/0.1.0/asyncutil-0.1.0.jar, /Users/mouachani/.m2/repository/com/sun/activation/jakarta.activation/1.2.1/jakarta.activation-1.2.1.jar, /Users/mouachani/.m2/repository/io/quarkus/quarkus-apache-httpclient/2.4.0.Final/quarkus-apache-httpclient-2.4.0.Final.jar, /Users/mouachani/.m2/repository/io/quarkus/quarkus-rest-client-config/2.4.0.Final/quarkus-rest-client-config-2.4.0.Final.jar, /Users/mouachani/.m2/repository/org/eclipse/microprofile/rest/client/microprofile-rest-client-api/2.0/microprofile-rest-client-api-2.0.jar, /Users/mouachani/.m2/repository/org/jboss/resteasy/resteasy-client-microprofile/4.7.0.Final/resteasy-client-microprofile-4.7.0.Final.jar, /Users/mouachani/.m2/repository/org/jboss/resteasy/resteasy-client-microprofile-base/4.7.0.Final/resteasy-client-microprofile-base-4.7.0.Final.jar, /Users/mouachani/.m2/repository/org/jboss/resteasy/resteasy-client/4.7.0.Final/resteasy-client-4.7.0.Final.jar, /Users/mouachani/.m2/repository/org/jboss/resteasy/resteasy-client-api/4.7.0.Final/resteasy-client-api-4.7.0.Final.jar, /Users/mouachani/.m2/repository/commons-io/commons-io/2.11.0/commons-io-2.11.0.jar, /Users/mouachani/.m2/repository/org/jboss/resteasy/resteasy-cdi/4.7.0.Final/resteasy-cdi-4.7.0.Final.jar, /Users/mouachani/.m2/repository/jakarta/interceptor/jakarta.interceptor-api/1.2.5/jakarta.interceptor-api-1.2.5.jar, /Users/mouachani/.m2/repository/org/apache/httpcomponents/httpasyncclient/4.1.4/httpasyncclient-4.1.4.jar, /Users/mouachani/.m2/repository/org/apache/httpcomponents/httpcore/4.4.14/httpcore-4.4.14.jar, /Users/mouachani/.m2/repository/org/apache/httpcomponents/httpcore-nio/4.4.14/httpcore-nio-4.4.14.jar, /Users/mouachani/.m2/repository/org/jboss/logging/commons-logging-jboss-logging/1.0.0.Final/commons-logging-jboss-logging-1.0.0.Final.jar, /Users/mouachani/.m2/repository/io/smallrye/common/smallrye-common-io/1.6.0/smallrye-common-io-1.6.0.jar, /Users/mouachani/.m2/repository/org/ow2/asm/asm/9.2/asm-9.2.jar, /Users/mouachani/.m2/repository/org/ow2/asm/asm-tree/9.2/asm-tree-9.2.jar, /Users/mouachani/.m2/repository/org/ow2/asm/asm-analysis/9.2/asm-analysis-9.2.jar, /Users/mouachani/.m2/repository/com/thoughtworks/xstream/xstream/1.4.18/xstream-1.4.18.jar, /Users/mouachani/.m2/repository/io/github/x-stream/mxparser/1.2.2/mxparser-1.2.2.jar, /Users/mouachani/.m2/repository/xmlpull/xmlpull/1.1.3.1/xmlpull-1.1.3.1.jar, /Users/mouachani/.m2/repository/org/apache/httpcomponents/httpclient/4.5.13/httpclient-4.5.13.jar, /Users/mouachani/.m2/repository/commons-codec/commons-codec/1.15/commons-codec-1.15.jar, /Users/mouachani/.m2/repository/org/apache/commons/commons-lang3/3.12.0/commons-lang3-3.12.0.jar, /Users/mouachani/.m2/repository/jakarta/xml/bind/jakarta.xml.bind-api/2.3.3/jakarta.xml.bind-api-2.3.3.jar]
[DEBUG]   (f) compileSourceRoots = [/Users/mouachani/projects/imsa/imsa-process-kogito/src/main/java]
[DEBUG]   (f) compilerId = javac
[DEBUG]   (f) debug = true
[DEBUG]   (f) failOnError = true
[DEBUG]   (f) forceJavacCompilerUse = false
[DEBUG]   (f) fork = false
[DEBUG]   (f) generatedSourcesDirectory = /Users/mouachani/projects/imsa/imsa-process-kogito/target/generated-sources/annotations
[DEBUG]   (f) mojoExecution = org.apache.maven.plugins:maven-compiler-plugin:3.1:compile {execution: default-compile}
[DEBUG]   (f) optimize = false
[DEBUG]   (f) outputDirectory = /Users/mouachani/projects/imsa/imsa-process-kogito/target/classes
[DEBUG]   (f) projectArtifact = fr.msa.imsa:imsa-process-kogito:jar:1.0.0-SNAPSHOT
[DEBUG]   (f) showDeprecation = false
[DEBUG]   (f) showWarnings = false
[DEBUG]   (f) skipMultiThreadWarning = false
[DEBUG]   (f) source = 1.6
[DEBUG]   (f) staleMillis = 0
[DEBUG]   (f) target = 1.6
[DEBUG]   (f) useIncrementalCompilation = true
[DEBUG]   (f) verbose = false
[DEBUG]   (f) mavenSession = org.apache.maven.execution.MavenSession@6dce59e
[DEBUG]   (f) session = org.apache.maven.execution.MavenSession@6dce59e
[DEBUG] -- end configuration --
[DEBUG] Using compiler 'javac'.
[DEBUG] Source directories: [/Users/mouachani/projects/imsa/imsa-process-kogito/src/main/java]
[DEBUG] Classpath: [/Users/mouachani/projects/imsa/imsa-process-kogito/target/classes
 /Users/mouachani/.m2/repository/org/kie/kogito/kogito-quarkus/2.0.0-SNAPSHOT/kogito-quarkus-2.0.0-SNAPSHOT.jar
 /Users/mouachani/.m2/repository/org/kie/kogito/kogito-quarkus-common/2.0.0-SNAPSHOT/kogito-quarkus-common-2.0.0-SNAPSHOT.jar
 /Users/mouachani/.m2/repository/org/kie/kogito/kogito-api-incubation-application/2.0.0-SNAPSHOT/kogito-api-incubation-application-2.0.0-SNAPSHOT.jar
 /Users/mouachani/.m2/repository/org/kie/kogito/kogito-api-incubation-common/2.0.0-SNAPSHOT/kogito-api-incubation-common-2.0.0-SNAPSHOT.jar
 /Users/mouachani/.m2/repository/org/kie/kogito/kogito-api-incubation-common-objectmapper/2.0.0-SNAPSHOT/kogito-api-incubation-common-objectmapper-2.0.0-SNAPSHOT.jar
 /Users/mouachani/.m2/repository/org/mvel/mvel2/2.4.12.Final/mvel2-2.4.12.Final.jar
 /Users/mouachani/.m2/repository/com/jayway/jsonpath/json-path/2.6.0/json-path-2.6.0.jar
 /Users/mouachani/.m2/repository/net/minidev/json-smart/2.4.7/json-smart-2.4.7.jar
 /Users/mouachani/.m2/repository/net/minidev/accessors-smart/2.4.7/accessors-smart-2.4.7.jar
 /Users/mouachani/.m2/repository/io/quarkus/arc/arc-processor/2.4.0.Final/arc-processor-2.4.0.Final.jar
 /Users/mouachani/.m2/repository/io/quarkus/gizmo/gizmo/1.0.9.Final/gizmo-1.0.9.Final.jar
 /Users/mouachani/.m2/repository/org/ow2/asm/asm-util/9.1/asm-util-9.1.jar
 /Users/mouachani/.m2/repository/io/quarkus/quarkus-undertow/2.4.0.Final/quarkus-undertow-2.4.0.Final.jar
 /Users/mouachani/.m2/repository/io/quarkus/http/quarkus-http-servlet/4.1.3/quarkus-http-servlet-4.1.3.jar
 /Users/mouachani/.m2/repository/jakarta/servlet/jakarta.servlet-api/4.0.3/jakarta.servlet-api-4.0.3.jar
 /Users/mouachani/.m2/repository/io/quarkus/http/quarkus-http-vertx-backend/4.1.3/quarkus-http-vertx-backend-4.1.3.jar
 /Users/mouachani/.m2/repository/io/quarkus/http/quarkus-http-http-core/4.1.3/quarkus-http-http-core-4.1.3.jar
 /Users/mouachani/.m2/repository/io/quarkus/http/quarkus-http-core/4.1.3/quarkus-http-core-4.1.3.jar
 /Users/mouachani/.m2/repository/org/kie/kogito/kogito-quarkus-rules/2.0.0-SNAPSHOT/kogito-quarkus-rules-2.0.0-SNAPSHOT.jar
 /Users/mouachani/.m2/repository/org/kie/kogito/kogito-api-incubation-rules-services/2.0.0-SNAPSHOT/kogito-api-incubation-rules-services-2.0.0-SNAPSHOT.jar
 /Users/mouachani/.m2/repository/org/kie/kogito/kogito-api-incubation-rules/2.0.0-SNAPSHOT/kogito-api-incubation-rules-2.0.0-SNAPSHOT.jar
 /Users/mouachani/.m2/repository/org/kie/kogito/kogito-drools/2.0.0-SNAPSHOT/kogito-drools-2.0.0-SNAPSHOT.jar
 /Users/mouachani/.m2/repository/org/kie/kogito/drools-core-static/2.0.0-SNAPSHOT/drools-core-static-2.0.0-SNAPSHOT.jar
 /Users/mouachani/.m2/repository/org/drools/drools-core-reflective/8.15.0-SNAPSHOT/drools-core-reflective-8.15.0-SNAPSHOT.jar
 /Users/mouachani/.m2/repository/org/kie/kogito/kogito-ruleunits/2.0.0-SNAPSHOT/kogito-ruleunits-2.0.0-SNAPSHOT.jar
 /Users/mouachani/.m2/repository/org/kie/kogito/kogito-drools-model/2.0.0-SNAPSHOT/kogito-drools-model-2.0.0-SNAPSHOT.jar
 /Users/mouachani/.m2/repository/org/drools/drools-model-compiler/8.15.0-SNAPSHOT/drools-model-compiler-8.15.0-SNAPSHOT.jar
 /Users/mouachani/.m2/repository/org/drools/drools-canonical-model/8.15.0-SNAPSHOT/drools-canonical-model-8.15.0-SNAPSHOT.jar
 /Users/mouachani/.m2/repository/org/drools/drools-mvel-parser/8.15.0-SNAPSHOT/drools-mvel-parser-8.15.0-SNAPSHOT.jar
 /Users/mouachani/.m2/repository/org/drools/drools-mvel-compiler/8.15.0-SNAPSHOT/drools-mvel-compiler-8.15.0-SNAPSHOT.jar
 /Users/mouachani/.m2/repository/org/kie/kogito/kogito-quarkus-decisions/2.0.0-SNAPSHOT/kogito-quarkus-decisions-2.0.0-SNAPSHOT.jar
 /Users/mouachani/.m2/repository/org/kie/kogito/kogito-api-incubation-decisions-services/2.0.0-SNAPSHOT/kogito-api-incubation-decisions-services-2.0.0-SNAPSHOT.jar
 /Users/mouachani/.m2/repository/org/kie/kogito/kogito-api-incubation-decisions/2.0.0-SNAPSHOT/kogito-api-incubation-decisions-2.0.0-SNAPSHOT.jar
 /Users/mouachani/.m2/repository/org/kie/kogito/kogito-dmn/2.0.0-SNAPSHOT/kogito-dmn-2.0.0-SNAPSHOT.jar
 /Users/mouachani/.m2/repository/org/kie/kie-dmn-core/8.15.0-SNAPSHOT/kie-dmn-core-8.15.0-SNAPSHOT.jar
 /Users/mouachani/.m2/repository/org/kie/kie-dmn-backend/8.15.0-SNAPSHOT/kie-dmn-backend-8.15.0-SNAPSHOT.jar
 /Users/mouachani/.m2/repository/org/kie/kie-dmn-feel/8.15.0-SNAPSHOT/kie-dmn-feel-8.15.0-SNAPSHOT.jar
 /Users/mouachani/.m2/repository/ch/obermuhlner/big-math/2.0.1/big-math-2.0.1.jar
 /Users/mouachani/.m2/repository/org/kie/kie-memory-compiler/8.15.0-SNAPSHOT/kie-memory-compiler-8.15.0-SNAPSHOT.jar
 /Users/mouachani/.m2/repository/org/drools/drools-alphanetwork-compiler/8.15.0-SNAPSHOT/drools-alphanetwork-compiler-8.15.0-SNAPSHOT.jar
 /Users/mouachani/.m2/repository/org/antlr/antlr4-runtime/4.9.2/antlr4-runtime-4.9.2.jar
 /Users/mouachani/.m2/repository/org/jpmml/pmml-model/1.5.1/pmml-model-1.5.1.jar
 /Users/mouachani/.m2/repository/org/jpmml/pmml-agent/1.5.1/pmml-agent-1.5.1.jar
 /Users/mouachani/.m2/repository/org/kie/kie-dmn-validation/8.15.0-SNAPSHOT/kie-dmn-validation-8.15.0-SNAPSHOT.jar
 /Users/mouachani/.m2/repository/org/kie/kogito/kogito-quarkus-predictions/2.0.0-SNAPSHOT/kogito-quarkus-predictions-2.0.0-SNAPSHOT.jar
 /Users/mouachani/.m2/repository/org/kie/kogito/kogito-pmml/2.0.0-SNAPSHOT/kogito-pmml-2.0.0-SNAPSHOT.jar
 /Users/mouachani/.m2/repository/org/kie/kie-pmml-dependencies/8.15.0-SNAPSHOT/kie-pmml-dependencies-8.15.0-SNAPSHOT.jar
 /Users/mouachani/.m2/repository/org/kie/kie-pmml-compiler-api/8.15.0-SNAPSHOT/kie-pmml-compiler-api-8.15.0-SNAPSHOT.jar
 /Users/mouachani/.m2/repository/org/glassfish/jaxb/jaxb-runtime/2.3.3-b02/jaxb-runtime-2.3.3-b02.jar
 /Users/mouachani/.m2/repository/org/glassfish/jaxb/txw2/2.3.3-b02/txw2-2.3.3-b02.jar
 /Users/mouachani/.m2/repository/com/sun/istack/istack-commons-runtime/3.0.10/istack-commons-runtime-3.0.10.jar
 /Users/mouachani/.m2/repository/org/kie/kie-pmml-compiler-core/8.15.0-SNAPSHOT/kie-pmml-compiler-core-8.15.0-SNAPSHOT.jar
 /Users/mouachani/.m2/repository/org/kie/kie-pmml-compiler-commons/8.15.0-SNAPSHOT/kie-pmml-compiler-commons-8.15.0-SNAPSHOT.jar
 /Users/mouachani/.m2/repository/org/kie/kie-pmml-evaluator-core/8.15.0-SNAPSHOT/kie-pmml-evaluator-core-8.15.0-SNAPSHOT.jar
 /Users/mouachani/.m2/repository/org/kie/kie-pmml-evaluator-assembler/8.15.0-SNAPSHOT/kie-pmml-evaluator-assembler-8.15.0-SNAPSHOT.jar
 /Users/mouachani/.m2/repository/org/kie/kie-pmml-kie-internal/8.15.0-SNAPSHOT/kie-pmml-kie-internal-8.15.0-SNAPSHOT.jar
 /Users/mouachani/.m2/repository/org/kie/kie-pmml-models-drools-common/8.15.0-SNAPSHOT/kie-pmml-models-drools-common-8.15.0-SNAPSHOT.jar
 /Users/mouachani/.m2/repository/org/kie/kie-pmml-models-regression-model/8.15.0-SNAPSHOT/kie-pmml-models-regression-model-8.15.0-SNAPSHOT.jar
 /Users/mouachani/.m2/repository/org/kie/kie-pmml-models-regression-compiler/8.15.0-SNAPSHOT/kie-pmml-models-regression-compiler-8.15.0-SNAPSHOT.jar
 /Users/mouachani/.m2/repository/org/kie/kie-pmml-models-regression-evaluator/8.15.0-SNAPSHOT/kie-pmml-models-regression-evaluator-8.15.0-SNAPSHOT.jar
 /Users/mouachani/.m2/repository/org/kie/kie-pmml-models-tree-model/8.15.0-SNAPSHOT/kie-pmml-models-tree-model-8.15.0-SNAPSHOT.jar
 /Users/mouachani/.m2/repository/org/kie/kie-pmml-models-tree-compiler/8.15.0-SNAPSHOT/kie-pmml-models-tree-compiler-8.15.0-SNAPSHOT.jar
 /Users/mouachani/.m2/repository/org/kie/kie-pmml-models-tree-evaluator/8.15.0-SNAPSHOT/kie-pmml-models-tree-evaluator-8.15.0-SNAPSHOT.jar
 /Users/mouachani/.m2/repository/org/kie/kie-pmml-models-scorecard-model/8.15.0-SNAPSHOT/kie-pmml-models-scorecard-model-8.15.0-SNAPSHOT.jar
 /Users/mouachani/.m2/repository/org/kie/kie-pmml-models-scorecard-compiler/8.15.0-SNAPSHOT/kie-pmml-models-scorecard-compiler-8.15.0-SNAPSHOT.jar
 /Users/mouachani/.m2/repository/org/kie/kie-pmml-models-scorecard-evaluator/8.15.0-SNAPSHOT/kie-pmml-models-scorecard-evaluator-8.15.0-SNAPSHOT.jar
 /Users/mouachani/.m2/repository/org/kie/kie-pmml-models-mining-model/8.15.0-SNAPSHOT/kie-pmml-models-mining-model-8.15.0-SNAPSHOT.jar
 /Users/mouachani/.m2/repository/org/kie/kie-pmml-models-mining-compiler/8.15.0-SNAPSHOT/kie-pmml-models-mining-compiler-8.15.0-SNAPSHOT.jar
 /Users/mouachani/.m2/repository/org/kie/kie-pmml-models-mining-evaluator/8.15.0-SNAPSHOT/kie-pmml-models-mining-evaluator-8.15.0-SNAPSHOT.jar
 /Users/mouachani/.m2/repository/org/kie/kie-pmml-models-clustering-model/8.15.0-SNAPSHOT/kie-pmml-models-clustering-model-8.15.0-SNAPSHOT.jar
 /Users/mouachani/.m2/repository/org/kie/kie-pmml-models-clustering-compiler/8.15.0-SNAPSHOT/kie-pmml-models-clustering-compiler-8.15.0-SNAPSHOT.jar
 /Users/mouachani/.m2/repository/org/kie/kie-pmml-models-clustering-evaluator/8.15.0-SNAPSHOT/kie-pmml-models-clustering-evaluator-8.15.0-SNAPSHOT.jar
 /Users/mouachani/.m2/repository/org/kie/kogito/kogito-api-incubation-predictions-services/2.0.0-SNAPSHOT/kogito-api-incubation-predictions-services-2.0.0-SNAPSHOT.jar
 /Users/mouachani/.m2/repository/org/kie/kogito/kogito-api-incubation-predictions/2.0.0-SNAPSHOT/kogito-api-incubation-predictions-2.0.0-SNAPSHOT.jar
 /Users/mouachani/.m2/repository/io/quarkus/quarkus-arc/2.4.0.Final/quarkus-arc-2.4.0.Final.jar
 /Users/mouachani/.m2/repository/io/quarkus/arc/arc/2.4.0.Final/arc-2.4.0.Final.jar
 /Users/mouachani/.m2/repository/jakarta/enterprise/jakarta.enterprise.cdi-api/2.0.2/jakarta.enterprise.cdi-api-2.0.2.jar
 /Users/mouachani/.m2/repository/jakarta/el/jakarta.el-api/3.0.3/jakarta.el-api-3.0.3.jar
 /Users/mouachani/.m2/repository/org/jboss/logging/jboss-logging/3.4.2.Final/jboss-logging-3.4.2.Final.jar
 /Users/mouachani/.m2/repository/io/quarkus/quarkus-core/2.4.0.Final/quarkus-core-2.4.0.Final.jar
 /Users/mouachani/.m2/repository/jakarta/inject/jakarta.inject-api/1.0/jakarta.inject-api-1.0.jar
 /Users/mouachani/.m2/repository/io/quarkus/quarkus-ide-launcher/2.4.0.Final/quarkus-ide-launcher-2.4.0.Final.jar
 /Users/mouachani/.m2/repository/io/quarkus/quarkus-development-mode-spi/2.4.0.Final/quarkus-development-mode-spi-2.4.0.Final.jar
 /Users/mouachani/.m2/repository/io/smallrye/config/smallrye-config/2.5.1/smallrye-config-2.5.1.jar
 /Users/mouachani/.m2/repository/io/smallrye/config/smallrye-config-core/2.5.1/smallrye-config-core-2.5.1.jar
 /Users/mouachani/.m2/repository/io/smallrye/common/smallrye-common-expression/1.6.0/smallrye-common-expression-1.6.0.jar
 /Users/mouachani/.m2/repository/io/smallrye/common/smallrye-common-function/1.6.0/smallrye-common-function-1.6.0.jar
 /Users/mouachani/.m2/repository/io/smallrye/common/smallrye-common-constraint/1.6.0/smallrye-common-constraint-1.6.0.jar
 /Users/mouachani/.m2/repository/io/smallrye/common/smallrye-common-classloader/1.6.0/smallrye-common-classloader-1.6.0.jar
 /Users/mouachani/.m2/repository/io/smallrye/config/smallrye-config-common/2.5.1/smallrye-config-common-2.5.1.jar
 /Users/mouachani/.m2/repository/org/jboss/logmanager/jboss-logmanager-embedded/1.0.9/jboss-logmanager-embedded-1.0.9.jar
 /Users/mouachani/.m2/repository/org/jboss/logging/jboss-logging-annotations/2.2.1.Final/jboss-logging-annotations-2.2.1.Final.jar
 /Users/mouachani/.m2/repository/org/jboss/threads/jboss-threads/3.4.2.Final/jboss-threads-3.4.2.Final.jar
 /Users/mouachani/.m2/repository/org/jboss/slf4j/slf4j-jboss-logmanager/1.1.0.Final/slf4j-jboss-logmanager-1.1.0.Final.jar
 /Users/mouachani/.m2/repository/org/graalvm/sdk/graal-sdk/21.2.0/graal-sdk-21.2.0.jar
 /Users/mouachani/.m2/repository/org/wildfly/common/wildfly-common/1.5.4.Final-format-001/wildfly-common-1.5.4.Final-format-001.jar
 /Users/mouachani/.m2/repository/io/quarkus/quarkus-bootstrap-runner/2.4.0.Final/quarkus-bootstrap-runner-2.4.0.Final.jar
 /Users/mouachani/.m2/repository/org/eclipse/microprofile/context-propagation/microprofile-context-propagation-api/1.2/microprofile-context-propagation-api-1.2.jar
 /Users/mouachani/.m2/repository/io/quarkus/quarkus-resteasy/2.4.0.Final/quarkus-resteasy-2.4.0.Final.jar
 /Users/mouachani/.m2/repository/io/quarkus/quarkus-vertx-http/2.4.0.Final/quarkus-vertx-http-2.4.0.Final.jar
 /Users/mouachani/.m2/repository/io/quarkus/quarkus-security-runtime-spi/2.4.0.Final/quarkus-security-runtime-spi-2.4.0.Final.jar
 /Users/mouachani/.m2/repository/io/quarkus/quarkus-mutiny/2.4.0.Final/quarkus-mutiny-2.4.0.Final.jar
 /Users/mouachani/.m2/repository/io/quarkus/quarkus-smallrye-context-propagation/2.4.0.Final/quarkus-smallrye-context-propagation-2.4.0.Final.jar
 /Users/mouachani/.m2/repository/io/smallrye/smallrye-context-propagation/1.2.2/smallrye-context-propagation-1.2.2.jar
 /Users/mouachani/.m2/repository/io/smallrye/smallrye-context-propagation-api/1.2.2/smallrye-context-propagation-api-1.2.2.jar
 /Users/mouachani/.m2/repository/io/smallrye/smallrye-context-propagation-storage/1.2.2/smallrye-context-propagation-storage-1.2.2.jar
 /Users/mouachani/.m2/repository/io/smallrye/reactive/mutiny-smallrye-context-propagation/1.1.2/mutiny-smallrye-context-propagation-1.1.2.jar
 /Users/mouachani/.m2/repository/io/quarkus/quarkus-vertx-http-dev-console-runtime-spi/2.4.0.Final/quarkus-vertx-http-dev-console-runtime-spi-2.4.0.Final.jar
 /Users/mouachani/.m2/repository/io/quarkus/security/quarkus-security/1.1.4.Final/quarkus-security-1.1.4.Final.jar
 /Users/mouachani/.m2/repository/io/quarkus/quarkus-vertx/2.4.0.Final/quarkus-vertx-2.4.0.Final.jar
 /Users/mouachani/.m2/repository/io/netty/netty-codec-haproxy/4.1.68.Final/netty-codec-haproxy-4.1.68.Final.jar
 /Users/mouachani/.m2/repository/io/smallrye/smallrye-fault-tolerance-vertx/5.2.1/smallrye-fault-tolerance-vertx-5.2.1.jar
 /Users/mouachani/.m2/repository/io/smallrye/reactive/smallrye-mutiny-vertx-web/2.14.1/smallrye-mutiny-vertx-web-2.14.1.jar
 /Users/mouachani/.m2/repository/io/smallrye/reactive/smallrye-mutiny-vertx-bridge-common/2.14.1/smallrye-mutiny-vertx-bridge-common-2.14.1.jar
 /Users/mouachani/.m2/repository/io/vertx/vertx-web/4.1.5/vertx-web-4.1.5.jar
 /Users/mouachani/.m2/repository/io/vertx/vertx-web-common/4.1.5/vertx-web-common-4.1.5.jar
 /Users/mouachani/.m2/repository/io/vertx/vertx-auth-common/4.1.5/vertx-auth-common-4.1.5.jar
 /Users/mouachani/.m2/repository/io/vertx/vertx-bridge-common/4.1.5/vertx-bridge-common-4.1.5.jar
 /Users/mouachani/.m2/repository/io/quarkus/quarkus-resteasy-server-common/2.4.0.Final/quarkus-resteasy-server-common-2.4.0.Final.jar
 /Users/mouachani/.m2/repository/jakarta/validation/jakarta.validation-api/2.0.2/jakarta.validation-api-2.0.2.jar
 /Users/mouachani/.m2/repository/org/kie/kogito/kogito-addons-quarkus-process-management/2.0.0-SNAPSHOT/kogito-addons-quarkus-process-management-2.0.0-SNAPSHOT.jar
 /Users/mouachani/.m2/repository/org/kie/kogito/kogito-addons-process-management/2.0.0-SNAPSHOT/kogito-addons-process-management-2.0.0-SNAPSHOT.jar
 /Users/mouachani/.m2/repository/org/kie/kogito/kogito-addons-quarkus-rest-exception-handler/2.0.0-SNAPSHOT/kogito-addons-quarkus-rest-exception-handler-2.0.0-SNAPSHOT.jar
 /Users/mouachani/.m2/repository/org/kie/kogito/kogito-addons-rest-exception-handler/2.0.0-SNAPSHOT/kogito-addons-rest-exception-handler-2.0.0-SNAPSHOT.jar
 /Users/mouachani/.m2/repository/org/kie/kogito/jbpm-flow/2.0.0-SNAPSHOT/jbpm-flow-2.0.0-SNAPSHOT.jar
 /Users/mouachani/.m2/repository/org/kie/kogito/process-workitems/2.0.0-SNAPSHOT/process-workitems-2.0.0-SNAPSHOT.jar
 /Users/mouachani/.m2/repository/org/kie/kogito/drools-core/2.0.0-SNAPSHOT/drools-core-2.0.0-SNAPSHOT.jar
 /Users/mouachani/.m2/repository/org/drools/drools-core/8.15.0-SNAPSHOT/drools-core-8.15.0-SNAPSHOT.jar
 /Users/mouachani/.m2/repository/org/kie/kie-util-xml/8.15.0-SNAPSHOT/kie-util-xml-8.15.0-SNAPSHOT.jar
 /Users/mouachani/.m2/repository/com/github/javaparser/javaparser-symbol-solver-core/3.23.1/javaparser-symbol-solver-core-3.23.1.jar
 /Users/mouachani/.m2/repository/com/github/javaparser/javaparser-core/3.23.1/javaparser-core-3.23.1.jar
 /Users/mouachani/.m2/repository/org/javassist/javassist/3.28.0-GA/javassist-3.28.0-GA.jar
 /Users/mouachani/.m2/repository/com/google/guava/guava/30.1.1-jre/guava-30.1.1-jre.jar
 /Users/mouachani/.m2/repository/com/google/guava/failureaccess/1.0.1/failureaccess-1.0.1.jar
 /Users/mouachani/.m2/repository/com/google/guava/listenablefuture/9999.0-empty-to-avoid-conflict-with-guava/listenablefuture-9999.0-empty-to-avoid-conflict-with-guava.jar
 /Users/mouachani/.m2/repository/com/google/code/findbugs/jsr305/3.0.2/jsr305-3.0.2.jar
 /Users/mouachani/.m2/repository/org/checkerframework/checker-qual/2.5.2/checker-qual-2.5.2.jar
 /Users/mouachani/.m2/repository/com/google/j2objc/j2objc-annotations/1.3/j2objc-annotations-1.3.jar
 /Users/mouachani/.m2/repository/org/drools/drools-mvel/8.15.0-SNAPSHOT/drools-mvel-8.15.0-SNAPSHOT.jar
 /Users/mouachani/.m2/repository/org/drools/drools-compiler/8.15.0-SNAPSHOT/drools-compiler-8.15.0-SNAPSHOT.jar
 /Users/mouachani/.m2/repository/org/drools/drools-ecj/8.15.0-SNAPSHOT/drools-ecj-8.15.0-SNAPSHOT.jar
 /Users/mouachani/.m2/repository/org/kie/kie-util-maven-support/8.15.0-SNAPSHOT/kie-util-maven-support-8.15.0-SNAPSHOT.jar
 /Users/mouachani/.m2/repository/org/antlr/antlr-runtime/3.5.2/antlr-runtime-3.5.2.jar
 /Users/mouachani/.m2/repository/com/fasterxml/jackson/datatype/jackson-datatype-jsr310/2.12.5/jackson-datatype-jsr310-2.12.5.jar
 /Users/mouachani/.m2/repository/org/kie/kogito/kogito-quarkus-processes/2.0.0-SNAPSHOT/kogito-quarkus-processes-2.0.0-SNAPSHOT.jar
 /Users/mouachani/.m2/repository/org/kie/kogito/kogito-api-incubation-processes-services/2.0.0-SNAPSHOT/kogito-api-incubation-processes-services-2.0.0-SNAPSHOT.jar
 /Users/mouachani/.m2/repository/org/kie/kogito/kogito-api-incubation-processes/2.0.0-SNAPSHOT/kogito-api-incubation-processes-2.0.0-SNAPSHOT.jar
 /Users/mouachani/.m2/repository/org/kie/kogito/jbpm-bpmn2/2.0.0-SNAPSHOT/jbpm-bpmn2-2.0.0-SNAPSHOT.jar
 /Users/mouachani/.m2/repository/org/kie/kogito/drools-compiler/2.0.0-SNAPSHOT/drools-compiler-2.0.0-SNAPSHOT.jar
 /Users/mouachani/.m2/repository/org/kie/kogito/jbpm-flow-builder/2.0.0-SNAPSHOT/jbpm-flow-builder-2.0.0-SNAPSHOT.jar
 /Users/mouachani/.m2/repository/org/kie/kogito/process-serialization-protobuf/2.0.0-SNAPSHOT/process-serialization-protobuf-2.0.0-SNAPSHOT.jar
 /Users/mouachani/.m2/repository/com/google/protobuf/protobuf-java/3.17.3/protobuf-java-3.17.3.jar
 /Users/mouachani/.m2/repository/com/google/protobuf/protobuf-java-util/3.15.8/protobuf-java-util-3.15.8.jar
 /Users/mouachani/.m2/repository/com/google/errorprone/error_prone_annotations/2.2.0/error_prone_annotations-2.2.0.jar
 /Users/mouachani/.m2/repository/com/google/code/gson/gson/2.8.6/gson-2.8.6.jar
 /Users/mouachani/.m2/repository/org/infinispan/protostream/protostream/4.4.1.Final/protostream-4.4.1.Final.jar
 /Users/mouachani/.m2/repository/io/smallrye/reactive/smallrye-mutiny-vertx-web-client/2.14.1/smallrye-mutiny-vertx-web-client-2.14.1.jar
 /Users/mouachani/.m2/repository/io/vertx/vertx-web-client/4.1.5/vertx-web-client-4.1.5.jar
 /Users/mouachani/.m2/repository/io/smallrye/reactive/smallrye-mutiny-vertx-core/2.14.1/smallrye-mutiny-vertx-core-2.14.1.jar
 /Users/mouachani/.m2/repository/io/smallrye/reactive/smallrye-mutiny-vertx-runtime/2.14.1/smallrye-mutiny-vertx-runtime-2.14.1.jar
 /Users/mouachani/.m2/repository/io/smallrye/reactive/vertx-mutiny-generator/2.14.1/vertx-mutiny-generator-2.14.1.jar
 /Users/mouachani/.m2/repository/io/vertx/vertx-codegen/4.1.5/vertx-codegen-4.1.5.jar
 /Users/mouachani/.m2/repository/io/smallrye/reactive/smallrye-mutiny-vertx-auth-common/2.14.1/smallrye-mutiny-vertx-auth-common-2.14.1.jar
 /Users/mouachani/.m2/repository/io/smallrye/reactive/smallrye-mutiny-vertx-web-common/2.14.1/smallrye-mutiny-vertx-web-common-2.14.1.jar
 /Users/mouachani/.m2/repository/org/kie/kogito/kogito-addons-quarkus-messaging/2.0.0-SNAPSHOT/kogito-addons-quarkus-messaging-2.0.0-SNAPSHOT.jar
 /Users/mouachani/.m2/repository/org/kie/kogito/kogito-addons-quarkus-messaging-common/2.0.0-SNAPSHOT/kogito-addons-quarkus-messaging-common-2.0.0-SNAPSHOT.jar
 /Users/mouachani/.m2/repository/org/kie/kogito/kogito-addons-messaging/2.0.0-SNAPSHOT/kogito-addons-messaging-2.0.0-SNAPSHOT.jar
 /Users/mouachani/.m2/repository/org/kie/kogito/kogito-addons-cloudevents-utils/2.0.0-SNAPSHOT/kogito-addons-cloudevents-utils-2.0.0-SNAPSHOT.jar
 /Users/mouachani/.m2/repository/io/cloudevents/cloudevents-api/2.2.0/cloudevents-api-2.2.0.jar
 /Users/mouachani/.m2/repository/io/cloudevents/cloudevents-json-jackson/2.2.0/cloudevents-json-jackson-2.2.0.jar
 /Users/mouachani/.m2/repository/io/cloudevents/cloudevents-http-restful-ws/2.2.0/cloudevents-http-restful-ws-2.2.0.jar
 /Users/mouachani/.m2/repository/io/cloudevents/cloudevents-core/2.2.0/cloudevents-core-2.2.0.jar
 /Users/mouachani/.m2/repository/jakarta/ws/rs/jakarta.ws.rs-api/2.1.6/jakarta.ws.rs-api-2.1.6.jar
 /Users/mouachani/.m2/repository/org/kie/kogito/kogito-addons-quarkus-events-process/2.0.0-SNAPSHOT/kogito-addons-quarkus-events-process-2.0.0-SNAPSHOT.jar
 /Users/mouachani/.m2/repository/org/kie/kogito/kogito-events-api/2.0.0-SNAPSHOT/kogito-events-api-2.0.0-SNAPSHOT.jar
 /Users/mouachani/.m2/repository/org/reactivestreams/reactive-streams/1.0.3/reactive-streams-1.0.3.jar
 /Users/mouachani/.m2/repository/org/kie/kogito/kogito-services/2.0.0-SNAPSHOT/kogito-services-2.0.0-SNAPSHOT.jar
 /Users/mouachani/.m2/repository/com/fasterxml/jackson/core/jackson-databind/2.12.5/jackson-databind-2.12.5.jar
 /Users/mouachani/.m2/repository/com/fasterxml/jackson/core/jackson-core/2.12.5/jackson-core-2.12.5.jar
 /Users/mouachani/.m2/repository/io/smallrye/reactive/smallrye-reactive-messaging-provider/3.10.1/smallrye-reactive-messaging-provider-3.10.1.jar
 /Users/mouachani/.m2/repository/io/smallrye/reactive/smallrye-reactive-messaging-api/3.10.1/smallrye-reactive-messaging-api-3.10.1.jar
 /Users/mouachani/.m2/repository/org/jboss/jandex/2.4.1.Final/jandex-2.4.1.Final.jar
 /Users/mouachani/.m2/repository/io/smallrye/reactive/smallrye-reactive-converter-api/2.6.0/smallrye-reactive-converter-api-2.6.0.jar
 /Users/mouachani/.m2/repository/io/smallrye/reactive/mutiny/1.1.2/mutiny-1.1.2.jar
 /Users/mouachani/.m2/repository/org/eclipse/microprofile/config/microprofile-config-api/2.0/microprofile-config-api-2.0.jar
 /Users/mouachani/.m2/repository/org/slf4j/slf4j-api/1.7.30/slf4j-api-1.7.30.jar
 /Users/mouachani/.m2/repository/io/quarkus/quarkus-smallrye-reactive-messaging-kafka/2.4.0.Final/quarkus-smallrye-reactive-messaging-kafka-2.4.0.Final.jar
 /Users/mouachani/.m2/repository/io/quarkus/quarkus-kafka-client/2.4.0.Final/quarkus-kafka-client-2.4.0.Final.jar
 /Users/mouachani/.m2/repository/io/smallrye/reactive/smallrye-reactive-messaging-kafka/3.10.1/smallrye-reactive-messaging-kafka-3.10.1.jar
 /Users/mouachani/.m2/repository/io/smallrye/reactive/smallrye-reactive-messaging-kafka-api/3.10.1/smallrye-reactive-messaging-kafka-api-3.10.1.jar
 /Users/mouachani/.m2/repository/io/opentelemetry/opentelemetry-api/1.6.0/opentelemetry-api-1.6.0.jar
 /Users/mouachani/.m2/repository/io/opentelemetry/opentelemetry-context/1.6.0/opentelemetry-context-1.6.0.jar
 /Users/mouachani/.m2/repository/io/opentelemetry/opentelemetry-semconv/1.6.0-alpha/opentelemetry-semconv-1.6.0-alpha.jar
 /Users/mouachani/.m2/repository/io/quarkus/quarkus-jackson/2.4.0.Final/quarkus-jackson-2.4.0.Final.jar
 /Users/mouachani/.m2/repository/com/fasterxml/jackson/datatype/jackson-datatype-jdk8/2.12.5/jackson-datatype-jdk8-2.12.5.jar
 /Users/mouachani/.m2/repository/com/fasterxml/jackson/module/jackson-module-parameter-names/2.12.5/jackson-module-parameter-names-2.12.5.jar
 /Users/mouachani/.m2/repository/org/apache/kafka/kafka-clients/2.8.1/kafka-clients-2.8.1.jar
 /Users/mouachani/.m2/repository/com/github/luben/zstd-jni/1.4.9-1/zstd-jni-1.4.9-1.jar
 /Users/mouachani/.m2/repository/org/lz4/lz4-java/1.7.1/lz4-java-1.7.1.jar
 /Users/mouachani/.m2/repository/org/xerial/snappy/snappy-java/1.1.8.1/snappy-java-1.1.8.1.jar
 /Users/mouachani/.m2/repository/io/vertx/vertx-kafka-client/4.1.5/vertx-kafka-client-4.1.5.jar
 /Users/mouachani/.m2/repository/io/vertx/vertx-core/4.1.5/vertx-core-4.1.5.jar
 /Users/mouachani/.m2/repository/io/netty/netty-common/4.1.68.Final/netty-common-4.1.68.Final.jar
 /Users/mouachani/.m2/repository/io/netty/netty-buffer/4.1.68.Final/netty-buffer-4.1.68.Final.jar
 /Users/mouachani/.m2/repository/io/netty/netty-transport/4.1.68.Final/netty-transport-4.1.68.Final.jar
 /Users/mouachani/.m2/repository/io/netty/netty-handler-proxy/4.1.68.Final/netty-handler-proxy-4.1.68.Final.jar
 /Users/mouachani/.m2/repository/io/netty/netty-codec-socks/4.1.68.Final/netty-codec-socks-4.1.68.Final.jar
 /Users/mouachani/.m2/repository/io/netty/netty-resolver/4.1.68.Final/netty-resolver-4.1.68.Final.jar
 /Users/mouachani/.m2/repository/io/netty/netty-resolver-dns/4.1.68.Final/netty-resolver-dns-4.1.68.Final.jar
 /Users/mouachani/.m2/repository/io/netty/netty-codec-dns/4.1.68.Final/netty-codec-dns-4.1.68.Final.jar
 /Users/mouachani/.m2/repository/io/quarkus/quarkus-smallrye-reactive-messaging/2.4.0.Final/quarkus-smallrye-reactive-messaging-2.4.0.Final.jar
 /Users/mouachani/.m2/repository/io/quarkus/quarkus-mutiny-reactive-streams-operators/2.4.0.Final/quarkus-mutiny-reactive-streams-operators-2.4.0.Final.jar
 /Users/mouachani/.m2/repository/org/eclipse/microprofile/reactive-streams-operators/microprofile-reactive-streams-operators-api/1.0.1/microprofile-reactive-streams-operators-api-1.0.1.jar
 /Users/mouachani/.m2/repository/org/eclipse/microprofile/reactive-streams-operators/microprofile-reactive-streams-operators-core/1.0.1/microprofile-reactive-streams-operators-core-1.0.1.jar
 /Users/mouachani/.m2/repository/io/smallrye/reactive/mutiny-reactive-streams-operators/1.1.2/mutiny-reactive-streams-operators-1.1.2.jar
 /Users/mouachani/.m2/repository/io/quarkus/quarkus-smallrye-reactive-messaging-kotlin/2.4.0.Final/quarkus-smallrye-reactive-messaging-kotlin-2.4.0.Final.jar
 /Users/mouachani/.m2/repository/io/smallrye/common/smallrye-common-annotation/1.6.0/smallrye-common-annotation-1.6.0.jar
 /Users/mouachani/.m2/repository/io/smallrye/reactive/smallrye-reactive-messaging-health/3.10.1/smallrye-reactive-messaging-health-3.10.1.jar
 /Users/mouachani/.m2/repository/jakarta/annotation/jakarta.annotation-api/1.3.5/jakarta.annotation-api-1.3.5.jar
 /Users/mouachani/.m2/repository/io/quarkus/quarkus-resteasy-jackson/2.4.0.Final/quarkus-resteasy-jackson-2.4.0.Final.jar
 /Users/mouachani/.m2/repository/org/jboss/resteasy/resteasy-jackson2-provider/4.7.0.Final/resteasy-jackson2-provider-4.7.0.Final.jar
 /Users/mouachani/.m2/repository/com/fasterxml/jackson/jaxrs/jackson-jaxrs-json-provider/2.12.5/jackson-jaxrs-json-provider-2.12.5.jar
 /Users/mouachani/.m2/repository/com/fasterxml/jackson/jaxrs/jackson-jaxrs-base/2.12.5/jackson-jaxrs-base-2.12.5.jar
 /Users/mouachani/.m2/repository/com/fasterxml/jackson/module/jackson-module-jaxb-annotations/2.12.5/jackson-module-jaxb-annotations-2.12.5.jar
 /Users/mouachani/.m2/repository/com/github/java-json-tools/json-patch/1.13/json-patch-1.13.jar
 /Users/mouachani/.m2/repository/com/github/java-json-tools/msg-simple/1.2/msg-simple-1.2.jar
 /Users/mouachani/.m2/repository/com/github/java-json-tools/btf/1.3/btf-1.3.jar
 /Users/mouachani/.m2/repository/com/github/java-json-tools/jackson-coreutils/2.0/jackson-coreutils-2.0.jar
 /Users/mouachani/.m2/repository/org/jboss/spec/javax/xml/bind/jboss-jaxb-api_2.3_spec/2.0.0.Final/jboss-jaxb-api_2.3_spec-2.0.0.Final.jar
 /Users/mouachani/.m2/repository/io/quarkus/quarkus-smallrye-openapi/2.4.0.Final/quarkus-smallrye-openapi-2.4.0.Final.jar
 /Users/mouachani/.m2/repository/io/smallrye/smallrye-open-api-core/2.1.15/smallrye-open-api-core-2.1.15.jar
 /Users/mouachani/.m2/repository/org/eclipse/microprofile/openapi/microprofile-openapi-api/2.0.1-RC1/microprofile-openapi-api-2.0.1-RC1.jar
 /Users/mouachani/.m2/repository/com/fasterxml/jackson/dataformat/jackson-dataformat-yaml/2.12.5/jackson-dataformat-yaml-2.12.5.jar
 /Users/mouachani/.m2/repository/org/yaml/snakeyaml/1.29/snakeyaml-1.29.jar
 /Users/mouachani/.m2/repository/io/quarkus/quarkus-swagger-ui/2.4.0.Final/quarkus-swagger-ui-2.4.0.Final.jar
 /Users/mouachani/.m2/repository/org/kie/kogito/kogito-api/2.0.0-SNAPSHOT/kogito-api-2.0.0-SNAPSHOT.jar
 /Users/mouachani/.m2/repository/com/fasterxml/jackson/core/jackson-annotations/2.12.5/jackson-annotations-2.12.5.jar
 /Users/mouachani/.m2/repository/org/kie/kie-api/8.15.0-SNAPSHOT/kie-api-8.15.0-SNAPSHOT.jar
 /Users/mouachani/.m2/repository/org/kie/kie-dmn-api/8.15.0-SNAPSHOT/kie-dmn-api-8.15.0-SNAPSHOT.jar
 /Users/mouachani/.m2/repository/org/kie/kie-internal/8.15.0-SNAPSHOT/kie-internal-8.15.0-SNAPSHOT.jar
 /Users/mouachani/.m2/repository/org/kie/kie-dmn-model/8.15.0-SNAPSHOT/kie-dmn-model-8.15.0-SNAPSHOT.jar
 /Users/mouachani/.m2/repository/org/kie/kogito/kogito-timer/2.0.0-SNAPSHOT/kogito-timer-2.0.0-SNAPSHOT.jar
 /Users/mouachani/.m2/repository/org/kie/kie-pmml-evaluator-api/8.15.0-SNAPSHOT/kie-pmml-evaluator-api-8.15.0-SNAPSHOT.jar
 /Users/mouachani/.m2/repository/org/kie/kie-pmml-api/8.15.0-SNAPSHOT/kie-pmml-api-8.15.0-SNAPSHOT.jar
 /Users/mouachani/.m2/repository/org/apache/commons/commons-math3/3.4.1/commons-math3-3.4.1.jar
 /Users/mouachani/.m2/repository/org/kie/kie-pmml-commons/8.15.0-SNAPSHOT/kie-pmml-commons-8.15.0-SNAPSHOT.jar
 /Users/mouachani/.m2/repository/org/apache/commons/commons-text/1.9/commons-text-1.9.jar
 /Users/mouachani/.m2/repository/io/quarkus/quarkus-smallrye-health/2.4.0.Final/quarkus-smallrye-health-2.4.0.Final.jar
 /Users/mouachani/.m2/repository/io/smallrye/smallrye-health/3.1.1/smallrye-health-3.1.1.jar
 /Users/mouachani/.m2/repository/org/eclipse/microprofile/health/microprofile-health-api/3.1/microprofile-health-api-3.1.jar
 /Users/mouachani/.m2/repository/io/smallrye/smallrye-health-api/3.1.1/smallrye-health-api-3.1.1.jar
 /Users/mouachani/.m2/repository/io/smallrye/smallrye-health-provided-checks/3.1.1/smallrye-health-provided-checks-3.1.1.jar
 /Users/mouachani/.m2/repository/io/quarkus/quarkus-jsonp/2.4.0.Final/quarkus-jsonp-2.4.0.Final.jar
 /Users/mouachani/.m2/repository/org/glassfish/jakarta.json/1.1.6/jakarta.json-1.1.6.jar
 /Users/mouachani/.m2/repository/io/quarkus/quarkus-infinispan-client/2.4.0.Final/quarkus-infinispan-client-2.4.0.Final.jar
 /Users/mouachani/.m2/repository/io/quarkus/quarkus-caffeine/2.4.0.Final/quarkus-caffeine-2.4.0.Final.jar
 /Users/mouachani/.m2/repository/com/github/ben-manes/caffeine/caffeine/2.9.2/caffeine-2.9.2.jar
 /Users/mouachani/.m2/repository/io/quarkus/quarkus-netty/2.4.0.Final/quarkus-netty-2.4.0.Final.jar
 /Users/mouachani/.m2/repository/io/netty/netty-codec/4.1.68.Final/netty-codec-4.1.68.Final.jar
 /Users/mouachani/.m2/repository/io/netty/netty-codec-http/4.1.68.Final/netty-codec-http-4.1.68.Final.jar
 /Users/mouachani/.m2/repository/io/netty/netty-codec-http2/4.1.68.Final/netty-codec-http2-4.1.68.Final.jar
 /Users/mouachani/.m2/repository/io/netty/netty-handler/4.1.68.Final/netty-handler-4.1.68.Final.jar
 /Users/mouachani/.m2/repository/io/quarkus/quarkus-elytron-security-common/2.4.0.Final/quarkus-elytron-security-common-2.4.0.Final.jar
 /Users/mouachani/.m2/repository/org/wildfly/security/wildfly-elytron-credential/1.17.2.Final/wildfly-elytron-credential-1.17.2.Final.jar
 /Users/mouachani/.m2/repository/org/wildfly/security/wildfly-elytron-asn1/1.17.2.Final/wildfly-elytron-asn1-1.17.2.Final.jar
 /Users/mouachani/.m2/repository/org/wildfly/security/wildfly-elytron-keystore/1.17.2.Final/wildfly-elytron-keystore-1.17.2.Final.jar
 /Users/mouachani/.m2/repository/org/wildfly/security/wildfly-elytron-x500-cert/1.17.2.Final/wildfly-elytron-x500-cert-1.17.2.Final.jar
 /Users/mouachani/.m2/repository/org/wildfly/security/wildfly-elytron-x500-cert-util/1.17.2.Final/wildfly-elytron-x500-cert-util-1.17.2.Final.jar
 /Users/mouachani/.m2/repository/org/apache/sshd/sshd-common/2.3.0/sshd-common-2.3.0.jar
 /Users/mouachani/.m2/repository/org/wildfly/security/wildfly-elytron-provider-util/1.17.2.Final/wildfly-elytron-provider-util-1.17.2.Final.jar
 /Users/mouachani/.m2/repository/org/wildfly/security/wildfly-elytron-x500/1.17.2.Final/wildfly-elytron-x500-1.17.2.Final.jar
 /Users/mouachani/.m2/repository/org/wildfly/security/wildfly-elytron-password-impl/1.17.2.Final/wildfly-elytron-password-impl-1.17.2.Final.jar
 /Users/mouachani/.m2/repository/org/wildfly/security/wildfly-elytron-sasl-plain/1.17.2.Final/wildfly-elytron-sasl-plain-1.17.2.Final.jar
 /Users/mouachani/.m2/repository/org/wildfly/security/wildfly-elytron-auth-server/1.17.2.Final/wildfly-elytron-auth-server-1.17.2.Final.jar
 /Users/mouachani/.m2/repository/org/wildfly/security/wildfly-elytron-auth/1.17.2.Final/wildfly-elytron-auth-1.17.2.Final.jar
 /Users/mouachani/.m2/repository/org/wildfly/security/wildfly-elytron-base/1.17.2.Final/wildfly-elytron-base-1.17.2.Final.jar
 /Users/mouachani/.m2/repository/org/wildfly/security/wildfly-elytron-permission/1.17.2.Final/wildfly-elytron-permission-1.17.2.Final.jar
 /Users/mouachani/.m2/repository/org/wildfly/security/wildfly-elytron-sasl/1.17.2.Final/wildfly-elytron-sasl-1.17.2.Final.jar
 /Users/mouachani/.m2/repository/org/wildfly/security/wildfly-elytron-ssl/1.17.2.Final/wildfly-elytron-ssl-1.17.2.Final.jar
 /Users/mouachani/.m2/repository/org/wildfly/security/wildfly-elytron-mechanism/1.17.2.Final/wildfly-elytron-mechanism-1.17.2.Final.jar
 /Users/mouachani/.m2/repository/org/wildfly/security/wildfly-elytron-http/1.17.2.Final/wildfly-elytron-http-1.17.2.Final.jar
 /Users/mouachani/.m2/repository/org/wildfly/security/wildfly-elytron-sasl-digest/1.17.2.Final/wildfly-elytron-sasl-digest-1.17.2.Final.jar
 /Users/mouachani/.m2/repository/org/wildfly/security/wildfly-elytron-mechanism-digest/1.17.2.Final/wildfly-elytron-mechanism-digest-1.17.2.Final.jar
 /Users/mouachani/.m2/repository/org/wildfly/security/wildfly-elytron-util/1.17.2.Final/wildfly-elytron-util-1.17.2.Final.jar
 /Users/mouachani/.m2/repository/org/wildfly/security/wildfly-elytron-sasl-external/1.17.2.Final/wildfly-elytron-sasl-external-1.17.2.Final.jar
 /Users/mouachani/.m2/repository/org/wildfly/security/wildfly-elytron-sasl-oauth2/1.17.2.Final/wildfly-elytron-sasl-oauth2-1.17.2.Final.jar
 /Users/mouachani/.m2/repository/org/wildfly/security/wildfly-elytron-mechanism-oauth2/1.17.2.Final/wildfly-elytron-mechanism-oauth2-1.17.2.Final.jar
 /Users/mouachani/.m2/repository/org/wildfly/security/wildfly-elytron-sasl-scram/1.17.2.Final/wildfly-elytron-sasl-scram-1.17.2.Final.jar
 /Users/mouachani/.m2/repository/org/wildfly/security/wildfly-elytron-mechanism-scram/1.17.2.Final/wildfly-elytron-mechanism-scram-1.17.2.Final.jar
 /Users/mouachani/.m2/repository/org/infinispan/infinispan-client-hotrod/12.1.7.Final/infinispan-client-hotrod-12.1.7.Final.jar
 /Users/mouachani/.m2/repository/org/infinispan/infinispan-commons/12.1.7.Final/infinispan-commons-12.1.7.Final.jar
 /Users/mouachani/.m2/repository/org/wildfly/security/wildfly-elytron-sasl-gs2/1.17.2.Final/wildfly-elytron-sasl-gs2-1.17.2.Final.jar
 /Users/mouachani/.m2/repository/org/wildfly/security/wildfly-elytron-mechanism-gssapi/1.17.2.Final/wildfly-elytron-mechanism-gssapi-1.17.2.Final.jar
 /Users/mouachani/.m2/repository/org/wildfly/security/wildfly-elytron-security-manager-action/1.17.2.Final/wildfly-elytron-security-manager-action-1.17.2.Final.jar
 /Users/mouachani/.m2/repository/org/wildfly/security/wildfly-elytron-sasl-gssapi/1.17.2.Final/wildfly-elytron-sasl-gssapi-1.17.2.Final.jar
 /Users/mouachani/.m2/repository/io/reactivex/rxjava3/rxjava/3.0.4/rxjava-3.0.4.jar
 /Users/mouachani/.m2/repository/io/netty/netty-transport-native-epoll/4.1.68.Final/netty-transport-native-epoll-4.1.68.Final-linux-x86_64.jar
 /Users/mouachani/.m2/repository/io/netty/netty-transport-native-unix-common/4.1.68.Final/netty-transport-native-unix-common-4.1.68.Final.jar
 /Users/mouachani/.m2/repository/jakarta/transaction/jakarta.transaction-api/1.3.3/jakarta.transaction-api-1.3.3.jar
 /Users/mouachani/.m2/repository/org/infinispan/infinispan-remote-query-client/12.1.7.Final/infinispan-remote-query-client-12.1.7.Final.jar
 /Users/mouachani/.m2/repository/org/infinispan/infinispan-query-dsl/12.1.7.Final/infinispan-query-dsl-12.1.7.Final.jar
 /Users/mouachani/.m2/repository/org/infinispan/protostream/protostream-processor/4.4.1.Final/protostream-processor-4.4.1.Final.jar
 /Users/mouachani/.m2/repository/org/infinispan/protostream/protostream-types/4.4.1.Final/protostream-types-4.4.1.Final.jar
 /Users/mouachani/.m2/repository/org/kie/kogito/kogito-addons-persistence-infinispan/2.0.0-SNAPSHOT/kogito-addons-persistence-infinispan-2.0.0-SNAPSHOT.jar
 /Users/mouachani/.m2/repository/org/infinispan/infinispan-commons-jdk11/12.1.7.Final/infinispan-commons-jdk11-12.1.7.Final.jar
 /Users/mouachani/.m2/repository/org/kie/kogito/kogito-addons-quarkus-monitoring-prometheus/2.0.0-SNAPSHOT/kogito-addons-quarkus-monitoring-prometheus-2.0.0-SNAPSHOT.jar
 /Users/mouachani/.m2/repository/io/quarkus/quarkus-micrometer-registry-prometheus/2.4.0.Final/quarkus-micrometer-registry-prometheus-2.4.0.Final.jar
 /Users/mouachani/.m2/repository/io/quarkus/quarkus-micrometer/2.4.0.Final/quarkus-micrometer-2.4.0.Final.jar
 /Users/mouachani/.m2/repository/io/micrometer/micrometer-core/1.7.4/micrometer-core-1.7.4.jar
 /Users/mouachani/.m2/repository/org/hdrhistogram/HdrHistogram/2.1.12/HdrHistogram-2.1.12.jar
 /Users/mouachani/.m2/repository/io/micrometer/micrometer-registry-prometheus/1.7.4/micrometer-registry-prometheus-1.7.4.jar
 /Users/mouachani/.m2/repository/io/prometheus/simpleclient_common/0.10.0/simpleclient_common-0.10.0.jar
 /Users/mouachani/.m2/repository/io/prometheus/simpleclient/0.10.0/simpleclient-0.10.0.jar
 /Users/mouachani/.m2/repository/org/kie/kogito/kogito-addons-monitoring-prometheus/2.0.0-SNAPSHOT/kogito-addons-monitoring-prometheus-2.0.0-SNAPSHOT.jar
 /Users/mouachani/.m2/repository/org/kie/kogito/kogito-addons-monitoring-core/2.0.0-SNAPSHOT/kogito-addons-monitoring-core-2.0.0-SNAPSHOT.jar
 /Users/mouachani/.m2/repository/org/kie/kogito/grafana-api/2.0.0-SNAPSHOT/grafana-api-2.0.0-SNAPSHOT.jar
 /Users/mouachani/.m2/repository/org/kie/kogito/kogito-addons-quarkus-monitoring-core/2.0.0-SNAPSHOT/kogito-addons-quarkus-monitoring-core-2.0.0-SNAPSHOT.jar
 /Users/mouachani/.m2/repository/io/quarkus/quarkus-rest-client/2.4.0.Final/quarkus-rest-client-2.4.0.Final.jar
 /Users/mouachani/.m2/repository/io/quarkus/quarkus-resteasy-common/2.4.0.Final/quarkus-resteasy-common-2.4.0.Final.jar
 /Users/mouachani/.m2/repository/org/jboss/resteasy/resteasy-core/4.7.0.Final/resteasy-core-4.7.0.Final.jar
 /Users/mouachani/.m2/repository/org/jboss/spec/javax/ws/rs/jboss-jaxrs-api_2.1_spec/2.0.1.Final/jboss-jaxrs-api_2.1_spec-2.0.1.Final.jar
 /Users/mouachani/.m2/repository/org/jboss/resteasy/resteasy-core-spi/4.7.0.Final/resteasy-core-spi-4.7.0.Final.jar
 /Users/mouachani/.m2/repository/com/ibm/async/asyncutil/0.1.0/asyncutil-0.1.0.jar
 /Users/mouachani/.m2/repository/com/sun/activation/jakarta.activation/1.2.1/jakarta.activation-1.2.1.jar
 /Users/mouachani/.m2/repository/io/quarkus/quarkus-apache-httpclient/2.4.0.Final/quarkus-apache-httpclient-2.4.0.Final.jar
 /Users/mouachani/.m2/repository/io/quarkus/quarkus-rest-client-config/2.4.0.Final/quarkus-rest-client-config-2.4.0.Final.jar
 /Users/mouachani/.m2/repository/org/eclipse/microprofile/rest/client/microprofile-rest-client-api/2.0/microprofile-rest-client-api-2.0.jar
 /Users/mouachani/.m2/repository/org/jboss/resteasy/resteasy-client-microprofile/4.7.0.Final/resteasy-client-microprofile-4.7.0.Final.jar
 /Users/mouachani/.m2/repository/org/jboss/resteasy/resteasy-client-microprofile-base/4.7.0.Final/resteasy-client-microprofile-base-4.7.0.Final.jar
 /Users/mouachani/.m2/repository/org/jboss/resteasy/resteasy-client/4.7.0.Final/resteasy-client-4.7.0.Final.jar
 /Users/mouachani/.m2/repository/org/jboss/resteasy/resteasy-client-api/4.7.0.Final/resteasy-client-api-4.7.0.Final.jar
 /Users/mouachani/.m2/repository/commons-io/commons-io/2.11.0/commons-io-2.11.0.jar
 /Users/mouachani/.m2/repository/org/jboss/resteasy/resteasy-cdi/4.7.0.Final/resteasy-cdi-4.7.0.Final.jar
 /Users/mouachani/.m2/repository/jakarta/interceptor/jakarta.interceptor-api/1.2.5/jakarta.interceptor-api-1.2.5.jar
 /Users/mouachani/.m2/repository/org/apache/httpcomponents/httpasyncclient/4.1.4/httpasyncclient-4.1.4.jar
 /Users/mouachani/.m2/repository/org/apache/httpcomponents/httpcore/4.4.14/httpcore-4.4.14.jar
 /Users/mouachani/.m2/repository/org/apache/httpcomponents/httpcore-nio/4.4.14/httpcore-nio-4.4.14.jar
 /Users/mouachani/.m2/repository/org/jboss/logging/commons-logging-jboss-logging/1.0.0.Final/commons-logging-jboss-logging-1.0.0.Final.jar
 /Users/mouachani/.m2/repository/io/smallrye/common/smallrye-common-io/1.6.0/smallrye-common-io-1.6.0.jar
 /Users/mouachani/.m2/repository/org/ow2/asm/asm/9.2/asm-9.2.jar
 /Users/mouachani/.m2/repository/org/ow2/asm/asm-tree/9.2/asm-tree-9.2.jar
 /Users/mouachani/.m2/repository/org/ow2/asm/asm-analysis/9.2/asm-analysis-9.2.jar
 /Users/mouachani/.m2/repository/com/thoughtworks/xstream/xstream/1.4.18/xstream-1.4.18.jar
 /Users/mouachani/.m2/repository/io/github/x-stream/mxparser/1.2.2/mxparser-1.2.2.jar
 /Users/mouachani/.m2/repository/xmlpull/xmlpull/1.1.3.1/xmlpull-1.1.3.1.jar
 /Users/mouachani/.m2/repository/org/apache/httpcomponents/httpclient/4.5.13/httpclient-4.5.13.jar
 /Users/mouachani/.m2/repository/commons-codec/commons-codec/1.15/commons-codec-1.15.jar
 /Users/mouachani/.m2/repository/org/apache/commons/commons-lang3/3.12.0/commons-lang3-3.12.0.jar
 /Users/mouachani/.m2/repository/jakarta/xml/bind/jakarta.xml.bind-api/2.3.3/jakarta.xml.bind-api-2.3.3.jar]
[DEBUG] Output directory: /Users/mouachani/projects/imsa/imsa-process-kogito/target/classes
[DEBUG] CompilerReuseStrategy: reuseCreated
[DEBUG] useIncrementalCompilation enabled
[DEBUG] Stale source detected: /Users/mouachani/projects/imsa/imsa-process-kogito/src/main/java/fr/msa/imsa/rest/TacheRemoteServices.java
[DEBUG] Stale source detected: /Users/mouachani/projects/imsa/imsa-process-kogito/src/main/java/fr/msa/imsa/model/Dossier.java
[DEBUG] Stale source detected: /Users/mouachani/projects/imsa/imsa-process-kogito/src/main/java/fr/msa/imsa/services/TacheServices.java
[INFO] Changes detected - recompiling the module!
[DEBUG] Classpath:
[DEBUG]  /Users/mouachani/projects/imsa/imsa-process-kogito/target/classes
[DEBUG]  /Users/mouachani/.m2/repository/org/kie/kogito/kogito-quarkus/2.0.0-SNAPSHOT/kogito-quarkus-2.0.0-SNAPSHOT.jar
[DEBUG]  /Users/mouachani/.m2/repository/org/kie/kogito/kogito-quarkus-common/2.0.0-SNAPSHOT/kogito-quarkus-common-2.0.0-SNAPSHOT.jar
[DEBUG]  /Users/mouachani/.m2/repository/org/kie/kogito/kogito-api-incubation-application/2.0.0-SNAPSHOT/kogito-api-incubation-application-2.0.0-SNAPSHOT.jar
[DEBUG]  /Users/mouachani/.m2/repository/org/kie/kogito/kogito-api-incubation-common/2.0.0-SNAPSHOT/kogito-api-incubation-common-2.0.0-SNAPSHOT.jar
[DEBUG]  /Users/mouachani/.m2/repository/org/kie/kogito/kogito-api-incubation-common-objectmapper/2.0.0-SNAPSHOT/kogito-api-incubation-common-objectmapper-2.0.0-SNAPSHOT.jar
[DEBUG]  /Users/mouachani/.m2/repository/org/mvel/mvel2/2.4.12.Final/mvel2-2.4.12.Final.jar
[DEBUG]  /Users/mouachani/.m2/repository/com/jayway/jsonpath/json-path/2.6.0/json-path-2.6.0.jar
[DEBUG]  /Users/mouachani/.m2/repository/net/minidev/json-smart/2.4.7/json-smart-2.4.7.jar
[DEBUG]  /Users/mouachani/.m2/repository/net/minidev/accessors-smart/2.4.7/accessors-smart-2.4.7.jar
[DEBUG]  /Users/mouachani/.m2/repository/io/quarkus/arc/arc-processor/2.4.0.Final/arc-processor-2.4.0.Final.jar
[DEBUG]  /Users/mouachani/.m2/repository/io/quarkus/gizmo/gizmo/1.0.9.Final/gizmo-1.0.9.Final.jar
[DEBUG]  /Users/mouachani/.m2/repository/org/ow2/asm/asm-util/9.1/asm-util-9.1.jar
[DEBUG]  /Users/mouachani/.m2/repository/io/quarkus/quarkus-undertow/2.4.0.Final/quarkus-undertow-2.4.0.Final.jar
[DEBUG]  /Users/mouachani/.m2/repository/io/quarkus/http/quarkus-http-servlet/4.1.3/quarkus-http-servlet-4.1.3.jar
[DEBUG]  /Users/mouachani/.m2/repository/jakarta/servlet/jakarta.servlet-api/4.0.3/jakarta.servlet-api-4.0.3.jar
[DEBUG]  /Users/mouachani/.m2/repository/io/quarkus/http/quarkus-http-vertx-backend/4.1.3/quarkus-http-vertx-backend-4.1.3.jar
[DEBUG]  /Users/mouachani/.m2/repository/io/quarkus/http/quarkus-http-http-core/4.1.3/quarkus-http-http-core-4.1.3.jar
[DEBUG]  /Users/mouachani/.m2/repository/io/quarkus/http/quarkus-http-core/4.1.3/quarkus-http-core-4.1.3.jar
[DEBUG]  /Users/mouachani/.m2/repository/org/kie/kogito/kogito-quarkus-rules/2.0.0-SNAPSHOT/kogito-quarkus-rules-2.0.0-SNAPSHOT.jar
[DEBUG]  /Users/mouachani/.m2/repository/org/kie/kogito/kogito-api-incubation-rules-services/2.0.0-SNAPSHOT/kogito-api-incubation-rules-services-2.0.0-SNAPSHOT.jar
[DEBUG]  /Users/mouachani/.m2/repository/org/kie/kogito/kogito-api-incubation-rules/2.0.0-SNAPSHOT/kogito-api-incubation-rules-2.0.0-SNAPSHOT.jar
[DEBUG]  /Users/mouachani/.m2/repository/org/kie/kogito/kogito-drools/2.0.0-SNAPSHOT/kogito-drools-2.0.0-SNAPSHOT.jar
[DEBUG]  /Users/mouachani/.m2/repository/org/kie/kogito/drools-core-static/2.0.0-SNAPSHOT/drools-core-static-2.0.0-SNAPSHOT.jar
[DEBUG]  /Users/mouachani/.m2/repository/org/drools/drools-core-reflective/8.15.0-SNAPSHOT/drools-core-reflective-8.15.0-SNAPSHOT.jar
[DEBUG]  /Users/mouachani/.m2/repository/org/kie/kogito/kogito-ruleunits/2.0.0-SNAPSHOT/kogito-ruleunits-2.0.0-SNAPSHOT.jar
[DEBUG]  /Users/mouachani/.m2/repository/org/kie/kogito/kogito-drools-model/2.0.0-SNAPSHOT/kogito-drools-model-2.0.0-SNAPSHOT.jar
[DEBUG]  /Users/mouachani/.m2/repository/org/drools/drools-model-compiler/8.15.0-SNAPSHOT/drools-model-compiler-8.15.0-SNAPSHOT.jar
[DEBUG]  /Users/mouachani/.m2/repository/org/drools/drools-canonical-model/8.15.0-SNAPSHOT/drools-canonical-model-8.15.0-SNAPSHOT.jar
[DEBUG]  /Users/mouachani/.m2/repository/org/drools/drools-mvel-parser/8.15.0-SNAPSHOT/drools-mvel-parser-8.15.0-SNAPSHOT.jar
[DEBUG]  /Users/mouachani/.m2/repository/org/drools/drools-mvel-compiler/8.15.0-SNAPSHOT/drools-mvel-compiler-8.15.0-SNAPSHOT.jar
[DEBUG]  /Users/mouachani/.m2/repository/org/kie/kogito/kogito-quarkus-decisions/2.0.0-SNAPSHOT/kogito-quarkus-decisions-2.0.0-SNAPSHOT.jar
[DEBUG]  /Users/mouachani/.m2/repository/org/kie/kogito/kogito-api-incubation-decisions-services/2.0.0-SNAPSHOT/kogito-api-incubation-decisions-services-2.0.0-SNAPSHOT.jar
[DEBUG]  /Users/mouachani/.m2/repository/org/kie/kogito/kogito-api-incubation-decisions/2.0.0-SNAPSHOT/kogito-api-incubation-decisions-2.0.0-SNAPSHOT.jar
[DEBUG]  /Users/mouachani/.m2/repository/org/kie/kogito/kogito-dmn/2.0.0-SNAPSHOT/kogito-dmn-2.0.0-SNAPSHOT.jar
[DEBUG]  /Users/mouachani/.m2/repository/org/kie/kie-dmn-core/8.15.0-SNAPSHOT/kie-dmn-core-8.15.0-SNAPSHOT.jar
[DEBUG]  /Users/mouachani/.m2/repository/org/kie/kie-dmn-backend/8.15.0-SNAPSHOT/kie-dmn-backend-8.15.0-SNAPSHOT.jar
[DEBUG]  /Users/mouachani/.m2/repository/org/kie/kie-dmn-feel/8.15.0-SNAPSHOT/kie-dmn-feel-8.15.0-SNAPSHOT.jar
[DEBUG]  /Users/mouachani/.m2/repository/ch/obermuhlner/big-math/2.0.1/big-math-2.0.1.jar
[DEBUG]  /Users/mouachani/.m2/repository/org/kie/kie-memory-compiler/8.15.0-SNAPSHOT/kie-memory-compiler-8.15.0-SNAPSHOT.jar
[DEBUG]  /Users/mouachani/.m2/repository/org/drools/drools-alphanetwork-compiler/8.15.0-SNAPSHOT/drools-alphanetwork-compiler-8.15.0-SNAPSHOT.jar
[DEBUG]  /Users/mouachani/.m2/repository/org/antlr/antlr4-runtime/4.9.2/antlr4-runtime-4.9.2.jar
[DEBUG]  /Users/mouachani/.m2/repository/org/jpmml/pmml-model/1.5.1/pmml-model-1.5.1.jar
[DEBUG]  /Users/mouachani/.m2/repository/org/jpmml/pmml-agent/1.5.1/pmml-agent-1.5.1.jar
[DEBUG]  /Users/mouachani/.m2/repository/org/kie/kie-dmn-validation/8.15.0-SNAPSHOT/kie-dmn-validation-8.15.0-SNAPSHOT.jar
[DEBUG]  /Users/mouachani/.m2/repository/org/kie/kogito/kogito-quarkus-predictions/2.0.0-SNAPSHOT/kogito-quarkus-predictions-2.0.0-SNAPSHOT.jar
[DEBUG]  /Users/mouachani/.m2/repository/org/kie/kogito/kogito-pmml/2.0.0-SNAPSHOT/kogito-pmml-2.0.0-SNAPSHOT.jar
[DEBUG]  /Users/mouachani/.m2/repository/org/kie/kie-pmml-dependencies/8.15.0-SNAPSHOT/kie-pmml-dependencies-8.15.0-SNAPSHOT.jar
[DEBUG]  /Users/mouachani/.m2/repository/org/kie/kie-pmml-compiler-api/8.15.0-SNAPSHOT/kie-pmml-compiler-api-8.15.0-SNAPSHOT.jar
[DEBUG]  /Users/mouachani/.m2/repository/org/glassfish/jaxb/jaxb-runtime/2.3.3-b02/jaxb-runtime-2.3.3-b02.jar
[DEBUG]  /Users/mouachani/.m2/repository/org/glassfish/jaxb/txw2/2.3.3-b02/txw2-2.3.3-b02.jar
[DEBUG]  /Users/mouachani/.m2/repository/com/sun/istack/istack-commons-runtime/3.0.10/istack-commons-runtime-3.0.10.jar
[DEBUG]  /Users/mouachani/.m2/repository/org/kie/kie-pmml-compiler-core/8.15.0-SNAPSHOT/kie-pmml-compiler-core-8.15.0-SNAPSHOT.jar
[DEBUG]  /Users/mouachani/.m2/repository/org/kie/kie-pmml-compiler-commons/8.15.0-SNAPSHOT/kie-pmml-compiler-commons-8.15.0-SNAPSHOT.jar
[DEBUG]  /Users/mouachani/.m2/repository/org/kie/kie-pmml-evaluator-core/8.15.0-SNAPSHOT/kie-pmml-evaluator-core-8.15.0-SNAPSHOT.jar
[DEBUG]  /Users/mouachani/.m2/repository/org/kie/kie-pmml-evaluator-assembler/8.15.0-SNAPSHOT/kie-pmml-evaluator-assembler-8.15.0-SNAPSHOT.jar
[DEBUG]  /Users/mouachani/.m2/repository/org/kie/kie-pmml-kie-internal/8.15.0-SNAPSHOT/kie-pmml-kie-internal-8.15.0-SNAPSHOT.jar
[DEBUG]  /Users/mouachani/.m2/repository/org/kie/kie-pmml-models-drools-common/8.15.0-SNAPSHOT/kie-pmml-models-drools-common-8.15.0-SNAPSHOT.jar
[DEBUG]  /Users/mouachani/.m2/repository/org/kie/kie-pmml-models-regression-model/8.15.0-SNAPSHOT/kie-pmml-models-regression-model-8.15.0-SNAPSHOT.jar
[DEBUG]  /Users/mouachani/.m2/repository/org/kie/kie-pmml-models-regression-compiler/8.15.0-SNAPSHOT/kie-pmml-models-regression-compiler-8.15.0-SNAPSHOT.jar
[DEBUG]  /Users/mouachani/.m2/repository/org/kie/kie-pmml-models-regression-evaluator/8.15.0-SNAPSHOT/kie-pmml-models-regression-evaluator-8.15.0-SNAPSHOT.jar
[DEBUG]  /Users/mouachani/.m2/repository/org/kie/kie-pmml-models-tree-model/8.15.0-SNAPSHOT/kie-pmml-models-tree-model-8.15.0-SNAPSHOT.jar
[DEBUG]  /Users/mouachani/.m2/repository/org/kie/kie-pmml-models-tree-compiler/8.15.0-SNAPSHOT/kie-pmml-models-tree-compiler-8.15.0-SNAPSHOT.jar
[DEBUG]  /Users/mouachani/.m2/repository/org/kie/kie-pmml-models-tree-evaluator/8.15.0-SNAPSHOT/kie-pmml-models-tree-evaluator-8.15.0-SNAPSHOT.jar
[DEBUG]  /Users/mouachani/.m2/repository/org/kie/kie-pmml-models-scorecard-model/8.15.0-SNAPSHOT/kie-pmml-models-scorecard-model-8.15.0-SNAPSHOT.jar
[DEBUG]  /Users/mouachani/.m2/repository/org/kie/kie-pmml-models-scorecard-compiler/8.15.0-SNAPSHOT/kie-pmml-models-scorecard-compiler-8.15.0-SNAPSHOT.jar
[DEBUG]  /Users/mouachani/.m2/repository/org/kie/kie-pmml-models-scorecard-evaluator/8.15.0-SNAPSHOT/kie-pmml-models-scorecard-evaluator-8.15.0-SNAPSHOT.jar
[DEBUG]  /Users/mouachani/.m2/repository/org/kie/kie-pmml-models-mining-model/8.15.0-SNAPSHOT/kie-pmml-models-mining-model-8.15.0-SNAPSHOT.jar
[DEBUG]  /Users/mouachani/.m2/repository/org/kie/kie-pmml-models-mining-compiler/8.15.0-SNAPSHOT/kie-pmml-models-mining-compiler-8.15.0-SNAPSHOT.jar
[DEBUG]  /Users/mouachani/.m2/repository/org/kie/kie-pmml-models-mining-evaluator/8.15.0-SNAPSHOT/kie-pmml-models-mining-evaluator-8.15.0-SNAPSHOT.jar
[DEBUG]  /Users/mouachani/.m2/repository/org/kie/kie-pmml-models-clustering-model/8.15.0-SNAPSHOT/kie-pmml-models-clustering-model-8.15.0-SNAPSHOT.jar
[DEBUG]  /Users/mouachani/.m2/repository/org/kie/kie-pmml-models-clustering-compiler/8.15.0-SNAPSHOT/kie-pmml-models-clustering-compiler-8.15.0-SNAPSHOT.jar
[DEBUG]  /Users/mouachani/.m2/repository/org/kie/kie-pmml-models-clustering-evaluator/8.15.0-SNAPSHOT/kie-pmml-models-clustering-evaluator-8.15.0-SNAPSHOT.jar
[DEBUG]  /Users/mouachani/.m2/repository/org/kie/kogito/kogito-api-incubation-predictions-services/2.0.0-SNAPSHOT/kogito-api-incubation-predictions-services-2.0.0-SNAPSHOT.jar
[DEBUG]  /Users/mouachani/.m2/repository/org/kie/kogito/kogito-api-incubation-predictions/2.0.0-SNAPSHOT/kogito-api-incubation-predictions-2.0.0-SNAPSHOT.jar
[DEBUG]  /Users/mouachani/.m2/repository/io/quarkus/quarkus-arc/2.4.0.Final/quarkus-arc-2.4.0.Final.jar
[DEBUG]  /Users/mouachani/.m2/repository/io/quarkus/arc/arc/2.4.0.Final/arc-2.4.0.Final.jar
[DEBUG]  /Users/mouachani/.m2/repository/jakarta/enterprise/jakarta.enterprise.cdi-api/2.0.2/jakarta.enterprise.cdi-api-2.0.2.jar
[DEBUG]  /Users/mouachani/.m2/repository/jakarta/el/jakarta.el-api/3.0.3/jakarta.el-api-3.0.3.jar
[DEBUG]  /Users/mouachani/.m2/repository/org/jboss/logging/jboss-logging/3.4.2.Final/jboss-logging-3.4.2.Final.jar
[DEBUG]  /Users/mouachani/.m2/repository/io/quarkus/quarkus-core/2.4.0.Final/quarkus-core-2.4.0.Final.jar
[DEBUG]  /Users/mouachani/.m2/repository/jakarta/inject/jakarta.inject-api/1.0/jakarta.inject-api-1.0.jar
[DEBUG]  /Users/mouachani/.m2/repository/io/quarkus/quarkus-ide-launcher/2.4.0.Final/quarkus-ide-launcher-2.4.0.Final.jar
[DEBUG]  /Users/mouachani/.m2/repository/io/quarkus/quarkus-development-mode-spi/2.4.0.Final/quarkus-development-mode-spi-2.4.0.Final.jar
[DEBUG]  /Users/mouachani/.m2/repository/io/smallrye/config/smallrye-config/2.5.1/smallrye-config-2.5.1.jar
[DEBUG]  /Users/mouachani/.m2/repository/io/smallrye/config/smallrye-config-core/2.5.1/smallrye-config-core-2.5.1.jar
[DEBUG]  /Users/mouachani/.m2/repository/io/smallrye/common/smallrye-common-expression/1.6.0/smallrye-common-expression-1.6.0.jar
[DEBUG]  /Users/mouachani/.m2/repository/io/smallrye/common/smallrye-common-function/1.6.0/smallrye-common-function-1.6.0.jar
[DEBUG]  /Users/mouachani/.m2/repository/io/smallrye/common/smallrye-common-constraint/1.6.0/smallrye-common-constraint-1.6.0.jar
[DEBUG]  /Users/mouachani/.m2/repository/io/smallrye/common/smallrye-common-classloader/1.6.0/smallrye-common-classloader-1.6.0.jar
[DEBUG]  /Users/mouachani/.m2/repository/io/smallrye/config/smallrye-config-common/2.5.1/smallrye-config-common-2.5.1.jar
[DEBUG]  /Users/mouachani/.m2/repository/org/jboss/logmanager/jboss-logmanager-embedded/1.0.9/jboss-logmanager-embedded-1.0.9.jar
[DEBUG]  /Users/mouachani/.m2/repository/org/jboss/logging/jboss-logging-annotations/2.2.1.Final/jboss-logging-annotations-2.2.1.Final.jar
[DEBUG]  /Users/mouachani/.m2/repository/org/jboss/threads/jboss-threads/3.4.2.Final/jboss-threads-3.4.2.Final.jar
[DEBUG]  /Users/mouachani/.m2/repository/org/jboss/slf4j/slf4j-jboss-logmanager/1.1.0.Final/slf4j-jboss-logmanager-1.1.0.Final.jar
[DEBUG]  /Users/mouachani/.m2/repository/org/graalvm/sdk/graal-sdk/21.2.0/graal-sdk-21.2.0.jar
[DEBUG]  /Users/mouachani/.m2/repository/org/wildfly/common/wildfly-common/1.5.4.Final-format-001/wildfly-common-1.5.4.Final-format-001.jar
[DEBUG]  /Users/mouachani/.m2/repository/io/quarkus/quarkus-bootstrap-runner/2.4.0.Final/quarkus-bootstrap-runner-2.4.0.Final.jar
[DEBUG]  /Users/mouachani/.m2/repository/org/eclipse/microprofile/context-propagation/microprofile-context-propagation-api/1.2/microprofile-context-propagation-api-1.2.jar
[DEBUG]  /Users/mouachani/.m2/repository/io/quarkus/quarkus-resteasy/2.4.0.Final/quarkus-resteasy-2.4.0.Final.jar
[DEBUG]  /Users/mouachani/.m2/repository/io/quarkus/quarkus-vertx-http/2.4.0.Final/quarkus-vertx-http-2.4.0.Final.jar
[DEBUG]  /Users/mouachani/.m2/repository/io/quarkus/quarkus-security-runtime-spi/2.4.0.Final/quarkus-security-runtime-spi-2.4.0.Final.jar
[DEBUG]  /Users/mouachani/.m2/repository/io/quarkus/quarkus-mutiny/2.4.0.Final/quarkus-mutiny-2.4.0.Final.jar
[DEBUG]  /Users/mouachani/.m2/repository/io/quarkus/quarkus-smallrye-context-propagation/2.4.0.Final/quarkus-smallrye-context-propagation-2.4.0.Final.jar
[DEBUG]  /Users/mouachani/.m2/repository/io/smallrye/smallrye-context-propagation/1.2.2/smallrye-context-propagation-1.2.2.jar
[DEBUG]  /Users/mouachani/.m2/repository/io/smallrye/smallrye-context-propagation-api/1.2.2/smallrye-context-propagation-api-1.2.2.jar
[DEBUG]  /Users/mouachani/.m2/repository/io/smallrye/smallrye-context-propagation-storage/1.2.2/smallrye-context-propagation-storage-1.2.2.jar
[DEBUG]  /Users/mouachani/.m2/repository/io/smallrye/reactive/mutiny-smallrye-context-propagation/1.1.2/mutiny-smallrye-context-propagation-1.1.2.jar
[DEBUG]  /Users/mouachani/.m2/repository/io/quarkus/quarkus-vertx-http-dev-console-runtime-spi/2.4.0.Final/quarkus-vertx-http-dev-console-runtime-spi-2.4.0.Final.jar
[DEBUG]  /Users/mouachani/.m2/repository/io/quarkus/security/quarkus-security/1.1.4.Final/quarkus-security-1.1.4.Final.jar
[DEBUG]  /Users/mouachani/.m2/repository/io/quarkus/quarkus-vertx/2.4.0.Final/quarkus-vertx-2.4.0.Final.jar
[DEBUG]  /Users/mouachani/.m2/repository/io/netty/netty-codec-haproxy/4.1.68.Final/netty-codec-haproxy-4.1.68.Final.jar
[DEBUG]  /Users/mouachani/.m2/repository/io/smallrye/smallrye-fault-tolerance-vertx/5.2.1/smallrye-fault-tolerance-vertx-5.2.1.jar
[DEBUG]  /Users/mouachani/.m2/repository/io/smallrye/reactive/smallrye-mutiny-vertx-web/2.14.1/smallrye-mutiny-vertx-web-2.14.1.jar
[DEBUG]  /Users/mouachani/.m2/repository/io/smallrye/reactive/smallrye-mutiny-vertx-bridge-common/2.14.1/smallrye-mutiny-vertx-bridge-common-2.14.1.jar
[DEBUG]  /Users/mouachani/.m2/repository/io/vertx/vertx-web/4.1.5/vertx-web-4.1.5.jar
[DEBUG]  /Users/mouachani/.m2/repository/io/vertx/vertx-web-common/4.1.5/vertx-web-common-4.1.5.jar
[DEBUG]  /Users/mouachani/.m2/repository/io/vertx/vertx-auth-common/4.1.5/vertx-auth-common-4.1.5.jar
[DEBUG]  /Users/mouachani/.m2/repository/io/vertx/vertx-bridge-common/4.1.5/vertx-bridge-common-4.1.5.jar
[DEBUG]  /Users/mouachani/.m2/repository/io/quarkus/quarkus-resteasy-server-common/2.4.0.Final/quarkus-resteasy-server-common-2.4.0.Final.jar
[DEBUG]  /Users/mouachani/.m2/repository/jakarta/validation/jakarta.validation-api/2.0.2/jakarta.validation-api-2.0.2.jar
[DEBUG]  /Users/mouachani/.m2/repository/org/kie/kogito/kogito-addons-quarkus-process-management/2.0.0-SNAPSHOT/kogito-addons-quarkus-process-management-2.0.0-SNAPSHOT.jar
[DEBUG]  /Users/mouachani/.m2/repository/org/kie/kogito/kogito-addons-process-management/2.0.0-SNAPSHOT/kogito-addons-process-management-2.0.0-SNAPSHOT.jar
[DEBUG]  /Users/mouachani/.m2/repository/org/kie/kogito/kogito-addons-quarkus-rest-exception-handler/2.0.0-SNAPSHOT/kogito-addons-quarkus-rest-exception-handler-2.0.0-SNAPSHOT.jar
[DEBUG]  /Users/mouachani/.m2/repository/org/kie/kogito/kogito-addons-rest-exception-handler/2.0.0-SNAPSHOT/kogito-addons-rest-exception-handler-2.0.0-SNAPSHOT.jar
[DEBUG]  /Users/mouachani/.m2/repository/org/kie/kogito/jbpm-flow/2.0.0-SNAPSHOT/jbpm-flow-2.0.0-SNAPSHOT.jar
[DEBUG]  /Users/mouachani/.m2/repository/org/kie/kogito/process-workitems/2.0.0-SNAPSHOT/process-workitems-2.0.0-SNAPSHOT.jar
[DEBUG]  /Users/mouachani/.m2/repository/org/kie/kogito/drools-core/2.0.0-SNAPSHOT/drools-core-2.0.0-SNAPSHOT.jar
[DEBUG]  /Users/mouachani/.m2/repository/org/drools/drools-core/8.15.0-SNAPSHOT/drools-core-8.15.0-SNAPSHOT.jar
[DEBUG]  /Users/mouachani/.m2/repository/org/kie/kie-util-xml/8.15.0-SNAPSHOT/kie-util-xml-8.15.0-SNAPSHOT.jar
[DEBUG]  /Users/mouachani/.m2/repository/com/github/javaparser/javaparser-symbol-solver-core/3.23.1/javaparser-symbol-solver-core-3.23.1.jar
[DEBUG]  /Users/mouachani/.m2/repository/com/github/javaparser/javaparser-core/3.23.1/javaparser-core-3.23.1.jar
[DEBUG]  /Users/mouachani/.m2/repository/org/javassist/javassist/3.28.0-GA/javassist-3.28.0-GA.jar
[DEBUG]  /Users/mouachani/.m2/repository/com/google/guava/guava/30.1.1-jre/guava-30.1.1-jre.jar
[DEBUG]  /Users/mouachani/.m2/repository/com/google/guava/failureaccess/1.0.1/failureaccess-1.0.1.jar
[DEBUG]  /Users/mouachani/.m2/repository/com/google/guava/listenablefuture/9999.0-empty-to-avoid-conflict-with-guava/listenablefuture-9999.0-empty-to-avoid-conflict-with-guava.jar
[DEBUG]  /Users/mouachani/.m2/repository/com/google/code/findbugs/jsr305/3.0.2/jsr305-3.0.2.jar
[DEBUG]  /Users/mouachani/.m2/repository/org/checkerframework/checker-qual/2.5.2/checker-qual-2.5.2.jar
[DEBUG]  /Users/mouachani/.m2/repository/com/google/j2objc/j2objc-annotations/1.3/j2objc-annotations-1.3.jar
[DEBUG]  /Users/mouachani/.m2/repository/org/drools/drools-mvel/8.15.0-SNAPSHOT/drools-mvel-8.15.0-SNAPSHOT.jar
[DEBUG]  /Users/mouachani/.m2/repository/org/drools/drools-compiler/8.15.0-SNAPSHOT/drools-compiler-8.15.0-SNAPSHOT.jar
[DEBUG]  /Users/mouachani/.m2/repository/org/drools/drools-ecj/8.15.0-SNAPSHOT/drools-ecj-8.15.0-SNAPSHOT.jar
[DEBUG]  /Users/mouachani/.m2/repository/org/kie/kie-util-maven-support/8.15.0-SNAPSHOT/kie-util-maven-support-8.15.0-SNAPSHOT.jar
[DEBUG]  /Users/mouachani/.m2/repository/org/antlr/antlr-runtime/3.5.2/antlr-runtime-3.5.2.jar
[DEBUG]  /Users/mouachani/.m2/repository/com/fasterxml/jackson/datatype/jackson-datatype-jsr310/2.12.5/jackson-datatype-jsr310-2.12.5.jar
[DEBUG]  /Users/mouachani/.m2/repository/org/kie/kogito/kogito-quarkus-processes/2.0.0-SNAPSHOT/kogito-quarkus-processes-2.0.0-SNAPSHOT.jar
[DEBUG]  /Users/mouachani/.m2/repository/org/kie/kogito/kogito-api-incubation-processes-services/2.0.0-SNAPSHOT/kogito-api-incubation-processes-services-2.0.0-SNAPSHOT.jar
[DEBUG]  /Users/mouachani/.m2/repository/org/kie/kogito/kogito-api-incubation-processes/2.0.0-SNAPSHOT/kogito-api-incubation-processes-2.0.0-SNAPSHOT.jar
[DEBUG]  /Users/mouachani/.m2/repository/org/kie/kogito/jbpm-bpmn2/2.0.0-SNAPSHOT/jbpm-bpmn2-2.0.0-SNAPSHOT.jar
[DEBUG]  /Users/mouachani/.m2/repository/org/kie/kogito/drools-compiler/2.0.0-SNAPSHOT/drools-compiler-2.0.0-SNAPSHOT.jar
[DEBUG]  /Users/mouachani/.m2/repository/org/kie/kogito/jbpm-flow-builder/2.0.0-SNAPSHOT/jbpm-flow-builder-2.0.0-SNAPSHOT.jar
[DEBUG]  /Users/mouachani/.m2/repository/org/kie/kogito/process-serialization-protobuf/2.0.0-SNAPSHOT/process-serialization-protobuf-2.0.0-SNAPSHOT.jar
[DEBUG]  /Users/mouachani/.m2/repository/com/google/protobuf/protobuf-java/3.17.3/protobuf-java-3.17.3.jar
[DEBUG]  /Users/mouachani/.m2/repository/com/google/protobuf/protobuf-java-util/3.15.8/protobuf-java-util-3.15.8.jar
[DEBUG]  /Users/mouachani/.m2/repository/com/google/errorprone/error_prone_annotations/2.2.0/error_prone_annotations-2.2.0.jar
[DEBUG]  /Users/mouachani/.m2/repository/com/google/code/gson/gson/2.8.6/gson-2.8.6.jar
[DEBUG]  /Users/mouachani/.m2/repository/org/infinispan/protostream/protostream/4.4.1.Final/protostream-4.4.1.Final.jar
[DEBUG]  /Users/mouachani/.m2/repository/io/smallrye/reactive/smallrye-mutiny-vertx-web-client/2.14.1/smallrye-mutiny-vertx-web-client-2.14.1.jar
[DEBUG]  /Users/mouachani/.m2/repository/io/vertx/vertx-web-client/4.1.5/vertx-web-client-4.1.5.jar
[DEBUG]  /Users/mouachani/.m2/repository/io/smallrye/reactive/smallrye-mutiny-vertx-core/2.14.1/smallrye-mutiny-vertx-core-2.14.1.jar
[DEBUG]  /Users/mouachani/.m2/repository/io/smallrye/reactive/smallrye-mutiny-vertx-runtime/2.14.1/smallrye-mutiny-vertx-runtime-2.14.1.jar
[DEBUG]  /Users/mouachani/.m2/repository/io/smallrye/reactive/vertx-mutiny-generator/2.14.1/vertx-mutiny-generator-2.14.1.jar
[DEBUG]  /Users/mouachani/.m2/repository/io/vertx/vertx-codegen/4.1.5/vertx-codegen-4.1.5.jar
[DEBUG]  /Users/mouachani/.m2/repository/io/smallrye/reactive/smallrye-mutiny-vertx-auth-common/2.14.1/smallrye-mutiny-vertx-auth-common-2.14.1.jar
[DEBUG]  /Users/mouachani/.m2/repository/io/smallrye/reactive/smallrye-mutiny-vertx-web-common/2.14.1/smallrye-mutiny-vertx-web-common-2.14.1.jar
[DEBUG]  /Users/mouachani/.m2/repository/org/kie/kogito/kogito-addons-quarkus-messaging/2.0.0-SNAPSHOT/kogito-addons-quarkus-messaging-2.0.0-SNAPSHOT.jar
[DEBUG]  /Users/mouachani/.m2/repository/org/kie/kogito/kogito-addons-quarkus-messaging-common/2.0.0-SNAPSHOT/kogito-addons-quarkus-messaging-common-2.0.0-SNAPSHOT.jar
[DEBUG]  /Users/mouachani/.m2/repository/org/kie/kogito/kogito-addons-messaging/2.0.0-SNAPSHOT/kogito-addons-messaging-2.0.0-SNAPSHOT.jar
[DEBUG]  /Users/mouachani/.m2/repository/org/kie/kogito/kogito-addons-cloudevents-utils/2.0.0-SNAPSHOT/kogito-addons-cloudevents-utils-2.0.0-SNAPSHOT.jar
[DEBUG]  /Users/mouachani/.m2/repository/io/cloudevents/cloudevents-api/2.2.0/cloudevents-api-2.2.0.jar
[DEBUG]  /Users/mouachani/.m2/repository/io/cloudevents/cloudevents-json-jackson/2.2.0/cloudevents-json-jackson-2.2.0.jar
[DEBUG]  /Users/mouachani/.m2/repository/io/cloudevents/cloudevents-http-restful-ws/2.2.0/cloudevents-http-restful-ws-2.2.0.jar
[DEBUG]  /Users/mouachani/.m2/repository/io/cloudevents/cloudevents-core/2.2.0/cloudevents-core-2.2.0.jar
[DEBUG]  /Users/mouachani/.m2/repository/jakarta/ws/rs/jakarta.ws.rs-api/2.1.6/jakarta.ws.rs-api-2.1.6.jar
[DEBUG]  /Users/mouachani/.m2/repository/org/kie/kogito/kogito-addons-quarkus-events-process/2.0.0-SNAPSHOT/kogito-addons-quarkus-events-process-2.0.0-SNAPSHOT.jar
[DEBUG]  /Users/mouachani/.m2/repository/org/kie/kogito/kogito-events-api/2.0.0-SNAPSHOT/kogito-events-api-2.0.0-SNAPSHOT.jar
[DEBUG]  /Users/mouachani/.m2/repository/org/reactivestreams/reactive-streams/1.0.3/reactive-streams-1.0.3.jar
[DEBUG]  /Users/mouachani/.m2/repository/org/kie/kogito/kogito-services/2.0.0-SNAPSHOT/kogito-services-2.0.0-SNAPSHOT.jar
[DEBUG]  /Users/mouachani/.m2/repository/com/fasterxml/jackson/core/jackson-databind/2.12.5/jackson-databind-2.12.5.jar
[DEBUG]  /Users/mouachani/.m2/repository/com/fasterxml/jackson/core/jackson-core/2.12.5/jackson-core-2.12.5.jar
[DEBUG]  /Users/mouachani/.m2/repository/io/smallrye/reactive/smallrye-reactive-messaging-provider/3.10.1/smallrye-reactive-messaging-provider-3.10.1.jar
[DEBUG]  /Users/mouachani/.m2/repository/io/smallrye/reactive/smallrye-reactive-messaging-api/3.10.1/smallrye-reactive-messaging-api-3.10.1.jar
[DEBUG]  /Users/mouachani/.m2/repository/org/jboss/jandex/2.4.1.Final/jandex-2.4.1.Final.jar
[DEBUG]  /Users/mouachani/.m2/repository/io/smallrye/reactive/smallrye-reactive-converter-api/2.6.0/smallrye-reactive-converter-api-2.6.0.jar
[DEBUG]  /Users/mouachani/.m2/repository/io/smallrye/reactive/mutiny/1.1.2/mutiny-1.1.2.jar
[DEBUG]  /Users/mouachani/.m2/repository/org/eclipse/microprofile/config/microprofile-config-api/2.0/microprofile-config-api-2.0.jar
[DEBUG]  /Users/mouachani/.m2/repository/org/slf4j/slf4j-api/1.7.30/slf4j-api-1.7.30.jar
[DEBUG]  /Users/mouachani/.m2/repository/io/quarkus/quarkus-smallrye-reactive-messaging-kafka/2.4.0.Final/quarkus-smallrye-reactive-messaging-kafka-2.4.0.Final.jar
[DEBUG]  /Users/mouachani/.m2/repository/io/quarkus/quarkus-kafka-client/2.4.0.Final/quarkus-kafka-client-2.4.0.Final.jar
[DEBUG]  /Users/mouachani/.m2/repository/io/smallrye/reactive/smallrye-reactive-messaging-kafka/3.10.1/smallrye-reactive-messaging-kafka-3.10.1.jar
[DEBUG]  /Users/mouachani/.m2/repository/io/smallrye/reactive/smallrye-reactive-messaging-kafka-api/3.10.1/smallrye-reactive-messaging-kafka-api-3.10.1.jar
[DEBUG]  /Users/mouachani/.m2/repository/io/opentelemetry/opentelemetry-api/1.6.0/opentelemetry-api-1.6.0.jar
[DEBUG]  /Users/mouachani/.m2/repository/io/opentelemetry/opentelemetry-context/1.6.0/opentelemetry-context-1.6.0.jar
[DEBUG]  /Users/mouachani/.m2/repository/io/opentelemetry/opentelemetry-semconv/1.6.0-alpha/opentelemetry-semconv-1.6.0-alpha.jar
[DEBUG]  /Users/mouachani/.m2/repository/io/quarkus/quarkus-jackson/2.4.0.Final/quarkus-jackson-2.4.0.Final.jar
[DEBUG]  /Users/mouachani/.m2/repository/com/fasterxml/jackson/datatype/jackson-datatype-jdk8/2.12.5/jackson-datatype-jdk8-2.12.5.jar
[DEBUG]  /Users/mouachani/.m2/repository/com/fasterxml/jackson/module/jackson-module-parameter-names/2.12.5/jackson-module-parameter-names-2.12.5.jar
[DEBUG]  /Users/mouachani/.m2/repository/org/apache/kafka/kafka-clients/2.8.1/kafka-clients-2.8.1.jar
[DEBUG]  /Users/mouachani/.m2/repository/com/github/luben/zstd-jni/1.4.9-1/zstd-jni-1.4.9-1.jar
[DEBUG]  /Users/mouachani/.m2/repository/org/lz4/lz4-java/1.7.1/lz4-java-1.7.1.jar
[DEBUG]  /Users/mouachani/.m2/repository/org/xerial/snappy/snappy-java/1.1.8.1/snappy-java-1.1.8.1.jar
[DEBUG]  /Users/mouachani/.m2/repository/io/vertx/vertx-kafka-client/4.1.5/vertx-kafka-client-4.1.5.jar
[DEBUG]  /Users/mouachani/.m2/repository/io/vertx/vertx-core/4.1.5/vertx-core-4.1.5.jar
[DEBUG]  /Users/mouachani/.m2/repository/io/netty/netty-common/4.1.68.Final/netty-common-4.1.68.Final.jar
[DEBUG]  /Users/mouachani/.m2/repository/io/netty/netty-buffer/4.1.68.Final/netty-buffer-4.1.68.Final.jar
[DEBUG]  /Users/mouachani/.m2/repository/io/netty/netty-transport/4.1.68.Final/netty-transport-4.1.68.Final.jar
[DEBUG]  /Users/mouachani/.m2/repository/io/netty/netty-handler-proxy/4.1.68.Final/netty-handler-proxy-4.1.68.Final.jar
[DEBUG]  /Users/mouachani/.m2/repository/io/netty/netty-codec-socks/4.1.68.Final/netty-codec-socks-4.1.68.Final.jar
[DEBUG]  /Users/mouachani/.m2/repository/io/netty/netty-resolver/4.1.68.Final/netty-resolver-4.1.68.Final.jar
[DEBUG]  /Users/mouachani/.m2/repository/io/netty/netty-resolver-dns/4.1.68.Final/netty-resolver-dns-4.1.68.Final.jar
[DEBUG]  /Users/mouachani/.m2/repository/io/netty/netty-codec-dns/4.1.68.Final/netty-codec-dns-4.1.68.Final.jar
[DEBUG]  /Users/mouachani/.m2/repository/io/quarkus/quarkus-smallrye-reactive-messaging/2.4.0.Final/quarkus-smallrye-reactive-messaging-2.4.0.Final.jar
[DEBUG]  /Users/mouachani/.m2/repository/io/quarkus/quarkus-mutiny-reactive-streams-operators/2.4.0.Final/quarkus-mutiny-reactive-streams-operators-2.4.0.Final.jar
[DEBUG]  /Users/mouachani/.m2/repository/org/eclipse/microprofile/reactive-streams-operators/microprofile-reactive-streams-operators-api/1.0.1/microprofile-reactive-streams-operators-api-1.0.1.jar
[DEBUG]  /Users/mouachani/.m2/repository/org/eclipse/microprofile/reactive-streams-operators/microprofile-reactive-streams-operators-core/1.0.1/microprofile-reactive-streams-operators-core-1.0.1.jar
[DEBUG]  /Users/mouachani/.m2/repository/io/smallrye/reactive/mutiny-reactive-streams-operators/1.1.2/mutiny-reactive-streams-operators-1.1.2.jar
[DEBUG]  /Users/mouachani/.m2/repository/io/quarkus/quarkus-smallrye-reactive-messaging-kotlin/2.4.0.Final/quarkus-smallrye-reactive-messaging-kotlin-2.4.0.Final.jar
[DEBUG]  /Users/mouachani/.m2/repository/io/smallrye/common/smallrye-common-annotation/1.6.0/smallrye-common-annotation-1.6.0.jar
[DEBUG]  /Users/mouachani/.m2/repository/io/smallrye/reactive/smallrye-reactive-messaging-health/3.10.1/smallrye-reactive-messaging-health-3.10.1.jar
[DEBUG]  /Users/mouachani/.m2/repository/jakarta/annotation/jakarta.annotation-api/1.3.5/jakarta.annotation-api-1.3.5.jar
[DEBUG]  /Users/mouachani/.m2/repository/io/quarkus/quarkus-resteasy-jackson/2.4.0.Final/quarkus-resteasy-jackson-2.4.0.Final.jar
[DEBUG]  /Users/mouachani/.m2/repository/org/jboss/resteasy/resteasy-jackson2-provider/4.7.0.Final/resteasy-jackson2-provider-4.7.0.Final.jar
[DEBUG]  /Users/mouachani/.m2/repository/com/fasterxml/jackson/jaxrs/jackson-jaxrs-json-provider/2.12.5/jackson-jaxrs-json-provider-2.12.5.jar
[DEBUG]  /Users/mouachani/.m2/repository/com/fasterxml/jackson/jaxrs/jackson-jaxrs-base/2.12.5/jackson-jaxrs-base-2.12.5.jar
[DEBUG]  /Users/mouachani/.m2/repository/com/fasterxml/jackson/module/jackson-module-jaxb-annotations/2.12.5/jackson-module-jaxb-annotations-2.12.5.jar
[DEBUG]  /Users/mouachani/.m2/repository/com/github/java-json-tools/json-patch/1.13/json-patch-1.13.jar
[DEBUG]  /Users/mouachani/.m2/repository/com/github/java-json-tools/msg-simple/1.2/msg-simple-1.2.jar
[DEBUG]  /Users/mouachani/.m2/repository/com/github/java-json-tools/btf/1.3/btf-1.3.jar
[DEBUG]  /Users/mouachani/.m2/repository/com/github/java-json-tools/jackson-coreutils/2.0/jackson-coreutils-2.0.jar
[DEBUG]  /Users/mouachani/.m2/repository/org/jboss/spec/javax/xml/bind/jboss-jaxb-api_2.3_spec/2.0.0.Final/jboss-jaxb-api_2.3_spec-2.0.0.Final.jar
[DEBUG]  /Users/mouachani/.m2/repository/io/quarkus/quarkus-smallrye-openapi/2.4.0.Final/quarkus-smallrye-openapi-2.4.0.Final.jar
[DEBUG]  /Users/mouachani/.m2/repository/io/smallrye/smallrye-open-api-core/2.1.15/smallrye-open-api-core-2.1.15.jar
[DEBUG]  /Users/mouachani/.m2/repository/org/eclipse/microprofile/openapi/microprofile-openapi-api/2.0.1-RC1/microprofile-openapi-api-2.0.1-RC1.jar
[DEBUG]  /Users/mouachani/.m2/repository/com/fasterxml/jackson/dataformat/jackson-dataformat-yaml/2.12.5/jackson-dataformat-yaml-2.12.5.jar
[DEBUG]  /Users/mouachani/.m2/repository/org/yaml/snakeyaml/1.29/snakeyaml-1.29.jar
[DEBUG]  /Users/mouachani/.m2/repository/io/quarkus/quarkus-swagger-ui/2.4.0.Final/quarkus-swagger-ui-2.4.0.Final.jar
[DEBUG]  /Users/mouachani/.m2/repository/org/kie/kogito/kogito-api/2.0.0-SNAPSHOT/kogito-api-2.0.0-SNAPSHOT.jar
[DEBUG]  /Users/mouachani/.m2/repository/com/fasterxml/jackson/core/jackson-annotations/2.12.5/jackson-annotations-2.12.5.jar
[DEBUG]  /Users/mouachani/.m2/repository/org/kie/kie-api/8.15.0-SNAPSHOT/kie-api-8.15.0-SNAPSHOT.jar
[DEBUG]  /Users/mouachani/.m2/repository/org/kie/kie-dmn-api/8.15.0-SNAPSHOT/kie-dmn-api-8.15.0-SNAPSHOT.jar
[DEBUG]  /Users/mouachani/.m2/repository/org/kie/kie-internal/8.15.0-SNAPSHOT/kie-internal-8.15.0-SNAPSHOT.jar
[DEBUG]  /Users/mouachani/.m2/repository/org/kie/kie-dmn-model/8.15.0-SNAPSHOT/kie-dmn-model-8.15.0-SNAPSHOT.jar
[DEBUG]  /Users/mouachani/.m2/repository/org/kie/kogito/kogito-timer/2.0.0-SNAPSHOT/kogito-timer-2.0.0-SNAPSHOT.jar
[DEBUG]  /Users/mouachani/.m2/repository/org/kie/kie-pmml-evaluator-api/8.15.0-SNAPSHOT/kie-pmml-evaluator-api-8.15.0-SNAPSHOT.jar
[DEBUG]  /Users/mouachani/.m2/repository/org/kie/kie-pmml-api/8.15.0-SNAPSHOT/kie-pmml-api-8.15.0-SNAPSHOT.jar
[DEBUG]  /Users/mouachani/.m2/repository/org/apache/commons/commons-math3/3.4.1/commons-math3-3.4.1.jar
[DEBUG]  /Users/mouachani/.m2/repository/org/kie/kie-pmml-commons/8.15.0-SNAPSHOT/kie-pmml-commons-8.15.0-SNAPSHOT.jar
[DEBUG]  /Users/mouachani/.m2/repository/org/apache/commons/commons-text/1.9/commons-text-1.9.jar
[DEBUG]  /Users/mouachani/.m2/repository/io/quarkus/quarkus-smallrye-health/2.4.0.Final/quarkus-smallrye-health-2.4.0.Final.jar
[DEBUG]  /Users/mouachani/.m2/repository/io/smallrye/smallrye-health/3.1.1/smallrye-health-3.1.1.jar
[DEBUG]  /Users/mouachani/.m2/repository/org/eclipse/microprofile/health/microprofile-health-api/3.1/microprofile-health-api-3.1.jar
[DEBUG]  /Users/mouachani/.m2/repository/io/smallrye/smallrye-health-api/3.1.1/smallrye-health-api-3.1.1.jar
[DEBUG]  /Users/mouachani/.m2/repository/io/smallrye/smallrye-health-provided-checks/3.1.1/smallrye-health-provided-checks-3.1.1.jar
[DEBUG]  /Users/mouachani/.m2/repository/io/quarkus/quarkus-jsonp/2.4.0.Final/quarkus-jsonp-2.4.0.Final.jar
[DEBUG]  /Users/mouachani/.m2/repository/org/glassfish/jakarta.json/1.1.6/jakarta.json-1.1.6.jar
[DEBUG]  /Users/mouachani/.m2/repository/io/quarkus/quarkus-infinispan-client/2.4.0.Final/quarkus-infinispan-client-2.4.0.Final.jar
[DEBUG]  /Users/mouachani/.m2/repository/io/quarkus/quarkus-caffeine/2.4.0.Final/quarkus-caffeine-2.4.0.Final.jar
[DEBUG]  /Users/mouachani/.m2/repository/com/github/ben-manes/caffeine/caffeine/2.9.2/caffeine-2.9.2.jar
[DEBUG]  /Users/mouachani/.m2/repository/io/quarkus/quarkus-netty/2.4.0.Final/quarkus-netty-2.4.0.Final.jar
[DEBUG]  /Users/mouachani/.m2/repository/io/netty/netty-codec/4.1.68.Final/netty-codec-4.1.68.Final.jar
[DEBUG]  /Users/mouachani/.m2/repository/io/netty/netty-codec-http/4.1.68.Final/netty-codec-http-4.1.68.Final.jar
[DEBUG]  /Users/mouachani/.m2/repository/io/netty/netty-codec-http2/4.1.68.Final/netty-codec-http2-4.1.68.Final.jar
[DEBUG]  /Users/mouachani/.m2/repository/io/netty/netty-handler/4.1.68.Final/netty-handler-4.1.68.Final.jar
[DEBUG]  /Users/mouachani/.m2/repository/io/quarkus/quarkus-elytron-security-common/2.4.0.Final/quarkus-elytron-security-common-2.4.0.Final.jar
[DEBUG]  /Users/mouachani/.m2/repository/org/wildfly/security/wildfly-elytron-credential/1.17.2.Final/wildfly-elytron-credential-1.17.2.Final.jar
[DEBUG]  /Users/mouachani/.m2/repository/org/wildfly/security/wildfly-elytron-asn1/1.17.2.Final/wildfly-elytron-asn1-1.17.2.Final.jar
[DEBUG]  /Users/mouachani/.m2/repository/org/wildfly/security/wildfly-elytron-keystore/1.17.2.Final/wildfly-elytron-keystore-1.17.2.Final.jar
[DEBUG]  /Users/mouachani/.m2/repository/org/wildfly/security/wildfly-elytron-x500-cert/1.17.2.Final/wildfly-elytron-x500-cert-1.17.2.Final.jar
[DEBUG]  /Users/mouachani/.m2/repository/org/wildfly/security/wildfly-elytron-x500-cert-util/1.17.2.Final/wildfly-elytron-x500-cert-util-1.17.2.Final.jar
[DEBUG]  /Users/mouachani/.m2/repository/org/apache/sshd/sshd-common/2.3.0/sshd-common-2.3.0.jar
[DEBUG]  /Users/mouachani/.m2/repository/org/wildfly/security/wildfly-elytron-provider-util/1.17.2.Final/wildfly-elytron-provider-util-1.17.2.Final.jar
[DEBUG]  /Users/mouachani/.m2/repository/org/wildfly/security/wildfly-elytron-x500/1.17.2.Final/wildfly-elytron-x500-1.17.2.Final.jar
[DEBUG]  /Users/mouachani/.m2/repository/org/wildfly/security/wildfly-elytron-password-impl/1.17.2.Final/wildfly-elytron-password-impl-1.17.2.Final.jar
[DEBUG]  /Users/mouachani/.m2/repository/org/wildfly/security/wildfly-elytron-sasl-plain/1.17.2.Final/wildfly-elytron-sasl-plain-1.17.2.Final.jar
[DEBUG]  /Users/mouachani/.m2/repository/org/wildfly/security/wildfly-elytron-auth-server/1.17.2.Final/wildfly-elytron-auth-server-1.17.2.Final.jar
[DEBUG]  /Users/mouachani/.m2/repository/org/wildfly/security/wildfly-elytron-auth/1.17.2.Final/wildfly-elytron-auth-1.17.2.Final.jar
[DEBUG]  /Users/mouachani/.m2/repository/org/wildfly/security/wildfly-elytron-base/1.17.2.Final/wildfly-elytron-base-1.17.2.Final.jar
[DEBUG]  /Users/mouachani/.m2/repository/org/wildfly/security/wildfly-elytron-permission/1.17.2.Final/wildfly-elytron-permission-1.17.2.Final.jar
[DEBUG]  /Users/mouachani/.m2/repository/org/wildfly/security/wildfly-elytron-sasl/1.17.2.Final/wildfly-elytron-sasl-1.17.2.Final.jar
[DEBUG]  /Users/mouachani/.m2/repository/org/wildfly/security/wildfly-elytron-ssl/1.17.2.Final/wildfly-elytron-ssl-1.17.2.Final.jar
[DEBUG]  /Users/mouachani/.m2/repository/org/wildfly/security/wildfly-elytron-mechanism/1.17.2.Final/wildfly-elytron-mechanism-1.17.2.Final.jar
[DEBUG]  /Users/mouachani/.m2/repository/org/wildfly/security/wildfly-elytron-http/1.17.2.Final/wildfly-elytron-http-1.17.2.Final.jar
[DEBUG]  /Users/mouachani/.m2/repository/org/wildfly/security/wildfly-elytron-sasl-digest/1.17.2.Final/wildfly-elytron-sasl-digest-1.17.2.Final.jar
[DEBUG]  /Users/mouachani/.m2/repository/org/wildfly/security/wildfly-elytron-mechanism-digest/1.17.2.Final/wildfly-elytron-mechanism-digest-1.17.2.Final.jar
[DEBUG]  /Users/mouachani/.m2/repository/org/wildfly/security/wildfly-elytron-util/1.17.2.Final/wildfly-elytron-util-1.17.2.Final.jar
[DEBUG]  /Users/mouachani/.m2/repository/org/wildfly/security/wildfly-elytron-sasl-external/1.17.2.Final/wildfly-elytron-sasl-external-1.17.2.Final.jar
[DEBUG]  /Users/mouachani/.m2/repository/org/wildfly/security/wildfly-elytron-sasl-oauth2/1.17.2.Final/wildfly-elytron-sasl-oauth2-1.17.2.Final.jar
[DEBUG]  /Users/mouachani/.m2/repository/org/wildfly/security/wildfly-elytron-mechanism-oauth2/1.17.2.Final/wildfly-elytron-mechanism-oauth2-1.17.2.Final.jar
[DEBUG]  /Users/mouachani/.m2/repository/org/wildfly/security/wildfly-elytron-sasl-scram/1.17.2.Final/wildfly-elytron-sasl-scram-1.17.2.Final.jar
[DEBUG]  /Users/mouachani/.m2/repository/org/wildfly/security/wildfly-elytron-mechanism-scram/1.17.2.Final/wildfly-elytron-mechanism-scram-1.17.2.Final.jar
[DEBUG]  /Users/mouachani/.m2/repository/org/infinispan/infinispan-client-hotrod/12.1.7.Final/infinispan-client-hotrod-12.1.7.Final.jar
[DEBUG]  /Users/mouachani/.m2/repository/org/infinispan/infinispan-commons/12.1.7.Final/infinispan-commons-12.1.7.Final.jar
[DEBUG]  /Users/mouachani/.m2/repository/org/wildfly/security/wildfly-elytron-sasl-gs2/1.17.2.Final/wildfly-elytron-sasl-gs2-1.17.2.Final.jar
[DEBUG]  /Users/mouachani/.m2/repository/org/wildfly/security/wildfly-elytron-mechanism-gssapi/1.17.2.Final/wildfly-elytron-mechanism-gssapi-1.17.2.Final.jar
[DEBUG]  /Users/mouachani/.m2/repository/org/wildfly/security/wildfly-elytron-security-manager-action/1.17.2.Final/wildfly-elytron-security-manager-action-1.17.2.Final.jar
[DEBUG]  /Users/mouachani/.m2/repository/org/wildfly/security/wildfly-elytron-sasl-gssapi/1.17.2.Final/wildfly-elytron-sasl-gssapi-1.17.2.Final.jar
[DEBUG]  /Users/mouachani/.m2/repository/io/reactivex/rxjava3/rxjava/3.0.4/rxjava-3.0.4.jar
[DEBUG]  /Users/mouachani/.m2/repository/io/netty/netty-transport-native-epoll/4.1.68.Final/netty-transport-native-epoll-4.1.68.Final-linux-x86_64.jar
[DEBUG]  /Users/mouachani/.m2/repository/io/netty/netty-transport-native-unix-common/4.1.68.Final/netty-transport-native-unix-common-4.1.68.Final.jar
[DEBUG]  /Users/mouachani/.m2/repository/jakarta/transaction/jakarta.transaction-api/1.3.3/jakarta.transaction-api-1.3.3.jar
[DEBUG]  /Users/mouachani/.m2/repository/org/infinispan/infinispan-remote-query-client/12.1.7.Final/infinispan-remote-query-client-12.1.7.Final.jar
[DEBUG]  /Users/mouachani/.m2/repository/org/infinispan/infinispan-query-dsl/12.1.7.Final/infinispan-query-dsl-12.1.7.Final.jar
[DEBUG]  /Users/mouachani/.m2/repository/org/infinispan/protostream/protostream-processor/4.4.1.Final/protostream-processor-4.4.1.Final.jar
[DEBUG]  /Users/mouachani/.m2/repository/org/infinispan/protostream/protostream-types/4.4.1.Final/protostream-types-4.4.1.Final.jar
[DEBUG]  /Users/mouachani/.m2/repository/org/kie/kogito/kogito-addons-persistence-infinispan/2.0.0-SNAPSHOT/kogito-addons-persistence-infinispan-2.0.0-SNAPSHOT.jar
[DEBUG]  /Users/mouachani/.m2/repository/org/infinispan/infinispan-commons-jdk11/12.1.7.Final/infinispan-commons-jdk11-12.1.7.Final.jar
[DEBUG]  /Users/mouachani/.m2/repository/org/kie/kogito/kogito-addons-quarkus-monitoring-prometheus/2.0.0-SNAPSHOT/kogito-addons-quarkus-monitoring-prometheus-2.0.0-SNAPSHOT.jar
[DEBUG]  /Users/mouachani/.m2/repository/io/quarkus/quarkus-micrometer-registry-prometheus/2.4.0.Final/quarkus-micrometer-registry-prometheus-2.4.0.Final.jar
[DEBUG]  /Users/mouachani/.m2/repository/io/quarkus/quarkus-micrometer/2.4.0.Final/quarkus-micrometer-2.4.0.Final.jar
[DEBUG]  /Users/mouachani/.m2/repository/io/micrometer/micrometer-core/1.7.4/micrometer-core-1.7.4.jar
[DEBUG]  /Users/mouachani/.m2/repository/org/hdrhistogram/HdrHistogram/2.1.12/HdrHistogram-2.1.12.jar
[DEBUG]  /Users/mouachani/.m2/repository/io/micrometer/micrometer-registry-prometheus/1.7.4/micrometer-registry-prometheus-1.7.4.jar
[DEBUG]  /Users/mouachani/.m2/repository/io/prometheus/simpleclient_common/0.10.0/simpleclient_common-0.10.0.jar
[DEBUG]  /Users/mouachani/.m2/repository/io/prometheus/simpleclient/0.10.0/simpleclient-0.10.0.jar
[DEBUG]  /Users/mouachani/.m2/repository/org/kie/kogito/kogito-addons-monitoring-prometheus/2.0.0-SNAPSHOT/kogito-addons-monitoring-prometheus-2.0.0-SNAPSHOT.jar
[DEBUG]  /Users/mouachani/.m2/repository/org/kie/kogito/kogito-addons-monitoring-core/2.0.0-SNAPSHOT/kogito-addons-monitoring-core-2.0.0-SNAPSHOT.jar
[DEBUG]  /Users/mouachani/.m2/repository/org/kie/kogito/grafana-api/2.0.0-SNAPSHOT/grafana-api-2.0.0-SNAPSHOT.jar
[DEBUG]  /Users/mouachani/.m2/repository/org/kie/kogito/kogito-addons-quarkus-monitoring-core/2.0.0-SNAPSHOT/kogito-addons-quarkus-monitoring-core-2.0.0-SNAPSHOT.jar
[DEBUG]  /Users/mouachani/.m2/repository/io/quarkus/quarkus-rest-client/2.4.0.Final/quarkus-rest-client-2.4.0.Final.jar
[DEBUG]  /Users/mouachani/.m2/repository/io/quarkus/quarkus-resteasy-common/2.4.0.Final/quarkus-resteasy-common-2.4.0.Final.jar
[DEBUG]  /Users/mouachani/.m2/repository/org/jboss/resteasy/resteasy-core/4.7.0.Final/resteasy-core-4.7.0.Final.jar
[DEBUG]  /Users/mouachani/.m2/repository/org/jboss/spec/javax/ws/rs/jboss-jaxrs-api_2.1_spec/2.0.1.Final/jboss-jaxrs-api_2.1_spec-2.0.1.Final.jar
[DEBUG]  /Users/mouachani/.m2/repository/org/jboss/resteasy/resteasy-core-spi/4.7.0.Final/resteasy-core-spi-4.7.0.Final.jar
[DEBUG]  /Users/mouachani/.m2/repository/com/ibm/async/asyncutil/0.1.0/asyncutil-0.1.0.jar
[DEBUG]  /Users/mouachani/.m2/repository/com/sun/activation/jakarta.activation/1.2.1/jakarta.activation-1.2.1.jar
[DEBUG]  /Users/mouachani/.m2/repository/io/quarkus/quarkus-apache-httpclient/2.4.0.Final/quarkus-apache-httpclient-2.4.0.Final.jar
[DEBUG]  /Users/mouachani/.m2/repository/io/quarkus/quarkus-rest-client-config/2.4.0.Final/quarkus-rest-client-config-2.4.0.Final.jar
[DEBUG]  /Users/mouachani/.m2/repository/org/eclipse/microprofile/rest/client/microprofile-rest-client-api/2.0/microprofile-rest-client-api-2.0.jar
[DEBUG]  /Users/mouachani/.m2/repository/org/jboss/resteasy/resteasy-client-microprofile/4.7.0.Final/resteasy-client-microprofile-4.7.0.Final.jar
[DEBUG]  /Users/mouachani/.m2/repository/org/jboss/resteasy/resteasy-client-microprofile-base/4.7.0.Final/resteasy-client-microprofile-base-4.7.0.Final.jar
[DEBUG]  /Users/mouachani/.m2/repository/org/jboss/resteasy/resteasy-client/4.7.0.Final/resteasy-client-4.7.0.Final.jar
[DEBUG]  /Users/mouachani/.m2/repository/org/jboss/resteasy/resteasy-client-api/4.7.0.Final/resteasy-client-api-4.7.0.Final.jar
[DEBUG]  /Users/mouachani/.m2/repository/commons-io/commons-io/2.11.0/commons-io-2.11.0.jar
[DEBUG]  /Users/mouachani/.m2/repository/org/jboss/resteasy/resteasy-cdi/4.7.0.Final/resteasy-cdi-4.7.0.Final.jar
[DEBUG]  /Users/mouachani/.m2/repository/jakarta/interceptor/jakarta.interceptor-api/1.2.5/jakarta.interceptor-api-1.2.5.jar
[DEBUG]  /Users/mouachani/.m2/repository/org/apache/httpcomponents/httpasyncclient/4.1.4/httpasyncclient-4.1.4.jar
[DEBUG]  /Users/mouachani/.m2/repository/org/apache/httpcomponents/httpcore/4.4.14/httpcore-4.4.14.jar
[DEBUG]  /Users/mouachani/.m2/repository/org/apache/httpcomponents/httpcore-nio/4.4.14/httpcore-nio-4.4.14.jar
[DEBUG]  /Users/mouachani/.m2/repository/org/jboss/logging/commons-logging-jboss-logging/1.0.0.Final/commons-logging-jboss-logging-1.0.0.Final.jar
[DEBUG]  /Users/mouachani/.m2/repository/io/smallrye/common/smallrye-common-io/1.6.0/smallrye-common-io-1.6.0.jar
[DEBUG]  /Users/mouachani/.m2/repository/org/ow2/asm/asm/9.2/asm-9.2.jar
[DEBUG]  /Users/mouachani/.m2/repository/org/ow2/asm/asm-tree/9.2/asm-tree-9.2.jar
[DEBUG]  /Users/mouachani/.m2/repository/org/ow2/asm/asm-analysis/9.2/asm-analysis-9.2.jar
[DEBUG]  /Users/mouachani/.m2/repository/com/thoughtworks/xstream/xstream/1.4.18/xstream-1.4.18.jar
[DEBUG]  /Users/mouachani/.m2/repository/io/github/x-stream/mxparser/1.2.2/mxparser-1.2.2.jar
[DEBUG]  /Users/mouachani/.m2/repository/xmlpull/xmlpull/1.1.3.1/xmlpull-1.1.3.1.jar
[DEBUG]  /Users/mouachani/.m2/repository/org/apache/httpcomponents/httpclient/4.5.13/httpclient-4.5.13.jar
[DEBUG]  /Users/mouachani/.m2/repository/commons-codec/commons-codec/1.15/commons-codec-1.15.jar
[DEBUG]  /Users/mouachani/.m2/repository/org/apache/commons/commons-lang3/3.12.0/commons-lang3-3.12.0.jar
[DEBUG]  /Users/mouachani/.m2/repository/jakarta/xml/bind/jakarta.xml.bind-api/2.3.3/jakarta.xml.bind-api-2.3.3.jar
[DEBUG] Source roots:
[DEBUG]  /Users/mouachani/projects/imsa/imsa-process-kogito/src/main/java
[DEBUG] Command line options:
[DEBUG] -d /Users/mouachani/projects/imsa/imsa-process-kogito/target/classes -classpath /Users/mouachani/projects/imsa/imsa-process-kogito/target/classes:/Users/mouachani/.m2/repository/org/kie/kogito/kogito-quarkus/2.0.0-SNAPSHOT/kogito-quarkus-2.0.0-SNAPSHOT.jar:/Users/mouachani/.m2/repository/org/kie/kogito/kogito-quarkus-common/2.0.0-SNAPSHOT/kogito-quarkus-common-2.0.0-SNAPSHOT.jar:/Users/mouachani/.m2/repository/org/kie/kogito/kogito-api-incubation-application/2.0.0-SNAPSHOT/kogito-api-incubation-application-2.0.0-SNAPSHOT.jar:/Users/mouachani/.m2/repository/org/kie/kogito/kogito-api-incubation-common/2.0.0-SNAPSHOT/kogito-api-incubation-common-2.0.0-SNAPSHOT.jar:/Users/mouachani/.m2/repository/org/kie/kogito/kogito-api-incubation-common-objectmapper/2.0.0-SNAPSHOT/kogito-api-incubation-common-objectmapper-2.0.0-SNAPSHOT.jar:/Users/mouachani/.m2/repository/org/mvel/mvel2/2.4.12.Final/mvel2-2.4.12.Final.jar:/Users/mouachani/.m2/repository/com/jayway/jsonpath/json-path/2.6.0/json-path-2.6.0.jar:/Users/mouachani/.m2/repository/net/minidev/json-smart/2.4.7/json-smart-2.4.7.jar:/Users/mouachani/.m2/repository/net/minidev/accessors-smart/2.4.7/accessors-smart-2.4.7.jar:/Users/mouachani/.m2/repository/io/quarkus/arc/arc-processor/2.4.0.Final/arc-processor-2.4.0.Final.jar:/Users/mouachani/.m2/repository/io/quarkus/gizmo/gizmo/1.0.9.Final/gizmo-1.0.9.Final.jar:/Users/mouachani/.m2/repository/org/ow2/asm/asm-util/9.1/asm-util-9.1.jar:/Users/mouachani/.m2/repository/io/quarkus/quarkus-undertow/2.4.0.Final/quarkus-undertow-2.4.0.Final.jar:/Users/mouachani/.m2/repository/io/quarkus/http/quarkus-http-servlet/4.1.3/quarkus-http-servlet-4.1.3.jar:/Users/mouachani/.m2/repository/jakarta/servlet/jakarta.servlet-api/4.0.3/jakarta.servlet-api-4.0.3.jar:/Users/mouachani/.m2/repository/io/quarkus/http/quarkus-http-vertx-backend/4.1.3/quarkus-http-vertx-backend-4.1.3.jar:/Users/mouachani/.m2/repository/io/quarkus/http/quarkus-http-http-core/4.1.3/quarkus-http-http-core-4.1.3.jar:/Users/mouachani/.m2/repository/io/quarkus/http/quarkus-http-core/4.1.3/quarkus-http-core-4.1.3.jar:/Users/mouachani/.m2/repository/org/kie/kogito/kogito-quarkus-rules/2.0.0-SNAPSHOT/kogito-quarkus-rules-2.0.0-SNAPSHOT.jar:/Users/mouachani/.m2/repository/org/kie/kogito/kogito-api-incubation-rules-services/2.0.0-SNAPSHOT/kogito-api-incubation-rules-services-2.0.0-SNAPSHOT.jar:/Users/mouachani/.m2/repository/org/kie/kogito/kogito-api-incubation-rules/2.0.0-SNAPSHOT/kogito-api-incubation-rules-2.0.0-SNAPSHOT.jar:/Users/mouachani/.m2/repository/org/kie/kogito/kogito-drools/2.0.0-SNAPSHOT/kogito-drools-2.0.0-SNAPSHOT.jar:/Users/mouachani/.m2/repository/org/kie/kogito/drools-core-static/2.0.0-SNAPSHOT/drools-core-static-2.0.0-SNAPSHOT.jar:/Users/mouachani/.m2/repository/org/drools/drools-core-reflective/8.15.0-SNAPSHOT/drools-core-reflective-8.15.0-SNAPSHOT.jar:/Users/mouachani/.m2/repository/org/kie/kogito/kogito-ruleunits/2.0.0-SNAPSHOT/kogito-ruleunits-2.0.0-SNAPSHOT.jar:/Users/mouachani/.m2/repository/org/kie/kogito/kogito-drools-model/2.0.0-SNAPSHOT/kogito-drools-model-2.0.0-SNAPSHOT.jar:/Users/mouachani/.m2/repository/org/drools/drools-model-compiler/8.15.0-SNAPSHOT/drools-model-compiler-8.15.0-SNAPSHOT.jar:/Users/mouachani/.m2/repository/org/drools/drools-canonical-model/8.15.0-SNAPSHOT/drools-canonical-model-8.15.0-SNAPSHOT.jar:/Users/mouachani/.m2/repository/org/drools/drools-mvel-parser/8.15.0-SNAPSHOT/drools-mvel-parser-8.15.0-SNAPSHOT.jar:/Users/mouachani/.m2/repository/org/drools/drools-mvel-compiler/8.15.0-SNAPSHOT/drools-mvel-compiler-8.15.0-SNAPSHOT.jar:/Users/mouachani/.m2/repository/org/kie/kogito/kogito-quarkus-decisions/2.0.0-SNAPSHOT/kogito-quarkus-decisions-2.0.0-SNAPSHOT.jar:/Users/mouachani/.m2/repository/org/kie/kogito/kogito-api-incubation-decisions-services/2.0.0-SNAPSHOT/kogito-api-incubation-decisions-services-2.0.0-SNAPSHOT.jar:/Users/mouachani/.m2/repository/org/kie/kogito/kogito-api-incubation-decisions/2.0.0-SNAPSHOT/kogito-api-incubation-decisions-2.0.0-SNAPSHOT.jar:/Users/mouachani/.m2/repository/org/kie/kogito/kogito-dmn/2.0.0-SNAPSHOT/kogito-dmn-2.0.0-SNAPSHOT.jar:/Users/mouachani/.m2/repository/org/kie/kie-dmn-core/8.15.0-SNAPSHOT/kie-dmn-core-8.15.0-SNAPSHOT.jar:/Users/mouachani/.m2/repository/org/kie/kie-dmn-backend/8.15.0-SNAPSHOT/kie-dmn-backend-8.15.0-SNAPSHOT.jar:/Users/mouachani/.m2/repository/org/kie/kie-dmn-feel/8.15.0-SNAPSHOT/kie-dmn-feel-8.15.0-SNAPSHOT.jar:/Users/mouachani/.m2/repository/ch/obermuhlner/big-math/2.0.1/big-math-2.0.1.jar:/Users/mouachani/.m2/repository/org/kie/kie-memory-compiler/8.15.0-SNAPSHOT/kie-memory-compiler-8.15.0-SNAPSHOT.jar:/Users/mouachani/.m2/repository/org/drools/drools-alphanetwork-compiler/8.15.0-SNAPSHOT/drools-alphanetwork-compiler-8.15.0-SNAPSHOT.jar:/Users/mouachani/.m2/repository/org/antlr/antlr4-runtime/4.9.2/antlr4-runtime-4.9.2.jar:/Users/mouachani/.m2/repository/org/jpmml/pmml-model/1.5.1/pmml-model-1.5.1.jar:/Users/mouachani/.m2/repository/org/jpmml/pmml-agent/1.5.1/pmml-agent-1.5.1.jar:/Users/mouachani/.m2/repository/org/kie/kie-dmn-validation/8.15.0-SNAPSHOT/kie-dmn-validation-8.15.0-SNAPSHOT.jar:/Users/mouachani/.m2/repository/org/kie/kogito/kogito-quarkus-predictions/2.0.0-SNAPSHOT/kogito-quarkus-predictions-2.0.0-SNAPSHOT.jar:/Users/mouachani/.m2/repository/org/kie/kogito/kogito-pmml/2.0.0-SNAPSHOT/kogito-pmml-2.0.0-SNAPSHOT.jar:/Users/mouachani/.m2/repository/org/kie/kie-pmml-dependencies/8.15.0-SNAPSHOT/kie-pmml-dependencies-8.15.0-SNAPSHOT.jar:/Users/mouachani/.m2/repository/org/kie/kie-pmml-compiler-api/8.15.0-SNAPSHOT/kie-pmml-compiler-api-8.15.0-SNAPSHOT.jar:/Users/mouachani/.m2/repository/org/glassfish/jaxb/jaxb-runtime/2.3.3-b02/jaxb-runtime-2.3.3-b02.jar:/Users/mouachani/.m2/repository/org/glassfish/jaxb/txw2/2.3.3-b02/txw2-2.3.3-b02.jar:/Users/mouachani/.m2/repository/com/sun/istack/istack-commons-runtime/3.0.10/istack-commons-runtime-3.0.10.jar:/Users/mouachani/.m2/repository/org/kie/kie-pmml-compiler-core/8.15.0-SNAPSHOT/kie-pmml-compiler-core-8.15.0-SNAPSHOT.jar:/Users/mouachani/.m2/repository/org/kie/kie-pmml-compiler-commons/8.15.0-SNAPSHOT/kie-pmml-compiler-commons-8.15.0-SNAPSHOT.jar:/Users/mouachani/.m2/repository/org/kie/kie-pmml-evaluator-core/8.15.0-SNAPSHOT/kie-pmml-evaluator-core-8.15.0-SNAPSHOT.jar:/Users/mouachani/.m2/repository/org/kie/kie-pmml-evaluator-assembler/8.15.0-SNAPSHOT/kie-pmml-evaluator-assembler-8.15.0-SNAPSHOT.jar:/Users/mouachani/.m2/repository/org/kie/kie-pmml-kie-internal/8.15.0-SNAPSHOT/kie-pmml-kie-internal-8.15.0-SNAPSHOT.jar:/Users/mouachani/.m2/repository/org/kie/kie-pmml-models-drools-common/8.15.0-SNAPSHOT/kie-pmml-models-drools-common-8.15.0-SNAPSHOT.jar:/Users/mouachani/.m2/repository/org/kie/kie-pmml-models-regression-model/8.15.0-SNAPSHOT/kie-pmml-models-regression-model-8.15.0-SNAPSHOT.jar:/Users/mouachani/.m2/repository/org/kie/kie-pmml-models-regression-compiler/8.15.0-SNAPSHOT/kie-pmml-models-regression-compiler-8.15.0-SNAPSHOT.jar:/Users/mouachani/.m2/repository/org/kie/kie-pmml-models-regression-evaluator/8.15.0-SNAPSHOT/kie-pmml-models-regression-evaluator-8.15.0-SNAPSHOT.jar:/Users/mouachani/.m2/repository/org/kie/kie-pmml-models-tree-model/8.15.0-SNAPSHOT/kie-pmml-models-tree-model-8.15.0-SNAPSHOT.jar:/Users/mouachani/.m2/repository/org/kie/kie-pmml-models-tree-compiler/8.15.0-SNAPSHOT/kie-pmml-models-tree-compiler-8.15.0-SNAPSHOT.jar:/Users/mouachani/.m2/repository/org/kie/kie-pmml-models-tree-evaluator/8.15.0-SNAPSHOT/kie-pmml-models-tree-evaluator-8.15.0-SNAPSHOT.jar:/Users/mouachani/.m2/repository/org/kie/kie-pmml-models-scorecard-model/8.15.0-SNAPSHOT/kie-pmml-models-scorecard-model-8.15.0-SNAPSHOT.jar:/Users/mouachani/.m2/repository/org/kie/kie-pmml-models-scorecard-compiler/8.15.0-SNAPSHOT/kie-pmml-models-scorecard-compiler-8.15.0-SNAPSHOT.jar:/Users/mouachani/.m2/repository/org/kie/kie-pmml-models-scorecard-evaluator/8.15.0-SNAPSHOT/kie-pmml-models-scorecard-evaluator-8.15.0-SNAPSHOT.jar:/Users/mouachani/.m2/repository/org/kie/kie-pmml-models-mining-model/8.15.0-SNAPSHOT/kie-pmml-models-mining-model-8.15.0-SNAPSHOT.jar:/Users/mouachani/.m2/repository/org/kie/kie-pmml-models-mining-compiler/8.15.0-SNAPSHOT/kie-pmml-models-mining-compiler-8.15.0-SNAPSHOT.jar:/Users/mouachani/.m2/repository/org/kie/kie-pmml-models-mining-evaluator/8.15.0-SNAPSHOT/kie-pmml-models-mining-evaluator-8.15.0-SNAPSHOT.jar:/Users/mouachani/.m2/repository/org/kie/kie-pmml-models-clustering-model/8.15.0-SNAPSHOT/kie-pmml-models-clustering-model-8.15.0-SNAPSHOT.jar:/Users/mouachani/.m2/repository/org/kie/kie-pmml-models-clustering-compiler/8.15.0-SNAPSHOT/kie-pmml-models-clustering-compiler-8.15.0-SNAPSHOT.jar:/Users/mouachani/.m2/repository/org/kie/kie-pmml-models-clustering-evaluator/8.15.0-SNAPSHOT/kie-pmml-models-clustering-evaluator-8.15.0-SNAPSHOT.jar:/Users/mouachani/.m2/repository/org/kie/kogito/kogito-api-incubation-predictions-services/2.0.0-SNAPSHOT/kogito-api-incubation-predictions-services-2.0.0-SNAPSHOT.jar:/Users/mouachani/.m2/repository/org/kie/kogito/kogito-api-incubation-predictions/2.0.0-SNAPSHOT/kogito-api-incubation-predictions-2.0.0-SNAPSHOT.jar:/Users/mouachani/.m2/repository/io/quarkus/quarkus-arc/2.4.0.Final/quarkus-arc-2.4.0.Final.jar:/Users/mouachani/.m2/repository/io/quarkus/arc/arc/2.4.0.Final/arc-2.4.0.Final.jar:/Users/mouachani/.m2/repository/jakarta/enterprise/jakarta.enterprise.cdi-api/2.0.2/jakarta.enterprise.cdi-api-2.0.2.jar:/Users/mouachani/.m2/repository/jakarta/el/jakarta.el-api/3.0.3/jakarta.el-api-3.0.3.jar:/Users/mouachani/.m2/repository/org/jboss/logging/jboss-logging/3.4.2.Final/jboss-logging-3.4.2.Final.jar:/Users/mouachani/.m2/repository/io/quarkus/quarkus-core/2.4.0.Final/quarkus-core-2.4.0.Final.jar:/Users/mouachani/.m2/repository/jakarta/inject/jakarta.inject-api/1.0/jakarta.inject-api-1.0.jar:/Users/mouachani/.m2/repository/io/quarkus/quarkus-ide-launcher/2.4.0.Final/quarkus-ide-launcher-2.4.0.Final.jar:/Users/mouachani/.m2/repository/io/quarkus/quarkus-development-mode-spi/2.4.0.Final/quarkus-development-mode-spi-2.4.0.Final.jar:/Users/mouachani/.m2/repository/io/smallrye/config/smallrye-config/2.5.1/smallrye-config-2.5.1.jar:/Users/mouachani/.m2/repository/io/smallrye/config/smallrye-config-core/2.5.1/smallrye-config-core-2.5.1.jar:/Users/mouachani/.m2/repository/io/smallrye/common/smallrye-common-expression/1.6.0/smallrye-common-expression-1.6.0.jar:/Users/mouachani/.m2/repository/io/smallrye/common/smallrye-common-function/1.6.0/smallrye-common-function-1.6.0.jar:/Users/mouachani/.m2/repository/io/smallrye/common/smallrye-common-constraint/1.6.0/smallrye-common-constraint-1.6.0.jar:/Users/mouachani/.m2/repository/io/smallrye/common/smallrye-common-classloader/1.6.0/smallrye-common-classloader-1.6.0.jar:/Users/mouachani/.m2/repository/io/smallrye/config/smallrye-config-common/2.5.1/smallrye-config-common-2.5.1.jar:/Users/mouachani/.m2/repository/org/jboss/logmanager/jboss-logmanager-embedded/1.0.9/jboss-logmanager-embedded-1.0.9.jar:/Users/mouachani/.m2/repository/org/jboss/logging/jboss-logging-annotations/2.2.1.Final/jboss-logging-annotations-2.2.1.Final.jar:/Users/mouachani/.m2/repository/org/jboss/threads/jboss-threads/3.4.2.Final/jboss-threads-3.4.2.Final.jar:/Users/mouachani/.m2/repository/org/jboss/slf4j/slf4j-jboss-logmanager/1.1.0.Final/slf4j-jboss-logmanager-1.1.0.Final.jar:/Users/mouachani/.m2/repository/org/graalvm/sdk/graal-sdk/21.2.0/graal-sdk-21.2.0.jar:/Users/mouachani/.m2/repository/org/wildfly/common/wildfly-common/1.5.4.Final-format-001/wildfly-common-1.5.4.Final-format-001.jar:/Users/mouachani/.m2/repository/io/quarkus/quarkus-bootstrap-runner/2.4.0.Final/quarkus-bootstrap-runner-2.4.0.Final.jar:/Users/mouachani/.m2/repository/org/eclipse/microprofile/context-propagation/microprofile-context-propagation-api/1.2/microprofile-context-propagation-api-1.2.jar:/Users/mouachani/.m2/repository/io/quarkus/quarkus-resteasy/2.4.0.Final/quarkus-resteasy-2.4.0.Final.jar:/Users/mouachani/.m2/repository/io/quarkus/quarkus-vertx-http/2.4.0.Final/quarkus-vertx-http-2.4.0.Final.jar:/Users/mouachani/.m2/repository/io/quarkus/quarkus-security-runtime-spi/2.4.0.Final/quarkus-security-runtime-spi-2.4.0.Final.jar:/Users/mouachani/.m2/repository/io/quarkus/quarkus-mutiny/2.4.0.Final/quarkus-mutiny-2.4.0.Final.jar:/Users/mouachani/.m2/repository/io/quarkus/quarkus-smallrye-context-propagation/2.4.0.Final/quarkus-smallrye-context-propagation-2.4.0.Final.jar:/Users/mouachani/.m2/repository/io/smallrye/smallrye-context-propagation/1.2.2/smallrye-context-propagation-1.2.2.jar:/Users/mouachani/.m2/repository/io/smallrye/smallrye-context-propagation-api/1.2.2/smallrye-context-propagation-api-1.2.2.jar:/Users/mouachani/.m2/repository/io/smallrye/smallrye-context-propagation-storage/1.2.2/smallrye-context-propagation-storage-1.2.2.jar:/Users/mouachani/.m2/repository/io/smallrye/reactive/mutiny-smallrye-context-propagation/1.1.2/mutiny-smallrye-context-propagation-1.1.2.jar:/Users/mouachani/.m2/repository/io/quarkus/quarkus-vertx-http-dev-console-runtime-spi/2.4.0.Final/quarkus-vertx-http-dev-console-runtime-spi-2.4.0.Final.jar:/Users/mouachani/.m2/repository/io/quarkus/security/quarkus-security/1.1.4.Final/quarkus-security-1.1.4.Final.jar:/Users/mouachani/.m2/repository/io/quarkus/quarkus-vertx/2.4.0.Final/quarkus-vertx-2.4.0.Final.jar:/Users/mouachani/.m2/repository/io/netty/netty-codec-haproxy/4.1.68.Final/netty-codec-haproxy-4.1.68.Final.jar:/Users/mouachani/.m2/repository/io/smallrye/smallrye-fault-tolerance-vertx/5.2.1/smallrye-fault-tolerance-vertx-5.2.1.jar:/Users/mouachani/.m2/repository/io/smallrye/reactive/smallrye-mutiny-vertx-web/2.14.1/smallrye-mutiny-vertx-web-2.14.1.jar:/Users/mouachani/.m2/repository/io/smallrye/reactive/smallrye-mutiny-vertx-bridge-common/2.14.1/smallrye-mutiny-vertx-bridge-common-2.14.1.jar:/Users/mouachani/.m2/repository/io/vertx/vertx-web/4.1.5/vertx-web-4.1.5.jar:/Users/mouachani/.m2/repository/io/vertx/vertx-web-common/4.1.5/vertx-web-common-4.1.5.jar:/Users/mouachani/.m2/repository/io/vertx/vertx-auth-common/4.1.5/vertx-auth-common-4.1.5.jar:/Users/mouachani/.m2/repository/io/vertx/vertx-bridge-common/4.1.5/vertx-bridge-common-4.1.5.jar:/Users/mouachani/.m2/repository/io/quarkus/quarkus-resteasy-server-common/2.4.0.Final/quarkus-resteasy-server-common-2.4.0.Final.jar:/Users/mouachani/.m2/repository/jakarta/validation/jakarta.validation-api/2.0.2/jakarta.validation-api-2.0.2.jar:/Users/mouachani/.m2/repository/org/kie/kogito/kogito-addons-quarkus-process-management/2.0.0-SNAPSHOT/kogito-addons-quarkus-process-management-2.0.0-SNAPSHOT.jar:/Users/mouachani/.m2/repository/org/kie/kogito/kogito-addons-process-management/2.0.0-SNAPSHOT/kogito-addons-process-management-2.0.0-SNAPSHOT.jar:/Users/mouachani/.m2/repository/org/kie/kogito/kogito-addons-quarkus-rest-exception-handler/2.0.0-SNAPSHOT/kogito-addons-quarkus-rest-exception-handler-2.0.0-SNAPSHOT.jar:/Users/mouachani/.m2/repository/org/kie/kogito/kogito-addons-rest-exception-handler/2.0.0-SNAPSHOT/kogito-addons-rest-exception-handler-2.0.0-SNAPSHOT.jar:/Users/mouachani/.m2/repository/org/kie/kogito/jbpm-flow/2.0.0-SNAPSHOT/jbpm-flow-2.0.0-SNAPSHOT.jar:/Users/mouachani/.m2/repository/org/kie/kogito/process-workitems/2.0.0-SNAPSHOT/process-workitems-2.0.0-SNAPSHOT.jar:/Users/mouachani/.m2/repository/org/kie/kogito/drools-core/2.0.0-SNAPSHOT/drools-core-2.0.0-SNAPSHOT.jar:/Users/mouachani/.m2/repository/org/drools/drools-core/8.15.0-SNAPSHOT/drools-core-8.15.0-SNAPSHOT.jar:/Users/mouachani/.m2/repository/org/kie/kie-util-xml/8.15.0-SNAPSHOT/kie-util-xml-8.15.0-SNAPSHOT.jar:/Users/mouachani/.m2/repository/com/github/javaparser/javaparser-symbol-solver-core/3.23.1/javaparser-symbol-solver-core-3.23.1.jar:/Users/mouachani/.m2/repository/com/github/javaparser/javaparser-core/3.23.1/javaparser-core-3.23.1.jar:/Users/mouachani/.m2/repository/org/javassist/javassist/3.28.0-GA/javassist-3.28.0-GA.jar:/Users/mouachani/.m2/repository/com/google/guava/guava/30.1.1-jre/guava-30.1.1-jre.jar:/Users/mouachani/.m2/repository/com/google/guava/failureaccess/1.0.1/failureaccess-1.0.1.jar:/Users/mouachani/.m2/repository/com/google/guava/listenablefuture/9999.0-empty-to-avoid-conflict-with-guava/listenablefuture-9999.0-empty-to-avoid-conflict-with-guava.jar:/Users/mouachani/.m2/repository/com/google/code/findbugs/jsr305/3.0.2/jsr305-3.0.2.jar:/Users/mouachani/.m2/repository/org/checkerframework/checker-qual/2.5.2/checker-qual-2.5.2.jar:/Users/mouachani/.m2/repository/com/google/j2objc/j2objc-annotations/1.3/j2objc-annotations-1.3.jar:/Users/mouachani/.m2/repository/org/drools/drools-mvel/8.15.0-SNAPSHOT/drools-mvel-8.15.0-SNAPSHOT.jar:/Users/mouachani/.m2/repository/org/drools/drools-compiler/8.15.0-SNAPSHOT/drools-compiler-8.15.0-SNAPSHOT.jar:/Users/mouachani/.m2/repository/org/drools/drools-ecj/8.15.0-SNAPSHOT/drools-ecj-8.15.0-SNAPSHOT.jar:/Users/mouachani/.m2/repository/org/kie/kie-util-maven-support/8.15.0-SNAPSHOT/kie-util-maven-support-8.15.0-SNAPSHOT.jar:/Users/mouachani/.m2/repository/org/antlr/antlr-runtime/3.5.2/antlr-runtime-3.5.2.jar:/Users/mouachani/.m2/repository/com/fasterxml/jackson/datatype/jackson-datatype-jsr310/2.12.5/jackson-datatype-jsr310-2.12.5.jar:/Users/mouachani/.m2/repository/org/kie/kogito/kogito-quarkus-processes/2.0.0-SNAPSHOT/kogito-quarkus-processes-2.0.0-SNAPSHOT.jar:/Users/mouachani/.m2/repository/org/kie/kogito/kogito-api-incubation-processes-services/2.0.0-SNAPSHOT/kogito-api-incubation-processes-services-2.0.0-SNAPSHOT.jar:/Users/mouachani/.m2/repository/org/kie/kogito/kogito-api-incubation-processes/2.0.0-SNAPSHOT/kogito-api-incubation-processes-2.0.0-SNAPSHOT.jar:/Users/mouachani/.m2/repository/org/kie/kogito/jbpm-bpmn2/2.0.0-SNAPSHOT/jbpm-bpmn2-2.0.0-SNAPSHOT.jar:/Users/mouachani/.m2/repository/org/kie/kogito/drools-compiler/2.0.0-SNAPSHOT/drools-compiler-2.0.0-SNAPSHOT.jar:/Users/mouachani/.m2/repository/org/kie/kogito/jbpm-flow-builder/2.0.0-SNAPSHOT/jbpm-flow-builder-2.0.0-SNAPSHOT.jar:/Users/mouachani/.m2/repository/org/kie/kogito/process-serialization-protobuf/2.0.0-SNAPSHOT/process-serialization-protobuf-2.0.0-SNAPSHOT.jar:/Users/mouachani/.m2/repository/com/google/protobuf/protobuf-java/3.17.3/protobuf-java-3.17.3.jar:/Users/mouachani/.m2/repository/com/google/protobuf/protobuf-java-util/3.15.8/protobuf-java-util-3.15.8.jar:/Users/mouachani/.m2/repository/com/google/errorprone/error_prone_annotations/2.2.0/error_prone_annotations-2.2.0.jar:/Users/mouachani/.m2/repository/com/google/code/gson/gson/2.8.6/gson-2.8.6.jar:/Users/mouachani/.m2/repository/org/infinispan/protostream/protostream/4.4.1.Final/protostream-4.4.1.Final.jar:/Users/mouachani/.m2/repository/io/smallrye/reactive/smallrye-mutiny-vertx-web-client/2.14.1/smallrye-mutiny-vertx-web-client-2.14.1.jar:/Users/mouachani/.m2/repository/io/vertx/vertx-web-client/4.1.5/vertx-web-client-4.1.5.jar:/Users/mouachani/.m2/repository/io/smallrye/reactive/smallrye-mutiny-vertx-core/2.14.1/smallrye-mutiny-vertx-core-2.14.1.jar:/Users/mouachani/.m2/repository/io/smallrye/reactive/smallrye-mutiny-vertx-runtime/2.14.1/smallrye-mutiny-vertx-runtime-2.14.1.jar:/Users/mouachani/.m2/repository/io/smallrye/reactive/vertx-mutiny-generator/2.14.1/vertx-mutiny-generator-2.14.1.jar:/Users/mouachani/.m2/repository/io/vertx/vertx-codegen/4.1.5/vertx-codegen-4.1.5.jar:/Users/mouachani/.m2/repository/io/smallrye/reactive/smallrye-mutiny-vertx-auth-common/2.14.1/smallrye-mutiny-vertx-auth-common-2.14.1.jar:/Users/mouachani/.m2/repository/io/smallrye/reactive/smallrye-mutiny-vertx-web-common/2.14.1/smallrye-mutiny-vertx-web-common-2.14.1.jar:/Users/mouachani/.m2/repository/org/kie/kogito/kogito-addons-quarkus-messaging/2.0.0-SNAPSHOT/kogito-addons-quarkus-messaging-2.0.0-SNAPSHOT.jar:/Users/mouachani/.m2/repository/org/kie/kogito/kogito-addons-quarkus-messaging-common/2.0.0-SNAPSHOT/kogito-addons-quarkus-messaging-common-2.0.0-SNAPSHOT.jar:/Users/mouachani/.m2/repository/org/kie/kogito/kogito-addons-messaging/2.0.0-SNAPSHOT/kogito-addons-messaging-2.0.0-SNAPSHOT.jar:/Users/mouachani/.m2/repository/org/kie/kogito/kogito-addons-cloudevents-utils/2.0.0-SNAPSHOT/kogito-addons-cloudevents-utils-2.0.0-SNAPSHOT.jar:/Users/mouachani/.m2/repository/io/cloudevents/cloudevents-api/2.2.0/cloudevents-api-2.2.0.jar:/Users/mouachani/.m2/repository/io/cloudevents/cloudevents-json-jackson/2.2.0/cloudevents-json-jackson-2.2.0.jar:/Users/mouachani/.m2/repository/io/cloudevents/cloudevents-http-restful-ws/2.2.0/cloudevents-http-restful-ws-2.2.0.jar:/Users/mouachani/.m2/repository/io/cloudevents/cloudevents-core/2.2.0/cloudevents-core-2.2.0.jar:/Users/mouachani/.m2/repository/jakarta/ws/rs/jakarta.ws.rs-api/2.1.6/jakarta.ws.rs-api-2.1.6.jar:/Users/mouachani/.m2/repository/org/kie/kogito/kogito-addons-quarkus-events-process/2.0.0-SNAPSHOT/kogito-addons-quarkus-events-process-2.0.0-SNAPSHOT.jar:/Users/mouachani/.m2/repository/org/kie/kogito/kogito-events-api/2.0.0-SNAPSHOT/kogito-events-api-2.0.0-SNAPSHOT.jar:/Users/mouachani/.m2/repository/org/reactivestreams/reactive-streams/1.0.3/reactive-streams-1.0.3.jar:/Users/mouachani/.m2/repository/org/kie/kogito/kogito-services/2.0.0-SNAPSHOT/kogito-services-2.0.0-SNAPSHOT.jar:/Users/mouachani/.m2/repository/com/fasterxml/jackson/core/jackson-databind/2.12.5/jackson-databind-2.12.5.jar:/Users/mouachani/.m2/repository/com/fasterxml/jackson/core/jackson-core/2.12.5/jackson-core-2.12.5.jar:/Users/mouachani/.m2/repository/io/smallrye/reactive/smallrye-reactive-messaging-provider/3.10.1/smallrye-reactive-messaging-provider-3.10.1.jar:/Users/mouachani/.m2/repository/io/smallrye/reactive/smallrye-reactive-messaging-api/3.10.1/smallrye-reactive-messaging-api-3.10.1.jar:/Users/mouachani/.m2/repository/org/jboss/jandex/2.4.1.Final/jandex-2.4.1.Final.jar:/Users/mouachani/.m2/repository/io/smallrye/reactive/smallrye-reactive-converter-api/2.6.0/smallrye-reactive-converter-api-2.6.0.jar:/Users/mouachani/.m2/repository/io/smallrye/reactive/mutiny/1.1.2/mutiny-1.1.2.jar:/Users/mouachani/.m2/repository/org/eclipse/microprofile/config/microprofile-config-api/2.0/microprofile-config-api-2.0.jar:/Users/mouachani/.m2/repository/org/slf4j/slf4j-api/1.7.30/slf4j-api-1.7.30.jar:/Users/mouachani/.m2/repository/io/quarkus/quarkus-smallrye-reactive-messaging-kafka/2.4.0.Final/quarkus-smallrye-reactive-messaging-kafka-2.4.0.Final.jar:/Users/mouachani/.m2/repository/io/quarkus/quarkus-kafka-client/2.4.0.Final/quarkus-kafka-client-2.4.0.Final.jar:/Users/mouachani/.m2/repository/io/smallrye/reactive/smallrye-reactive-messaging-kafka/3.10.1/smallrye-reactive-messaging-kafka-3.10.1.jar:/Users/mouachani/.m2/repository/io/smallrye/reactive/smallrye-reactive-messaging-kafka-api/3.10.1/smallrye-reactive-messaging-kafka-api-3.10.1.jar:/Users/mouachani/.m2/repository/io/opentelemetry/opentelemetry-api/1.6.0/opentelemetry-api-1.6.0.jar:/Users/mouachani/.m2/repository/io/opentelemetry/opentelemetry-context/1.6.0/opentelemetry-context-1.6.0.jar:/Users/mouachani/.m2/repository/io/opentelemetry/opentelemetry-semconv/1.6.0-alpha/opentelemetry-semconv-1.6.0-alpha.jar:/Users/mouachani/.m2/repository/io/quarkus/quarkus-jackson/2.4.0.Final/quarkus-jackson-2.4.0.Final.jar:/Users/mouachani/.m2/repository/com/fasterxml/jackson/datatype/jackson-datatype-jdk8/2.12.5/jackson-datatype-jdk8-2.12.5.jar:/Users/mouachani/.m2/repository/com/fasterxml/jackson/module/jackson-module-parameter-names/2.12.5/jackson-module-parameter-names-2.12.5.jar:/Users/mouachani/.m2/repository/org/apache/kafka/kafka-clients/2.8.1/kafka-clients-2.8.1.jar:/Users/mouachani/.m2/repository/com/github/luben/zstd-jni/1.4.9-1/zstd-jni-1.4.9-1.jar:/Users/mouachani/.m2/repository/org/lz4/lz4-java/1.7.1/lz4-java-1.7.1.jar:/Users/mouachani/.m2/repository/org/xerial/snappy/snappy-java/1.1.8.1/snappy-java-1.1.8.1.jar:/Users/mouachani/.m2/repository/io/vertx/vertx-kafka-client/4.1.5/vertx-kafka-client-4.1.5.jar:/Users/mouachani/.m2/repository/io/vertx/vertx-core/4.1.5/vertx-core-4.1.5.jar:/Users/mouachani/.m2/repository/io/netty/netty-common/4.1.68.Final/netty-common-4.1.68.Final.jar:/Users/mouachani/.m2/repository/io/netty/netty-buffer/4.1.68.Final/netty-buffer-4.1.68.Final.jar:/Users/mouachani/.m2/repository/io/netty/netty-transport/4.1.68.Final/netty-transport-4.1.68.Final.jar:/Users/mouachani/.m2/repository/io/netty/netty-handler-proxy/4.1.68.Final/netty-handler-proxy-4.1.68.Final.jar:/Users/mouachani/.m2/repository/io/netty/netty-codec-socks/4.1.68.Final/netty-codec-socks-4.1.68.Final.jar:/Users/mouachani/.m2/repository/io/netty/netty-resolver/4.1.68.Final/netty-resolver-4.1.68.Final.jar:/Users/mouachani/.m2/repository/io/netty/netty-resolver-dns/4.1.68.Final/netty-resolver-dns-4.1.68.Final.jar:/Users/mouachani/.m2/repository/io/netty/netty-codec-dns/4.1.68.Final/netty-codec-dns-4.1.68.Final.jar:/Users/mouachani/.m2/repository/io/quarkus/quarkus-smallrye-reactive-messaging/2.4.0.Final/quarkus-smallrye-reactive-messaging-2.4.0.Final.jar:/Users/mouachani/.m2/repository/io/quarkus/quarkus-mutiny-reactive-streams-operators/2.4.0.Final/quarkus-mutiny-reactive-streams-operators-2.4.0.Final.jar:/Users/mouachani/.m2/repository/org/eclipse/microprofile/reactive-streams-operators/microprofile-reactive-streams-operators-api/1.0.1/microprofile-reactive-streams-operators-api-1.0.1.jar:/Users/mouachani/.m2/repository/org/eclipse/microprofile/reactive-streams-operators/microprofile-reactive-streams-operators-core/1.0.1/microprofile-reactive-streams-operators-core-1.0.1.jar:/Users/mouachani/.m2/repository/io/smallrye/reactive/mutiny-reactive-streams-operators/1.1.2/mutiny-reactive-streams-operators-1.1.2.jar:/Users/mouachani/.m2/repository/io/quarkus/quarkus-smallrye-reactive-messaging-kotlin/2.4.0.Final/quarkus-smallrye-reactive-messaging-kotlin-2.4.0.Final.jar:/Users/mouachani/.m2/repository/io/smallrye/common/smallrye-common-annotation/1.6.0/smallrye-common-annotation-1.6.0.jar:/Users/mouachani/.m2/repository/io/smallrye/reactive/smallrye-reactive-messaging-health/3.10.1/smallrye-reactive-messaging-health-3.10.1.jar:/Users/mouachani/.m2/repository/jakarta/annotation/jakarta.annotation-api/1.3.5/jakarta.annotation-api-1.3.5.jar:/Users/mouachani/.m2/repository/io/quarkus/quarkus-resteasy-jackson/2.4.0.Final/quarkus-resteasy-jackson-2.4.0.Final.jar:/Users/mouachani/.m2/repository/org/jboss/resteasy/resteasy-jackson2-provider/4.7.0.Final/resteasy-jackson2-provider-4.7.0.Final.jar:/Users/mouachani/.m2/repository/com/fasterxml/jackson/jaxrs/jackson-jaxrs-json-provider/2.12.5/jackson-jaxrs-json-provider-2.12.5.jar:/Users/mouachani/.m2/repository/com/fasterxml/jackson/jaxrs/jackson-jaxrs-base/2.12.5/jackson-jaxrs-base-2.12.5.jar:/Users/mouachani/.m2/repository/com/fasterxml/jackson/module/jackson-module-jaxb-annotations/2.12.5/jackson-module-jaxb-annotations-2.12.5.jar:/Users/mouachani/.m2/repository/com/github/java-json-tools/json-patch/1.13/json-patch-1.13.jar:/Users/mouachani/.m2/repository/com/github/java-json-tools/msg-simple/1.2/msg-simple-1.2.jar:/Users/mouachani/.m2/repository/com/github/java-json-tools/btf/1.3/btf-1.3.jar:/Users/mouachani/.m2/repository/com/github/java-json-tools/jackson-coreutils/2.0/jackson-coreutils-2.0.jar:/Users/mouachani/.m2/repository/org/jboss/spec/javax/xml/bind/jboss-jaxb-api_2.3_spec/2.0.0.Final/jboss-jaxb-api_2.3_spec-2.0.0.Final.jar:/Users/mouachani/.m2/repository/io/quarkus/quarkus-smallrye-openapi/2.4.0.Final/quarkus-smallrye-openapi-2.4.0.Final.jar:/Users/mouachani/.m2/repository/io/smallrye/smallrye-open-api-core/2.1.15/smallrye-open-api-core-2.1.15.jar:/Users/mouachani/.m2/repository/org/eclipse/microprofile/openapi/microprofile-openapi-api/2.0.1-RC1/microprofile-openapi-api-2.0.1-RC1.jar:/Users/mouachani/.m2/repository/com/fasterxml/jackson/dataformat/jackson-dataformat-yaml/2.12.5/jackson-dataformat-yaml-2.12.5.jar:/Users/mouachani/.m2/repository/org/yaml/snakeyaml/1.29/snakeyaml-1.29.jar:/Users/mouachani/.m2/repository/io/quarkus/quarkus-swagger-ui/2.4.0.Final/quarkus-swagger-ui-2.4.0.Final.jar:/Users/mouachani/.m2/repository/org/kie/kogito/kogito-api/2.0.0-SNAPSHOT/kogito-api-2.0.0-SNAPSHOT.jar:/Users/mouachani/.m2/repository/com/fasterxml/jackson/core/jackson-annotations/2.12.5/jackson-annotations-2.12.5.jar:/Users/mouachani/.m2/repository/org/kie/kie-api/8.15.0-SNAPSHOT/kie-api-8.15.0-SNAPSHOT.jar:/Users/mouachani/.m2/repository/org/kie/kie-dmn-api/8.15.0-SNAPSHOT/kie-dmn-api-8.15.0-SNAPSHOT.jar:/Users/mouachani/.m2/repository/org/kie/kie-internal/8.15.0-SNAPSHOT/kie-internal-8.15.0-SNAPSHOT.jar:/Users/mouachani/.m2/repository/org/kie/kie-dmn-model/8.15.0-SNAPSHOT/kie-dmn-model-8.15.0-SNAPSHOT.jar:/Users/mouachani/.m2/repository/org/kie/kogito/kogito-timer/2.0.0-SNAPSHOT/kogito-timer-2.0.0-SNAPSHOT.jar:/Users/mouachani/.m2/repository/org/kie/kie-pmml-evaluator-api/8.15.0-SNAPSHOT/kie-pmml-evaluator-api-8.15.0-SNAPSHOT.jar:/Users/mouachani/.m2/repository/org/kie/kie-pmml-api/8.15.0-SNAPSHOT/kie-pmml-api-8.15.0-SNAPSHOT.jar:/Users/mouachani/.m2/repository/org/apache/commons/commons-math3/3.4.1/commons-math3-3.4.1.jar:/Users/mouachani/.m2/repository/org/kie/kie-pmml-commons/8.15.0-SNAPSHOT/kie-pmml-commons-8.15.0-SNAPSHOT.jar:/Users/mouachani/.m2/repository/org/apache/commons/commons-text/1.9/commons-text-1.9.jar:/Users/mouachani/.m2/repository/io/quarkus/quarkus-smallrye-health/2.4.0.Final/quarkus-smallrye-health-2.4.0.Final.jar:/Users/mouachani/.m2/repository/io/smallrye/smallrye-health/3.1.1/smallrye-health-3.1.1.jar:/Users/mouachani/.m2/repository/org/eclipse/microprofile/health/microprofile-health-api/3.1/microprofile-health-api-3.1.jar:/Users/mouachani/.m2/repository/io/smallrye/smallrye-health-api/3.1.1/smallrye-health-api-3.1.1.jar:/Users/mouachani/.m2/repository/io/smallrye/smallrye-health-provided-checks/3.1.1/smallrye-health-provided-checks-3.1.1.jar:/Users/mouachani/.m2/repository/io/quarkus/quarkus-jsonp/2.4.0.Final/quarkus-jsonp-2.4.0.Final.jar:/Users/mouachani/.m2/repository/org/glassfish/jakarta.json/1.1.6/jakarta.json-1.1.6.jar:/Users/mouachani/.m2/repository/io/quarkus/quarkus-infinispan-client/2.4.0.Final/quarkus-infinispan-client-2.4.0.Final.jar:/Users/mouachani/.m2/repository/io/quarkus/quarkus-caffeine/2.4.0.Final/quarkus-caffeine-2.4.0.Final.jar:/Users/mouachani/.m2/repository/com/github/ben-manes/caffeine/caffeine/2.9.2/caffeine-2.9.2.jar:/Users/mouachani/.m2/repository/io/quarkus/quarkus-netty/2.4.0.Final/quarkus-netty-2.4.0.Final.jar:/Users/mouachani/.m2/repository/io/netty/netty-codec/4.1.68.Final/netty-codec-4.1.68.Final.jar:/Users/mouachani/.m2/repository/io/netty/netty-codec-http/4.1.68.Final/netty-codec-http-4.1.68.Final.jar:/Users/mouachani/.m2/repository/io/netty/netty-codec-http2/4.1.68.Final/netty-codec-http2-4.1.68.Final.jar:/Users/mouachani/.m2/repository/io/netty/netty-handler/4.1.68.Final/netty-handler-4.1.68.Final.jar:/Users/mouachani/.m2/repository/io/quarkus/quarkus-elytron-security-common/2.4.0.Final/quarkus-elytron-security-common-2.4.0.Final.jar:/Users/mouachani/.m2/repository/org/wildfly/security/wildfly-elytron-credential/1.17.2.Final/wildfly-elytron-credential-1.17.2.Final.jar:/Users/mouachani/.m2/repository/org/wildfly/security/wildfly-elytron-asn1/1.17.2.Final/wildfly-elytron-asn1-1.17.2.Final.jar:/Users/mouachani/.m2/repository/org/wildfly/security/wildfly-elytron-keystore/1.17.2.Final/wildfly-elytron-keystore-1.17.2.Final.jar:/Users/mouachani/.m2/repository/org/wildfly/security/wildfly-elytron-x500-cert/1.17.2.Final/wildfly-elytron-x500-cert-1.17.2.Final.jar:/Users/mouachani/.m2/repository/org/wildfly/security/wildfly-elytron-x500-cert-util/1.17.2.Final/wildfly-elytron-x500-cert-util-1.17.2.Final.jar:/Users/mouachani/.m2/repository/org/apache/sshd/sshd-common/2.3.0/sshd-common-2.3.0.jar:/Users/mouachani/.m2/repository/org/wildfly/security/wildfly-elytron-provider-util/1.17.2.Final/wildfly-elytron-provider-util-1.17.2.Final.jar:/Users/mouachani/.m2/repository/org/wildfly/security/wildfly-elytron-x500/1.17.2.Final/wildfly-elytron-x500-1.17.2.Final.jar:/Users/mouachani/.m2/repository/org/wildfly/security/wildfly-elytron-password-impl/1.17.2.Final/wildfly-elytron-password-impl-1.17.2.Final.jar:/Users/mouachani/.m2/repository/org/wildfly/security/wildfly-elytron-sasl-plain/1.17.2.Final/wildfly-elytron-sasl-plain-1.17.2.Final.jar:/Users/mouachani/.m2/repository/org/wildfly/security/wildfly-elytron-auth-server/1.17.2.Final/wildfly-elytron-auth-server-1.17.2.Final.jar:/Users/mouachani/.m2/repository/org/wildfly/security/wildfly-elytron-auth/1.17.2.Final/wildfly-elytron-auth-1.17.2.Final.jar:/Users/mouachani/.m2/repository/org/wildfly/security/wildfly-elytron-base/1.17.2.Final/wildfly-elytron-base-1.17.2.Final.jar:/Users/mouachani/.m2/repository/org/wildfly/security/wildfly-elytron-permission/1.17.2.Final/wildfly-elytron-permission-1.17.2.Final.jar:/Users/mouachani/.m2/repository/org/wildfly/security/wildfly-elytron-sasl/1.17.2.Final/wildfly-elytron-sasl-1.17.2.Final.jar:/Users/mouachani/.m2/repository/org/wildfly/security/wildfly-elytron-ssl/1.17.2.Final/wildfly-elytron-ssl-1.17.2.Final.jar:/Users/mouachani/.m2/repository/org/wildfly/security/wildfly-elytron-mechanism/1.17.2.Final/wildfly-elytron-mechanism-1.17.2.Final.jar:/Users/mouachani/.m2/repository/org/wildfly/security/wildfly-elytron-http/1.17.2.Final/wildfly-elytron-http-1.17.2.Final.jar:/Users/mouachani/.m2/repository/org/wildfly/security/wildfly-elytron-sasl-digest/1.17.2.Final/wildfly-elytron-sasl-digest-1.17.2.Final.jar:/Users/mouachani/.m2/repository/org/wildfly/security/wildfly-elytron-mechanism-digest/1.17.2.Final/wildfly-elytron-mechanism-digest-1.17.2.Final.jar:/Users/mouachani/.m2/repository/org/wildfly/security/wildfly-elytron-util/1.17.2.Final/wildfly-elytron-util-1.17.2.Final.jar:/Users/mouachani/.m2/repository/org/wildfly/security/wildfly-elytron-sasl-external/1.17.2.Final/wildfly-elytron-sasl-external-1.17.2.Final.jar:/Users/mouachani/.m2/repository/org/wildfly/security/wildfly-elytron-sasl-oauth2/1.17.2.Final/wildfly-elytron-sasl-oauth2-1.17.2.Final.jar:/Users/mouachani/.m2/repository/org/wildfly/security/wildfly-elytron-mechanism-oauth2/1.17.2.Final/wildfly-elytron-mechanism-oauth2-1.17.2.Final.jar:/Users/mouachani/.m2/repository/org/wildfly/security/wildfly-elytron-sasl-scram/1.17.2.Final/wildfly-elytron-sasl-scram-1.17.2.Final.jar:/Users/mouachani/.m2/repository/org/wildfly/security/wildfly-elytron-mechanism-scram/1.17.2.Final/wildfly-elytron-mechanism-scram-1.17.2.Final.jar:/Users/mouachani/.m2/repository/org/infinispan/infinispan-client-hotrod/12.1.7.Final/infinispan-client-hotrod-12.1.7.Final.jar:/Users/mouachani/.m2/repository/org/infinispan/infinispan-commons/12.1.7.Final/infinispan-commons-12.1.7.Final.jar:/Users/mouachani/.m2/repository/org/wildfly/security/wildfly-elytron-sasl-gs2/1.17.2.Final/wildfly-elytron-sasl-gs2-1.17.2.Final.jar:/Users/mouachani/.m2/repository/org/wildfly/security/wildfly-elytron-mechanism-gssapi/1.17.2.Final/wildfly-elytron-mechanism-gssapi-1.17.2.Final.jar:/Users/mouachani/.m2/repository/org/wildfly/security/wildfly-elytron-security-manager-action/1.17.2.Final/wildfly-elytron-security-manager-action-1.17.2.Final.jar:/Users/mouachani/.m2/repository/org/wildfly/security/wildfly-elytron-sasl-gssapi/1.17.2.Final/wildfly-elytron-sasl-gssapi-1.17.2.Final.jar:/Users/mouachani/.m2/repository/io/reactivex/rxjava3/rxjava/3.0.4/rxjava-3.0.4.jar:/Users/mouachani/.m2/repository/io/netty/netty-transport-native-epoll/4.1.68.Final/netty-transport-native-epoll-4.1.68.Final-linux-x86_64.jar:/Users/mouachani/.m2/repository/io/netty/netty-transport-native-unix-common/4.1.68.Final/netty-transport-native-unix-common-4.1.68.Final.jar:/Users/mouachani/.m2/repository/jakarta/transaction/jakarta.transaction-api/1.3.3/jakarta.transaction-api-1.3.3.jar:/Users/mouachani/.m2/repository/org/infinispan/infinispan-remote-query-client/12.1.7.Final/infinispan-remote-query-client-12.1.7.Final.jar:/Users/mouachani/.m2/repository/org/infinispan/infinispan-query-dsl/12.1.7.Final/infinispan-query-dsl-12.1.7.Final.jar:/Users/mouachani/.m2/repository/org/infinispan/protostream/protostream-processor/4.4.1.Final/protostream-processor-4.4.1.Final.jar:/Users/mouachani/.m2/repository/org/infinispan/protostream/protostream-types/4.4.1.Final/protostream-types-4.4.1.Final.jar:/Users/mouachani/.m2/repository/org/kie/kogito/kogito-addons-persistence-infinispan/2.0.0-SNAPSHOT/kogito-addons-persistence-infinispan-2.0.0-SNAPSHOT.jar:/Users/mouachani/.m2/repository/org/infinispan/infinispan-commons-jdk11/12.1.7.Final/infinispan-commons-jdk11-12.1.7.Final.jar:/Users/mouachani/.m2/repository/org/kie/kogito/kogito-addons-quarkus-monitoring-prometheus/2.0.0-SNAPSHOT/kogito-addons-quarkus-monitoring-prometheus-2.0.0-SNAPSHOT.jar:/Users/mouachani/.m2/repository/io/quarkus/quarkus-micrometer-registry-prometheus/2.4.0.Final/quarkus-micrometer-registry-prometheus-2.4.0.Final.jar:/Users/mouachani/.m2/repository/io/quarkus/quarkus-micrometer/2.4.0.Final/quarkus-micrometer-2.4.0.Final.jar:/Users/mouachani/.m2/repository/io/micrometer/micrometer-core/1.7.4/micrometer-core-1.7.4.jar:/Users/mouachani/.m2/repository/org/hdrhistogram/HdrHistogram/2.1.12/HdrHistogram-2.1.12.jar:/Users/mouachani/.m2/repository/io/micrometer/micrometer-registry-prometheus/1.7.4/micrometer-registry-prometheus-1.7.4.jar:/Users/mouachani/.m2/repository/io/prometheus/simpleclient_common/0.10.0/simpleclient_common-0.10.0.jar:/Users/mouachani/.m2/repository/io/prometheus/simpleclient/0.10.0/simpleclient-0.10.0.jar:/Users/mouachani/.m2/repository/org/kie/kogito/kogito-addons-monitoring-prometheus/2.0.0-SNAPSHOT/kogito-addons-monitoring-prometheus-2.0.0-SNAPSHOT.jar:/Users/mouachani/.m2/repository/org/kie/kogito/kogito-addons-monitoring-core/2.0.0-SNAPSHOT/kogito-addons-monitoring-core-2.0.0-SNAPSHOT.jar:/Users/mouachani/.m2/repository/org/kie/kogito/grafana-api/2.0.0-SNAPSHOT/grafana-api-2.0.0-SNAPSHOT.jar:/Users/mouachani/.m2/repository/org/kie/kogito/kogito-addons-quarkus-monitoring-core/2.0.0-SNAPSHOT/kogito-addons-quarkus-monitoring-core-2.0.0-SNAPSHOT.jar:/Users/mouachani/.m2/repository/io/quarkus/quarkus-rest-client/2.4.0.Final/quarkus-rest-client-2.4.0.Final.jar:/Users/mouachani/.m2/repository/io/quarkus/quarkus-resteasy-common/2.4.0.Final/quarkus-resteasy-common-2.4.0.Final.jar:/Users/mouachani/.m2/repository/org/jboss/resteasy/resteasy-core/4.7.0.Final/resteasy-core-4.7.0.Final.jar:/Users/mouachani/.m2/repository/org/jboss/spec/javax/ws/rs/jboss-jaxrs-api_2.1_spec/2.0.1.Final/jboss-jaxrs-api_2.1_spec-2.0.1.Final.jar:/Users/mouachani/.m2/repository/org/jboss/resteasy/resteasy-core-spi/4.7.0.Final/resteasy-core-spi-4.7.0.Final.jar:/Users/mouachani/.m2/repository/com/ibm/async/asyncutil/0.1.0/asyncutil-0.1.0.jar:/Users/mouachani/.m2/repository/com/sun/activation/jakarta.activation/1.2.1/jakarta.activation-1.2.1.jar:/Users/mouachani/.m2/repository/io/quarkus/quarkus-apache-httpclient/2.4.0.Final/quarkus-apache-httpclient-2.4.0.Final.jar:/Users/mouachani/.m2/repository/io/quarkus/quarkus-rest-client-config/2.4.0.Final/quarkus-rest-client-config-2.4.0.Final.jar:/Users/mouachani/.m2/repository/org/eclipse/microprofile/rest/client/microprofile-rest-client-api/2.0/microprofile-rest-client-api-2.0.jar:/Users/mouachani/.m2/repository/org/jboss/resteasy/resteasy-client-microprofile/4.7.0.Final/resteasy-client-microprofile-4.7.0.Final.jar:/Users/mouachani/.m2/repository/org/jboss/resteasy/resteasy-client-microprofile-base/4.7.0.Final/resteasy-client-microprofile-base-4.7.0.Final.jar:/Users/mouachani/.m2/repository/org/jboss/resteasy/resteasy-client/4.7.0.Final/resteasy-client-4.7.0.Final.jar:/Users/mouachani/.m2/repository/org/jboss/resteasy/resteasy-client-api/4.7.0.Final/resteasy-client-api-4.7.0.Final.jar:/Users/mouachani/.m2/repository/commons-io/commons-io/2.11.0/commons-io-2.11.0.jar:/Users/mouachani/.m2/repository/org/jboss/resteasy/resteasy-cdi/4.7.0.Final/resteasy-cdi-4.7.0.Final.jar:/Users/mouachani/.m2/repository/jakarta/interceptor/jakarta.interceptor-api/1.2.5/jakarta.interceptor-api-1.2.5.jar:/Users/mouachani/.m2/repository/org/apache/httpcomponents/httpasyncclient/4.1.4/httpasyncclient-4.1.4.jar:/Users/mouachani/.m2/repository/org/apache/httpcomponents/httpcore/4.4.14/httpcore-4.4.14.jar:/Users/mouachani/.m2/repository/org/apache/httpcomponents/httpcore-nio/4.4.14/httpcore-nio-4.4.14.jar:/Users/mouachani/.m2/repository/org/jboss/logging/commons-logging-jboss-logging/1.0.0.Final/commons-logging-jboss-logging-1.0.0.Final.jar:/Users/mouachani/.m2/repository/io/smallrye/common/smallrye-common-io/1.6.0/smallrye-common-io-1.6.0.jar:/Users/mouachani/.m2/repository/org/ow2/asm/asm/9.2/asm-9.2.jar:/Users/mouachani/.m2/repository/org/ow2/asm/asm-tree/9.2/asm-tree-9.2.jar:/Users/mouachani/.m2/repository/org/ow2/asm/asm-analysis/9.2/asm-analysis-9.2.jar:/Users/mouachani/.m2/repository/com/thoughtworks/xstream/xstream/1.4.18/xstream-1.4.18.jar:/Users/mouachani/.m2/repository/io/github/x-stream/mxparser/1.2.2/mxparser-1.2.2.jar:/Users/mouachani/.m2/repository/xmlpull/xmlpull/1.1.3.1/xmlpull-1.1.3.1.jar:/Users/mouachani/.m2/repository/org/apache/httpcomponents/httpclient/4.5.13/httpclient-4.5.13.jar:/Users/mouachani/.m2/repository/commons-codec/commons-codec/1.15/commons-codec-1.15.jar:/Users/mouachani/.m2/repository/org/apache/commons/commons-lang3/3.12.0/commons-lang3-3.12.0.jar:/Users/mouachani/.m2/repository/jakarta/xml/bind/jakarta.xml.bind-api/2.3.3/jakarta.xml.bind-api-2.3.3.jar: -sourcepath /Users/mouachani/projects/imsa/imsa-process-kogito/src/main/java: -s /Users/mouachani/projects/imsa/imsa-process-kogito/target/generated-sources/annotations -g -nowarn -target 1.6 -source 1.6
[WARNING] File encoding has not been set, using platform encoding UTF-8, i.e. build is platform dependent!
[DEBUG] incrementalBuildHelper#beforeRebuildExecution
[INFO] Compiling 3 source files to /Users/mouachani/projects/imsa/imsa-process-kogito/target/classes
[DEBUG] incrementalBuildHelper#afterRebuildExecution
[INFO] 
[INFO] --- maven-resources-plugin:2.6:testResources (default-testResources) @ imsa-process-kogito ---
[DEBUG] Configuring mojo org.apache.maven.plugins:maven-resources-plugin:2.6:testResources from plugin realm ClassRealm[plugin>org.apache.maven.plugins:maven-resources-plugin:2.6, parent: jdk.internal.loader.ClassLoaders$AppClassLoader@277050dc]
[DEBUG] Configuring mojo 'org.apache.maven.plugins:maven-resources-plugin:2.6:testResources' with basic configurator -->
[DEBUG]   (f) buildFilters = []
[DEBUG]   (f) escapeWindowsPaths = true
[DEBUG]   (s) includeEmptyDirs = false
[DEBUG]   (s) outputDirectory = /Users/mouachani/projects/imsa/imsa-process-kogito/target/test-classes
[DEBUG]   (s) overwrite = false
[DEBUG]   (f) project = MavenProject: fr.msa.imsa:imsa-process-kogito:1.0.0-SNAPSHOT @ /Users/mouachani/projects/imsa/imsa-process-kogito/pom.xml
[DEBUG]   (s) resources = [Resource {targetPath: null, filtering: false, FileSet {directory: /Users/mouachani/projects/imsa/imsa-process-kogito/src/test/resources, PatternSet [includes: {}, excludes: {}]}}]
[DEBUG]   (f) session = org.apache.maven.execution.MavenSession@6dce59e
[DEBUG]   (f) supportMultiLineFiltering = false
[DEBUG]   (f) useBuildFilters = true
[DEBUG]   (s) useDefaultDelimiters = true
[DEBUG] -- end configuration --
[DEBUG] properties used {env.TERM=xterm-256color, java.specification.version=11, sun.cpu.isalist=, sun.arch.data.model=64, java.vendor.url=https://adoptopenjdk.net/, sun.boot.library.path=/Library/Java/JavaVirtualMachines/adoptopenjdk-11.jdk/Contents/Home/lib, sun.java.command=org.codehaus.plexus.classworlds.launcher.Launcher clean package -X, jdk.debug=release, maven.version=3.8.1, java.specification.vendor=Oracle Corporation, java.version.date=2021-04-20, java.home=/Library/Java/JavaVirtualMachines/adoptopenjdk-11.jdk/Contents/Home, env.GIT_ASKPASS=/Applications/Visual Studio Code.app/Contents/Resources/app/extensions/git/dist/askpass.sh, java.specification.name=Java Platform API Specification, java.vm.specification.vendor=Oracle Corporation, sun.management.compiler=HotSpot 64-Bit Tiered Compilers, java.runtime.version=11.0.11+9, env.LSCOLORS=Gxfxcxdxbxegedabagacad, env.PATH=/Users/mouachani/bin:/usr/local/bin:/usr/bin:/bin:/usr/sbin:/sbin:/usr/local/munki:/Users/mouachani/Library/Application Support/cloud-code/installer/google-cloud-sdk/bin:/Users/mouachani/bin, env.ORIGINAL_XDG_CURRENT_DESKTOP=undefined, env.__CFBundleIdentifier=com.microsoft.VSCode, file.encoding=UTF-8, java.vendor.version=AdoptOpenJDK-11.0.11+9, env.SHLVL=1, java.io.tmpdir=/var/folders/2_/g0bm690n6t14mbp9bq3r8ctr0000gn/T/, java.version=11.0.11, java.vm.specification.name=Java Virtual Machine Specification, java.awt.printerjob=sun.lwawt.macosx.CPrinterJob, java.library.path=/Users/mouachani/Library/Java/Extensions:/Library/Java/Extensions:/Network/Library/Java/Extensions:/System/Library/Java/Extensions:/usr/lib/java:., java.vendor=AdoptOpenJDK, classworlds.conf=/usr/local/Cellar/maven/3.8.1/libexec/bin/m2.conf, sun.io.unicode.encoding=UnicodeBig, quarkus-plugin.version=2.4.0.Final, env.LANG=en_US.UTF-8, env.COMMAND_MODE=unix2003, quarkus.platform.artifact-id=quarkus-bom, user.timezone=, os.name=Mac OS X, java.vm.specification.version=11, env.JAVA_MAIN_CLASS_13364=org.codehaus.plexus.classworlds.launcher.Launcher, http.nonProxyHosts=local|*.local|169.254/16|*.169.254/16, maven.compiler.source=1.6, user.home=/Users/mouachani, env.ZSH=/Users/mouachani/.oh-my-zsh, env.COLORTERM=truecolor, java.awt.graphicsenv=sun.awt.CGraphicsEnvironment, path.separator=:, os.version=10.16, env.P9K_TTY=old, java.vm.name=OpenJDK 64-Bit Server VM, env.SHELL=/bin/zsh, env.P9K_SSH=0, os.arch=x86_64, maven.multiModuleProjectDirectory=/Users/mouachani/projects/imsa/imsa-process-kogito, env.VSCODE_GIT_ASKPASS_NODE=/Applications/Visual Studio Code.app/Contents/Frameworks/Code Helper (Renderer).app/Contents/MacOS/Code Helper (Renderer), env.MAVEN_PROJECTBASEDIR=/Users/mouachani/projects/imsa/imsa-process-kogito, java.vm.info=mixed mode, env.USER=mouachani, java.class.version=55.0, quarkus.platform.group-id=io.quarkus, awt.toolkit=sun.lwawt.macosx.LWCToolkit, kogito.version=2.0.0-SNAPSHOT, sun.jnu.encoding=UTF-8, maven.build.version=Apache Maven 3.8.1 (05c21c65bdfed0f71a2f2ada8b84da59348c4c5d), maven.home=/usr/local/Cellar/maven/3.8.1/libexec, env.VSCODE_GIT_ASKPASS_MAIN=/Applications/Visual Studio Code.app/Contents/Resources/app/extensions/git/dist/askpass-main.js, env.JAVA_HOME=/Library/Java/JavaVirtualMachines/adoptopenjdk-11.jdk/Contents/Home, file.separator=/, env.LESS=-R, java.vm.compressedOopsMode=Zero based, line.separator=
, env.TERM_PROGRAM_VERSION=1.62.3, user.name=mouachani, env.LOGNAME=mouachani, env.XPC_FLAGS=0x0, env.__CF_USER_TEXT_ENCODING=0x1F5:0x0:0x1, env.GRAALVM_HOME=/Library/Java/JavaVirtualMachines/graalvm-ee-19.2.0/Contents/Home, env.SSH_AUTH_SOCK=/private/tmp/com.apple.launchd.BdKvKPfkfs/Listeners, sun.os.patch.level=unknown, maven.compiler.target=1.6, env.TMPDIR=/var/folders/2_/g0bm690n6t14mbp9bq3r8ctr0000gn/T/, library.jansi.path=/usr/local/Cellar/maven/3.8.1/libexec/lib/jansi-native, env.TERM_PROGRAM=vscode, socksNonProxyHosts=local|*.local|169.254/16|*.169.254/16, env.OLDPWD=/Users/mouachani/projects/imsa/imsa-process-kogito, gopherProxySet=false, quarkus.platform.version=2.4.0.Final, env.PWD=/Users/mouachani/projects/imsa/imsa-process-kogito, env.PAGER=less, java.class.path=/usr/local/Cellar/maven/3.8.1/libexec/boot/plexus-classworlds-2.6.0.jar, env.HOME=/Users/mouachani, java.vm.vendor=AdoptOpenJDK, maven.conf=/usr/local/Cellar/maven/3.8.1/libexec/conf, sun.java.launcher=SUN_STANDARD, user.country=FR, sun.cpu.endian=little, user.language=fr, env.VSCODE_GIT_IPC_HANDLE=/var/folders/2_/g0bm690n6t14mbp9bq3r8ctr0000gn/T/vscode-git-6f6035354f.sock, env.XPC_SERVICE_NAME=0, ftp.nonProxyHosts=local|*.local|169.254/16|*.169.254/16, env.VSCODE_GIT_ASKPASS_EXTRA_ARGS=--ms-enable-electron-run-as-node, java.runtime.name=OpenJDK Runtime Environment, env.MAVEN_CMD_LINE_ARGS= clean package -X, java.vendor.url.bug=https://github.com/AdoptOpenJDK/openjdk-support/issues, user.dir=/Users/mouachani/projects/imsa/imsa-process-kogito, java.vm.version=11.0.11+9}
[WARNING] Using platform encoding (UTF-8 actually) to copy filtered resources, i.e. build is platform dependent!
[DEBUG] resource with targetPath null
directory /Users/mouachani/projects/imsa/imsa-process-kogito/src/test/resources
excludes []
includes []
[INFO] skip non existing resourceDirectory /Users/mouachani/projects/imsa/imsa-process-kogito/src/test/resources
[DEBUG] no use filter components
[INFO] 
[INFO] --- maven-compiler-plugin:3.1:testCompile (default-testCompile) @ imsa-process-kogito ---
[DEBUG] Configuring mojo org.apache.maven.plugins:maven-compiler-plugin:3.1:testCompile from plugin realm ClassRealm[plugin>org.apache.maven.plugins:maven-compiler-plugin:3.1, parent: jdk.internal.loader.ClassLoaders$AppClassLoader@277050dc]
[DEBUG] Configuring mojo 'org.apache.maven.plugins:maven-compiler-plugin:3.1:testCompile' with basic configurator -->
[DEBUG]   (f) basedir = /Users/mouachani/projects/imsa/imsa-process-kogito
[DEBUG]   (f) buildDirectory = /Users/mouachani/projects/imsa/imsa-process-kogito/target
[DEBUG]   (f) classpathElements = [/Users/mouachani/projects/imsa/imsa-process-kogito/target/test-classes, /Users/mouachani/projects/imsa/imsa-process-kogito/target/classes, /Users/mouachani/.m2/repository/org/kie/kogito/kogito-quarkus/2.0.0-SNAPSHOT/kogito-quarkus-2.0.0-SNAPSHOT.jar, /Users/mouachani/.m2/repository/org/kie/kogito/kogito-quarkus-common/2.0.0-SNAPSHOT/kogito-quarkus-common-2.0.0-SNAPSHOT.jar, /Users/mouachani/.m2/repository/org/kie/kogito/kogito-api-incubation-application/2.0.0-SNAPSHOT/kogito-api-incubation-application-2.0.0-SNAPSHOT.jar, /Users/mouachani/.m2/repository/org/kie/kogito/kogito-api-incubation-common/2.0.0-SNAPSHOT/kogito-api-incubation-common-2.0.0-SNAPSHOT.jar, /Users/mouachani/.m2/repository/org/kie/kogito/kogito-api-incubation-common-objectmapper/2.0.0-SNAPSHOT/kogito-api-incubation-common-objectmapper-2.0.0-SNAPSHOT.jar, /Users/mouachani/.m2/repository/org/mvel/mvel2/2.4.12.Final/mvel2-2.4.12.Final.jar, /Users/mouachani/.m2/repository/com/jayway/jsonpath/json-path/2.6.0/json-path-2.6.0.jar, /Users/mouachani/.m2/repository/net/minidev/json-smart/2.4.7/json-smart-2.4.7.jar, /Users/mouachani/.m2/repository/net/minidev/accessors-smart/2.4.7/accessors-smart-2.4.7.jar, /Users/mouachani/.m2/repository/io/quarkus/arc/arc-processor/2.4.0.Final/arc-processor-2.4.0.Final.jar, /Users/mouachani/.m2/repository/io/quarkus/gizmo/gizmo/1.0.9.Final/gizmo-1.0.9.Final.jar, /Users/mouachani/.m2/repository/org/ow2/asm/asm-util/9.1/asm-util-9.1.jar, /Users/mouachani/.m2/repository/io/quarkus/quarkus-undertow/2.4.0.Final/quarkus-undertow-2.4.0.Final.jar, /Users/mouachani/.m2/repository/io/quarkus/http/quarkus-http-servlet/4.1.3/quarkus-http-servlet-4.1.3.jar, /Users/mouachani/.m2/repository/jakarta/servlet/jakarta.servlet-api/4.0.3/jakarta.servlet-api-4.0.3.jar, /Users/mouachani/.m2/repository/io/quarkus/http/quarkus-http-vertx-backend/4.1.3/quarkus-http-vertx-backend-4.1.3.jar, /Users/mouachani/.m2/repository/io/quarkus/http/quarkus-http-http-core/4.1.3/quarkus-http-http-core-4.1.3.jar, /Users/mouachani/.m2/repository/io/quarkus/http/quarkus-http-core/4.1.3/quarkus-http-core-4.1.3.jar, /Users/mouachani/.m2/repository/org/kie/kogito/kogito-quarkus-rules/2.0.0-SNAPSHOT/kogito-quarkus-rules-2.0.0-SNAPSHOT.jar, /Users/mouachani/.m2/repository/org/kie/kogito/kogito-api-incubation-rules-services/2.0.0-SNAPSHOT/kogito-api-incubation-rules-services-2.0.0-SNAPSHOT.jar, /Users/mouachani/.m2/repository/org/kie/kogito/kogito-api-incubation-rules/2.0.0-SNAPSHOT/kogito-api-incubation-rules-2.0.0-SNAPSHOT.jar, /Users/mouachani/.m2/repository/org/kie/kogito/kogito-drools/2.0.0-SNAPSHOT/kogito-drools-2.0.0-SNAPSHOT.jar, /Users/mouachani/.m2/repository/org/kie/kogito/drools-core-static/2.0.0-SNAPSHOT/drools-core-static-2.0.0-SNAPSHOT.jar, /Users/mouachani/.m2/repository/org/drools/drools-core-reflective/8.15.0-SNAPSHOT/drools-core-reflective-8.15.0-SNAPSHOT.jar, /Users/mouachani/.m2/repository/org/kie/kogito/kogito-ruleunits/2.0.0-SNAPSHOT/kogito-ruleunits-2.0.0-SNAPSHOT.jar, /Users/mouachani/.m2/repository/org/kie/kogito/kogito-drools-model/2.0.0-SNAPSHOT/kogito-drools-model-2.0.0-SNAPSHOT.jar, /Users/mouachani/.m2/repository/org/drools/drools-model-compiler/8.15.0-SNAPSHOT/drools-model-compiler-8.15.0-SNAPSHOT.jar, /Users/mouachani/.m2/repository/org/drools/drools-canonical-model/8.15.0-SNAPSHOT/drools-canonical-model-8.15.0-SNAPSHOT.jar, /Users/mouachani/.m2/repository/org/drools/drools-mvel-parser/8.15.0-SNAPSHOT/drools-mvel-parser-8.15.0-SNAPSHOT.jar, /Users/mouachani/.m2/repository/org/drools/drools-mvel-compiler/8.15.0-SNAPSHOT/drools-mvel-compiler-8.15.0-SNAPSHOT.jar, /Users/mouachani/.m2/repository/org/kie/kogito/kogito-quarkus-decisions/2.0.0-SNAPSHOT/kogito-quarkus-decisions-2.0.0-SNAPSHOT.jar, /Users/mouachani/.m2/repository/org/kie/kogito/kogito-api-incubation-decisions-services/2.0.0-SNAPSHOT/kogito-api-incubation-decisions-services-2.0.0-SNAPSHOT.jar, /Users/mouachani/.m2/repository/org/kie/kogito/kogito-api-incubation-decisions/2.0.0-SNAPSHOT/kogito-api-incubation-decisions-2.0.0-SNAPSHOT.jar, /Users/mouachani/.m2/repository/org/kie/kogito/kogito-dmn/2.0.0-SNAPSHOT/kogito-dmn-2.0.0-SNAPSHOT.jar, /Users/mouachani/.m2/repository/org/kie/kie-dmn-core/8.15.0-SNAPSHOT/kie-dmn-core-8.15.0-SNAPSHOT.jar, /Users/mouachani/.m2/repository/org/kie/kie-dmn-backend/8.15.0-SNAPSHOT/kie-dmn-backend-8.15.0-SNAPSHOT.jar, /Users/mouachani/.m2/repository/org/kie/kie-dmn-feel/8.15.0-SNAPSHOT/kie-dmn-feel-8.15.0-SNAPSHOT.jar, /Users/mouachani/.m2/repository/ch/obermuhlner/big-math/2.0.1/big-math-2.0.1.jar, /Users/mouachani/.m2/repository/org/kie/kie-memory-compiler/8.15.0-SNAPSHOT/kie-memory-compiler-8.15.0-SNAPSHOT.jar, /Users/mouachani/.m2/repository/org/drools/drools-alphanetwork-compiler/8.15.0-SNAPSHOT/drools-alphanetwork-compiler-8.15.0-SNAPSHOT.jar, /Users/mouachani/.m2/repository/org/antlr/antlr4-runtime/4.9.2/antlr4-runtime-4.9.2.jar, /Users/mouachani/.m2/repository/org/jpmml/pmml-model/1.5.1/pmml-model-1.5.1.jar, /Users/mouachani/.m2/repository/org/jpmml/pmml-agent/1.5.1/pmml-agent-1.5.1.jar, /Users/mouachani/.m2/repository/org/kie/kie-dmn-validation/8.15.0-SNAPSHOT/kie-dmn-validation-8.15.0-SNAPSHOT.jar, /Users/mouachani/.m2/repository/org/kie/kogito/kogito-quarkus-predictions/2.0.0-SNAPSHOT/kogito-quarkus-predictions-2.0.0-SNAPSHOT.jar, /Users/mouachani/.m2/repository/org/kie/kogito/kogito-pmml/2.0.0-SNAPSHOT/kogito-pmml-2.0.0-SNAPSHOT.jar, /Users/mouachani/.m2/repository/org/kie/kie-pmml-dependencies/8.15.0-SNAPSHOT/kie-pmml-dependencies-8.15.0-SNAPSHOT.jar, /Users/mouachani/.m2/repository/org/kie/kie-pmml-compiler-api/8.15.0-SNAPSHOT/kie-pmml-compiler-api-8.15.0-SNAPSHOT.jar, /Users/mouachani/.m2/repository/org/glassfish/jaxb/jaxb-runtime/2.3.3-b02/jaxb-runtime-2.3.3-b02.jar, /Users/mouachani/.m2/repository/org/glassfish/jaxb/txw2/2.3.3-b02/txw2-2.3.3-b02.jar, /Users/mouachani/.m2/repository/com/sun/istack/istack-commons-runtime/3.0.10/istack-commons-runtime-3.0.10.jar, /Users/mouachani/.m2/repository/org/kie/kie-pmml-compiler-core/8.15.0-SNAPSHOT/kie-pmml-compiler-core-8.15.0-SNAPSHOT.jar, /Users/mouachani/.m2/repository/org/kie/kie-pmml-compiler-commons/8.15.0-SNAPSHOT/kie-pmml-compiler-commons-8.15.0-SNAPSHOT.jar, /Users/mouachani/.m2/repository/org/kie/kie-pmml-evaluator-core/8.15.0-SNAPSHOT/kie-pmml-evaluator-core-8.15.0-SNAPSHOT.jar, /Users/mouachani/.m2/repository/org/kie/kie-pmml-evaluator-assembler/8.15.0-SNAPSHOT/kie-pmml-evaluator-assembler-8.15.0-SNAPSHOT.jar, /Users/mouachani/.m2/repository/org/kie/kie-pmml-kie-internal/8.15.0-SNAPSHOT/kie-pmml-kie-internal-8.15.0-SNAPSHOT.jar, /Users/mouachani/.m2/repository/org/kie/kie-pmml-models-drools-common/8.15.0-SNAPSHOT/kie-pmml-models-drools-common-8.15.0-SNAPSHOT.jar, /Users/mouachani/.m2/repository/org/kie/kie-pmml-models-regression-model/8.15.0-SNAPSHOT/kie-pmml-models-regression-model-8.15.0-SNAPSHOT.jar, /Users/mouachani/.m2/repository/org/kie/kie-pmml-models-regression-compiler/8.15.0-SNAPSHOT/kie-pmml-models-regression-compiler-8.15.0-SNAPSHOT.jar, /Users/mouachani/.m2/repository/org/kie/kie-pmml-models-regression-evaluator/8.15.0-SNAPSHOT/kie-pmml-models-regression-evaluator-8.15.0-SNAPSHOT.jar, /Users/mouachani/.m2/repository/org/kie/kie-pmml-models-tree-model/8.15.0-SNAPSHOT/kie-pmml-models-tree-model-8.15.0-SNAPSHOT.jar, /Users/mouachani/.m2/repository/org/kie/kie-pmml-models-tree-compiler/8.15.0-SNAPSHOT/kie-pmml-models-tree-compiler-8.15.0-SNAPSHOT.jar, /Users/mouachani/.m2/repository/org/kie/kie-pmml-models-tree-evaluator/8.15.0-SNAPSHOT/kie-pmml-models-tree-evaluator-8.15.0-SNAPSHOT.jar, /Users/mouachani/.m2/repository/org/kie/kie-pmml-models-scorecard-model/8.15.0-SNAPSHOT/kie-pmml-models-scorecard-model-8.15.0-SNAPSHOT.jar, /Users/mouachani/.m2/repository/org/kie/kie-pmml-models-scorecard-compiler/8.15.0-SNAPSHOT/kie-pmml-models-scorecard-compiler-8.15.0-SNAPSHOT.jar, /Users/mouachani/.m2/repository/org/kie/kie-pmml-models-scorecard-evaluator/8.15.0-SNAPSHOT/kie-pmml-models-scorecard-evaluator-8.15.0-SNAPSHOT.jar, /Users/mouachani/.m2/repository/org/kie/kie-pmml-models-mining-model/8.15.0-SNAPSHOT/kie-pmml-models-mining-model-8.15.0-SNAPSHOT.jar, /Users/mouachani/.m2/repository/org/kie/kie-pmml-models-mining-compiler/8.15.0-SNAPSHOT/kie-pmml-models-mining-compiler-8.15.0-SNAPSHOT.jar, /Users/mouachani/.m2/repository/org/kie/kie-pmml-models-mining-evaluator/8.15.0-SNAPSHOT/kie-pmml-models-mining-evaluator-8.15.0-SNAPSHOT.jar, /Users/mouachani/.m2/repository/org/kie/kie-pmml-models-clustering-model/8.15.0-SNAPSHOT/kie-pmml-models-clustering-model-8.15.0-SNAPSHOT.jar, /Users/mouachani/.m2/repository/org/kie/kie-pmml-models-clustering-compiler/8.15.0-SNAPSHOT/kie-pmml-models-clustering-compiler-8.15.0-SNAPSHOT.jar, /Users/mouachani/.m2/repository/org/kie/kie-pmml-models-clustering-evaluator/8.15.0-SNAPSHOT/kie-pmml-models-clustering-evaluator-8.15.0-SNAPSHOT.jar, /Users/mouachani/.m2/repository/org/kie/kogito/kogito-api-incubation-predictions-services/2.0.0-SNAPSHOT/kogito-api-incubation-predictions-services-2.0.0-SNAPSHOT.jar, /Users/mouachani/.m2/repository/org/kie/kogito/kogito-api-incubation-predictions/2.0.0-SNAPSHOT/kogito-api-incubation-predictions-2.0.0-SNAPSHOT.jar, /Users/mouachani/.m2/repository/io/quarkus/quarkus-arc/2.4.0.Final/quarkus-arc-2.4.0.Final.jar, /Users/mouachani/.m2/repository/io/quarkus/arc/arc/2.4.0.Final/arc-2.4.0.Final.jar, /Users/mouachani/.m2/repository/jakarta/enterprise/jakarta.enterprise.cdi-api/2.0.2/jakarta.enterprise.cdi-api-2.0.2.jar, /Users/mouachani/.m2/repository/jakarta/el/jakarta.el-api/3.0.3/jakarta.el-api-3.0.3.jar, /Users/mouachani/.m2/repository/org/jboss/logging/jboss-logging/3.4.2.Final/jboss-logging-3.4.2.Final.jar, /Users/mouachani/.m2/repository/io/quarkus/quarkus-core/2.4.0.Final/quarkus-core-2.4.0.Final.jar, /Users/mouachani/.m2/repository/jakarta/inject/jakarta.inject-api/1.0/jakarta.inject-api-1.0.jar, /Users/mouachani/.m2/repository/io/quarkus/quarkus-ide-launcher/2.4.0.Final/quarkus-ide-launcher-2.4.0.Final.jar, /Users/mouachani/.m2/repository/io/quarkus/quarkus-development-mode-spi/2.4.0.Final/quarkus-development-mode-spi-2.4.0.Final.jar, /Users/mouachani/.m2/repository/io/smallrye/config/smallrye-config/2.5.1/smallrye-config-2.5.1.jar, /Users/mouachani/.m2/repository/io/smallrye/config/smallrye-config-core/2.5.1/smallrye-config-core-2.5.1.jar, /Users/mouachani/.m2/repository/io/smallrye/common/smallrye-common-expression/1.6.0/smallrye-common-expression-1.6.0.jar, /Users/mouachani/.m2/repository/io/smallrye/common/smallrye-common-function/1.6.0/smallrye-common-function-1.6.0.jar, /Users/mouachani/.m2/repository/io/smallrye/common/smallrye-common-constraint/1.6.0/smallrye-common-constraint-1.6.0.jar, /Users/mouachani/.m2/repository/io/smallrye/common/smallrye-common-classloader/1.6.0/smallrye-common-classloader-1.6.0.jar, /Users/mouachani/.m2/repository/io/smallrye/config/smallrye-config-common/2.5.1/smallrye-config-common-2.5.1.jar, /Users/mouachani/.m2/repository/org/jboss/logmanager/jboss-logmanager-embedded/1.0.9/jboss-logmanager-embedded-1.0.9.jar, /Users/mouachani/.m2/repository/org/jboss/logging/jboss-logging-annotations/2.2.1.Final/jboss-logging-annotations-2.2.1.Final.jar, /Users/mouachani/.m2/repository/org/jboss/threads/jboss-threads/3.4.2.Final/jboss-threads-3.4.2.Final.jar, /Users/mouachani/.m2/repository/org/jboss/slf4j/slf4j-jboss-logmanager/1.1.0.Final/slf4j-jboss-logmanager-1.1.0.Final.jar, /Users/mouachani/.m2/repository/org/graalvm/sdk/graal-sdk/21.2.0/graal-sdk-21.2.0.jar, /Users/mouachani/.m2/repository/org/wildfly/common/wildfly-common/1.5.4.Final-format-001/wildfly-common-1.5.4.Final-format-001.jar, /Users/mouachani/.m2/repository/io/quarkus/quarkus-bootstrap-runner/2.4.0.Final/quarkus-bootstrap-runner-2.4.0.Final.jar, /Users/mouachani/.m2/repository/org/eclipse/microprofile/context-propagation/microprofile-context-propagation-api/1.2/microprofile-context-propagation-api-1.2.jar, /Users/mouachani/.m2/repository/io/quarkus/quarkus-resteasy/2.4.0.Final/quarkus-resteasy-2.4.0.Final.jar, /Users/mouachani/.m2/repository/io/quarkus/quarkus-vertx-http/2.4.0.Final/quarkus-vertx-http-2.4.0.Final.jar, /Users/mouachani/.m2/repository/io/quarkus/quarkus-security-runtime-spi/2.4.0.Final/quarkus-security-runtime-spi-2.4.0.Final.jar, /Users/mouachani/.m2/repository/io/quarkus/quarkus-mutiny/2.4.0.Final/quarkus-mutiny-2.4.0.Final.jar, /Users/mouachani/.m2/repository/io/quarkus/quarkus-smallrye-context-propagation/2.4.0.Final/quarkus-smallrye-context-propagation-2.4.0.Final.jar, /Users/mouachani/.m2/repository/io/smallrye/smallrye-context-propagation/1.2.2/smallrye-context-propagation-1.2.2.jar, /Users/mouachani/.m2/repository/io/smallrye/smallrye-context-propagation-api/1.2.2/smallrye-context-propagation-api-1.2.2.jar, /Users/mouachani/.m2/repository/io/smallrye/smallrye-context-propagation-storage/1.2.2/smallrye-context-propagation-storage-1.2.2.jar, /Users/mouachani/.m2/repository/io/smallrye/reactive/mutiny-smallrye-context-propagation/1.1.2/mutiny-smallrye-context-propagation-1.1.2.jar, /Users/mouachani/.m2/repository/io/quarkus/quarkus-vertx-http-dev-console-runtime-spi/2.4.0.Final/quarkus-vertx-http-dev-console-runtime-spi-2.4.0.Final.jar, /Users/mouachani/.m2/repository/io/quarkus/security/quarkus-security/1.1.4.Final/quarkus-security-1.1.4.Final.jar, /Users/mouachani/.m2/repository/io/quarkus/quarkus-vertx/2.4.0.Final/quarkus-vertx-2.4.0.Final.jar, /Users/mouachani/.m2/repository/io/netty/netty-codec-haproxy/4.1.68.Final/netty-codec-haproxy-4.1.68.Final.jar, /Users/mouachani/.m2/repository/io/smallrye/smallrye-fault-tolerance-vertx/5.2.1/smallrye-fault-tolerance-vertx-5.2.1.jar, /Users/mouachani/.m2/repository/io/smallrye/reactive/smallrye-mutiny-vertx-web/2.14.1/smallrye-mutiny-vertx-web-2.14.1.jar, /Users/mouachani/.m2/repository/io/smallrye/reactive/smallrye-mutiny-vertx-bridge-common/2.14.1/smallrye-mutiny-vertx-bridge-common-2.14.1.jar, /Users/mouachani/.m2/repository/io/vertx/vertx-web/4.1.5/vertx-web-4.1.5.jar, /Users/mouachani/.m2/repository/io/vertx/vertx-web-common/4.1.5/vertx-web-common-4.1.5.jar, /Users/mouachani/.m2/repository/io/vertx/vertx-auth-common/4.1.5/vertx-auth-common-4.1.5.jar, /Users/mouachani/.m2/repository/io/vertx/vertx-bridge-common/4.1.5/vertx-bridge-common-4.1.5.jar, /Users/mouachani/.m2/repository/io/quarkus/quarkus-resteasy-server-common/2.4.0.Final/quarkus-resteasy-server-common-2.4.0.Final.jar, /Users/mouachani/.m2/repository/jakarta/validation/jakarta.validation-api/2.0.2/jakarta.validation-api-2.0.2.jar, /Users/mouachani/.m2/repository/org/kie/kogito/kogito-addons-quarkus-process-management/2.0.0-SNAPSHOT/kogito-addons-quarkus-process-management-2.0.0-SNAPSHOT.jar, /Users/mouachani/.m2/repository/org/kie/kogito/kogito-addons-process-management/2.0.0-SNAPSHOT/kogito-addons-process-management-2.0.0-SNAPSHOT.jar, /Users/mouachani/.m2/repository/org/kie/kogito/kogito-addons-quarkus-rest-exception-handler/2.0.0-SNAPSHOT/kogito-addons-quarkus-rest-exception-handler-2.0.0-SNAPSHOT.jar, /Users/mouachani/.m2/repository/org/kie/kogito/kogito-addons-rest-exception-handler/2.0.0-SNAPSHOT/kogito-addons-rest-exception-handler-2.0.0-SNAPSHOT.jar, /Users/mouachani/.m2/repository/org/kie/kogito/jbpm-flow/2.0.0-SNAPSHOT/jbpm-flow-2.0.0-SNAPSHOT.jar, /Users/mouachani/.m2/repository/org/kie/kogito/process-workitems/2.0.0-SNAPSHOT/process-workitems-2.0.0-SNAPSHOT.jar, /Users/mouachani/.m2/repository/org/kie/kogito/drools-core/2.0.0-SNAPSHOT/drools-core-2.0.0-SNAPSHOT.jar, /Users/mouachani/.m2/repository/org/drools/drools-core/8.15.0-SNAPSHOT/drools-core-8.15.0-SNAPSHOT.jar, /Users/mouachani/.m2/repository/org/kie/kie-util-xml/8.15.0-SNAPSHOT/kie-util-xml-8.15.0-SNAPSHOT.jar, /Users/mouachani/.m2/repository/com/github/javaparser/javaparser-symbol-solver-core/3.23.1/javaparser-symbol-solver-core-3.23.1.jar, /Users/mouachani/.m2/repository/com/github/javaparser/javaparser-core/3.23.1/javaparser-core-3.23.1.jar, /Users/mouachani/.m2/repository/org/javassist/javassist/3.28.0-GA/javassist-3.28.0-GA.jar, /Users/mouachani/.m2/repository/com/google/guava/guava/30.1.1-jre/guava-30.1.1-jre.jar, /Users/mouachani/.m2/repository/com/google/guava/failureaccess/1.0.1/failureaccess-1.0.1.jar, /Users/mouachani/.m2/repository/com/google/guava/listenablefuture/9999.0-empty-to-avoid-conflict-with-guava/listenablefuture-9999.0-empty-to-avoid-conflict-with-guava.jar, /Users/mouachani/.m2/repository/com/google/code/findbugs/jsr305/3.0.2/jsr305-3.0.2.jar, /Users/mouachani/.m2/repository/org/checkerframework/checker-qual/2.5.2/checker-qual-2.5.2.jar, /Users/mouachani/.m2/repository/com/google/j2objc/j2objc-annotations/1.3/j2objc-annotations-1.3.jar, /Users/mouachani/.m2/repository/org/drools/drools-mvel/8.15.0-SNAPSHOT/drools-mvel-8.15.0-SNAPSHOT.jar, /Users/mouachani/.m2/repository/org/drools/drools-compiler/8.15.0-SNAPSHOT/drools-compiler-8.15.0-SNAPSHOT.jar, /Users/mouachani/.m2/repository/org/drools/drools-ecj/8.15.0-SNAPSHOT/drools-ecj-8.15.0-SNAPSHOT.jar, /Users/mouachani/.m2/repository/org/kie/kie-util-maven-support/8.15.0-SNAPSHOT/kie-util-maven-support-8.15.0-SNAPSHOT.jar, /Users/mouachani/.m2/repository/org/antlr/antlr-runtime/3.5.2/antlr-runtime-3.5.2.jar, /Users/mouachani/.m2/repository/com/fasterxml/jackson/datatype/jackson-datatype-jsr310/2.12.5/jackson-datatype-jsr310-2.12.5.jar, /Users/mouachani/.m2/repository/org/kie/kogito/kogito-quarkus-processes/2.0.0-SNAPSHOT/kogito-quarkus-processes-2.0.0-SNAPSHOT.jar, /Users/mouachani/.m2/repository/org/kie/kogito/kogito-api-incubation-processes-services/2.0.0-SNAPSHOT/kogito-api-incubation-processes-services-2.0.0-SNAPSHOT.jar, /Users/mouachani/.m2/repository/org/kie/kogito/kogito-api-incubation-processes/2.0.0-SNAPSHOT/kogito-api-incubation-processes-2.0.0-SNAPSHOT.jar, /Users/mouachani/.m2/repository/org/kie/kogito/jbpm-bpmn2/2.0.0-SNAPSHOT/jbpm-bpmn2-2.0.0-SNAPSHOT.jar, /Users/mouachani/.m2/repository/org/kie/kogito/drools-compiler/2.0.0-SNAPSHOT/drools-compiler-2.0.0-SNAPSHOT.jar, /Users/mouachani/.m2/repository/org/kie/kogito/jbpm-flow-builder/2.0.0-SNAPSHOT/jbpm-flow-builder-2.0.0-SNAPSHOT.jar, /Users/mouachani/.m2/repository/org/kie/kogito/process-serialization-protobuf/2.0.0-SNAPSHOT/process-serialization-protobuf-2.0.0-SNAPSHOT.jar, /Users/mouachani/.m2/repository/com/google/protobuf/protobuf-java/3.17.3/protobuf-java-3.17.3.jar, /Users/mouachani/.m2/repository/com/google/protobuf/protobuf-java-util/3.15.8/protobuf-java-util-3.15.8.jar, /Users/mouachani/.m2/repository/com/google/errorprone/error_prone_annotations/2.2.0/error_prone_annotations-2.2.0.jar, /Users/mouachani/.m2/repository/com/google/code/gson/gson/2.8.6/gson-2.8.6.jar, /Users/mouachani/.m2/repository/org/infinispan/protostream/protostream/4.4.1.Final/protostream-4.4.1.Final.jar, /Users/mouachani/.m2/repository/io/smallrye/reactive/smallrye-mutiny-vertx-web-client/2.14.1/smallrye-mutiny-vertx-web-client-2.14.1.jar, /Users/mouachani/.m2/repository/io/vertx/vertx-web-client/4.1.5/vertx-web-client-4.1.5.jar, /Users/mouachani/.m2/repository/io/smallrye/reactive/smallrye-mutiny-vertx-core/2.14.1/smallrye-mutiny-vertx-core-2.14.1.jar, /Users/mouachani/.m2/repository/io/smallrye/reactive/smallrye-mutiny-vertx-runtime/2.14.1/smallrye-mutiny-vertx-runtime-2.14.1.jar, /Users/mouachani/.m2/repository/io/smallrye/reactive/vertx-mutiny-generator/2.14.1/vertx-mutiny-generator-2.14.1.jar, /Users/mouachani/.m2/repository/io/vertx/vertx-codegen/4.1.5/vertx-codegen-4.1.5.jar, /Users/mouachani/.m2/repository/io/smallrye/reactive/smallrye-mutiny-vertx-auth-common/2.14.1/smallrye-mutiny-vertx-auth-common-2.14.1.jar, /Users/mouachani/.m2/repository/io/smallrye/reactive/smallrye-mutiny-vertx-web-common/2.14.1/smallrye-mutiny-vertx-web-common-2.14.1.jar, /Users/mouachani/.m2/repository/org/kie/kogito/kogito-addons-quarkus-messaging/2.0.0-SNAPSHOT/kogito-addons-quarkus-messaging-2.0.0-SNAPSHOT.jar, /Users/mouachani/.m2/repository/org/kie/kogito/kogito-addons-quarkus-messaging-common/2.0.0-SNAPSHOT/kogito-addons-quarkus-messaging-common-2.0.0-SNAPSHOT.jar, /Users/mouachani/.m2/repository/org/kie/kogito/kogito-addons-messaging/2.0.0-SNAPSHOT/kogito-addons-messaging-2.0.0-SNAPSHOT.jar, /Users/mouachani/.m2/repository/org/kie/kogito/kogito-addons-cloudevents-utils/2.0.0-SNAPSHOT/kogito-addons-cloudevents-utils-2.0.0-SNAPSHOT.jar, /Users/mouachani/.m2/repository/io/cloudevents/cloudevents-api/2.2.0/cloudevents-api-2.2.0.jar, /Users/mouachani/.m2/repository/io/cloudevents/cloudevents-json-jackson/2.2.0/cloudevents-json-jackson-2.2.0.jar, /Users/mouachani/.m2/repository/io/cloudevents/cloudevents-http-restful-ws/2.2.0/cloudevents-http-restful-ws-2.2.0.jar, /Users/mouachani/.m2/repository/io/cloudevents/cloudevents-core/2.2.0/cloudevents-core-2.2.0.jar, /Users/mouachani/.m2/repository/jakarta/ws/rs/jakarta.ws.rs-api/2.1.6/jakarta.ws.rs-api-2.1.6.jar, /Users/mouachani/.m2/repository/org/kie/kogito/kogito-addons-quarkus-events-process/2.0.0-SNAPSHOT/kogito-addons-quarkus-events-process-2.0.0-SNAPSHOT.jar, /Users/mouachani/.m2/repository/org/kie/kogito/kogito-events-api/2.0.0-SNAPSHOT/kogito-events-api-2.0.0-SNAPSHOT.jar, /Users/mouachani/.m2/repository/org/reactivestreams/reactive-streams/1.0.3/reactive-streams-1.0.3.jar, /Users/mouachani/.m2/repository/org/kie/kogito/kogito-services/2.0.0-SNAPSHOT/kogito-services-2.0.0-SNAPSHOT.jar, /Users/mouachani/.m2/repository/com/fasterxml/jackson/core/jackson-databind/2.12.5/jackson-databind-2.12.5.jar, /Users/mouachani/.m2/repository/com/fasterxml/jackson/core/jackson-core/2.12.5/jackson-core-2.12.5.jar, /Users/mouachani/.m2/repository/io/smallrye/reactive/smallrye-reactive-messaging-provider/3.10.1/smallrye-reactive-messaging-provider-3.10.1.jar, /Users/mouachani/.m2/repository/io/smallrye/reactive/smallrye-reactive-messaging-api/3.10.1/smallrye-reactive-messaging-api-3.10.1.jar, /Users/mouachani/.m2/repository/org/jboss/jandex/2.4.1.Final/jandex-2.4.1.Final.jar, /Users/mouachani/.m2/repository/io/smallrye/reactive/smallrye-reactive-converter-api/2.6.0/smallrye-reactive-converter-api-2.6.0.jar, /Users/mouachani/.m2/repository/io/smallrye/reactive/mutiny/1.1.2/mutiny-1.1.2.jar, /Users/mouachani/.m2/repository/org/eclipse/microprofile/config/microprofile-config-api/2.0/microprofile-config-api-2.0.jar, /Users/mouachani/.m2/repository/org/slf4j/slf4j-api/1.7.30/slf4j-api-1.7.30.jar, /Users/mouachani/.m2/repository/io/quarkus/quarkus-smallrye-reactive-messaging-kafka/2.4.0.Final/quarkus-smallrye-reactive-messaging-kafka-2.4.0.Final.jar, /Users/mouachani/.m2/repository/io/quarkus/quarkus-kafka-client/2.4.0.Final/quarkus-kafka-client-2.4.0.Final.jar, /Users/mouachani/.m2/repository/io/smallrye/reactive/smallrye-reactive-messaging-kafka/3.10.1/smallrye-reactive-messaging-kafka-3.10.1.jar, /Users/mouachani/.m2/repository/io/smallrye/reactive/smallrye-reactive-messaging-kafka-api/3.10.1/smallrye-reactive-messaging-kafka-api-3.10.1.jar, /Users/mouachani/.m2/repository/io/opentelemetry/opentelemetry-api/1.6.0/opentelemetry-api-1.6.0.jar, /Users/mouachani/.m2/repository/io/opentelemetry/opentelemetry-context/1.6.0/opentelemetry-context-1.6.0.jar, /Users/mouachani/.m2/repository/io/opentelemetry/opentelemetry-semconv/1.6.0-alpha/opentelemetry-semconv-1.6.0-alpha.jar, /Users/mouachani/.m2/repository/io/quarkus/quarkus-jackson/2.4.0.Final/quarkus-jackson-2.4.0.Final.jar, /Users/mouachani/.m2/repository/com/fasterxml/jackson/datatype/jackson-datatype-jdk8/2.12.5/jackson-datatype-jdk8-2.12.5.jar, /Users/mouachani/.m2/repository/com/fasterxml/jackson/module/jackson-module-parameter-names/2.12.5/jackson-module-parameter-names-2.12.5.jar, /Users/mouachani/.m2/repository/org/apache/kafka/kafka-clients/2.8.1/kafka-clients-2.8.1.jar, /Users/mouachani/.m2/repository/com/github/luben/zstd-jni/1.4.9-1/zstd-jni-1.4.9-1.jar, /Users/mouachani/.m2/repository/org/lz4/lz4-java/1.7.1/lz4-java-1.7.1.jar, /Users/mouachani/.m2/repository/org/xerial/snappy/snappy-java/1.1.8.1/snappy-java-1.1.8.1.jar, /Users/mouachani/.m2/repository/io/vertx/vertx-kafka-client/4.1.5/vertx-kafka-client-4.1.5.jar, /Users/mouachani/.m2/repository/io/vertx/vertx-core/4.1.5/vertx-core-4.1.5.jar, /Users/mouachani/.m2/repository/io/netty/netty-common/4.1.68.Final/netty-common-4.1.68.Final.jar, /Users/mouachani/.m2/repository/io/netty/netty-buffer/4.1.68.Final/netty-buffer-4.1.68.Final.jar, /Users/mouachani/.m2/repository/io/netty/netty-transport/4.1.68.Final/netty-transport-4.1.68.Final.jar, /Users/mouachani/.m2/repository/io/netty/netty-handler-proxy/4.1.68.Final/netty-handler-proxy-4.1.68.Final.jar, /Users/mouachani/.m2/repository/io/netty/netty-codec-socks/4.1.68.Final/netty-codec-socks-4.1.68.Final.jar, /Users/mouachani/.m2/repository/io/netty/netty-resolver/4.1.68.Final/netty-resolver-4.1.68.Final.jar, /Users/mouachani/.m2/repository/io/netty/netty-resolver-dns/4.1.68.Final/netty-resolver-dns-4.1.68.Final.jar, /Users/mouachani/.m2/repository/io/netty/netty-codec-dns/4.1.68.Final/netty-codec-dns-4.1.68.Final.jar, /Users/mouachani/.m2/repository/io/quarkus/quarkus-smallrye-reactive-messaging/2.4.0.Final/quarkus-smallrye-reactive-messaging-2.4.0.Final.jar, /Users/mouachani/.m2/repository/io/quarkus/quarkus-mutiny-reactive-streams-operators/2.4.0.Final/quarkus-mutiny-reactive-streams-operators-2.4.0.Final.jar, /Users/mouachani/.m2/repository/org/eclipse/microprofile/reactive-streams-operators/microprofile-reactive-streams-operators-api/1.0.1/microprofile-reactive-streams-operators-api-1.0.1.jar, /Users/mouachani/.m2/repository/org/eclipse/microprofile/reactive-streams-operators/microprofile-reactive-streams-operators-core/1.0.1/microprofile-reactive-streams-operators-core-1.0.1.jar, /Users/mouachani/.m2/repository/io/smallrye/reactive/mutiny-reactive-streams-operators/1.1.2/mutiny-reactive-streams-operators-1.1.2.jar, /Users/mouachani/.m2/repository/io/quarkus/quarkus-smallrye-reactive-messaging-kotlin/2.4.0.Final/quarkus-smallrye-reactive-messaging-kotlin-2.4.0.Final.jar, /Users/mouachani/.m2/repository/io/smallrye/common/smallrye-common-annotation/1.6.0/smallrye-common-annotation-1.6.0.jar, /Users/mouachani/.m2/repository/io/smallrye/reactive/smallrye-reactive-messaging-health/3.10.1/smallrye-reactive-messaging-health-3.10.1.jar, /Users/mouachani/.m2/repository/jakarta/annotation/jakarta.annotation-api/1.3.5/jakarta.annotation-api-1.3.5.jar, /Users/mouachani/.m2/repository/io/quarkus/quarkus-resteasy-jackson/2.4.0.Final/quarkus-resteasy-jackson-2.4.0.Final.jar, /Users/mouachani/.m2/repository/org/jboss/resteasy/resteasy-jackson2-provider/4.7.0.Final/resteasy-jackson2-provider-4.7.0.Final.jar, /Users/mouachani/.m2/repository/com/fasterxml/jackson/jaxrs/jackson-jaxrs-json-provider/2.12.5/jackson-jaxrs-json-provider-2.12.5.jar, /Users/mouachani/.m2/repository/com/fasterxml/jackson/jaxrs/jackson-jaxrs-base/2.12.5/jackson-jaxrs-base-2.12.5.jar, /Users/mouachani/.m2/repository/com/fasterxml/jackson/module/jackson-module-jaxb-annotations/2.12.5/jackson-module-jaxb-annotations-2.12.5.jar, /Users/mouachani/.m2/repository/com/github/java-json-tools/json-patch/1.13/json-patch-1.13.jar, /Users/mouachani/.m2/repository/com/github/java-json-tools/msg-simple/1.2/msg-simple-1.2.jar, /Users/mouachani/.m2/repository/com/github/java-json-tools/btf/1.3/btf-1.3.jar, /Users/mouachani/.m2/repository/com/github/java-json-tools/jackson-coreutils/2.0/jackson-coreutils-2.0.jar, /Users/mouachani/.m2/repository/org/jboss/spec/javax/xml/bind/jboss-jaxb-api_2.3_spec/2.0.0.Final/jboss-jaxb-api_2.3_spec-2.0.0.Final.jar, /Users/mouachani/.m2/repository/io/quarkus/quarkus-smallrye-openapi/2.4.0.Final/quarkus-smallrye-openapi-2.4.0.Final.jar, /Users/mouachani/.m2/repository/io/smallrye/smallrye-open-api-core/2.1.15/smallrye-open-api-core-2.1.15.jar, /Users/mouachani/.m2/repository/org/eclipse/microprofile/openapi/microprofile-openapi-api/2.0.1-RC1/microprofile-openapi-api-2.0.1-RC1.jar, /Users/mouachani/.m2/repository/com/fasterxml/jackson/dataformat/jackson-dataformat-yaml/2.12.5/jackson-dataformat-yaml-2.12.5.jar, /Users/mouachani/.m2/repository/org/yaml/snakeyaml/1.29/snakeyaml-1.29.jar, /Users/mouachani/.m2/repository/io/quarkus/quarkus-swagger-ui/2.4.0.Final/quarkus-swagger-ui-2.4.0.Final.jar, /Users/mouachani/.m2/repository/org/kie/kogito/kogito-api/2.0.0-SNAPSHOT/kogito-api-2.0.0-SNAPSHOT.jar, /Users/mouachani/.m2/repository/com/fasterxml/jackson/core/jackson-annotations/2.12.5/jackson-annotations-2.12.5.jar, /Users/mouachani/.m2/repository/org/kie/kie-api/8.15.0-SNAPSHOT/kie-api-8.15.0-SNAPSHOT.jar, /Users/mouachani/.m2/repository/org/kie/kie-dmn-api/8.15.0-SNAPSHOT/kie-dmn-api-8.15.0-SNAPSHOT.jar, /Users/mouachani/.m2/repository/org/kie/kie-internal/8.15.0-SNAPSHOT/kie-internal-8.15.0-SNAPSHOT.jar, /Users/mouachani/.m2/repository/org/kie/kie-dmn-model/8.15.0-SNAPSHOT/kie-dmn-model-8.15.0-SNAPSHOT.jar, /Users/mouachani/.m2/repository/org/kie/kogito/kogito-timer/2.0.0-SNAPSHOT/kogito-timer-2.0.0-SNAPSHOT.jar, /Users/mouachani/.m2/repository/org/kie/kie-pmml-evaluator-api/8.15.0-SNAPSHOT/kie-pmml-evaluator-api-8.15.0-SNAPSHOT.jar, /Users/mouachani/.m2/repository/org/kie/kie-pmml-api/8.15.0-SNAPSHOT/kie-pmml-api-8.15.0-SNAPSHOT.jar, /Users/mouachani/.m2/repository/org/apache/commons/commons-math3/3.4.1/commons-math3-3.4.1.jar, /Users/mouachani/.m2/repository/org/kie/kie-pmml-commons/8.15.0-SNAPSHOT/kie-pmml-commons-8.15.0-SNAPSHOT.jar, /Users/mouachani/.m2/repository/org/apache/commons/commons-text/1.9/commons-text-1.9.jar, /Users/mouachani/.m2/repository/io/quarkus/quarkus-smallrye-health/2.4.0.Final/quarkus-smallrye-health-2.4.0.Final.jar, /Users/mouachani/.m2/repository/io/smallrye/smallrye-health/3.1.1/smallrye-health-3.1.1.jar, /Users/mouachani/.m2/repository/org/eclipse/microprofile/health/microprofile-health-api/3.1/microprofile-health-api-3.1.jar, /Users/mouachani/.m2/repository/io/smallrye/smallrye-health-api/3.1.1/smallrye-health-api-3.1.1.jar, /Users/mouachani/.m2/repository/io/smallrye/smallrye-health-provided-checks/3.1.1/smallrye-health-provided-checks-3.1.1.jar, /Users/mouachani/.m2/repository/io/quarkus/quarkus-jsonp/2.4.0.Final/quarkus-jsonp-2.4.0.Final.jar, /Users/mouachani/.m2/repository/org/glassfish/jakarta.json/1.1.6/jakarta.json-1.1.6.jar, /Users/mouachani/.m2/repository/io/quarkus/quarkus-infinispan-client/2.4.0.Final/quarkus-infinispan-client-2.4.0.Final.jar, /Users/mouachani/.m2/repository/io/quarkus/quarkus-caffeine/2.4.0.Final/quarkus-caffeine-2.4.0.Final.jar, /Users/mouachani/.m2/repository/com/github/ben-manes/caffeine/caffeine/2.9.2/caffeine-2.9.2.jar, /Users/mouachani/.m2/repository/io/quarkus/quarkus-netty/2.4.0.Final/quarkus-netty-2.4.0.Final.jar, /Users/mouachani/.m2/repository/io/netty/netty-codec/4.1.68.Final/netty-codec-4.1.68.Final.jar, /Users/mouachani/.m2/repository/io/netty/netty-codec-http/4.1.68.Final/netty-codec-http-4.1.68.Final.jar, /Users/mouachani/.m2/repository/io/netty/netty-codec-http2/4.1.68.Final/netty-codec-http2-4.1.68.Final.jar, /Users/mouachani/.m2/repository/io/netty/netty-handler/4.1.68.Final/netty-handler-4.1.68.Final.jar, /Users/mouachani/.m2/repository/io/quarkus/quarkus-elytron-security-common/2.4.0.Final/quarkus-elytron-security-common-2.4.0.Final.jar, /Users/mouachani/.m2/repository/org/wildfly/security/wildfly-elytron-credential/1.17.2.Final/wildfly-elytron-credential-1.17.2.Final.jar, /Users/mouachani/.m2/repository/org/wildfly/security/wildfly-elytron-asn1/1.17.2.Final/wildfly-elytron-asn1-1.17.2.Final.jar, /Users/mouachani/.m2/repository/org/wildfly/security/wildfly-elytron-keystore/1.17.2.Final/wildfly-elytron-keystore-1.17.2.Final.jar, /Users/mouachani/.m2/repository/org/wildfly/security/wildfly-elytron-x500-cert/1.17.2.Final/wildfly-elytron-x500-cert-1.17.2.Final.jar, /Users/mouachani/.m2/repository/org/wildfly/security/wildfly-elytron-x500-cert-util/1.17.2.Final/wildfly-elytron-x500-cert-util-1.17.2.Final.jar, /Users/mouachani/.m2/repository/org/apache/sshd/sshd-common/2.3.0/sshd-common-2.3.0.jar, /Users/mouachani/.m2/repository/org/wildfly/security/wildfly-elytron-provider-util/1.17.2.Final/wildfly-elytron-provider-util-1.17.2.Final.jar, /Users/mouachani/.m2/repository/org/wildfly/security/wildfly-elytron-x500/1.17.2.Final/wildfly-elytron-x500-1.17.2.Final.jar, /Users/mouachani/.m2/repository/org/wildfly/security/wildfly-elytron-password-impl/1.17.2.Final/wildfly-elytron-password-impl-1.17.2.Final.jar, /Users/mouachani/.m2/repository/org/wildfly/security/wildfly-elytron-sasl-plain/1.17.2.Final/wildfly-elytron-sasl-plain-1.17.2.Final.jar, /Users/mouachani/.m2/repository/org/wildfly/security/wildfly-elytron-auth-server/1.17.2.Final/wildfly-elytron-auth-server-1.17.2.Final.jar, /Users/mouachani/.m2/repository/org/wildfly/security/wildfly-elytron-auth/1.17.2.Final/wildfly-elytron-auth-1.17.2.Final.jar, /Users/mouachani/.m2/repository/org/wildfly/security/wildfly-elytron-base/1.17.2.Final/wildfly-elytron-base-1.17.2.Final.jar, /Users/mouachani/.m2/repository/org/wildfly/security/wildfly-elytron-permission/1.17.2.Final/wildfly-elytron-permission-1.17.2.Final.jar, /Users/mouachani/.m2/repository/org/wildfly/security/wildfly-elytron-sasl/1.17.2.Final/wildfly-elytron-sasl-1.17.2.Final.jar, /Users/mouachani/.m2/repository/org/wildfly/security/wildfly-elytron-ssl/1.17.2.Final/wildfly-elytron-ssl-1.17.2.Final.jar, /Users/mouachani/.m2/repository/org/wildfly/security/wildfly-elytron-mechanism/1.17.2.Final/wildfly-elytron-mechanism-1.17.2.Final.jar, /Users/mouachani/.m2/repository/org/wildfly/security/wildfly-elytron-http/1.17.2.Final/wildfly-elytron-http-1.17.2.Final.jar, /Users/mouachani/.m2/repository/org/wildfly/security/wildfly-elytron-sasl-digest/1.17.2.Final/wildfly-elytron-sasl-digest-1.17.2.Final.jar, /Users/mouachani/.m2/repository/org/wildfly/security/wildfly-elytron-mechanism-digest/1.17.2.Final/wildfly-elytron-mechanism-digest-1.17.2.Final.jar, /Users/mouachani/.m2/repository/org/wildfly/security/wildfly-elytron-util/1.17.2.Final/wildfly-elytron-util-1.17.2.Final.jar, /Users/mouachani/.m2/repository/org/wildfly/security/wildfly-elytron-sasl-external/1.17.2.Final/wildfly-elytron-sasl-external-1.17.2.Final.jar, /Users/mouachani/.m2/repository/org/wildfly/security/wildfly-elytron-sasl-oauth2/1.17.2.Final/wildfly-elytron-sasl-oauth2-1.17.2.Final.jar, /Users/mouachani/.m2/repository/org/wildfly/security/wildfly-elytron-mechanism-oauth2/1.17.2.Final/wildfly-elytron-mechanism-oauth2-1.17.2.Final.jar, /Users/mouachani/.m2/repository/org/wildfly/security/wildfly-elytron-sasl-scram/1.17.2.Final/wildfly-elytron-sasl-scram-1.17.2.Final.jar, /Users/mouachani/.m2/repository/org/wildfly/security/wildfly-elytron-mechanism-scram/1.17.2.Final/wildfly-elytron-mechanism-scram-1.17.2.Final.jar, /Users/mouachani/.m2/repository/org/infinispan/infinispan-client-hotrod/12.1.7.Final/infinispan-client-hotrod-12.1.7.Final.jar, /Users/mouachani/.m2/repository/org/infinispan/infinispan-commons/12.1.7.Final/infinispan-commons-12.1.7.Final.jar, /Users/mouachani/.m2/repository/org/wildfly/security/wildfly-elytron-sasl-gs2/1.17.2.Final/wildfly-elytron-sasl-gs2-1.17.2.Final.jar, /Users/mouachani/.m2/repository/org/wildfly/security/wildfly-elytron-mechanism-gssapi/1.17.2.Final/wildfly-elytron-mechanism-gssapi-1.17.2.Final.jar, /Users/mouachani/.m2/repository/org/wildfly/security/wildfly-elytron-security-manager-action/1.17.2.Final/wildfly-elytron-security-manager-action-1.17.2.Final.jar, /Users/mouachani/.m2/repository/org/wildfly/security/wildfly-elytron-sasl-gssapi/1.17.2.Final/wildfly-elytron-sasl-gssapi-1.17.2.Final.jar, /Users/mouachani/.m2/repository/io/reactivex/rxjava3/rxjava/3.0.4/rxjava-3.0.4.jar, /Users/mouachani/.m2/repository/io/netty/netty-transport-native-epoll/4.1.68.Final/netty-transport-native-epoll-4.1.68.Final-linux-x86_64.jar, /Users/mouachani/.m2/repository/io/netty/netty-transport-native-unix-common/4.1.68.Final/netty-transport-native-unix-common-4.1.68.Final.jar, /Users/mouachani/.m2/repository/jakarta/transaction/jakarta.transaction-api/1.3.3/jakarta.transaction-api-1.3.3.jar, /Users/mouachani/.m2/repository/org/infinispan/infinispan-remote-query-client/12.1.7.Final/infinispan-remote-query-client-12.1.7.Final.jar, /Users/mouachani/.m2/repository/org/infinispan/infinispan-query-dsl/12.1.7.Final/infinispan-query-dsl-12.1.7.Final.jar, /Users/mouachani/.m2/repository/org/infinispan/protostream/protostream-processor/4.4.1.Final/protostream-processor-4.4.1.Final.jar, /Users/mouachani/.m2/repository/org/infinispan/protostream/protostream-types/4.4.1.Final/protostream-types-4.4.1.Final.jar, /Users/mouachani/.m2/repository/org/kie/kogito/kogito-addons-persistence-infinispan/2.0.0-SNAPSHOT/kogito-addons-persistence-infinispan-2.0.0-SNAPSHOT.jar, /Users/mouachani/.m2/repository/org/infinispan/infinispan-commons-jdk11/12.1.7.Final/infinispan-commons-jdk11-12.1.7.Final.jar, /Users/mouachani/.m2/repository/org/kie/kogito/kogito-addons-quarkus-monitoring-prometheus/2.0.0-SNAPSHOT/kogito-addons-quarkus-monitoring-prometheus-2.0.0-SNAPSHOT.jar, /Users/mouachani/.m2/repository/io/quarkus/quarkus-micrometer-registry-prometheus/2.4.0.Final/quarkus-micrometer-registry-prometheus-2.4.0.Final.jar, /Users/mouachani/.m2/repository/io/quarkus/quarkus-micrometer/2.4.0.Final/quarkus-micrometer-2.4.0.Final.jar, /Users/mouachani/.m2/repository/io/micrometer/micrometer-core/1.7.4/micrometer-core-1.7.4.jar, /Users/mouachani/.m2/repository/org/hdrhistogram/HdrHistogram/2.1.12/HdrHistogram-2.1.12.jar, /Users/mouachani/.m2/repository/org/latencyutils/LatencyUtils/2.0.3/LatencyUtils-2.0.3.jar, /Users/mouachani/.m2/repository/io/micrometer/micrometer-registry-prometheus/1.7.4/micrometer-registry-prometheus-1.7.4.jar, /Users/mouachani/.m2/repository/io/prometheus/simpleclient_common/0.10.0/simpleclient_common-0.10.0.jar, /Users/mouachani/.m2/repository/io/prometheus/simpleclient/0.10.0/simpleclient-0.10.0.jar, /Users/mouachani/.m2/repository/org/kie/kogito/kogito-addons-monitoring-prometheus/2.0.0-SNAPSHOT/kogito-addons-monitoring-prometheus-2.0.0-SNAPSHOT.jar, /Users/mouachani/.m2/repository/org/kie/kogito/kogito-addons-monitoring-core/2.0.0-SNAPSHOT/kogito-addons-monitoring-core-2.0.0-SNAPSHOT.jar, /Users/mouachani/.m2/repository/org/kie/kogito/grafana-api/2.0.0-SNAPSHOT/grafana-api-2.0.0-SNAPSHOT.jar, /Users/mouachani/.m2/repository/org/kie/kogito/kogito-addons-quarkus-monitoring-core/2.0.0-SNAPSHOT/kogito-addons-quarkus-monitoring-core-2.0.0-SNAPSHOT.jar, /Users/mouachani/.m2/repository/io/quarkus/quarkus-rest-client/2.4.0.Final/quarkus-rest-client-2.4.0.Final.jar, /Users/mouachani/.m2/repository/io/quarkus/quarkus-resteasy-common/2.4.0.Final/quarkus-resteasy-common-2.4.0.Final.jar, /Users/mouachani/.m2/repository/org/jboss/resteasy/resteasy-core/4.7.0.Final/resteasy-core-4.7.0.Final.jar, /Users/mouachani/.m2/repository/org/jboss/spec/javax/ws/rs/jboss-jaxrs-api_2.1_spec/2.0.1.Final/jboss-jaxrs-api_2.1_spec-2.0.1.Final.jar, /Users/mouachani/.m2/repository/org/jboss/resteasy/resteasy-core-spi/4.7.0.Final/resteasy-core-spi-4.7.0.Final.jar, /Users/mouachani/.m2/repository/com/ibm/async/asyncutil/0.1.0/asyncutil-0.1.0.jar, /Users/mouachani/.m2/repository/com/sun/activation/jakarta.activation/1.2.1/jakarta.activation-1.2.1.jar, /Users/mouachani/.m2/repository/io/quarkus/quarkus-apache-httpclient/2.4.0.Final/quarkus-apache-httpclient-2.4.0.Final.jar, /Users/mouachani/.m2/repository/io/quarkus/quarkus-rest-client-config/2.4.0.Final/quarkus-rest-client-config-2.4.0.Final.jar, /Users/mouachani/.m2/repository/org/eclipse/microprofile/rest/client/microprofile-rest-client-api/2.0/microprofile-rest-client-api-2.0.jar, /Users/mouachani/.m2/repository/org/jboss/resteasy/resteasy-client-microprofile/4.7.0.Final/resteasy-client-microprofile-4.7.0.Final.jar, /Users/mouachani/.m2/repository/org/jboss/resteasy/resteasy-client-microprofile-base/4.7.0.Final/resteasy-client-microprofile-base-4.7.0.Final.jar, /Users/mouachani/.m2/repository/org/jboss/resteasy/resteasy-client/4.7.0.Final/resteasy-client-4.7.0.Final.jar, /Users/mouachani/.m2/repository/org/jboss/resteasy/resteasy-client-api/4.7.0.Final/resteasy-client-api-4.7.0.Final.jar, /Users/mouachani/.m2/repository/commons-io/commons-io/2.11.0/commons-io-2.11.0.jar, /Users/mouachani/.m2/repository/org/jboss/resteasy/resteasy-cdi/4.7.0.Final/resteasy-cdi-4.7.0.Final.jar, /Users/mouachani/.m2/repository/jakarta/interceptor/jakarta.interceptor-api/1.2.5/jakarta.interceptor-api-1.2.5.jar, /Users/mouachani/.m2/repository/org/apache/httpcomponents/httpasyncclient/4.1.4/httpasyncclient-4.1.4.jar, /Users/mouachani/.m2/repository/org/apache/httpcomponents/httpcore/4.4.14/httpcore-4.4.14.jar, /Users/mouachani/.m2/repository/org/apache/httpcomponents/httpcore-nio/4.4.14/httpcore-nio-4.4.14.jar, /Users/mouachani/.m2/repository/org/jboss/logging/commons-logging-jboss-logging/1.0.0.Final/commons-logging-jboss-logging-1.0.0.Final.jar, /Users/mouachani/.m2/repository/io/quarkus/quarkus-junit5/2.4.0.Final/quarkus-junit5-2.4.0.Final.jar, /Users/mouachani/.m2/repository/io/quarkus/quarkus-bootstrap-core/2.4.0.Final/quarkus-bootstrap-core-2.4.0.Final.jar, /Users/mouachani/.m2/repository/io/quarkus/quarkus-bootstrap-app-model/2.4.0.Final/quarkus-bootstrap-app-model-2.4.0.Final.jar, /Users/mouachani/.m2/repository/io/quarkus/quarkus-bootstrap-maven-resolver/2.4.0.Final/quarkus-bootstrap-maven-resolver-2.4.0.Final.jar, /Users/mouachani/.m2/repository/org/apache/maven/maven-embedder/3.8.1/maven-embedder-3.8.1.jar, /Users/mouachani/.m2/repository/org/apache/maven/maven-settings/3.8.1/maven-settings-3.8.1.jar, /Users/mouachani/.m2/repository/org/apache/maven/maven-core/3.8.1/maven-core-3.8.1.jar, /Users/mouachani/.m2/repository/org/apache/maven/maven-artifact/3.8.1/maven-artifact-3.8.1.jar, /Users/mouachani/.m2/repository/org/codehaus/plexus/plexus-component-annotations/2.1.0/plexus-component-annotations-2.1.0.jar, /Users/mouachani/.m2/repository/org/apache/maven/maven-plugin-api/3.8.1/maven-plugin-api-3.8.1.jar, /Users/mouachani/.m2/repository/org/apache/maven/maven-model/3.8.1/maven-model-3.8.1.jar, /Users/mouachani/.m2/repository/org/apache/maven/maven-model-builder/3.8.1/maven-model-builder-3.8.1.jar, /Users/mouachani/.m2/repository/org/apache/maven/maven-builder-support/3.8.1/maven-builder-support-3.8.1.jar, /Users/mouachani/.m2/repository/org/apache/maven/resolver/maven-resolver-api/1.6.2/maven-resolver-api-1.6.2.jar, /Users/mouachani/.m2/repository/org/apache/maven/resolver/maven-resolver-util/1.6.2/maven-resolver-util-1.6.2.jar, /Users/mouachani/.m2/repository/org/apache/maven/shared/maven-shared-utils/3.3.3/maven-shared-utils-3.3.3.jar, /Users/mouachani/.m2/repository/com/google/inject/guice/4.2.1/guice-4.2.1-no_aop.jar, /Users/mouachani/.m2/repository/org/codehaus/plexus/plexus-utils/3.2.1/plexus-utils-3.2.1.jar, /Users/mouachani/.m2/repository/org/codehaus/plexus/plexus-classworlds/2.6.0/plexus-classworlds-2.6.0.jar, /Users/mouachani/.m2/repository/commons-cli/commons-cli/1.4/commons-cli-1.4.jar, /Users/mouachani/.m2/repository/org/eclipse/sisu/org.eclipse.sisu.plexus/0.3.4/org.eclipse.sisu.plexus-0.3.4.jar, /Users/mouachani/.m2/repository/org/apache/maven/maven-settings-builder/3.8.1/maven-settings-builder-3.8.1.jar, /Users/mouachani/.m2/repository/org/codehaus/plexus/plexus-interpolation/1.25/plexus-interpolation-1.25.jar, /Users/mouachani/.m2/repository/org/sonatype/plexus/plexus-sec-dispatcher/1.4/plexus-sec-dispatcher-1.4.jar, /Users/mouachani/.m2/repository/org/sonatype/plexus/plexus-cipher/1.4/plexus-cipher-1.4.jar, /Users/mouachani/.m2/repository/org/apache/maven/maven-resolver-provider/3.8.1/maven-resolver-provider-3.8.1.jar, /Users/mouachani/.m2/repository/org/apache/maven/maven-repository-metadata/3.8.1/maven-repository-metadata-3.8.1.jar, /Users/mouachani/.m2/repository/org/apache/maven/resolver/maven-resolver-spi/1.6.2/maven-resolver-spi-1.6.2.jar, /Users/mouachani/.m2/repository/org/apache/maven/resolver/maven-resolver-impl/1.6.2/maven-resolver-impl-1.6.2.jar, /Users/mouachani/.m2/repository/org/apache/maven/resolver/maven-resolver-connector-basic/1.6.2/maven-resolver-connector-basic-1.6.2.jar, /Users/mouachani/.m2/repository/org/apache/maven/resolver/maven-resolver-transport-wagon/1.6.2/maven-resolver-transport-wagon-1.6.2.jar, /Users/mouachani/.m2/repository/org/apache/maven/wagon/wagon-http/3.4.3/wagon-http-3.4.3.jar, /Users/mouachani/.m2/repository/org/apache/maven/wagon/wagon-http-shared/3.4.3/wagon-http-shared-3.4.3.jar, /Users/mouachani/.m2/repository/org/jsoup/jsoup/1.12.1/jsoup-1.12.1.jar, /Users/mouachani/.m2/repository/org/apache/maven/wagon/wagon-provider-api/3.4.3/wagon-provider-api-3.4.3.jar, /Users/mouachani/.m2/repository/org/apache/maven/wagon/wagon-file/3.4.3/wagon-file-3.4.3.jar, /Users/mouachani/.m2/repository/io/quarkus/quarkus-bootstrap-gradle-resolver/2.4.0.Final/quarkus-bootstrap-gradle-resolver-2.4.0.Final.jar, /Users/mouachani/.m2/repository/io/smallrye/common/smallrye-common-io/1.6.0/smallrye-common-io-1.6.0.jar, /Users/mouachani/.m2/repository/org/eclipse/sisu/org.eclipse.sisu.inject/0.3.4/org.eclipse.sisu.inject-0.3.4.jar, /Users/mouachani/.m2/repository/io/quarkus/quarkus-test-common/2.4.0.Final/quarkus-test-common-2.4.0.Final.jar, /Users/mouachani/.m2/repository/io/quarkus/quarkus-core-deployment/2.4.0.Final/quarkus-core-deployment-2.4.0.Final.jar, /Users/mouachani/.m2/repository/org/aesh/readline/2.1/readline-2.1.jar, /Users/mouachani/.m2/repository/org/fusesource/jansi/jansi/1.18/jansi-1.18.jar, /Users/mouachani/.m2/repository/org/ow2/asm/asm/9.2/asm-9.2.jar, /Users/mouachani/.m2/repository/org/ow2/asm/asm-commons/9.2/asm-commons-9.2.jar, /Users/mouachani/.m2/repository/org/ow2/asm/asm-tree/9.2/asm-tree-9.2.jar, /Users/mouachani/.m2/repository/org/ow2/asm/asm-analysis/9.2/asm-analysis-9.2.jar, /Users/mouachani/.m2/repository/io/quarkus/quarkus-class-change-agent/2.4.0.Final/quarkus-class-change-agent-2.4.0.Final.jar, /Users/mouachani/.m2/repository/io/quarkus/quarkus-devtools-utilities/2.4.0.Final/quarkus-devtools-utilities-2.4.0.Final.jar, /Users/mouachani/.m2/repository/io/quarkus/quarkus-builder/2.4.0.Final/quarkus-builder-2.4.0.Final.jar, /Users/mouachani/.m2/repository/org/junit/platform/junit-platform-launcher/1.8.1/junit-platform-launcher-1.8.1.jar, /Users/mouachani/.m2/repository/io/quarkus/quarkus-jsonp-deployment/2.4.0.Final/quarkus-jsonp-deployment-2.4.0.Final.jar, /Users/mouachani/.m2/repository/org/junit/jupiter/junit-jupiter/5.8.1/junit-jupiter-5.8.1.jar, /Users/mouachani/.m2/repository/org/junit/jupiter/junit-jupiter-api/5.8.1/junit-jupiter-api-5.8.1.jar, /Users/mouachani/.m2/repository/org/opentest4j/opentest4j/1.2.0/opentest4j-1.2.0.jar, /Users/mouachani/.m2/repository/org/junit/platform/junit-platform-commons/1.8.1/junit-platform-commons-1.8.1.jar, /Users/mouachani/.m2/repository/org/apiguardian/apiguardian-api/1.1.2/apiguardian-api-1.1.2.jar, /Users/mouachani/.m2/repository/org/junit/jupiter/junit-jupiter-params/5.8.1/junit-jupiter-params-5.8.1.jar, /Users/mouachani/.m2/repository/org/junit/jupiter/junit-jupiter-engine/5.8.1/junit-jupiter-engine-5.8.1.jar, /Users/mouachani/.m2/repository/org/junit/platform/junit-platform-engine/1.8.1/junit-platform-engine-1.8.1.jar, /Users/mouachani/.m2/repository/com/thoughtworks/xstream/xstream/1.4.18/xstream-1.4.18.jar, /Users/mouachani/.m2/repository/io/github/x-stream/mxparser/1.2.2/mxparser-1.2.2.jar, /Users/mouachani/.m2/repository/xmlpull/xmlpull/1.1.3.1/xmlpull-1.1.3.1.jar, /Users/mouachani/.m2/repository/io/rest-assured/rest-assured/4.4.0/rest-assured-4.4.0.jar, /Users/mouachani/.m2/repository/org/codehaus/groovy/groovy/3.0.8/groovy-3.0.8.jar, /Users/mouachani/.m2/repository/org/codehaus/groovy/groovy-xml/3.0.8/groovy-xml-3.0.8.jar, /Users/mouachani/.m2/repository/org/apache/httpcomponents/httpclient/4.5.13/httpclient-4.5.13.jar, /Users/mouachani/.m2/repository/commons-codec/commons-codec/1.15/commons-codec-1.15.jar, /Users/mouachani/.m2/repository/org/apache/httpcomponents/httpmime/4.5.13/httpmime-4.5.13.jar, /Users/mouachani/.m2/repository/org/hamcrest/hamcrest/2.1/hamcrest-2.1.jar, /Users/mouachani/.m2/repository/org/ccil/cowan/tagsoup/tagsoup/1.2.1/tagsoup-1.2.1.jar, /Users/mouachani/.m2/repository/io/rest-assured/json-path/4.4.0/json-path-4.4.0.jar, /Users/mouachani/.m2/repository/org/codehaus/groovy/groovy-json/3.0.8/groovy-json-3.0.8.jar, /Users/mouachani/.m2/repository/io/rest-assured/rest-assured-common/4.4.0/rest-assured-common-4.4.0.jar, /Users/mouachani/.m2/repository/io/rest-assured/xml-path/4.4.0/xml-path-4.4.0.jar, /Users/mouachani/.m2/repository/org/apache/commons/commons-lang3/3.12.0/commons-lang3-3.12.0.jar, /Users/mouachani/.m2/repository/jakarta/xml/bind/jakarta.xml.bind-api/2.3.3/jakarta.xml.bind-api-2.3.3.jar, /Users/mouachani/.m2/repository/com/sun/xml/bind/jaxb-impl/2.3.3/jaxb-impl-2.3.3.jar]
[DEBUG]   (f) compileSourceRoots = [/Users/mouachani/projects/imsa/imsa-process-kogito/src/test/java]
[DEBUG]   (f) compilerId = javac
[DEBUG]   (f) debug = true
[DEBUG]   (f) failOnError = true
[DEBUG]   (f) forceJavacCompilerUse = false
[DEBUG]   (f) fork = false
[DEBUG]   (f) generatedTestSourcesDirectory = /Users/mouachani/projects/imsa/imsa-process-kogito/target/generated-test-sources/test-annotations
[DEBUG]   (f) mojoExecution = org.apache.maven.plugins:maven-compiler-plugin:3.1:testCompile {execution: default-testCompile}
[DEBUG]   (f) optimize = false
[DEBUG]   (f) outputDirectory = /Users/mouachani/projects/imsa/imsa-process-kogito/target/test-classes
[DEBUG]   (f) showDeprecation = false
[DEBUG]   (f) showWarnings = false
[DEBUG]   (f) skipMultiThreadWarning = false
[DEBUG]   (f) source = 1.6
[DEBUG]   (f) staleMillis = 0
[DEBUG]   (f) target = 1.6
[DEBUG]   (f) useIncrementalCompilation = true
[DEBUG]   (f) verbose = false
[DEBUG]   (f) mavenSession = org.apache.maven.execution.MavenSession@6dce59e
[DEBUG]   (f) session = org.apache.maven.execution.MavenSession@6dce59e
[DEBUG] -- end configuration --
[DEBUG] Using compiler 'javac'.
[DEBUG] Source directories: [/Users/mouachani/projects/imsa/imsa-process-kogito/src/test/java]
[DEBUG] Classpath: [/Users/mouachani/projects/imsa/imsa-process-kogito/target/test-classes
 /Users/mouachani/projects/imsa/imsa-process-kogito/target/classes
 /Users/mouachani/.m2/repository/org/kie/kogito/kogito-quarkus/2.0.0-SNAPSHOT/kogito-quarkus-2.0.0-SNAPSHOT.jar
 /Users/mouachani/.m2/repository/org/kie/kogito/kogito-quarkus-common/2.0.0-SNAPSHOT/kogito-quarkus-common-2.0.0-SNAPSHOT.jar
 /Users/mouachani/.m2/repository/org/kie/kogito/kogito-api-incubation-application/2.0.0-SNAPSHOT/kogito-api-incubation-application-2.0.0-SNAPSHOT.jar
 /Users/mouachani/.m2/repository/org/kie/kogito/kogito-api-incubation-common/2.0.0-SNAPSHOT/kogito-api-incubation-common-2.0.0-SNAPSHOT.jar
 /Users/mouachani/.m2/repository/org/kie/kogito/kogito-api-incubation-common-objectmapper/2.0.0-SNAPSHOT/kogito-api-incubation-common-objectmapper-2.0.0-SNAPSHOT.jar
 /Users/mouachani/.m2/repository/org/mvel/mvel2/2.4.12.Final/mvel2-2.4.12.Final.jar
 /Users/mouachani/.m2/repository/com/jayway/jsonpath/json-path/2.6.0/json-path-2.6.0.jar
 /Users/mouachani/.m2/repository/net/minidev/json-smart/2.4.7/json-smart-2.4.7.jar
 /Users/mouachani/.m2/repository/net/minidev/accessors-smart/2.4.7/accessors-smart-2.4.7.jar
 /Users/mouachani/.m2/repository/io/quarkus/arc/arc-processor/2.4.0.Final/arc-processor-2.4.0.Final.jar
 /Users/mouachani/.m2/repository/io/quarkus/gizmo/gizmo/1.0.9.Final/gizmo-1.0.9.Final.jar
 /Users/mouachani/.m2/repository/org/ow2/asm/asm-util/9.1/asm-util-9.1.jar
 /Users/mouachani/.m2/repository/io/quarkus/quarkus-undertow/2.4.0.Final/quarkus-undertow-2.4.0.Final.jar
 /Users/mouachani/.m2/repository/io/quarkus/http/quarkus-http-servlet/4.1.3/quarkus-http-servlet-4.1.3.jar
 /Users/mouachani/.m2/repository/jakarta/servlet/jakarta.servlet-api/4.0.3/jakarta.servlet-api-4.0.3.jar
 /Users/mouachani/.m2/repository/io/quarkus/http/quarkus-http-vertx-backend/4.1.3/quarkus-http-vertx-backend-4.1.3.jar
 /Users/mouachani/.m2/repository/io/quarkus/http/quarkus-http-http-core/4.1.3/quarkus-http-http-core-4.1.3.jar
 /Users/mouachani/.m2/repository/io/quarkus/http/quarkus-http-core/4.1.3/quarkus-http-core-4.1.3.jar
 /Users/mouachani/.m2/repository/org/kie/kogito/kogito-quarkus-rules/2.0.0-SNAPSHOT/kogito-quarkus-rules-2.0.0-SNAPSHOT.jar
 /Users/mouachani/.m2/repository/org/kie/kogito/kogito-api-incubation-rules-services/2.0.0-SNAPSHOT/kogito-api-incubation-rules-services-2.0.0-SNAPSHOT.jar
 /Users/mouachani/.m2/repository/org/kie/kogito/kogito-api-incubation-rules/2.0.0-SNAPSHOT/kogito-api-incubation-rules-2.0.0-SNAPSHOT.jar
 /Users/mouachani/.m2/repository/org/kie/kogito/kogito-drools/2.0.0-SNAPSHOT/kogito-drools-2.0.0-SNAPSHOT.jar
 /Users/mouachani/.m2/repository/org/kie/kogito/drools-core-static/2.0.0-SNAPSHOT/drools-core-static-2.0.0-SNAPSHOT.jar
 /Users/mouachani/.m2/repository/org/drools/drools-core-reflective/8.15.0-SNAPSHOT/drools-core-reflective-8.15.0-SNAPSHOT.jar
 /Users/mouachani/.m2/repository/org/kie/kogito/kogito-ruleunits/2.0.0-SNAPSHOT/kogito-ruleunits-2.0.0-SNAPSHOT.jar
 /Users/mouachani/.m2/repository/org/kie/kogito/kogito-drools-model/2.0.0-SNAPSHOT/kogito-drools-model-2.0.0-SNAPSHOT.jar
 /Users/mouachani/.m2/repository/org/drools/drools-model-compiler/8.15.0-SNAPSHOT/drools-model-compiler-8.15.0-SNAPSHOT.jar
 /Users/mouachani/.m2/repository/org/drools/drools-canonical-model/8.15.0-SNAPSHOT/drools-canonical-model-8.15.0-SNAPSHOT.jar
 /Users/mouachani/.m2/repository/org/drools/drools-mvel-parser/8.15.0-SNAPSHOT/drools-mvel-parser-8.15.0-SNAPSHOT.jar
 /Users/mouachani/.m2/repository/org/drools/drools-mvel-compiler/8.15.0-SNAPSHOT/drools-mvel-compiler-8.15.0-SNAPSHOT.jar
 /Users/mouachani/.m2/repository/org/kie/kogito/kogito-quarkus-decisions/2.0.0-SNAPSHOT/kogito-quarkus-decisions-2.0.0-SNAPSHOT.jar
 /Users/mouachani/.m2/repository/org/kie/kogito/kogito-api-incubation-decisions-services/2.0.0-SNAPSHOT/kogito-api-incubation-decisions-services-2.0.0-SNAPSHOT.jar
 /Users/mouachani/.m2/repository/org/kie/kogito/kogito-api-incubation-decisions/2.0.0-SNAPSHOT/kogito-api-incubation-decisions-2.0.0-SNAPSHOT.jar
 /Users/mouachani/.m2/repository/org/kie/kogito/kogito-dmn/2.0.0-SNAPSHOT/kogito-dmn-2.0.0-SNAPSHOT.jar
 /Users/mouachani/.m2/repository/org/kie/kie-dmn-core/8.15.0-SNAPSHOT/kie-dmn-core-8.15.0-SNAPSHOT.jar
 /Users/mouachani/.m2/repository/org/kie/kie-dmn-backend/8.15.0-SNAPSHOT/kie-dmn-backend-8.15.0-SNAPSHOT.jar
 /Users/mouachani/.m2/repository/org/kie/kie-dmn-feel/8.15.0-SNAPSHOT/kie-dmn-feel-8.15.0-SNAPSHOT.jar
 /Users/mouachani/.m2/repository/ch/obermuhlner/big-math/2.0.1/big-math-2.0.1.jar
 /Users/mouachani/.m2/repository/org/kie/kie-memory-compiler/8.15.0-SNAPSHOT/kie-memory-compiler-8.15.0-SNAPSHOT.jar
 /Users/mouachani/.m2/repository/org/drools/drools-alphanetwork-compiler/8.15.0-SNAPSHOT/drools-alphanetwork-compiler-8.15.0-SNAPSHOT.jar
 /Users/mouachani/.m2/repository/org/antlr/antlr4-runtime/4.9.2/antlr4-runtime-4.9.2.jar
 /Users/mouachani/.m2/repository/org/jpmml/pmml-model/1.5.1/pmml-model-1.5.1.jar
 /Users/mouachani/.m2/repository/org/jpmml/pmml-agent/1.5.1/pmml-agent-1.5.1.jar
 /Users/mouachani/.m2/repository/org/kie/kie-dmn-validation/8.15.0-SNAPSHOT/kie-dmn-validation-8.15.0-SNAPSHOT.jar
 /Users/mouachani/.m2/repository/org/kie/kogito/kogito-quarkus-predictions/2.0.0-SNAPSHOT/kogito-quarkus-predictions-2.0.0-SNAPSHOT.jar
 /Users/mouachani/.m2/repository/org/kie/kogito/kogito-pmml/2.0.0-SNAPSHOT/kogito-pmml-2.0.0-SNAPSHOT.jar
 /Users/mouachani/.m2/repository/org/kie/kie-pmml-dependencies/8.15.0-SNAPSHOT/kie-pmml-dependencies-8.15.0-SNAPSHOT.jar
 /Users/mouachani/.m2/repository/org/kie/kie-pmml-compiler-api/8.15.0-SNAPSHOT/kie-pmml-compiler-api-8.15.0-SNAPSHOT.jar
 /Users/mouachani/.m2/repository/org/glassfish/jaxb/jaxb-runtime/2.3.3-b02/jaxb-runtime-2.3.3-b02.jar
 /Users/mouachani/.m2/repository/org/glassfish/jaxb/txw2/2.3.3-b02/txw2-2.3.3-b02.jar
 /Users/mouachani/.m2/repository/com/sun/istack/istack-commons-runtime/3.0.10/istack-commons-runtime-3.0.10.jar
 /Users/mouachani/.m2/repository/org/kie/kie-pmml-compiler-core/8.15.0-SNAPSHOT/kie-pmml-compiler-core-8.15.0-SNAPSHOT.jar
 /Users/mouachani/.m2/repository/org/kie/kie-pmml-compiler-commons/8.15.0-SNAPSHOT/kie-pmml-compiler-commons-8.15.0-SNAPSHOT.jar
 /Users/mouachani/.m2/repository/org/kie/kie-pmml-evaluator-core/8.15.0-SNAPSHOT/kie-pmml-evaluator-core-8.15.0-SNAPSHOT.jar
 /Users/mouachani/.m2/repository/org/kie/kie-pmml-evaluator-assembler/8.15.0-SNAPSHOT/kie-pmml-evaluator-assembler-8.15.0-SNAPSHOT.jar
 /Users/mouachani/.m2/repository/org/kie/kie-pmml-kie-internal/8.15.0-SNAPSHOT/kie-pmml-kie-internal-8.15.0-SNAPSHOT.jar
 /Users/mouachani/.m2/repository/org/kie/kie-pmml-models-drools-common/8.15.0-SNAPSHOT/kie-pmml-models-drools-common-8.15.0-SNAPSHOT.jar
 /Users/mouachani/.m2/repository/org/kie/kie-pmml-models-regression-model/8.15.0-SNAPSHOT/kie-pmml-models-regression-model-8.15.0-SNAPSHOT.jar
 /Users/mouachani/.m2/repository/org/kie/kie-pmml-models-regression-compiler/8.15.0-SNAPSHOT/kie-pmml-models-regression-compiler-8.15.0-SNAPSHOT.jar
 /Users/mouachani/.m2/repository/org/kie/kie-pmml-models-regression-evaluator/8.15.0-SNAPSHOT/kie-pmml-models-regression-evaluator-8.15.0-SNAPSHOT.jar
 /Users/mouachani/.m2/repository/org/kie/kie-pmml-models-tree-model/8.15.0-SNAPSHOT/kie-pmml-models-tree-model-8.15.0-SNAPSHOT.jar
 /Users/mouachani/.m2/repository/org/kie/kie-pmml-models-tree-compiler/8.15.0-SNAPSHOT/kie-pmml-models-tree-compiler-8.15.0-SNAPSHOT.jar
 /Users/mouachani/.m2/repository/org/kie/kie-pmml-models-tree-evaluator/8.15.0-SNAPSHOT/kie-pmml-models-tree-evaluator-8.15.0-SNAPSHOT.jar
 /Users/mouachani/.m2/repository/org/kie/kie-pmml-models-scorecard-model/8.15.0-SNAPSHOT/kie-pmml-models-scorecard-model-8.15.0-SNAPSHOT.jar
 /Users/mouachani/.m2/repository/org/kie/kie-pmml-models-scorecard-compiler/8.15.0-SNAPSHOT/kie-pmml-models-scorecard-compiler-8.15.0-SNAPSHOT.jar
 /Users/mouachani/.m2/repository/org/kie/kie-pmml-models-scorecard-evaluator/8.15.0-SNAPSHOT/kie-pmml-models-scorecard-evaluator-8.15.0-SNAPSHOT.jar
 /Users/mouachani/.m2/repository/org/kie/kie-pmml-models-mining-model/8.15.0-SNAPSHOT/kie-pmml-models-mining-model-8.15.0-SNAPSHOT.jar
 /Users/mouachani/.m2/repository/org/kie/kie-pmml-models-mining-compiler/8.15.0-SNAPSHOT/kie-pmml-models-mining-compiler-8.15.0-SNAPSHOT.jar
 /Users/mouachani/.m2/repository/org/kie/kie-pmml-models-mining-evaluator/8.15.0-SNAPSHOT/kie-pmml-models-mining-evaluator-8.15.0-SNAPSHOT.jar
 /Users/mouachani/.m2/repository/org/kie/kie-pmml-models-clustering-model/8.15.0-SNAPSHOT/kie-pmml-models-clustering-model-8.15.0-SNAPSHOT.jar
 /Users/mouachani/.m2/repository/org/kie/kie-pmml-models-clustering-compiler/8.15.0-SNAPSHOT/kie-pmml-models-clustering-compiler-8.15.0-SNAPSHOT.jar
 /Users/mouachani/.m2/repository/org/kie/kie-pmml-models-clustering-evaluator/8.15.0-SNAPSHOT/kie-pmml-models-clustering-evaluator-8.15.0-SNAPSHOT.jar
 /Users/mouachani/.m2/repository/org/kie/kogito/kogito-api-incubation-predictions-services/2.0.0-SNAPSHOT/kogito-api-incubation-predictions-services-2.0.0-SNAPSHOT.jar
 /Users/mouachani/.m2/repository/org/kie/kogito/kogito-api-incubation-predictions/2.0.0-SNAPSHOT/kogito-api-incubation-predictions-2.0.0-SNAPSHOT.jar
 /Users/mouachani/.m2/repository/io/quarkus/quarkus-arc/2.4.0.Final/quarkus-arc-2.4.0.Final.jar
 /Users/mouachani/.m2/repository/io/quarkus/arc/arc/2.4.0.Final/arc-2.4.0.Final.jar
 /Users/mouachani/.m2/repository/jakarta/enterprise/jakarta.enterprise.cdi-api/2.0.2/jakarta.enterprise.cdi-api-2.0.2.jar
 /Users/mouachani/.m2/repository/jakarta/el/jakarta.el-api/3.0.3/jakarta.el-api-3.0.3.jar
 /Users/mouachani/.m2/repository/org/jboss/logging/jboss-logging/3.4.2.Final/jboss-logging-3.4.2.Final.jar
 /Users/mouachani/.m2/repository/io/quarkus/quarkus-core/2.4.0.Final/quarkus-core-2.4.0.Final.jar
 /Users/mouachani/.m2/repository/jakarta/inject/jakarta.inject-api/1.0/jakarta.inject-api-1.0.jar
 /Users/mouachani/.m2/repository/io/quarkus/quarkus-ide-launcher/2.4.0.Final/quarkus-ide-launcher-2.4.0.Final.jar
 /Users/mouachani/.m2/repository/io/quarkus/quarkus-development-mode-spi/2.4.0.Final/quarkus-development-mode-spi-2.4.0.Final.jar
 /Users/mouachani/.m2/repository/io/smallrye/config/smallrye-config/2.5.1/smallrye-config-2.5.1.jar
 /Users/mouachani/.m2/repository/io/smallrye/config/smallrye-config-core/2.5.1/smallrye-config-core-2.5.1.jar
 /Users/mouachani/.m2/repository/io/smallrye/common/smallrye-common-expression/1.6.0/smallrye-common-expression-1.6.0.jar
 /Users/mouachani/.m2/repository/io/smallrye/common/smallrye-common-function/1.6.0/smallrye-common-function-1.6.0.jar
 /Users/mouachani/.m2/repository/io/smallrye/common/smallrye-common-constraint/1.6.0/smallrye-common-constraint-1.6.0.jar
 /Users/mouachani/.m2/repository/io/smallrye/common/smallrye-common-classloader/1.6.0/smallrye-common-classloader-1.6.0.jar
 /Users/mouachani/.m2/repository/io/smallrye/config/smallrye-config-common/2.5.1/smallrye-config-common-2.5.1.jar
 /Users/mouachani/.m2/repository/org/jboss/logmanager/jboss-logmanager-embedded/1.0.9/jboss-logmanager-embedded-1.0.9.jar
 /Users/mouachani/.m2/repository/org/jboss/logging/jboss-logging-annotations/2.2.1.Final/jboss-logging-annotations-2.2.1.Final.jar
 /Users/mouachani/.m2/repository/org/jboss/threads/jboss-threads/3.4.2.Final/jboss-threads-3.4.2.Final.jar
 /Users/mouachani/.m2/repository/org/jboss/slf4j/slf4j-jboss-logmanager/1.1.0.Final/slf4j-jboss-logmanager-1.1.0.Final.jar
 /Users/mouachani/.m2/repository/org/graalvm/sdk/graal-sdk/21.2.0/graal-sdk-21.2.0.jar
 /Users/mouachani/.m2/repository/org/wildfly/common/wildfly-common/1.5.4.Final-format-001/wildfly-common-1.5.4.Final-format-001.jar
 /Users/mouachani/.m2/repository/io/quarkus/quarkus-bootstrap-runner/2.4.0.Final/quarkus-bootstrap-runner-2.4.0.Final.jar
 /Users/mouachani/.m2/repository/org/eclipse/microprofile/context-propagation/microprofile-context-propagation-api/1.2/microprofile-context-propagation-api-1.2.jar
 /Users/mouachani/.m2/repository/io/quarkus/quarkus-resteasy/2.4.0.Final/quarkus-resteasy-2.4.0.Final.jar
 /Users/mouachani/.m2/repository/io/quarkus/quarkus-vertx-http/2.4.0.Final/quarkus-vertx-http-2.4.0.Final.jar
 /Users/mouachani/.m2/repository/io/quarkus/quarkus-security-runtime-spi/2.4.0.Final/quarkus-security-runtime-spi-2.4.0.Final.jar
 /Users/mouachani/.m2/repository/io/quarkus/quarkus-mutiny/2.4.0.Final/quarkus-mutiny-2.4.0.Final.jar
 /Users/mouachani/.m2/repository/io/quarkus/quarkus-smallrye-context-propagation/2.4.0.Final/quarkus-smallrye-context-propagation-2.4.0.Final.jar
 /Users/mouachani/.m2/repository/io/smallrye/smallrye-context-propagation/1.2.2/smallrye-context-propagation-1.2.2.jar
 /Users/mouachani/.m2/repository/io/smallrye/smallrye-context-propagation-api/1.2.2/smallrye-context-propagation-api-1.2.2.jar
 /Users/mouachani/.m2/repository/io/smallrye/smallrye-context-propagation-storage/1.2.2/smallrye-context-propagation-storage-1.2.2.jar
 /Users/mouachani/.m2/repository/io/smallrye/reactive/mutiny-smallrye-context-propagation/1.1.2/mutiny-smallrye-context-propagation-1.1.2.jar
 /Users/mouachani/.m2/repository/io/quarkus/quarkus-vertx-http-dev-console-runtime-spi/2.4.0.Final/quarkus-vertx-http-dev-console-runtime-spi-2.4.0.Final.jar
 /Users/mouachani/.m2/repository/io/quarkus/security/quarkus-security/1.1.4.Final/quarkus-security-1.1.4.Final.jar
 /Users/mouachani/.m2/repository/io/quarkus/quarkus-vertx/2.4.0.Final/quarkus-vertx-2.4.0.Final.jar
 /Users/mouachani/.m2/repository/io/netty/netty-codec-haproxy/4.1.68.Final/netty-codec-haproxy-4.1.68.Final.jar
 /Users/mouachani/.m2/repository/io/smallrye/smallrye-fault-tolerance-vertx/5.2.1/smallrye-fault-tolerance-vertx-5.2.1.jar
 /Users/mouachani/.m2/repository/io/smallrye/reactive/smallrye-mutiny-vertx-web/2.14.1/smallrye-mutiny-vertx-web-2.14.1.jar
 /Users/mouachani/.m2/repository/io/smallrye/reactive/smallrye-mutiny-vertx-bridge-common/2.14.1/smallrye-mutiny-vertx-bridge-common-2.14.1.jar
 /Users/mouachani/.m2/repository/io/vertx/vertx-web/4.1.5/vertx-web-4.1.5.jar
 /Users/mouachani/.m2/repository/io/vertx/vertx-web-common/4.1.5/vertx-web-common-4.1.5.jar
 /Users/mouachani/.m2/repository/io/vertx/vertx-auth-common/4.1.5/vertx-auth-common-4.1.5.jar
 /Users/mouachani/.m2/repository/io/vertx/vertx-bridge-common/4.1.5/vertx-bridge-common-4.1.5.jar
 /Users/mouachani/.m2/repository/io/quarkus/quarkus-resteasy-server-common/2.4.0.Final/quarkus-resteasy-server-common-2.4.0.Final.jar
 /Users/mouachani/.m2/repository/jakarta/validation/jakarta.validation-api/2.0.2/jakarta.validation-api-2.0.2.jar
 /Users/mouachani/.m2/repository/org/kie/kogito/kogito-addons-quarkus-process-management/2.0.0-SNAPSHOT/kogito-addons-quarkus-process-management-2.0.0-SNAPSHOT.jar
 /Users/mouachani/.m2/repository/org/kie/kogito/kogito-addons-process-management/2.0.0-SNAPSHOT/kogito-addons-process-management-2.0.0-SNAPSHOT.jar
 /Users/mouachani/.m2/repository/org/kie/kogito/kogito-addons-quarkus-rest-exception-handler/2.0.0-SNAPSHOT/kogito-addons-quarkus-rest-exception-handler-2.0.0-SNAPSHOT.jar
 /Users/mouachani/.m2/repository/org/kie/kogito/kogito-addons-rest-exception-handler/2.0.0-SNAPSHOT/kogito-addons-rest-exception-handler-2.0.0-SNAPSHOT.jar
 /Users/mouachani/.m2/repository/org/kie/kogito/jbpm-flow/2.0.0-SNAPSHOT/jbpm-flow-2.0.0-SNAPSHOT.jar
 /Users/mouachani/.m2/repository/org/kie/kogito/process-workitems/2.0.0-SNAPSHOT/process-workitems-2.0.0-SNAPSHOT.jar
 /Users/mouachani/.m2/repository/org/kie/kogito/drools-core/2.0.0-SNAPSHOT/drools-core-2.0.0-SNAPSHOT.jar
 /Users/mouachani/.m2/repository/org/drools/drools-core/8.15.0-SNAPSHOT/drools-core-8.15.0-SNAPSHOT.jar
 /Users/mouachani/.m2/repository/org/kie/kie-util-xml/8.15.0-SNAPSHOT/kie-util-xml-8.15.0-SNAPSHOT.jar
 /Users/mouachani/.m2/repository/com/github/javaparser/javaparser-symbol-solver-core/3.23.1/javaparser-symbol-solver-core-3.23.1.jar
 /Users/mouachani/.m2/repository/com/github/javaparser/javaparser-core/3.23.1/javaparser-core-3.23.1.jar
 /Users/mouachani/.m2/repository/org/javassist/javassist/3.28.0-GA/javassist-3.28.0-GA.jar
 /Users/mouachani/.m2/repository/com/google/guava/guava/30.1.1-jre/guava-30.1.1-jre.jar
 /Users/mouachani/.m2/repository/com/google/guava/failureaccess/1.0.1/failureaccess-1.0.1.jar
 /Users/mouachani/.m2/repository/com/google/guava/listenablefuture/9999.0-empty-to-avoid-conflict-with-guava/listenablefuture-9999.0-empty-to-avoid-conflict-with-guava.jar
 /Users/mouachani/.m2/repository/com/google/code/findbugs/jsr305/3.0.2/jsr305-3.0.2.jar
 /Users/mouachani/.m2/repository/org/checkerframework/checker-qual/2.5.2/checker-qual-2.5.2.jar
 /Users/mouachani/.m2/repository/com/google/j2objc/j2objc-annotations/1.3/j2objc-annotations-1.3.jar
 /Users/mouachani/.m2/repository/org/drools/drools-mvel/8.15.0-SNAPSHOT/drools-mvel-8.15.0-SNAPSHOT.jar
 /Users/mouachani/.m2/repository/org/drools/drools-compiler/8.15.0-SNAPSHOT/drools-compiler-8.15.0-SNAPSHOT.jar
 /Users/mouachani/.m2/repository/org/drools/drools-ecj/8.15.0-SNAPSHOT/drools-ecj-8.15.0-SNAPSHOT.jar
 /Users/mouachani/.m2/repository/org/kie/kie-util-maven-support/8.15.0-SNAPSHOT/kie-util-maven-support-8.15.0-SNAPSHOT.jar
 /Users/mouachani/.m2/repository/org/antlr/antlr-runtime/3.5.2/antlr-runtime-3.5.2.jar
 /Users/mouachani/.m2/repository/com/fasterxml/jackson/datatype/jackson-datatype-jsr310/2.12.5/jackson-datatype-jsr310-2.12.5.jar
 /Users/mouachani/.m2/repository/org/kie/kogito/kogito-quarkus-processes/2.0.0-SNAPSHOT/kogito-quarkus-processes-2.0.0-SNAPSHOT.jar
 /Users/mouachani/.m2/repository/org/kie/kogito/kogito-api-incubation-processes-services/2.0.0-SNAPSHOT/kogito-api-incubation-processes-services-2.0.0-SNAPSHOT.jar
 /Users/mouachani/.m2/repository/org/kie/kogito/kogito-api-incubation-processes/2.0.0-SNAPSHOT/kogito-api-incubation-processes-2.0.0-SNAPSHOT.jar
 /Users/mouachani/.m2/repository/org/kie/kogito/jbpm-bpmn2/2.0.0-SNAPSHOT/jbpm-bpmn2-2.0.0-SNAPSHOT.jar
 /Users/mouachani/.m2/repository/org/kie/kogito/drools-compiler/2.0.0-SNAPSHOT/drools-compiler-2.0.0-SNAPSHOT.jar
 /Users/mouachani/.m2/repository/org/kie/kogito/jbpm-flow-builder/2.0.0-SNAPSHOT/jbpm-flow-builder-2.0.0-SNAPSHOT.jar
 /Users/mouachani/.m2/repository/org/kie/kogito/process-serialization-protobuf/2.0.0-SNAPSHOT/process-serialization-protobuf-2.0.0-SNAPSHOT.jar
 /Users/mouachani/.m2/repository/com/google/protobuf/protobuf-java/3.17.3/protobuf-java-3.17.3.jar
 /Users/mouachani/.m2/repository/com/google/protobuf/protobuf-java-util/3.15.8/protobuf-java-util-3.15.8.jar
 /Users/mouachani/.m2/repository/com/google/errorprone/error_prone_annotations/2.2.0/error_prone_annotations-2.2.0.jar
 /Users/mouachani/.m2/repository/com/google/code/gson/gson/2.8.6/gson-2.8.6.jar
 /Users/mouachani/.m2/repository/org/infinispan/protostream/protostream/4.4.1.Final/protostream-4.4.1.Final.jar
 /Users/mouachani/.m2/repository/io/smallrye/reactive/smallrye-mutiny-vertx-web-client/2.14.1/smallrye-mutiny-vertx-web-client-2.14.1.jar
 /Users/mouachani/.m2/repository/io/vertx/vertx-web-client/4.1.5/vertx-web-client-4.1.5.jar
 /Users/mouachani/.m2/repository/io/smallrye/reactive/smallrye-mutiny-vertx-core/2.14.1/smallrye-mutiny-vertx-core-2.14.1.jar
 /Users/mouachani/.m2/repository/io/smallrye/reactive/smallrye-mutiny-vertx-runtime/2.14.1/smallrye-mutiny-vertx-runtime-2.14.1.jar
 /Users/mouachani/.m2/repository/io/smallrye/reactive/vertx-mutiny-generator/2.14.1/vertx-mutiny-generator-2.14.1.jar
 /Users/mouachani/.m2/repository/io/vertx/vertx-codegen/4.1.5/vertx-codegen-4.1.5.jar
 /Users/mouachani/.m2/repository/io/smallrye/reactive/smallrye-mutiny-vertx-auth-common/2.14.1/smallrye-mutiny-vertx-auth-common-2.14.1.jar
 /Users/mouachani/.m2/repository/io/smallrye/reactive/smallrye-mutiny-vertx-web-common/2.14.1/smallrye-mutiny-vertx-web-common-2.14.1.jar
 /Users/mouachani/.m2/repository/org/kie/kogito/kogito-addons-quarkus-messaging/2.0.0-SNAPSHOT/kogito-addons-quarkus-messaging-2.0.0-SNAPSHOT.jar
 /Users/mouachani/.m2/repository/org/kie/kogito/kogito-addons-quarkus-messaging-common/2.0.0-SNAPSHOT/kogito-addons-quarkus-messaging-common-2.0.0-SNAPSHOT.jar
 /Users/mouachani/.m2/repository/org/kie/kogito/kogito-addons-messaging/2.0.0-SNAPSHOT/kogito-addons-messaging-2.0.0-SNAPSHOT.jar
 /Users/mouachani/.m2/repository/org/kie/kogito/kogito-addons-cloudevents-utils/2.0.0-SNAPSHOT/kogito-addons-cloudevents-utils-2.0.0-SNAPSHOT.jar
 /Users/mouachani/.m2/repository/io/cloudevents/cloudevents-api/2.2.0/cloudevents-api-2.2.0.jar
 /Users/mouachani/.m2/repository/io/cloudevents/cloudevents-json-jackson/2.2.0/cloudevents-json-jackson-2.2.0.jar
 /Users/mouachani/.m2/repository/io/cloudevents/cloudevents-http-restful-ws/2.2.0/cloudevents-http-restful-ws-2.2.0.jar
 /Users/mouachani/.m2/repository/io/cloudevents/cloudevents-core/2.2.0/cloudevents-core-2.2.0.jar
 /Users/mouachani/.m2/repository/jakarta/ws/rs/jakarta.ws.rs-api/2.1.6/jakarta.ws.rs-api-2.1.6.jar
 /Users/mouachani/.m2/repository/org/kie/kogito/kogito-addons-quarkus-events-process/2.0.0-SNAPSHOT/kogito-addons-quarkus-events-process-2.0.0-SNAPSHOT.jar
 /Users/mouachani/.m2/repository/org/kie/kogito/kogito-events-api/2.0.0-SNAPSHOT/kogito-events-api-2.0.0-SNAPSHOT.jar
 /Users/mouachani/.m2/repository/org/reactivestreams/reactive-streams/1.0.3/reactive-streams-1.0.3.jar
 /Users/mouachani/.m2/repository/org/kie/kogito/kogito-services/2.0.0-SNAPSHOT/kogito-services-2.0.0-SNAPSHOT.jar
 /Users/mouachani/.m2/repository/com/fasterxml/jackson/core/jackson-databind/2.12.5/jackson-databind-2.12.5.jar
 /Users/mouachani/.m2/repository/com/fasterxml/jackson/core/jackson-core/2.12.5/jackson-core-2.12.5.jar
 /Users/mouachani/.m2/repository/io/smallrye/reactive/smallrye-reactive-messaging-provider/3.10.1/smallrye-reactive-messaging-provider-3.10.1.jar
 /Users/mouachani/.m2/repository/io/smallrye/reactive/smallrye-reactive-messaging-api/3.10.1/smallrye-reactive-messaging-api-3.10.1.jar
 /Users/mouachani/.m2/repository/org/jboss/jandex/2.4.1.Final/jandex-2.4.1.Final.jar
 /Users/mouachani/.m2/repository/io/smallrye/reactive/smallrye-reactive-converter-api/2.6.0/smallrye-reactive-converter-api-2.6.0.jar
 /Users/mouachani/.m2/repository/io/smallrye/reactive/mutiny/1.1.2/mutiny-1.1.2.jar
 /Users/mouachani/.m2/repository/org/eclipse/microprofile/config/microprofile-config-api/2.0/microprofile-config-api-2.0.jar
 /Users/mouachani/.m2/repository/org/slf4j/slf4j-api/1.7.30/slf4j-api-1.7.30.jar
 /Users/mouachani/.m2/repository/io/quarkus/quarkus-smallrye-reactive-messaging-kafka/2.4.0.Final/quarkus-smallrye-reactive-messaging-kafka-2.4.0.Final.jar
 /Users/mouachani/.m2/repository/io/quarkus/quarkus-kafka-client/2.4.0.Final/quarkus-kafka-client-2.4.0.Final.jar
 /Users/mouachani/.m2/repository/io/smallrye/reactive/smallrye-reactive-messaging-kafka/3.10.1/smallrye-reactive-messaging-kafka-3.10.1.jar
 /Users/mouachani/.m2/repository/io/smallrye/reactive/smallrye-reactive-messaging-kafka-api/3.10.1/smallrye-reactive-messaging-kafka-api-3.10.1.jar
 /Users/mouachani/.m2/repository/io/opentelemetry/opentelemetry-api/1.6.0/opentelemetry-api-1.6.0.jar
 /Users/mouachani/.m2/repository/io/opentelemetry/opentelemetry-context/1.6.0/opentelemetry-context-1.6.0.jar
 /Users/mouachani/.m2/repository/io/opentelemetry/opentelemetry-semconv/1.6.0-alpha/opentelemetry-semconv-1.6.0-alpha.jar
 /Users/mouachani/.m2/repository/io/quarkus/quarkus-jackson/2.4.0.Final/quarkus-jackson-2.4.0.Final.jar
 /Users/mouachani/.m2/repository/com/fasterxml/jackson/datatype/jackson-datatype-jdk8/2.12.5/jackson-datatype-jdk8-2.12.5.jar
 /Users/mouachani/.m2/repository/com/fasterxml/jackson/module/jackson-module-parameter-names/2.12.5/jackson-module-parameter-names-2.12.5.jar
 /Users/mouachani/.m2/repository/org/apache/kafka/kafka-clients/2.8.1/kafka-clients-2.8.1.jar
 /Users/mouachani/.m2/repository/com/github/luben/zstd-jni/1.4.9-1/zstd-jni-1.4.9-1.jar
 /Users/mouachani/.m2/repository/org/lz4/lz4-java/1.7.1/lz4-java-1.7.1.jar
 /Users/mouachani/.m2/repository/org/xerial/snappy/snappy-java/1.1.8.1/snappy-java-1.1.8.1.jar
 /Users/mouachani/.m2/repository/io/vertx/vertx-kafka-client/4.1.5/vertx-kafka-client-4.1.5.jar
 /Users/mouachani/.m2/repository/io/vertx/vertx-core/4.1.5/vertx-core-4.1.5.jar
 /Users/mouachani/.m2/repository/io/netty/netty-common/4.1.68.Final/netty-common-4.1.68.Final.jar
 /Users/mouachani/.m2/repository/io/netty/netty-buffer/4.1.68.Final/netty-buffer-4.1.68.Final.jar
 /Users/mouachani/.m2/repository/io/netty/netty-transport/4.1.68.Final/netty-transport-4.1.68.Final.jar
 /Users/mouachani/.m2/repository/io/netty/netty-handler-proxy/4.1.68.Final/netty-handler-proxy-4.1.68.Final.jar
 /Users/mouachani/.m2/repository/io/netty/netty-codec-socks/4.1.68.Final/netty-codec-socks-4.1.68.Final.jar
 /Users/mouachani/.m2/repository/io/netty/netty-resolver/4.1.68.Final/netty-resolver-4.1.68.Final.jar
 /Users/mouachani/.m2/repository/io/netty/netty-resolver-dns/4.1.68.Final/netty-resolver-dns-4.1.68.Final.jar
 /Users/mouachani/.m2/repository/io/netty/netty-codec-dns/4.1.68.Final/netty-codec-dns-4.1.68.Final.jar
 /Users/mouachani/.m2/repository/io/quarkus/quarkus-smallrye-reactive-messaging/2.4.0.Final/quarkus-smallrye-reactive-messaging-2.4.0.Final.jar
 /Users/mouachani/.m2/repository/io/quarkus/quarkus-mutiny-reactive-streams-operators/2.4.0.Final/quarkus-mutiny-reactive-streams-operators-2.4.0.Final.jar
 /Users/mouachani/.m2/repository/org/eclipse/microprofile/reactive-streams-operators/microprofile-reactive-streams-operators-api/1.0.1/microprofile-reactive-streams-operators-api-1.0.1.jar
 /Users/mouachani/.m2/repository/org/eclipse/microprofile/reactive-streams-operators/microprofile-reactive-streams-operators-core/1.0.1/microprofile-reactive-streams-operators-core-1.0.1.jar
 /Users/mouachani/.m2/repository/io/smallrye/reactive/mutiny-reactive-streams-operators/1.1.2/mutiny-reactive-streams-operators-1.1.2.jar
 /Users/mouachani/.m2/repository/io/quarkus/quarkus-smallrye-reactive-messaging-kotlin/2.4.0.Final/quarkus-smallrye-reactive-messaging-kotlin-2.4.0.Final.jar
 /Users/mouachani/.m2/repository/io/smallrye/common/smallrye-common-annotation/1.6.0/smallrye-common-annotation-1.6.0.jar
 /Users/mouachani/.m2/repository/io/smallrye/reactive/smallrye-reactive-messaging-health/3.10.1/smallrye-reactive-messaging-health-3.10.1.jar
 /Users/mouachani/.m2/repository/jakarta/annotation/jakarta.annotation-api/1.3.5/jakarta.annotation-api-1.3.5.jar
 /Users/mouachani/.m2/repository/io/quarkus/quarkus-resteasy-jackson/2.4.0.Final/quarkus-resteasy-jackson-2.4.0.Final.jar
 /Users/mouachani/.m2/repository/org/jboss/resteasy/resteasy-jackson2-provider/4.7.0.Final/resteasy-jackson2-provider-4.7.0.Final.jar
 /Users/mouachani/.m2/repository/com/fasterxml/jackson/jaxrs/jackson-jaxrs-json-provider/2.12.5/jackson-jaxrs-json-provider-2.12.5.jar
 /Users/mouachani/.m2/repository/com/fasterxml/jackson/jaxrs/jackson-jaxrs-base/2.12.5/jackson-jaxrs-base-2.12.5.jar
 /Users/mouachani/.m2/repository/com/fasterxml/jackson/module/jackson-module-jaxb-annotations/2.12.5/jackson-module-jaxb-annotations-2.12.5.jar
 /Users/mouachani/.m2/repository/com/github/java-json-tools/json-patch/1.13/json-patch-1.13.jar
 /Users/mouachani/.m2/repository/com/github/java-json-tools/msg-simple/1.2/msg-simple-1.2.jar
 /Users/mouachani/.m2/repository/com/github/java-json-tools/btf/1.3/btf-1.3.jar
 /Users/mouachani/.m2/repository/com/github/java-json-tools/jackson-coreutils/2.0/jackson-coreutils-2.0.jar
 /Users/mouachani/.m2/repository/org/jboss/spec/javax/xml/bind/jboss-jaxb-api_2.3_spec/2.0.0.Final/jboss-jaxb-api_2.3_spec-2.0.0.Final.jar
 /Users/mouachani/.m2/repository/io/quarkus/quarkus-smallrye-openapi/2.4.0.Final/quarkus-smallrye-openapi-2.4.0.Final.jar
 /Users/mouachani/.m2/repository/io/smallrye/smallrye-open-api-core/2.1.15/smallrye-open-api-core-2.1.15.jar
 /Users/mouachani/.m2/repository/org/eclipse/microprofile/openapi/microprofile-openapi-api/2.0.1-RC1/microprofile-openapi-api-2.0.1-RC1.jar
 /Users/mouachani/.m2/repository/com/fasterxml/jackson/dataformat/jackson-dataformat-yaml/2.12.5/jackson-dataformat-yaml-2.12.5.jar
 /Users/mouachani/.m2/repository/org/yaml/snakeyaml/1.29/snakeyaml-1.29.jar
 /Users/mouachani/.m2/repository/io/quarkus/quarkus-swagger-ui/2.4.0.Final/quarkus-swagger-ui-2.4.0.Final.jar
 /Users/mouachani/.m2/repository/org/kie/kogito/kogito-api/2.0.0-SNAPSHOT/kogito-api-2.0.0-SNAPSHOT.jar
 /Users/mouachani/.m2/repository/com/fasterxml/jackson/core/jackson-annotations/2.12.5/jackson-annotations-2.12.5.jar
 /Users/mouachani/.m2/repository/org/kie/kie-api/8.15.0-SNAPSHOT/kie-api-8.15.0-SNAPSHOT.jar
 /Users/mouachani/.m2/repository/org/kie/kie-dmn-api/8.15.0-SNAPSHOT/kie-dmn-api-8.15.0-SNAPSHOT.jar
 /Users/mouachani/.m2/repository/org/kie/kie-internal/8.15.0-SNAPSHOT/kie-internal-8.15.0-SNAPSHOT.jar
 /Users/mouachani/.m2/repository/org/kie/kie-dmn-model/8.15.0-SNAPSHOT/kie-dmn-model-8.15.0-SNAPSHOT.jar
 /Users/mouachani/.m2/repository/org/kie/kogito/kogito-timer/2.0.0-SNAPSHOT/kogito-timer-2.0.0-SNAPSHOT.jar
 /Users/mouachani/.m2/repository/org/kie/kie-pmml-evaluator-api/8.15.0-SNAPSHOT/kie-pmml-evaluator-api-8.15.0-SNAPSHOT.jar
 /Users/mouachani/.m2/repository/org/kie/kie-pmml-api/8.15.0-SNAPSHOT/kie-pmml-api-8.15.0-SNAPSHOT.jar
 /Users/mouachani/.m2/repository/org/apache/commons/commons-math3/3.4.1/commons-math3-3.4.1.jar
 /Users/mouachani/.m2/repository/org/kie/kie-pmml-commons/8.15.0-SNAPSHOT/kie-pmml-commons-8.15.0-SNAPSHOT.jar
 /Users/mouachani/.m2/repository/org/apache/commons/commons-text/1.9/commons-text-1.9.jar
 /Users/mouachani/.m2/repository/io/quarkus/quarkus-smallrye-health/2.4.0.Final/quarkus-smallrye-health-2.4.0.Final.jar
 /Users/mouachani/.m2/repository/io/smallrye/smallrye-health/3.1.1/smallrye-health-3.1.1.jar
 /Users/mouachani/.m2/repository/org/eclipse/microprofile/health/microprofile-health-api/3.1/microprofile-health-api-3.1.jar
 /Users/mouachani/.m2/repository/io/smallrye/smallrye-health-api/3.1.1/smallrye-health-api-3.1.1.jar
 /Users/mouachani/.m2/repository/io/smallrye/smallrye-health-provided-checks/3.1.1/smallrye-health-provided-checks-3.1.1.jar
 /Users/mouachani/.m2/repository/io/quarkus/quarkus-jsonp/2.4.0.Final/quarkus-jsonp-2.4.0.Final.jar
 /Users/mouachani/.m2/repository/org/glassfish/jakarta.json/1.1.6/jakarta.json-1.1.6.jar
 /Users/mouachani/.m2/repository/io/quarkus/quarkus-infinispan-client/2.4.0.Final/quarkus-infinispan-client-2.4.0.Final.jar
 /Users/mouachani/.m2/repository/io/quarkus/quarkus-caffeine/2.4.0.Final/quarkus-caffeine-2.4.0.Final.jar
 /Users/mouachani/.m2/repository/com/github/ben-manes/caffeine/caffeine/2.9.2/caffeine-2.9.2.jar
 /Users/mouachani/.m2/repository/io/quarkus/quarkus-netty/2.4.0.Final/quarkus-netty-2.4.0.Final.jar
 /Users/mouachani/.m2/repository/io/netty/netty-codec/4.1.68.Final/netty-codec-4.1.68.Final.jar
 /Users/mouachani/.m2/repository/io/netty/netty-codec-http/4.1.68.Final/netty-codec-http-4.1.68.Final.jar
 /Users/mouachani/.m2/repository/io/netty/netty-codec-http2/4.1.68.Final/netty-codec-http2-4.1.68.Final.jar
 /Users/mouachani/.m2/repository/io/netty/netty-handler/4.1.68.Final/netty-handler-4.1.68.Final.jar
 /Users/mouachani/.m2/repository/io/quarkus/quarkus-elytron-security-common/2.4.0.Final/quarkus-elytron-security-common-2.4.0.Final.jar
 /Users/mouachani/.m2/repository/org/wildfly/security/wildfly-elytron-credential/1.17.2.Final/wildfly-elytron-credential-1.17.2.Final.jar
 /Users/mouachani/.m2/repository/org/wildfly/security/wildfly-elytron-asn1/1.17.2.Final/wildfly-elytron-asn1-1.17.2.Final.jar
 /Users/mouachani/.m2/repository/org/wildfly/security/wildfly-elytron-keystore/1.17.2.Final/wildfly-elytron-keystore-1.17.2.Final.jar
 /Users/mouachani/.m2/repository/org/wildfly/security/wildfly-elytron-x500-cert/1.17.2.Final/wildfly-elytron-x500-cert-1.17.2.Final.jar
 /Users/mouachani/.m2/repository/org/wildfly/security/wildfly-elytron-x500-cert-util/1.17.2.Final/wildfly-elytron-x500-cert-util-1.17.2.Final.jar
 /Users/mouachani/.m2/repository/org/apache/sshd/sshd-common/2.3.0/sshd-common-2.3.0.jar
 /Users/mouachani/.m2/repository/org/wildfly/security/wildfly-elytron-provider-util/1.17.2.Final/wildfly-elytron-provider-util-1.17.2.Final.jar
 /Users/mouachani/.m2/repository/org/wildfly/security/wildfly-elytron-x500/1.17.2.Final/wildfly-elytron-x500-1.17.2.Final.jar
 /Users/mouachani/.m2/repository/org/wildfly/security/wildfly-elytron-password-impl/1.17.2.Final/wildfly-elytron-password-impl-1.17.2.Final.jar
 /Users/mouachani/.m2/repository/org/wildfly/security/wildfly-elytron-sasl-plain/1.17.2.Final/wildfly-elytron-sasl-plain-1.17.2.Final.jar
 /Users/mouachani/.m2/repository/org/wildfly/security/wildfly-elytron-auth-server/1.17.2.Final/wildfly-elytron-auth-server-1.17.2.Final.jar
 /Users/mouachani/.m2/repository/org/wildfly/security/wildfly-elytron-auth/1.17.2.Final/wildfly-elytron-auth-1.17.2.Final.jar
 /Users/mouachani/.m2/repository/org/wildfly/security/wildfly-elytron-base/1.17.2.Final/wildfly-elytron-base-1.17.2.Final.jar
 /Users/mouachani/.m2/repository/org/wildfly/security/wildfly-elytron-permission/1.17.2.Final/wildfly-elytron-permission-1.17.2.Final.jar
 /Users/mouachani/.m2/repository/org/wildfly/security/wildfly-elytron-sasl/1.17.2.Final/wildfly-elytron-sasl-1.17.2.Final.jar
 /Users/mouachani/.m2/repository/org/wildfly/security/wildfly-elytron-ssl/1.17.2.Final/wildfly-elytron-ssl-1.17.2.Final.jar
 /Users/mouachani/.m2/repository/org/wildfly/security/wildfly-elytron-mechanism/1.17.2.Final/wildfly-elytron-mechanism-1.17.2.Final.jar
 /Users/mouachani/.m2/repository/org/wildfly/security/wildfly-elytron-http/1.17.2.Final/wildfly-elytron-http-1.17.2.Final.jar
 /Users/mouachani/.m2/repository/org/wildfly/security/wildfly-elytron-sasl-digest/1.17.2.Final/wildfly-elytron-sasl-digest-1.17.2.Final.jar
 /Users/mouachani/.m2/repository/org/wildfly/security/wildfly-elytron-mechanism-digest/1.17.2.Final/wildfly-elytron-mechanism-digest-1.17.2.Final.jar
 /Users/mouachani/.m2/repository/org/wildfly/security/wildfly-elytron-util/1.17.2.Final/wildfly-elytron-util-1.17.2.Final.jar
 /Users/mouachani/.m2/repository/org/wildfly/security/wildfly-elytron-sasl-external/1.17.2.Final/wildfly-elytron-sasl-external-1.17.2.Final.jar
 /Users/mouachani/.m2/repository/org/wildfly/security/wildfly-elytron-sasl-oauth2/1.17.2.Final/wildfly-elytron-sasl-oauth2-1.17.2.Final.jar
 /Users/mouachani/.m2/repository/org/wildfly/security/wildfly-elytron-mechanism-oauth2/1.17.2.Final/wildfly-elytron-mechanism-oauth2-1.17.2.Final.jar
 /Users/mouachani/.m2/repository/org/wildfly/security/wildfly-elytron-sasl-scram/1.17.2.Final/wildfly-elytron-sasl-scram-1.17.2.Final.jar
 /Users/mouachani/.m2/repository/org/wildfly/security/wildfly-elytron-mechanism-scram/1.17.2.Final/wildfly-elytron-mechanism-scram-1.17.2.Final.jar
 /Users/mouachani/.m2/repository/org/infinispan/infinispan-client-hotrod/12.1.7.Final/infinispan-client-hotrod-12.1.7.Final.jar
 /Users/mouachani/.m2/repository/org/infinispan/infinispan-commons/12.1.7.Final/infinispan-commons-12.1.7.Final.jar
 /Users/mouachani/.m2/repository/org/wildfly/security/wildfly-elytron-sasl-gs2/1.17.2.Final/wildfly-elytron-sasl-gs2-1.17.2.Final.jar
 /Users/mouachani/.m2/repository/org/wildfly/security/wildfly-elytron-mechanism-gssapi/1.17.2.Final/wildfly-elytron-mechanism-gssapi-1.17.2.Final.jar
 /Users/mouachani/.m2/repository/org/wildfly/security/wildfly-elytron-security-manager-action/1.17.2.Final/wildfly-elytron-security-manager-action-1.17.2.Final.jar
 /Users/mouachani/.m2/repository/org/wildfly/security/wildfly-elytron-sasl-gssapi/1.17.2.Final/wildfly-elytron-sasl-gssapi-1.17.2.Final.jar
 /Users/mouachani/.m2/repository/io/reactivex/rxjava3/rxjava/3.0.4/rxjava-3.0.4.jar
 /Users/mouachani/.m2/repository/io/netty/netty-transport-native-epoll/4.1.68.Final/netty-transport-native-epoll-4.1.68.Final-linux-x86_64.jar
 /Users/mouachani/.m2/repository/io/netty/netty-transport-native-unix-common/4.1.68.Final/netty-transport-native-unix-common-4.1.68.Final.jar
 /Users/mouachani/.m2/repository/jakarta/transaction/jakarta.transaction-api/1.3.3/jakarta.transaction-api-1.3.3.jar
 /Users/mouachani/.m2/repository/org/infinispan/infinispan-remote-query-client/12.1.7.Final/infinispan-remote-query-client-12.1.7.Final.jar
 /Users/mouachani/.m2/repository/org/infinispan/infinispan-query-dsl/12.1.7.Final/infinispan-query-dsl-12.1.7.Final.jar
 /Users/mouachani/.m2/repository/org/infinispan/protostream/protostream-processor/4.4.1.Final/protostream-processor-4.4.1.Final.jar
 /Users/mouachani/.m2/repository/org/infinispan/protostream/protostream-types/4.4.1.Final/protostream-types-4.4.1.Final.jar
 /Users/mouachani/.m2/repository/org/kie/kogito/kogito-addons-persistence-infinispan/2.0.0-SNAPSHOT/kogito-addons-persistence-infinispan-2.0.0-SNAPSHOT.jar
 /Users/mouachani/.m2/repository/org/infinispan/infinispan-commons-jdk11/12.1.7.Final/infinispan-commons-jdk11-12.1.7.Final.jar
 /Users/mouachani/.m2/repository/org/kie/kogito/kogito-addons-quarkus-monitoring-prometheus/2.0.0-SNAPSHOT/kogito-addons-quarkus-monitoring-prometheus-2.0.0-SNAPSHOT.jar
 /Users/mouachani/.m2/repository/io/quarkus/quarkus-micrometer-registry-prometheus/2.4.0.Final/quarkus-micrometer-registry-prometheus-2.4.0.Final.jar
 /Users/mouachani/.m2/repository/io/quarkus/quarkus-micrometer/2.4.0.Final/quarkus-micrometer-2.4.0.Final.jar
 /Users/mouachani/.m2/repository/io/micrometer/micrometer-core/1.7.4/micrometer-core-1.7.4.jar
 /Users/mouachani/.m2/repository/org/hdrhistogram/HdrHistogram/2.1.12/HdrHistogram-2.1.12.jar
 /Users/mouachani/.m2/repository/org/latencyutils/LatencyUtils/2.0.3/LatencyUtils-2.0.3.jar
 /Users/mouachani/.m2/repository/io/micrometer/micrometer-registry-prometheus/1.7.4/micrometer-registry-prometheus-1.7.4.jar
 /Users/mouachani/.m2/repository/io/prometheus/simpleclient_common/0.10.0/simpleclient_common-0.10.0.jar
 /Users/mouachani/.m2/repository/io/prometheus/simpleclient/0.10.0/simpleclient-0.10.0.jar
 /Users/mouachani/.m2/repository/org/kie/kogito/kogito-addons-monitoring-prometheus/2.0.0-SNAPSHOT/kogito-addons-monitoring-prometheus-2.0.0-SNAPSHOT.jar
 /Users/mouachani/.m2/repository/org/kie/kogito/kogito-addons-monitoring-core/2.0.0-SNAPSHOT/kogito-addons-monitoring-core-2.0.0-SNAPSHOT.jar
 /Users/mouachani/.m2/repository/org/kie/kogito/grafana-api/2.0.0-SNAPSHOT/grafana-api-2.0.0-SNAPSHOT.jar
 /Users/mouachani/.m2/repository/org/kie/kogito/kogito-addons-quarkus-monitoring-core/2.0.0-SNAPSHOT/kogito-addons-quarkus-monitoring-core-2.0.0-SNAPSHOT.jar
 /Users/mouachani/.m2/repository/io/quarkus/quarkus-rest-client/2.4.0.Final/quarkus-rest-client-2.4.0.Final.jar
 /Users/mouachani/.m2/repository/io/quarkus/quarkus-resteasy-common/2.4.0.Final/quarkus-resteasy-common-2.4.0.Final.jar
 /Users/mouachani/.m2/repository/org/jboss/resteasy/resteasy-core/4.7.0.Final/resteasy-core-4.7.0.Final.jar
 /Users/mouachani/.m2/repository/org/jboss/spec/javax/ws/rs/jboss-jaxrs-api_2.1_spec/2.0.1.Final/jboss-jaxrs-api_2.1_spec-2.0.1.Final.jar
 /Users/mouachani/.m2/repository/org/jboss/resteasy/resteasy-core-spi/4.7.0.Final/resteasy-core-spi-4.7.0.Final.jar
 /Users/mouachani/.m2/repository/com/ibm/async/asyncutil/0.1.0/asyncutil-0.1.0.jar
 /Users/mouachani/.m2/repository/com/sun/activation/jakarta.activation/1.2.1/jakarta.activation-1.2.1.jar
 /Users/mouachani/.m2/repository/io/quarkus/quarkus-apache-httpclient/2.4.0.Final/quarkus-apache-httpclient-2.4.0.Final.jar
 /Users/mouachani/.m2/repository/io/quarkus/quarkus-rest-client-config/2.4.0.Final/quarkus-rest-client-config-2.4.0.Final.jar
 /Users/mouachani/.m2/repository/org/eclipse/microprofile/rest/client/microprofile-rest-client-api/2.0/microprofile-rest-client-api-2.0.jar
 /Users/mouachani/.m2/repository/org/jboss/resteasy/resteasy-client-microprofile/4.7.0.Final/resteasy-client-microprofile-4.7.0.Final.jar
 /Users/mouachani/.m2/repository/org/jboss/resteasy/resteasy-client-microprofile-base/4.7.0.Final/resteasy-client-microprofile-base-4.7.0.Final.jar
 /Users/mouachani/.m2/repository/org/jboss/resteasy/resteasy-client/4.7.0.Final/resteasy-client-4.7.0.Final.jar
 /Users/mouachani/.m2/repository/org/jboss/resteasy/resteasy-client-api/4.7.0.Final/resteasy-client-api-4.7.0.Final.jar
 /Users/mouachani/.m2/repository/commons-io/commons-io/2.11.0/commons-io-2.11.0.jar
 /Users/mouachani/.m2/repository/org/jboss/resteasy/resteasy-cdi/4.7.0.Final/resteasy-cdi-4.7.0.Final.jar
 /Users/mouachani/.m2/repository/jakarta/interceptor/jakarta.interceptor-api/1.2.5/jakarta.interceptor-api-1.2.5.jar
 /Users/mouachani/.m2/repository/org/apache/httpcomponents/httpasyncclient/4.1.4/httpasyncclient-4.1.4.jar
 /Users/mouachani/.m2/repository/org/apache/httpcomponents/httpcore/4.4.14/httpcore-4.4.14.jar
 /Users/mouachani/.m2/repository/org/apache/httpcomponents/httpcore-nio/4.4.14/httpcore-nio-4.4.14.jar
 /Users/mouachani/.m2/repository/org/jboss/logging/commons-logging-jboss-logging/1.0.0.Final/commons-logging-jboss-logging-1.0.0.Final.jar
 /Users/mouachani/.m2/repository/io/quarkus/quarkus-junit5/2.4.0.Final/quarkus-junit5-2.4.0.Final.jar
 /Users/mouachani/.m2/repository/io/quarkus/quarkus-bootstrap-core/2.4.0.Final/quarkus-bootstrap-core-2.4.0.Final.jar
 /Users/mouachani/.m2/repository/io/quarkus/quarkus-bootstrap-app-model/2.4.0.Final/quarkus-bootstrap-app-model-2.4.0.Final.jar
 /Users/mouachani/.m2/repository/io/quarkus/quarkus-bootstrap-maven-resolver/2.4.0.Final/quarkus-bootstrap-maven-resolver-2.4.0.Final.jar
 /Users/mouachani/.m2/repository/org/apache/maven/maven-embedder/3.8.1/maven-embedder-3.8.1.jar
 /Users/mouachani/.m2/repository/org/apache/maven/maven-settings/3.8.1/maven-settings-3.8.1.jar
 /Users/mouachani/.m2/repository/org/apache/maven/maven-core/3.8.1/maven-core-3.8.1.jar
 /Users/mouachani/.m2/repository/org/apache/maven/maven-artifact/3.8.1/maven-artifact-3.8.1.jar
 /Users/mouachani/.m2/repository/org/codehaus/plexus/plexus-component-annotations/2.1.0/plexus-component-annotations-2.1.0.jar
 /Users/mouachani/.m2/repository/org/apache/maven/maven-plugin-api/3.8.1/maven-plugin-api-3.8.1.jar
 /Users/mouachani/.m2/repository/org/apache/maven/maven-model/3.8.1/maven-model-3.8.1.jar
 /Users/mouachani/.m2/repository/org/apache/maven/maven-model-builder/3.8.1/maven-model-builder-3.8.1.jar
 /Users/mouachani/.m2/repository/org/apache/maven/maven-builder-support/3.8.1/maven-builder-support-3.8.1.jar
 /Users/mouachani/.m2/repository/org/apache/maven/resolver/maven-resolver-api/1.6.2/maven-resolver-api-1.6.2.jar
 /Users/mouachani/.m2/repository/org/apache/maven/resolver/maven-resolver-util/1.6.2/maven-resolver-util-1.6.2.jar
 /Users/mouachani/.m2/repository/org/apache/maven/shared/maven-shared-utils/3.3.3/maven-shared-utils-3.3.3.jar
 /Users/mouachani/.m2/repository/com/google/inject/guice/4.2.1/guice-4.2.1-no_aop.jar
 /Users/mouachani/.m2/repository/org/codehaus/plexus/plexus-utils/3.2.1/plexus-utils-3.2.1.jar
 /Users/mouachani/.m2/repository/org/codehaus/plexus/plexus-classworlds/2.6.0/plexus-classworlds-2.6.0.jar
 /Users/mouachani/.m2/repository/commons-cli/commons-cli/1.4/commons-cli-1.4.jar
 /Users/mouachani/.m2/repository/org/eclipse/sisu/org.eclipse.sisu.plexus/0.3.4/org.eclipse.sisu.plexus-0.3.4.jar
 /Users/mouachani/.m2/repository/org/apache/maven/maven-settings-builder/3.8.1/maven-settings-builder-3.8.1.jar
 /Users/mouachani/.m2/repository/org/codehaus/plexus/plexus-interpolation/1.25/plexus-interpolation-1.25.jar
 /Users/mouachani/.m2/repository/org/sonatype/plexus/plexus-sec-dispatcher/1.4/plexus-sec-dispatcher-1.4.jar
 /Users/mouachani/.m2/repository/org/sonatype/plexus/plexus-cipher/1.4/plexus-cipher-1.4.jar
 /Users/mouachani/.m2/repository/org/apache/maven/maven-resolver-provider/3.8.1/maven-resolver-provider-3.8.1.jar
 /Users/mouachani/.m2/repository/org/apache/maven/maven-repository-metadata/3.8.1/maven-repository-metadata-3.8.1.jar
 /Users/mouachani/.m2/repository/org/apache/maven/resolver/maven-resolver-spi/1.6.2/maven-resolver-spi-1.6.2.jar
 /Users/mouachani/.m2/repository/org/apache/maven/resolver/maven-resolver-impl/1.6.2/maven-resolver-impl-1.6.2.jar
 /Users/mouachani/.m2/repository/org/apache/maven/resolver/maven-resolver-connector-basic/1.6.2/maven-resolver-connector-basic-1.6.2.jar
 /Users/mouachani/.m2/repository/org/apache/maven/resolver/maven-resolver-transport-wagon/1.6.2/maven-resolver-transport-wagon-1.6.2.jar
 /Users/mouachani/.m2/repository/org/apache/maven/wagon/wagon-http/3.4.3/wagon-http-3.4.3.jar
 /Users/mouachani/.m2/repository/org/apache/maven/wagon/wagon-http-shared/3.4.3/wagon-http-shared-3.4.3.jar
 /Users/mouachani/.m2/repository/org/jsoup/jsoup/1.12.1/jsoup-1.12.1.jar
 /Users/mouachani/.m2/repository/org/apache/maven/wagon/wagon-provider-api/3.4.3/wagon-provider-api-3.4.3.jar
 /Users/mouachani/.m2/repository/org/apache/maven/wagon/wagon-file/3.4.3/wagon-file-3.4.3.jar
 /Users/mouachani/.m2/repository/io/quarkus/quarkus-bootstrap-gradle-resolver/2.4.0.Final/quarkus-bootstrap-gradle-resolver-2.4.0.Final.jar
 /Users/mouachani/.m2/repository/io/smallrye/common/smallrye-common-io/1.6.0/smallrye-common-io-1.6.0.jar
 /Users/mouachani/.m2/repository/org/eclipse/sisu/org.eclipse.sisu.inject/0.3.4/org.eclipse.sisu.inject-0.3.4.jar
 /Users/mouachani/.m2/repository/io/quarkus/quarkus-test-common/2.4.0.Final/quarkus-test-common-2.4.0.Final.jar
 /Users/mouachani/.m2/repository/io/quarkus/quarkus-core-deployment/2.4.0.Final/quarkus-core-deployment-2.4.0.Final.jar
 /Users/mouachani/.m2/repository/org/aesh/readline/2.1/readline-2.1.jar
 /Users/mouachani/.m2/repository/org/fusesource/jansi/jansi/1.18/jansi-1.18.jar
 /Users/mouachani/.m2/repository/org/ow2/asm/asm/9.2/asm-9.2.jar
 /Users/mouachani/.m2/repository/org/ow2/asm/asm-commons/9.2/asm-commons-9.2.jar
 /Users/mouachani/.m2/repository/org/ow2/asm/asm-tree/9.2/asm-tree-9.2.jar
 /Users/mouachani/.m2/repository/org/ow2/asm/asm-analysis/9.2/asm-analysis-9.2.jar
 /Users/mouachani/.m2/repository/io/quarkus/quarkus-class-change-agent/2.4.0.Final/quarkus-class-change-agent-2.4.0.Final.jar
 /Users/mouachani/.m2/repository/io/quarkus/quarkus-devtools-utilities/2.4.0.Final/quarkus-devtools-utilities-2.4.0.Final.jar
 /Users/mouachani/.m2/repository/io/quarkus/quarkus-builder/2.4.0.Final/quarkus-builder-2.4.0.Final.jar
 /Users/mouachani/.m2/repository/org/junit/platform/junit-platform-launcher/1.8.1/junit-platform-launcher-1.8.1.jar
 /Users/mouachani/.m2/repository/io/quarkus/quarkus-jsonp-deployment/2.4.0.Final/quarkus-jsonp-deployment-2.4.0.Final.jar
 /Users/mouachani/.m2/repository/org/junit/jupiter/junit-jupiter/5.8.1/junit-jupiter-5.8.1.jar
 /Users/mouachani/.m2/repository/org/junit/jupiter/junit-jupiter-api/5.8.1/junit-jupiter-api-5.8.1.jar
 /Users/mouachani/.m2/repository/org/opentest4j/opentest4j/1.2.0/opentest4j-1.2.0.jar
 /Users/mouachani/.m2/repository/org/junit/platform/junit-platform-commons/1.8.1/junit-platform-commons-1.8.1.jar
 /Users/mouachani/.m2/repository/org/apiguardian/apiguardian-api/1.1.2/apiguardian-api-1.1.2.jar
 /Users/mouachani/.m2/repository/org/junit/jupiter/junit-jupiter-params/5.8.1/junit-jupiter-params-5.8.1.jar
 /Users/mouachani/.m2/repository/org/junit/jupiter/junit-jupiter-engine/5.8.1/junit-jupiter-engine-5.8.1.jar
 /Users/mouachani/.m2/repository/org/junit/platform/junit-platform-engine/1.8.1/junit-platform-engine-1.8.1.jar
 /Users/mouachani/.m2/repository/com/thoughtworks/xstream/xstream/1.4.18/xstream-1.4.18.jar
 /Users/mouachani/.m2/repository/io/github/x-stream/mxparser/1.2.2/mxparser-1.2.2.jar
 /Users/mouachani/.m2/repository/xmlpull/xmlpull/1.1.3.1/xmlpull-1.1.3.1.jar
 /Users/mouachani/.m2/repository/io/rest-assured/rest-assured/4.4.0/rest-assured-4.4.0.jar
 /Users/mouachani/.m2/repository/org/codehaus/groovy/groovy/3.0.8/groovy-3.0.8.jar
 /Users/mouachani/.m2/repository/org/codehaus/groovy/groovy-xml/3.0.8/groovy-xml-3.0.8.jar
 /Users/mouachani/.m2/repository/org/apache/httpcomponents/httpclient/4.5.13/httpclient-4.5.13.jar
 /Users/mouachani/.m2/repository/commons-codec/commons-codec/1.15/commons-codec-1.15.jar
 /Users/mouachani/.m2/repository/org/apache/httpcomponents/httpmime/4.5.13/httpmime-4.5.13.jar
 /Users/mouachani/.m2/repository/org/hamcrest/hamcrest/2.1/hamcrest-2.1.jar
 /Users/mouachani/.m2/repository/org/ccil/cowan/tagsoup/tagsoup/1.2.1/tagsoup-1.2.1.jar
 /Users/mouachani/.m2/repository/io/rest-assured/json-path/4.4.0/json-path-4.4.0.jar
 /Users/mouachani/.m2/repository/org/codehaus/groovy/groovy-json/3.0.8/groovy-json-3.0.8.jar
 /Users/mouachani/.m2/repository/io/rest-assured/rest-assured-common/4.4.0/rest-assured-common-4.4.0.jar
 /Users/mouachani/.m2/repository/io/rest-assured/xml-path/4.4.0/xml-path-4.4.0.jar
 /Users/mouachani/.m2/repository/org/apache/commons/commons-lang3/3.12.0/commons-lang3-3.12.0.jar
 /Users/mouachani/.m2/repository/jakarta/xml/bind/jakarta.xml.bind-api/2.3.3/jakarta.xml.bind-api-2.3.3.jar
 /Users/mouachani/.m2/repository/com/sun/xml/bind/jaxb-impl/2.3.3/jaxb-impl-2.3.3.jar]
[DEBUG] Output directory: /Users/mouachani/projects/imsa/imsa-process-kogito/target/test-classes
[DEBUG] CompilerReuseStrategy: reuseCreated
[DEBUG] useIncrementalCompilation enabled
[INFO] Nothing to compile - all classes are up to date
[INFO] 
[INFO] --- maven-surefire-plugin:2.12.4:test (default-test) @ imsa-process-kogito ---
[DEBUG] Dependency collection stats {ConflictMarker.analyzeTime=107561, ConflictMarker.markTime=44379, ConflictMarker.nodeCount=132, ConflictIdSorter.graphTime=106311, ConflictIdSorter.topsortTime=22665, ConflictIdSorter.conflictIdCount=27, ConflictIdSorter.conflictIdCycleCount=0, ConflictResolver.totalTime=260222, ConflictResolver.conflictItemCount=77, DefaultDependencyCollector.collectTime=37145549, DefaultDependencyCollector.transformTime=582582}
[DEBUG] org.apache.maven.plugins:maven-surefire-plugin:jar:2.12.4
[DEBUG]    org.apache.maven:maven-plugin-api:jar:2.0.9:compile
[DEBUG]    org.apache.maven.surefire:surefire-booter:jar:2.12.4:compile
[DEBUG]       org.apache.maven.surefire:surefire-api:jar:2.12.4:compile (version managed from default)
[DEBUG]    org.apache.maven.surefire:maven-surefire-common:jar:2.12.4:compile
[DEBUG]       org.apache.commons:commons-lang3:jar:3.1:compile (version managed from default)
[DEBUG]       org.apache.maven.shared:maven-common-artifact-filters:jar:1.3:compile
[DEBUG]    org.codehaus.plexus:plexus-utils:jar:3.0.8:compile
[DEBUG]    org.apache.maven:maven-artifact:jar:2.0.9:compile
[DEBUG]    org.apache.maven:maven-project:jar:2.0.9:compile
[DEBUG]       org.apache.maven:maven-settings:jar:2.0.9:compile
[DEBUG]       org.apache.maven:maven-profile:jar:2.0.9:compile
[DEBUG]       org.apache.maven:maven-model:jar:2.0.9:compile (version managed from default)
[DEBUG]       org.apache.maven:maven-artifact-manager:jar:2.0.9:compile
[DEBUG]       org.apache.maven:maven-plugin-registry:jar:2.0.9:compile
[DEBUG]       org.codehaus.plexus:plexus-container-default:jar:1.0-alpha-9-stable-1:compile
[DEBUG]          junit:junit:jar:3.8.1:test (scope managed from default) (version managed from default)
[DEBUG]    org.apache.maven:maven-core:jar:2.0.9:compile (exclusions managed from default)
[DEBUG]       org.apache.maven:maven-plugin-parameter-documenter:jar:2.0.9:compile
[DEBUG]       org.apache.maven.reporting:maven-reporting-api:jar:2.0.9:compile
[DEBUG]       org.apache.maven:maven-repository-metadata:jar:2.0.9:compile
[DEBUG]       org.apache.maven:maven-error-diagnostics:jar:2.0.9:compile
[DEBUG]       org.apache.maven:maven-plugin-descriptor:jar:2.0.9:compile
[DEBUG]       org.apache.maven:maven-monitor:jar:2.0.9:compile
[DEBUG]       classworlds:classworlds:jar:1.1:compile
[DEBUG]    org.apache.maven:maven-toolchain:jar:2.0.9:compile
[DEBUG]    org.apache.maven.plugin-tools:maven-plugin-annotations:jar:3.1:compile
[DEBUG] Created new class realm plugin>org.apache.maven.plugins:maven-surefire-plugin:2.12.4
[DEBUG] Importing foreign packages into class realm plugin>org.apache.maven.plugins:maven-surefire-plugin:2.12.4
[DEBUG]   Imported:  < maven.api
[DEBUG] Populating class realm plugin>org.apache.maven.plugins:maven-surefire-plugin:2.12.4
[DEBUG]   Included: org.apache.maven.plugins:maven-surefire-plugin:jar:2.12.4
[DEBUG]   Included: org.apache.maven.surefire:surefire-booter:jar:2.12.4
[DEBUG]   Included: org.apache.maven.surefire:surefire-api:jar:2.12.4
[DEBUG]   Included: org.apache.maven.surefire:maven-surefire-common:jar:2.12.4
[DEBUG]   Included: org.apache.commons:commons-lang3:jar:3.1
[DEBUG]   Included: org.apache.maven.shared:maven-common-artifact-filters:jar:1.3
[DEBUG]   Included: org.codehaus.plexus:plexus-utils:jar:3.0.8
[DEBUG]   Included: org.apache.maven.reporting:maven-reporting-api:jar:2.0.9
[DEBUG]   Included: org.apache.maven.plugin-tools:maven-plugin-annotations:jar:3.1
[DEBUG] Configuring mojo org.apache.maven.plugins:maven-surefire-plugin:2.12.4:test from plugin realm ClassRealm[plugin>org.apache.maven.plugins:maven-surefire-plugin:2.12.4, parent: jdk.internal.loader.ClassLoaders$AppClassLoader@277050dc]
[DEBUG] Configuring mojo 'org.apache.maven.plugins:maven-surefire-plugin:2.12.4:test' with basic configurator -->
[DEBUG]   (s) basedir = /Users/mouachani/projects/imsa/imsa-process-kogito
[DEBUG]   (s) childDelegation = false
[DEBUG]   (s) classesDirectory = /Users/mouachani/projects/imsa/imsa-process-kogito/target/classes
[DEBUG]   (s) disableXmlReport = false
[DEBUG]   (s) enableAssertions = true
[DEBUG]   (s) forkMode = once
[DEBUG]   (s) junitArtifactName = junit:junit
[DEBUG]   (s) localRepository =       id: local
      url: file:///Users/mouachani/.m2/repository/
   layout: default
snapshots: [enabled => true, update => always]
 releases: [enabled => true, update => always]
   blocked: false

[DEBUG]   (f) parallelMavenExecution = false
[DEBUG]   (s) perCoreThreadCount = true
[DEBUG]   (s) pluginArtifactMap = {org.apache.maven.plugins:maven-surefire-plugin=org.apache.maven.plugins:maven-surefire-plugin:maven-plugin:2.12.4:, org.apache.maven:maven-plugin-api=org.apache.maven:maven-plugin-api:jar:2.0.9:compile, org.apache.maven.surefire:surefire-booter=org.apache.maven.surefire:surefire-booter:jar:2.12.4:compile, org.apache.maven.surefire:surefire-api=org.apache.maven.surefire:surefire-api:jar:2.12.4:compile, org.apache.maven.surefire:maven-surefire-common=org.apache.maven.surefire:maven-surefire-common:jar:2.12.4:compile, org.apache.commons:commons-lang3=org.apache.commons:commons-lang3:jar:3.1:compile, org.apache.maven.shared:maven-common-artifact-filters=org.apache.maven.shared:maven-common-artifact-filters:jar:1.3:compile, org.codehaus.plexus:plexus-utils=org.codehaus.plexus:plexus-utils:jar:3.0.8:compile, org.apache.maven:maven-artifact=org.apache.maven:maven-artifact:jar:2.0.9:compile, org.apache.maven:maven-project=org.apache.maven:maven-project:jar:2.0.9:compile, org.apache.maven:maven-settings=org.apache.maven:maven-settings:jar:2.0.9:compile, org.apache.maven:maven-profile=org.apache.maven:maven-profile:jar:2.0.9:compile, org.apache.maven:maven-model=org.apache.maven:maven-model:jar:2.0.9:compile, org.apache.maven:maven-artifact-manager=org.apache.maven:maven-artifact-manager:jar:2.0.9:compile, org.apache.maven:maven-plugin-registry=org.apache.maven:maven-plugin-registry:jar:2.0.9:compile, org.codehaus.plexus:plexus-container-default=org.codehaus.plexus:plexus-container-default:jar:1.0-alpha-9-stable-1:compile, org.apache.maven:maven-core=org.apache.maven:maven-core:jar:2.0.9:compile, org.apache.maven:maven-plugin-parameter-documenter=org.apache.maven:maven-plugin-parameter-documenter:jar:2.0.9:compile, org.apache.maven.reporting:maven-reporting-api=org.apache.maven.reporting:maven-reporting-api:jar:2.0.9:compile, org.apache.maven:maven-repository-metadata=org.apache.maven:maven-repository-metadata:jar:2.0.9:compile, org.apache.maven:maven-error-diagnostics=org.apache.maven:maven-error-diagnostics:jar:2.0.9:compile, org.apache.maven:maven-plugin-descriptor=org.apache.maven:maven-plugin-descriptor:jar:2.0.9:compile, org.apache.maven:maven-monitor=org.apache.maven:maven-monitor:jar:2.0.9:compile, classworlds:classworlds=classworlds:classworlds:jar:1.1:compile, org.apache.maven:maven-toolchain=org.apache.maven:maven-toolchain:jar:2.0.9:compile, org.apache.maven.plugin-tools:maven-plugin-annotations=org.apache.maven.plugin-tools:maven-plugin-annotations:jar:3.1:compile}
[DEBUG]   (f) pluginDescriptor = Component Descriptor: role: 'org.apache.maven.plugin.Mojo', implementation: 'org.apache.maven.plugin.surefire.HelpMojo', role hint: 'org.apache.maven.plugins:maven-surefire-plugin:2.12.4:help'
role: 'org.apache.maven.plugin.Mojo', implementation: 'org.apache.maven.plugin.surefire.SurefirePlugin', role hint: 'org.apache.maven.plugins:maven-surefire-plugin:2.12.4:test'
---
[DEBUG]   (s) printSummary = true
[DEBUG]   (s) projectArtifactMap = {org.kie.kogito:kogito-quarkus=org.kie.kogito:kogito-quarkus:jar:2.0.0-SNAPSHOT:compile, org.kie.kogito:kogito-quarkus-common=org.kie.kogito:kogito-quarkus-common:jar:2.0.0-SNAPSHOT:compile, org.kie.kogito:kogito-api-incubation-application=org.kie.kogito:kogito-api-incubation-application:jar:2.0.0-SNAPSHOT:compile, org.kie.kogito:kogito-api-incubation-common=org.kie.kogito:kogito-api-incubation-common:jar:2.0.0-SNAPSHOT:compile, org.kie.kogito:kogito-api-incubation-common-objectmapper=org.kie.kogito:kogito-api-incubation-common-objectmapper:jar:2.0.0-SNAPSHOT:compile, org.mvel:mvel2=org.mvel:mvel2:jar:2.4.12.Final:compile, com.jayway.jsonpath:json-path=com.jayway.jsonpath:json-path:jar:2.6.0:compile, net.minidev:json-smart=net.minidev:json-smart:jar:2.4.7:compile, net.minidev:accessors-smart=net.minidev:accessors-smart:jar:2.4.7:compile, io.quarkus.arc:arc-processor=io.quarkus.arc:arc-processor:jar:2.4.0.Final:compile, io.quarkus.gizmo:gizmo=io.quarkus.gizmo:gizmo:jar:1.0.9.Final:compile, org.ow2.asm:asm-util=org.ow2.asm:asm-util:jar:9.1:compile, io.quarkus:quarkus-undertow=io.quarkus:quarkus-undertow:jar:2.4.0.Final:compile, io.quarkus.http:quarkus-http-servlet=io.quarkus.http:quarkus-http-servlet:jar:4.1.3:compile, jakarta.servlet:jakarta.servlet-api=jakarta.servlet:jakarta.servlet-api:jar:4.0.3:compile, io.quarkus.http:quarkus-http-vertx-backend=io.quarkus.http:quarkus-http-vertx-backend:jar:4.1.3:compile, io.quarkus.http:quarkus-http-http-core=io.quarkus.http:quarkus-http-http-core:jar:4.1.3:compile, io.quarkus.http:quarkus-http-core=io.quarkus.http:quarkus-http-core:jar:4.1.3:compile, org.kie.kogito:kogito-quarkus-rules=org.kie.kogito:kogito-quarkus-rules:jar:2.0.0-SNAPSHOT:compile, org.kie.kogito:kogito-api-incubation-rules-services=org.kie.kogito:kogito-api-incubation-rules-services:jar:2.0.0-SNAPSHOT:compile, org.kie.kogito:kogito-api-incubation-rules=org.kie.kogito:kogito-api-incubation-rules:jar:2.0.0-SNAPSHOT:compile, org.kie.kogito:kogito-drools=org.kie.kogito:kogito-drools:jar:2.0.0-SNAPSHOT:compile, org.kie.kogito:drools-core-static=org.kie.kogito:drools-core-static:jar:2.0.0-SNAPSHOT:compile, org.drools:drools-core-reflective=org.drools:drools-core-reflective:jar:8.15.0-SNAPSHOT:compile, org.kie.kogito:kogito-ruleunits=org.kie.kogito:kogito-ruleunits:jar:2.0.0-SNAPSHOT:compile, org.kie.kogito:kogito-drools-model=org.kie.kogito:kogito-drools-model:jar:2.0.0-SNAPSHOT:compile, org.drools:drools-model-compiler=org.drools:drools-model-compiler:jar:8.15.0-SNAPSHOT:compile, org.drools:drools-canonical-model=org.drools:drools-canonical-model:jar:8.15.0-SNAPSHOT:compile, org.drools:drools-mvel-parser=org.drools:drools-mvel-parser:jar:8.15.0-SNAPSHOT:compile, org.drools:drools-mvel-compiler=org.drools:drools-mvel-compiler:jar:8.15.0-SNAPSHOT:compile, org.kie.kogito:kogito-quarkus-decisions=org.kie.kogito:kogito-quarkus-decisions:jar:2.0.0-SNAPSHOT:compile, org.kie.kogito:kogito-api-incubation-decisions-services=org.kie.kogito:kogito-api-incubation-decisions-services:jar:2.0.0-SNAPSHOT:compile, org.kie.kogito:kogito-api-incubation-decisions=org.kie.kogito:kogito-api-incubation-decisions:jar:2.0.0-SNAPSHOT:compile, org.kie.kogito:kogito-dmn=org.kie.kogito:kogito-dmn:jar:2.0.0-SNAPSHOT:compile, org.kie:kie-dmn-core=org.kie:kie-dmn-core:jar:8.15.0-SNAPSHOT:compile, org.kie:kie-dmn-backend=org.kie:kie-dmn-backend:jar:8.15.0-SNAPSHOT:compile, org.kie:kie-dmn-feel=org.kie:kie-dmn-feel:jar:8.15.0-SNAPSHOT:compile, ch.obermuhlner:big-math=ch.obermuhlner:big-math:jar:2.0.1:compile, org.kie:kie-memory-compiler=org.kie:kie-memory-compiler:jar:8.15.0-SNAPSHOT:compile, org.drools:drools-alphanetwork-compiler=org.drools:drools-alphanetwork-compiler:jar:8.15.0-SNAPSHOT:compile, org.antlr:antlr4-runtime=org.antlr:antlr4-runtime:jar:4.9.2:compile, org.jpmml:pmml-model=org.jpmml:pmml-model:jar:1.5.1:compile, org.jpmml:pmml-agent=org.jpmml:pmml-agent:jar:1.5.1:compile, org.kie:kie-dmn-validation=org.kie:kie-dmn-validation:jar:8.15.0-SNAPSHOT:compile, org.kie.kogito:kogito-quarkus-predictions=org.kie.kogito:kogito-quarkus-predictions:jar:2.0.0-SNAPSHOT:compile, org.kie.kogito:kogito-pmml=org.kie.kogito:kogito-pmml:jar:2.0.0-SNAPSHOT:compile, org.kie.kogito:kogito-pmml-dependencies=org.kie.kogito:kogito-pmml-dependencies:pom:2.0.0-SNAPSHOT:compile, org.kie:kie-pmml-dependencies=org.kie:kie-pmml-dependencies:jar:8.15.0-SNAPSHOT:compile, org.kie:kie-pmml-compiler-api=org.kie:kie-pmml-compiler-api:jar:8.15.0-SNAPSHOT:compile, org.glassfish.jaxb:jaxb-runtime=org.glassfish.jaxb:jaxb-runtime:jar:2.3.3-b02:compile, org.glassfish.jaxb:txw2=org.glassfish.jaxb:txw2:jar:2.3.3-b02:compile, com.sun.istack:istack-commons-runtime=com.sun.istack:istack-commons-runtime:jar:3.0.10:compile, org.kie:kie-pmml-compiler-core=org.kie:kie-pmml-compiler-core:jar:8.15.0-SNAPSHOT:compile, org.kie:kie-pmml-compiler-commons=org.kie:kie-pmml-compiler-commons:jar:8.15.0-SNAPSHOT:compile, org.kie:kie-pmml-evaluator-core=org.kie:kie-pmml-evaluator-core:jar:8.15.0-SNAPSHOT:compile, org.kie:kie-pmml-evaluator-assembler=org.kie:kie-pmml-evaluator-assembler:jar:8.15.0-SNAPSHOT:compile, org.kie:kie-pmml-kie-internal=org.kie:kie-pmml-kie-internal:jar:8.15.0-SNAPSHOT:compile, org.kie:kie-pmml-models-drools-common=org.kie:kie-pmml-models-drools-common:jar:8.15.0-SNAPSHOT:compile, org.kie:kie-pmml-models-regression-model=org.kie:kie-pmml-models-regression-model:jar:8.15.0-SNAPSHOT:compile, org.kie:kie-pmml-models-regression-compiler=org.kie:kie-pmml-models-regression-compiler:jar:8.15.0-SNAPSHOT:compile, org.kie:kie-pmml-models-regression-evaluator=org.kie:kie-pmml-models-regression-evaluator:jar:8.15.0-SNAPSHOT:compile, org.kie:kie-pmml-models-tree-model=org.kie:kie-pmml-models-tree-model:jar:8.15.0-SNAPSHOT:compile, org.kie:kie-pmml-models-tree-compiler=org.kie:kie-pmml-models-tree-compiler:jar:8.15.0-SNAPSHOT:compile, org.kie:kie-pmml-models-tree-evaluator=org.kie:kie-pmml-models-tree-evaluator:jar:8.15.0-SNAPSHOT:compile, org.kie:kie-pmml-models-scorecard-model=org.kie:kie-pmml-models-scorecard-model:jar:8.15.0-SNAPSHOT:compile, org.kie:kie-pmml-models-scorecard-compiler=org.kie:kie-pmml-models-scorecard-compiler:jar:8.15.0-SNAPSHOT:compile, org.kie:kie-pmml-models-scorecard-evaluator=org.kie:kie-pmml-models-scorecard-evaluator:jar:8.15.0-SNAPSHOT:compile, org.kie:kie-pmml-models-mining-model=org.kie:kie-pmml-models-mining-model:jar:8.15.0-SNAPSHOT:compile, org.kie:kie-pmml-models-mining-compiler=org.kie:kie-pmml-models-mining-compiler:jar:8.15.0-SNAPSHOT:compile, org.kie:kie-pmml-models-mining-evaluator=org.kie:kie-pmml-models-mining-evaluator:jar:8.15.0-SNAPSHOT:compile, org.kie:kie-pmml-models-clustering-model=org.kie:kie-pmml-models-clustering-model:jar:8.15.0-SNAPSHOT:compile, org.kie:kie-pmml-models-clustering-compiler=org.kie:kie-pmml-models-clustering-compiler:jar:8.15.0-SNAPSHOT:compile, org.kie:kie-pmml-models-clustering-evaluator=org.kie:kie-pmml-models-clustering-evaluator:jar:8.15.0-SNAPSHOT:compile, org.kie.kogito:kogito-api-incubation-predictions-services=org.kie.kogito:kogito-api-incubation-predictions-services:jar:2.0.0-SNAPSHOT:compile, org.kie.kogito:kogito-api-incubation-predictions=org.kie.kogito:kogito-api-incubation-predictions:jar:2.0.0-SNAPSHOT:compile, io.quarkus:quarkus-arc=io.quarkus:quarkus-arc:jar:2.4.0.Final:compile, io.quarkus.arc:arc=io.quarkus.arc:arc:jar:2.4.0.Final:compile, jakarta.enterprise:jakarta.enterprise.cdi-api=jakarta.enterprise:jakarta.enterprise.cdi-api:jar:2.0.2:compile, jakarta.el:jakarta.el-api=jakarta.el:jakarta.el-api:jar:3.0.3:compile, org.jboss.logging:jboss-logging=org.jboss.logging:jboss-logging:jar:3.4.2.Final:compile, io.quarkus:quarkus-core=io.quarkus:quarkus-core:jar:2.4.0.Final:compile, jakarta.inject:jakarta.inject-api=jakarta.inject:jakarta.inject-api:jar:1.0:compile, io.quarkus:quarkus-ide-launcher=io.quarkus:quarkus-ide-launcher:jar:2.4.0.Final:compile, io.quarkus:quarkus-development-mode-spi=io.quarkus:quarkus-development-mode-spi:jar:2.4.0.Final:compile, io.smallrye.config:smallrye-config=io.smallrye.config:smallrye-config:jar:2.5.1:compile, io.smallrye.config:smallrye-config-core=io.smallrye.config:smallrye-config-core:jar:2.5.1:compile, io.smallrye.common:smallrye-common-expression=io.smallrye.common:smallrye-common-expression:jar:1.6.0:compile, io.smallrye.common:smallrye-common-function=io.smallrye.common:smallrye-common-function:jar:1.6.0:compile, io.smallrye.common:smallrye-common-constraint=io.smallrye.common:smallrye-common-constraint:jar:1.6.0:compile, io.smallrye.common:smallrye-common-classloader=io.smallrye.common:smallrye-common-classloader:jar:1.6.0:compile, io.smallrye.config:smallrye-config-common=io.smallrye.config:smallrye-config-common:jar:2.5.1:compile, org.jboss.logmanager:jboss-logmanager-embedded=org.jboss.logmanager:jboss-logmanager-embedded:jar:1.0.9:compile, org.jboss.logging:jboss-logging-annotations=org.jboss.logging:jboss-logging-annotations:jar:2.2.1.Final:compile, org.jboss.threads:jboss-threads=org.jboss.threads:jboss-threads:jar:3.4.2.Final:compile, org.jboss.slf4j:slf4j-jboss-logmanager=org.jboss.slf4j:slf4j-jboss-logmanager:jar:1.1.0.Final:compile, org.graalvm.sdk:graal-sdk=org.graalvm.sdk:graal-sdk:jar:21.2.0:compile, org.wildfly.common:wildfly-common=org.wildfly.common:wildfly-common:jar:1.5.4.Final-format-001:compile, io.quarkus:quarkus-bootstrap-runner=io.quarkus:quarkus-bootstrap-runner:jar:2.4.0.Final:compile, org.eclipse.microprofile.context-propagation:microprofile-context-propagation-api=org.eclipse.microprofile.context-propagation:microprofile-context-propagation-api:jar:1.2:compile, io.quarkus:quarkus-resteasy=io.quarkus:quarkus-resteasy:jar:2.4.0.Final:compile, io.quarkus:quarkus-vertx-http=io.quarkus:quarkus-vertx-http:jar:2.4.0.Final:compile, io.quarkus:quarkus-security-runtime-spi=io.quarkus:quarkus-security-runtime-spi:jar:2.4.0.Final:compile, io.quarkus:quarkus-mutiny=io.quarkus:quarkus-mutiny:jar:2.4.0.Final:compile, io.quarkus:quarkus-smallrye-context-propagation=io.quarkus:quarkus-smallrye-context-propagation:jar:2.4.0.Final:compile, io.smallrye:smallrye-context-propagation=io.smallrye:smallrye-context-propagation:jar:1.2.2:compile, io.smallrye:smallrye-context-propagation-api=io.smallrye:smallrye-context-propagation-api:jar:1.2.2:compile, io.smallrye:smallrye-context-propagation-storage=io.smallrye:smallrye-context-propagation-storage:jar:1.2.2:compile, io.smallrye.reactive:mutiny-smallrye-context-propagation=io.smallrye.reactive:mutiny-smallrye-context-propagation:jar:1.1.2:compile, io.quarkus:quarkus-vertx-http-dev-console-runtime-spi=io.quarkus:quarkus-vertx-http-dev-console-runtime-spi:jar:2.4.0.Final:compile, io.quarkus.security:quarkus-security=io.quarkus.security:quarkus-security:jar:1.1.4.Final:compile, io.quarkus:quarkus-vertx=io.quarkus:quarkus-vertx:jar:2.4.0.Final:compile, io.netty:netty-codec-haproxy=io.netty:netty-codec-haproxy:jar:4.1.68.Final:compile, io.smallrye:smallrye-fault-tolerance-vertx=io.smallrye:smallrye-fault-tolerance-vertx:jar:5.2.1:compile, io.smallrye.reactive:smallrye-mutiny-vertx-web=io.smallrye.reactive:smallrye-mutiny-vertx-web:jar:2.14.1:compile, io.smallrye.reactive:smallrye-mutiny-vertx-bridge-common=io.smallrye.reactive:smallrye-mutiny-vertx-bridge-common:jar:2.14.1:compile, io.vertx:vertx-web=io.vertx:vertx-web:jar:4.1.5:compile, io.vertx:vertx-web-common=io.vertx:vertx-web-common:jar:4.1.5:compile, io.vertx:vertx-auth-common=io.vertx:vertx-auth-common:jar:4.1.5:compile, io.vertx:vertx-bridge-common=io.vertx:vertx-bridge-common:jar:4.1.5:compile, io.quarkus:quarkus-resteasy-server-common=io.quarkus:quarkus-resteasy-server-common:jar:2.4.0.Final:compile, jakarta.validation:jakarta.validation-api=jakarta.validation:jakarta.validation-api:jar:2.0.2:compile, org.kie.kogito:kogito-addons-quarkus-process-management=org.kie.kogito:kogito-addons-quarkus-process-management:jar:2.0.0-SNAPSHOT:compile, org.kie.kogito:kogito-addons-process-management=org.kie.kogito:kogito-addons-process-management:jar:2.0.0-SNAPSHOT:compile, org.kie.kogito:kogito-addons-quarkus-rest-exception-handler=org.kie.kogito:kogito-addons-quarkus-rest-exception-handler:jar:2.0.0-SNAPSHOT:compile, org.kie.kogito:kogito-addons-rest-exception-handler=org.kie.kogito:kogito-addons-rest-exception-handler:jar:2.0.0-SNAPSHOT:compile, org.kie.kogito:jbpm-flow=org.kie.kogito:jbpm-flow:jar:2.0.0-SNAPSHOT:compile, org.kie.kogito:process-workitems=org.kie.kogito:process-workitems:jar:2.0.0-SNAPSHOT:compile, org.kie.kogito:drools-core=org.kie.kogito:drools-core:jar:2.0.0-SNAPSHOT:compile, org.drools:drools-core=org.drools:drools-core:jar:8.15.0-SNAPSHOT:compile, org.kie:kie-util-xml=org.kie:kie-util-xml:jar:8.15.0-SNAPSHOT:compile, com.github.javaparser:javaparser-symbol-solver-core=com.github.javaparser:javaparser-symbol-solver-core:jar:3.23.1:compile, com.github.javaparser:javaparser-core=com.github.javaparser:javaparser-core:jar:3.23.1:compile, org.javassist:javassist=org.javassist:javassist:jar:3.28.0-GA:compile, com.google.guava:guava=com.google.guava:guava:jar:30.1.1-jre:compile, com.google.guava:failureaccess=com.google.guava:failureaccess:jar:1.0.1:compile, com.google.guava:listenablefuture=com.google.guava:listenablefuture:jar:9999.0-empty-to-avoid-conflict-with-guava:compile, com.google.code.findbugs:jsr305=com.google.code.findbugs:jsr305:jar:3.0.2:compile, org.checkerframework:checker-qual=org.checkerframework:checker-qual:jar:2.5.2:compile, com.google.j2objc:j2objc-annotations=com.google.j2objc:j2objc-annotations:jar:1.3:compile, org.drools:drools-mvel=org.drools:drools-mvel:jar:8.15.0-SNAPSHOT:compile, org.drools:drools-compiler=org.drools:drools-compiler:jar:8.15.0-SNAPSHOT:compile, org.drools:drools-ecj=org.drools:drools-ecj:jar:8.15.0-SNAPSHOT:compile, org.kie:kie-util-maven-support=org.kie:kie-util-maven-support:jar:8.15.0-SNAPSHOT:compile, org.antlr:antlr-runtime=org.antlr:antlr-runtime:jar:3.5.2:compile, com.fasterxml.jackson.datatype:jackson-datatype-jsr310=com.fasterxml.jackson.datatype:jackson-datatype-jsr310:jar:2.12.5:compile, org.kie.kogito:kogito-quarkus-processes=org.kie.kogito:kogito-quarkus-processes:jar:2.0.0-SNAPSHOT:compile, org.kie.kogito:kogito-api-incubation-processes-services=org.kie.kogito:kogito-api-incubation-processes-services:jar:2.0.0-SNAPSHOT:compile, org.kie.kogito:kogito-api-incubation-processes=org.kie.kogito:kogito-api-incubation-processes:jar:2.0.0-SNAPSHOT:compile, org.kie.kogito:jbpm-bpmn2=org.kie.kogito:jbpm-bpmn2:jar:2.0.0-SNAPSHOT:compile, org.kie.kogito:drools-compiler=org.kie.kogito:drools-compiler:jar:2.0.0-SNAPSHOT:compile, org.kie.kogito:jbpm-flow-builder=org.kie.kogito:jbpm-flow-builder:jar:2.0.0-SNAPSHOT:compile, org.kie.kogito:process-serialization-protobuf=org.kie.kogito:process-serialization-protobuf:jar:2.0.0-SNAPSHOT:compile, com.google.protobuf:protobuf-java=com.google.protobuf:protobuf-java:jar:3.17.3:compile, com.google.protobuf:protobuf-java-util=com.google.protobuf:protobuf-java-util:jar:3.15.8:compile, com.google.errorprone:error_prone_annotations=com.google.errorprone:error_prone_annotations:jar:2.2.0:compile, com.google.code.gson:gson=com.google.code.gson:gson:jar:2.8.6:compile, org.infinispan.protostream:protostream=org.infinispan.protostream:protostream:jar:4.4.1.Final:compile, io.smallrye.reactive:smallrye-mutiny-vertx-web-client=io.smallrye.reactive:smallrye-mutiny-vertx-web-client:jar:2.14.1:compile, io.vertx:vertx-web-client=io.vertx:vertx-web-client:jar:4.1.5:compile, io.smallrye.reactive:smallrye-mutiny-vertx-core=io.smallrye.reactive:smallrye-mutiny-vertx-core:jar:2.14.1:compile, io.smallrye.reactive:smallrye-mutiny-vertx-runtime=io.smallrye.reactive:smallrye-mutiny-vertx-runtime:jar:2.14.1:compile, io.smallrye.reactive:vertx-mutiny-generator=io.smallrye.reactive:vertx-mutiny-generator:jar:2.14.1:compile, io.vertx:vertx-codegen=io.vertx:vertx-codegen:jar:4.1.5:compile, io.smallrye.reactive:smallrye-mutiny-vertx-auth-common=io.smallrye.reactive:smallrye-mutiny-vertx-auth-common:jar:2.14.1:compile, io.smallrye.reactive:smallrye-mutiny-vertx-web-common=io.smallrye.reactive:smallrye-mutiny-vertx-web-common:jar:2.14.1:compile, org.kie.kogito:kogito-addons-quarkus-messaging=org.kie.kogito:kogito-addons-quarkus-messaging:jar:2.0.0-SNAPSHOT:compile, org.kie.kogito:kogito-addons-quarkus-messaging-common=org.kie.kogito:kogito-addons-quarkus-messaging-common:jar:2.0.0-SNAPSHOT:compile, org.kie.kogito:kogito-addons-messaging=org.kie.kogito:kogito-addons-messaging:jar:2.0.0-SNAPSHOT:compile, org.kie.kogito:kogito-addons-cloudevents-utils=org.kie.kogito:kogito-addons-cloudevents-utils:jar:2.0.0-SNAPSHOT:compile, io.cloudevents:cloudevents-api=io.cloudevents:cloudevents-api:jar:2.2.0:compile, io.cloudevents:cloudevents-json-jackson=io.cloudevents:cloudevents-json-jackson:jar:2.2.0:compile, io.cloudevents:cloudevents-http-restful-ws=io.cloudevents:cloudevents-http-restful-ws:jar:2.2.0:compile, io.cloudevents:cloudevents-core=io.cloudevents:cloudevents-core:jar:2.2.0:compile, jakarta.ws.rs:jakarta.ws.rs-api=jakarta.ws.rs:jakarta.ws.rs-api:jar:2.1.6:compile, org.kie.kogito:kogito-addons-quarkus-events-process=org.kie.kogito:kogito-addons-quarkus-events-process:jar:2.0.0-SNAPSHOT:compile, org.kie.kogito:kogito-events-api=org.kie.kogito:kogito-events-api:jar:2.0.0-SNAPSHOT:compile, org.reactivestreams:reactive-streams=org.reactivestreams:reactive-streams:jar:1.0.3:compile, org.kie.kogito:kogito-services=org.kie.kogito:kogito-services:jar:2.0.0-SNAPSHOT:compile, com.fasterxml.jackson.core:jackson-databind=com.fasterxml.jackson.core:jackson-databind:jar:2.12.5:compile, com.fasterxml.jackson.core:jackson-core=com.fasterxml.jackson.core:jackson-core:jar:2.12.5:compile, io.smallrye.reactive:smallrye-reactive-messaging-provider=io.smallrye.reactive:smallrye-reactive-messaging-provider:jar:3.10.1:compile, io.smallrye.reactive:smallrye-reactive-messaging-api=io.smallrye.reactive:smallrye-reactive-messaging-api:jar:3.10.1:compile, org.jboss:jandex=org.jboss:jandex:jar:2.4.1.Final:compile, io.smallrye.reactive:smallrye-reactive-converter-api=io.smallrye.reactive:smallrye-reactive-converter-api:jar:2.6.0:compile, io.smallrye.reactive:mutiny=io.smallrye.reactive:mutiny:jar:1.1.2:compile, org.eclipse.microprofile.config:microprofile-config-api=org.eclipse.microprofile.config:microprofile-config-api:jar:2.0:compile, org.slf4j:slf4j-api=org.slf4j:slf4j-api:jar:1.7.30:compile, io.quarkus:quarkus-smallrye-reactive-messaging-kafka=io.quarkus:quarkus-smallrye-reactive-messaging-kafka:jar:2.4.0.Final:compile, io.quarkus:quarkus-kafka-client=io.quarkus:quarkus-kafka-client:jar:2.4.0.Final:compile, io.smallrye.reactive:smallrye-reactive-messaging-kafka=io.smallrye.reactive:smallrye-reactive-messaging-kafka:jar:3.10.1:compile, io.smallrye.reactive:smallrye-reactive-messaging-kafka-api=io.smallrye.reactive:smallrye-reactive-messaging-kafka-api:jar:3.10.1:compile, io.opentelemetry:opentelemetry-api=io.opentelemetry:opentelemetry-api:jar:1.6.0:compile, io.opentelemetry:opentelemetry-context=io.opentelemetry:opentelemetry-context:jar:1.6.0:compile, io.opentelemetry:opentelemetry-semconv=io.opentelemetry:opentelemetry-semconv:jar:1.6.0-alpha:compile, io.quarkus:quarkus-jackson=io.quarkus:quarkus-jackson:jar:2.4.0.Final:compile, com.fasterxml.jackson.datatype:jackson-datatype-jdk8=com.fasterxml.jackson.datatype:jackson-datatype-jdk8:jar:2.12.5:compile, com.fasterxml.jackson.module:jackson-module-parameter-names=com.fasterxml.jackson.module:jackson-module-parameter-names:jar:2.12.5:compile, org.apache.kafka:kafka-clients=org.apache.kafka:kafka-clients:jar:2.8.1:compile, com.github.luben:zstd-jni=com.github.luben:zstd-jni:jar:1.4.9-1:compile, org.lz4:lz4-java=org.lz4:lz4-java:jar:1.7.1:compile, org.xerial.snappy:snappy-java=org.xerial.snappy:snappy-java:jar:1.1.8.1:compile, io.vertx:vertx-kafka-client=io.vertx:vertx-kafka-client:jar:4.1.5:compile, io.vertx:vertx-core=io.vertx:vertx-core:jar:4.1.5:compile, io.netty:netty-common=io.netty:netty-common:jar:4.1.68.Final:compile, io.netty:netty-buffer=io.netty:netty-buffer:jar:4.1.68.Final:compile, io.netty:netty-transport=io.netty:netty-transport:jar:4.1.68.Final:compile, io.netty:netty-handler-proxy=io.netty:netty-handler-proxy:jar:4.1.68.Final:compile, io.netty:netty-codec-socks=io.netty:netty-codec-socks:jar:4.1.68.Final:compile, io.netty:netty-resolver=io.netty:netty-resolver:jar:4.1.68.Final:compile, io.netty:netty-resolver-dns=io.netty:netty-resolver-dns:jar:4.1.68.Final:compile, io.netty:netty-codec-dns=io.netty:netty-codec-dns:jar:4.1.68.Final:compile, io.quarkus:quarkus-smallrye-reactive-messaging=io.quarkus:quarkus-smallrye-reactive-messaging:jar:2.4.0.Final:compile, io.quarkus:quarkus-mutiny-reactive-streams-operators=io.quarkus:quarkus-mutiny-reactive-streams-operators:jar:2.4.0.Final:compile, org.eclipse.microprofile.reactive-streams-operators:microprofile-reactive-streams-operators-api=org.eclipse.microprofile.reactive-streams-operators:microprofile-reactive-streams-operators-api:jar:1.0.1:compile, org.eclipse.microprofile.reactive-streams-operators:microprofile-reactive-streams-operators-core=org.eclipse.microprofile.reactive-streams-operators:microprofile-reactive-streams-operators-core:jar:1.0.1:compile, io.smallrye.reactive:mutiny-reactive-streams-operators=io.smallrye.reactive:mutiny-reactive-streams-operators:jar:1.1.2:compile, io.quarkus:quarkus-smallrye-reactive-messaging-kotlin=io.quarkus:quarkus-smallrye-reactive-messaging-kotlin:jar:2.4.0.Final:compile, io.smallrye.common:smallrye-common-annotation=io.smallrye.common:smallrye-common-annotation:jar:1.6.0:compile, io.smallrye.reactive:smallrye-reactive-messaging-health=io.smallrye.reactive:smallrye-reactive-messaging-health:jar:3.10.1:compile, jakarta.annotation:jakarta.annotation-api=jakarta.annotation:jakarta.annotation-api:jar:1.3.5:compile, io.quarkus:quarkus-resteasy-jackson=io.quarkus:quarkus-resteasy-jackson:jar:2.4.0.Final:compile, org.jboss.resteasy:resteasy-jackson2-provider=org.jboss.resteasy:resteasy-jackson2-provider:jar:4.7.0.Final:compile, com.fasterxml.jackson.jaxrs:jackson-jaxrs-json-provider=com.fasterxml.jackson.jaxrs:jackson-jaxrs-json-provider:jar:2.12.5:compile, com.fasterxml.jackson.jaxrs:jackson-jaxrs-base=com.fasterxml.jackson.jaxrs:jackson-jaxrs-base:jar:2.12.5:compile, com.fasterxml.jackson.module:jackson-module-jaxb-annotations=com.fasterxml.jackson.module:jackson-module-jaxb-annotations:jar:2.12.5:compile, com.github.java-json-tools:json-patch=com.github.java-json-tools:json-patch:jar:1.13:compile, com.github.java-json-tools:msg-simple=com.github.java-json-tools:msg-simple:jar:1.2:compile, com.github.java-json-tools:btf=com.github.java-json-tools:btf:jar:1.3:compile, com.github.java-json-tools:jackson-coreutils=com.github.java-json-tools:jackson-coreutils:jar:2.0:compile, org.jboss.spec.javax.xml.bind:jboss-jaxb-api_2.3_spec=org.jboss.spec.javax.xml.bind:jboss-jaxb-api_2.3_spec:jar:2.0.0.Final:compile, io.quarkus:quarkus-smallrye-openapi=io.quarkus:quarkus-smallrye-openapi:jar:2.4.0.Final:compile, io.smallrye:smallrye-open-api-core=io.smallrye:smallrye-open-api-core:jar:2.1.15:compile, org.eclipse.microprofile.openapi:microprofile-openapi-api=org.eclipse.microprofile.openapi:microprofile-openapi-api:jar:2.0.1-RC1:compile, com.fasterxml.jackson.dataformat:jackson-dataformat-yaml=com.fasterxml.jackson.dataformat:jackson-dataformat-yaml:jar:2.12.5:compile, org.yaml:snakeyaml=org.yaml:snakeyaml:jar:1.29:compile, io.quarkus:quarkus-swagger-ui=io.quarkus:quarkus-swagger-ui:jar:2.4.0.Final:compile, org.kie.kogito:kogito-api=org.kie.kogito:kogito-api:jar:2.0.0-SNAPSHOT:compile, com.fasterxml.jackson.core:jackson-annotations=com.fasterxml.jackson.core:jackson-annotations:jar:2.12.5:compile, org.kie:kie-api=org.kie:kie-api:jar:8.15.0-SNAPSHOT:compile, org.kie:kie-dmn-api=org.kie:kie-dmn-api:jar:8.15.0-SNAPSHOT:compile, org.kie:kie-internal=org.kie:kie-internal:jar:8.15.0-SNAPSHOT:compile, org.kie:kie-dmn-model=org.kie:kie-dmn-model:jar:8.15.0-SNAPSHOT:compile, org.kie.kogito:kogito-timer=org.kie.kogito:kogito-timer:jar:2.0.0-SNAPSHOT:compile, org.kie.kogito:kogito-pmml-api-dependencies=org.kie.kogito:kogito-pmml-api-dependencies:pom:2.0.0-SNAPSHOT:compile, org.kie:kie-pmml-evaluator-api=org.kie:kie-pmml-evaluator-api:jar:8.15.0-SNAPSHOT:compile, org.kie:kie-pmml-api=org.kie:kie-pmml-api:jar:8.15.0-SNAPSHOT:compile, org.apache.commons:commons-math3=org.apache.commons:commons-math3:jar:3.4.1:compile, org.kie:kie-pmml-commons=org.kie:kie-pmml-commons:jar:8.15.0-SNAPSHOT:compile, org.apache.commons:commons-text=org.apache.commons:commons-text:jar:1.9:compile, io.quarkus:quarkus-smallrye-health=io.quarkus:quarkus-smallrye-health:jar:2.4.0.Final:compile, io.smallrye:smallrye-health=io.smallrye:smallrye-health:jar:3.1.1:compile, org.eclipse.microprofile.health:microprofile-health-api=org.eclipse.microprofile.health:microprofile-health-api:jar:3.1:compile, io.smallrye:smallrye-health-api=io.smallrye:smallrye-health-api:jar:3.1.1:compile, io.smallrye:smallrye-health-provided-checks=io.smallrye:smallrye-health-provided-checks:jar:3.1.1:compile, io.quarkus:quarkus-jsonp=io.quarkus:quarkus-jsonp:jar:2.4.0.Final:compile, org.glassfish:jakarta.json=org.glassfish:jakarta.json:jar:1.1.6:compile, io.quarkus:quarkus-infinispan-client=io.quarkus:quarkus-infinispan-client:jar:2.4.0.Final:compile, io.quarkus:quarkus-caffeine=io.quarkus:quarkus-caffeine:jar:2.4.0.Final:compile, com.github.ben-manes.caffeine:caffeine=com.github.ben-manes.caffeine:caffeine:jar:2.9.2:compile, io.quarkus:quarkus-netty=io.quarkus:quarkus-netty:jar:2.4.0.Final:compile, io.netty:netty-codec=io.netty:netty-codec:jar:4.1.68.Final:compile, io.netty:netty-codec-http=io.netty:netty-codec-http:jar:4.1.68.Final:compile, io.netty:netty-codec-http2=io.netty:netty-codec-http2:jar:4.1.68.Final:compile, io.netty:netty-handler=io.netty:netty-handler:jar:4.1.68.Final:compile, io.quarkus:quarkus-elytron-security-common=io.quarkus:quarkus-elytron-security-common:jar:2.4.0.Final:compile, org.wildfly.security:wildfly-elytron-credential=org.wildfly.security:wildfly-elytron-credential:jar:1.17.2.Final:compile, org.wildfly.security:wildfly-elytron-asn1=org.wildfly.security:wildfly-elytron-asn1:jar:1.17.2.Final:compile, org.wildfly.security:wildfly-elytron-keystore=org.wildfly.security:wildfly-elytron-keystore:jar:1.17.2.Final:compile, org.wildfly.security:wildfly-elytron-x500-cert=org.wildfly.security:wildfly-elytron-x500-cert:jar:1.17.2.Final:compile, org.wildfly.security:wildfly-elytron-x500-cert-util=org.wildfly.security:wildfly-elytron-x500-cert-util:jar:1.17.2.Final:compile, org.apache.sshd:sshd-common=org.apache.sshd:sshd-common:jar:2.3.0:compile, org.wildfly.security:wildfly-elytron-provider-util=org.wildfly.security:wildfly-elytron-provider-util:jar:1.17.2.Final:compile, org.wildfly.security:wildfly-elytron-x500=org.wildfly.security:wildfly-elytron-x500:jar:1.17.2.Final:compile, org.wildfly.security:wildfly-elytron-password-impl=org.wildfly.security:wildfly-elytron-password-impl:jar:1.17.2.Final:compile, org.wildfly.security:wildfly-elytron-sasl-plain=org.wildfly.security:wildfly-elytron-sasl-plain:jar:1.17.2.Final:compile, org.wildfly.security:wildfly-elytron-auth-server=org.wildfly.security:wildfly-elytron-auth-server:jar:1.17.2.Final:compile, org.wildfly.security:wildfly-elytron-auth=org.wildfly.security:wildfly-elytron-auth:jar:1.17.2.Final:compile, org.wildfly.security:wildfly-elytron-base=org.wildfly.security:wildfly-elytron-base:jar:1.17.2.Final:compile, org.wildfly.security:wildfly-elytron-permission=org.wildfly.security:wildfly-elytron-permission:jar:1.17.2.Final:compile, org.wildfly.security:wildfly-elytron-sasl=org.wildfly.security:wildfly-elytron-sasl:jar:1.17.2.Final:compile, org.wildfly.security:wildfly-elytron-ssl=org.wildfly.security:wildfly-elytron-ssl:jar:1.17.2.Final:compile, org.wildfly.security:wildfly-elytron-mechanism=org.wildfly.security:wildfly-elytron-mechanism:jar:1.17.2.Final:compile, org.wildfly.security:wildfly-elytron-http=org.wildfly.security:wildfly-elytron-http:jar:1.17.2.Final:compile, org.wildfly.security:wildfly-elytron-sasl-digest=org.wildfly.security:wildfly-elytron-sasl-digest:jar:1.17.2.Final:compile, org.wildfly.security:wildfly-elytron-mechanism-digest=org.wildfly.security:wildfly-elytron-mechanism-digest:jar:1.17.2.Final:compile, org.wildfly.security:wildfly-elytron-util=org.wildfly.security:wildfly-elytron-util:jar:1.17.2.Final:compile, org.wildfly.security:wildfly-elytron-sasl-external=org.wildfly.security:wildfly-elytron-sasl-external:jar:1.17.2.Final:compile, org.wildfly.security:wildfly-elytron-sasl-oauth2=org.wildfly.security:wildfly-elytron-sasl-oauth2:jar:1.17.2.Final:compile, org.wildfly.security:wildfly-elytron-mechanism-oauth2=org.wildfly.security:wildfly-elytron-mechanism-oauth2:jar:1.17.2.Final:compile, org.wildfly.security:wildfly-elytron-sasl-scram=org.wildfly.security:wildfly-elytron-sasl-scram:jar:1.17.2.Final:compile, org.wildfly.security:wildfly-elytron-mechanism-scram=org.wildfly.security:wildfly-elytron-mechanism-scram:jar:1.17.2.Final:compile, org.infinispan:infinispan-client-hotrod=org.infinispan:infinispan-client-hotrod:jar:12.1.7.Final:compile, org.infinispan:infinispan-commons=org.infinispan:infinispan-commons:jar:12.1.7.Final:compile, org.wildfly.security:wildfly-elytron-sasl-gs2=org.wildfly.security:wildfly-elytron-sasl-gs2:jar:1.17.2.Final:compile, org.wildfly.security:wildfly-elytron-mechanism-gssapi=org.wildfly.security:wildfly-elytron-mechanism-gssapi:jar:1.17.2.Final:compile, org.wildfly.security:wildfly-elytron-security-manager-action=org.wildfly.security:wildfly-elytron-security-manager-action:jar:1.17.2.Final:compile, org.wildfly.security:wildfly-elytron-sasl-gssapi=org.wildfly.security:wildfly-elytron-sasl-gssapi:jar:1.17.2.Final:compile, io.reactivex.rxjava3:rxjava=io.reactivex.rxjava3:rxjava:jar:3.0.4:compile, io.netty:netty-transport-native-epoll=io.netty:netty-transport-native-epoll:jar:linux-x86_64:4.1.68.Final:compile, io.netty:netty-transport-native-unix-common=io.netty:netty-transport-native-unix-common:jar:4.1.68.Final:compile, jakarta.transaction:jakarta.transaction-api=jakarta.transaction:jakarta.transaction-api:jar:1.3.3:compile, org.infinispan:infinispan-remote-query-client=org.infinispan:infinispan-remote-query-client:jar:12.1.7.Final:compile, org.infinispan:infinispan-query-dsl=org.infinispan:infinispan-query-dsl:jar:12.1.7.Final:compile, org.infinispan.protostream:protostream-processor=org.infinispan.protostream:protostream-processor:jar:4.4.1.Final:compile, org.infinispan.protostream:protostream-types=org.infinispan.protostream:protostream-types:jar:4.4.1.Final:compile, org.kie.kogito:kogito-addons-persistence-infinispan=org.kie.kogito:kogito-addons-persistence-infinispan:jar:2.0.0-SNAPSHOT:compile, org.infinispan:infinispan-commons-jdk11=org.infinispan:infinispan-commons-jdk11:jar:12.1.7.Final:compile, org.kie.kogito:kogito-addons-quarkus-monitoring-prometheus=org.kie.kogito:kogito-addons-quarkus-monitoring-prometheus:jar:2.0.0-SNAPSHOT:compile, io.quarkus:quarkus-micrometer-registry-prometheus=io.quarkus:quarkus-micrometer-registry-prometheus:jar:2.4.0.Final:compile, io.quarkus:quarkus-micrometer=io.quarkus:quarkus-micrometer:jar:2.4.0.Final:compile, io.micrometer:micrometer-core=io.micrometer:micrometer-core:jar:1.7.4:compile, org.hdrhistogram:HdrHistogram=org.hdrhistogram:HdrHistogram:jar:2.1.12:compile, org.latencyutils:LatencyUtils=org.latencyutils:LatencyUtils:jar:2.0.3:runtime, io.micrometer:micrometer-registry-prometheus=io.micrometer:micrometer-registry-prometheus:jar:1.7.4:compile, io.prometheus:simpleclient_common=io.prometheus:simpleclient_common:jar:0.10.0:compile, io.prometheus:simpleclient=io.prometheus:simpleclient:jar:0.10.0:compile, org.kie.kogito:kogito-addons-monitoring-prometheus=org.kie.kogito:kogito-addons-monitoring-prometheus:jar:2.0.0-SNAPSHOT:compile, org.kie.kogito:kogito-addons-monitoring-core=org.kie.kogito:kogito-addons-monitoring-core:jar:2.0.0-SNAPSHOT:compile, org.kie.kogito:grafana-api=org.kie.kogito:grafana-api:jar:2.0.0-SNAPSHOT:compile, org.kie.kogito:kogito-addons-quarkus-monitoring-core=org.kie.kogito:kogito-addons-quarkus-monitoring-core:jar:2.0.0-SNAPSHOT:compile, io.quarkus:quarkus-rest-client=io.quarkus:quarkus-rest-client:jar:2.4.0.Final:compile, io.quarkus:quarkus-resteasy-common=io.quarkus:quarkus-resteasy-common:jar:2.4.0.Final:compile, org.jboss.resteasy:resteasy-core=org.jboss.resteasy:resteasy-core:jar:4.7.0.Final:compile, org.jboss.spec.javax.ws.rs:jboss-jaxrs-api_2.1_spec=org.jboss.spec.javax.ws.rs:jboss-jaxrs-api_2.1_spec:jar:2.0.1.Final:compile, org.jboss.resteasy:resteasy-core-spi=org.jboss.resteasy:resteasy-core-spi:jar:4.7.0.Final:compile, com.ibm.async:asyncutil=com.ibm.async:asyncutil:jar:0.1.0:compile, com.sun.activation:jakarta.activation=com.sun.activation:jakarta.activation:jar:1.2.1:compile, io.quarkus:quarkus-apache-httpclient=io.quarkus:quarkus-apache-httpclient:jar:2.4.0.Final:compile, io.quarkus:quarkus-rest-client-config=io.quarkus:quarkus-rest-client-config:jar:2.4.0.Final:compile, org.eclipse.microprofile.rest.client:microprofile-rest-client-api=org.eclipse.microprofile.rest.client:microprofile-rest-client-api:jar:2.0:compile, org.jboss.resteasy:resteasy-client-microprofile=org.jboss.resteasy:resteasy-client-microprofile:jar:4.7.0.Final:compile, org.jboss.resteasy:resteasy-client-microprofile-base=org.jboss.resteasy:resteasy-client-microprofile-base:jar:4.7.0.Final:compile, org.jboss.resteasy:resteasy-client=org.jboss.resteasy:resteasy-client:jar:4.7.0.Final:compile, org.jboss.resteasy:resteasy-client-api=org.jboss.resteasy:resteasy-client-api:jar:4.7.0.Final:compile, commons-io:commons-io=commons-io:commons-io:jar:2.11.0:compile, org.jboss.resteasy:resteasy-cdi=org.jboss.resteasy:resteasy-cdi:jar:4.7.0.Final:compile, jakarta.interceptor:jakarta.interceptor-api=jakarta.interceptor:jakarta.interceptor-api:jar:1.2.5:compile, org.apache.httpcomponents:httpasyncclient=org.apache.httpcomponents:httpasyncclient:jar:4.1.4:compile, org.apache.httpcomponents:httpcore=org.apache.httpcomponents:httpcore:jar:4.4.14:compile, org.apache.httpcomponents:httpcore-nio=org.apache.httpcomponents:httpcore-nio:jar:4.4.14:compile, org.jboss.logging:commons-logging-jboss-logging=org.jboss.logging:commons-logging-jboss-logging:jar:1.0.0.Final:compile, io.quarkus:quarkus-junit5=io.quarkus:quarkus-junit5:jar:2.4.0.Final:test, io.quarkus:quarkus-bootstrap-core=io.quarkus:quarkus-bootstrap-core:jar:2.4.0.Final:test, io.quarkus:quarkus-bootstrap-app-model=io.quarkus:quarkus-bootstrap-app-model:jar:2.4.0.Final:test, io.quarkus:quarkus-bootstrap-maven-resolver=io.quarkus:quarkus-bootstrap-maven-resolver:jar:2.4.0.Final:test, org.apache.maven:maven-embedder=org.apache.maven:maven-embedder:jar:3.8.1:test, org.apache.maven:maven-settings=org.apache.maven:maven-settings:jar:3.8.1:test, org.apache.maven:maven-core=org.apache.maven:maven-core:jar:3.8.1:test, org.apache.maven:maven-artifact=org.apache.maven:maven-artifact:jar:3.8.1:test, org.codehaus.plexus:plexus-component-annotations=org.codehaus.plexus:plexus-component-annotations:jar:2.1.0:test, org.apache.maven:maven-plugin-api=org.apache.maven:maven-plugin-api:jar:3.8.1:test, org.apache.maven:maven-model=org.apache.maven:maven-model:jar:3.8.1:test, org.apache.maven:maven-model-builder=org.apache.maven:maven-model-builder:jar:3.8.1:test, org.apache.maven:maven-builder-support=org.apache.maven:maven-builder-support:jar:3.8.1:test, org.apache.maven.resolver:maven-resolver-api=org.apache.maven.resolver:maven-resolver-api:jar:1.6.2:test, org.apache.maven.resolver:maven-resolver-util=org.apache.maven.resolver:maven-resolver-util:jar:1.6.2:test, org.apache.maven.shared:maven-shared-utils=org.apache.maven.shared:maven-shared-utils:jar:3.3.3:test, com.google.inject:guice=com.google.inject:guice:jar:no_aop:4.2.1:test, org.codehaus.plexus:plexus-utils=org.codehaus.plexus:plexus-utils:jar:3.2.1:test, org.codehaus.plexus:plexus-classworlds=org.codehaus.plexus:plexus-classworlds:jar:2.6.0:test, commons-cli:commons-cli=commons-cli:commons-cli:jar:1.4:test, org.eclipse.sisu:org.eclipse.sisu.plexus=org.eclipse.sisu:org.eclipse.sisu.plexus:jar:0.3.4:test, org.apache.maven:maven-settings-builder=org.apache.maven:maven-settings-builder:jar:3.8.1:test, org.codehaus.plexus:plexus-interpolation=org.codehaus.plexus:plexus-interpolation:jar:1.25:test, org.sonatype.plexus:plexus-sec-dispatcher=org.sonatype.plexus:plexus-sec-dispatcher:jar:1.4:test, org.sonatype.plexus:plexus-cipher=org.sonatype.plexus:plexus-cipher:jar:1.4:test, org.apache.maven:maven-resolver-provider=org.apache.maven:maven-resolver-provider:jar:3.8.1:test, org.apache.maven:maven-repository-metadata=org.apache.maven:maven-repository-metadata:jar:3.8.1:test, org.apache.maven.resolver:maven-resolver-spi=org.apache.maven.resolver:maven-resolver-spi:jar:1.6.2:test, org.apache.maven.resolver:maven-resolver-impl=org.apache.maven.resolver:maven-resolver-impl:jar:1.6.2:test, org.apache.maven.resolver:maven-resolver-connector-basic=org.apache.maven.resolver:maven-resolver-connector-basic:jar:1.6.2:test, org.apache.maven.resolver:maven-resolver-transport-wagon=org.apache.maven.resolver:maven-resolver-transport-wagon:jar:1.6.2:test, org.apache.maven.wagon:wagon-http=org.apache.maven.wagon:wagon-http:jar:3.4.3:test, org.apache.maven.wagon:wagon-http-shared=org.apache.maven.wagon:wagon-http-shared:jar:3.4.3:test, org.jsoup:jsoup=org.jsoup:jsoup:jar:1.12.1:test, org.apache.maven.wagon:wagon-provider-api=org.apache.maven.wagon:wagon-provider-api:jar:3.4.3:test, org.apache.maven.wagon:wagon-file=org.apache.maven.wagon:wagon-file:jar:3.4.3:test, io.quarkus:quarkus-bootstrap-gradle-resolver=io.quarkus:quarkus-bootstrap-gradle-resolver:jar:2.4.0.Final:test, io.smallrye.common:smallrye-common-io=io.smallrye.common:smallrye-common-io:jar:1.6.0:compile, org.eclipse.sisu:org.eclipse.sisu.inject=org.eclipse.sisu:org.eclipse.sisu.inject:jar:0.3.4:test, io.quarkus:quarkus-test-common=io.quarkus:quarkus-test-common:jar:2.4.0.Final:test, io.quarkus:quarkus-core-deployment=io.quarkus:quarkus-core-deployment:jar:2.4.0.Final:test, org.aesh:readline=org.aesh:readline:jar:2.1:test, org.fusesource.jansi:jansi=org.fusesource.jansi:jansi:jar:1.18:test, org.ow2.asm:asm=org.ow2.asm:asm:jar:9.2:compile, org.ow2.asm:asm-commons=org.ow2.asm:asm-commons:jar:9.2:test, org.ow2.asm:asm-tree=org.ow2.asm:asm-tree:jar:9.2:compile, org.ow2.asm:asm-analysis=org.ow2.asm:asm-analysis:jar:9.2:compile, io.quarkus:quarkus-class-change-agent=io.quarkus:quarkus-class-change-agent:jar:2.4.0.Final:test, io.quarkus:quarkus-devtools-utilities=io.quarkus:quarkus-devtools-utilities:jar:2.4.0.Final:test, io.quarkus:quarkus-builder=io.quarkus:quarkus-builder:jar:2.4.0.Final:test, org.junit.platform:junit-platform-launcher=org.junit.platform:junit-platform-launcher:jar:1.8.1:test, io.quarkus:quarkus-jsonp-deployment=io.quarkus:quarkus-jsonp-deployment:jar:2.4.0.Final:test, org.junit.jupiter:junit-jupiter=org.junit.jupiter:junit-jupiter:jar:5.8.1:test, org.junit.jupiter:junit-jupiter-api=org.junit.jupiter:junit-jupiter-api:jar:5.8.1:test, org.opentest4j:opentest4j=org.opentest4j:opentest4j:jar:1.2.0:test, org.junit.platform:junit-platform-commons=org.junit.platform:junit-platform-commons:jar:1.8.1:test, org.apiguardian:apiguardian-api=org.apiguardian:apiguardian-api:jar:1.1.2:test, org.junit.jupiter:junit-jupiter-params=org.junit.jupiter:junit-jupiter-params:jar:5.8.1:test, org.junit.jupiter:junit-jupiter-engine=org.junit.jupiter:junit-jupiter-engine:jar:5.8.1:test, org.junit.platform:junit-platform-engine=org.junit.platform:junit-platform-engine:jar:1.8.1:test, com.thoughtworks.xstream:xstream=com.thoughtworks.xstream:xstream:jar:1.4.18:compile, io.github.x-stream:mxparser=io.github.x-stream:mxparser:jar:1.2.2:compile, xmlpull:xmlpull=xmlpull:xmlpull:jar:1.1.3.1:compile, io.rest-assured:rest-assured=io.rest-assured:rest-assured:jar:4.4.0:test, org.codehaus.groovy:groovy=org.codehaus.groovy:groovy:jar:3.0.8:test, org.codehaus.groovy:groovy-xml=org.codehaus.groovy:groovy-xml:jar:3.0.8:test, org.apache.httpcomponents:httpclient=org.apache.httpcomponents:httpclient:jar:4.5.13:compile, commons-codec:commons-codec=commons-codec:commons-codec:jar:1.15:compile, org.apache.httpcomponents:httpmime=org.apache.httpcomponents:httpmime:jar:4.5.13:test, org.hamcrest:hamcrest=org.hamcrest:hamcrest:jar:2.1:test, org.ccil.cowan.tagsoup:tagsoup=org.ccil.cowan.tagsoup:tagsoup:jar:1.2.1:test, io.rest-assured:json-path=io.rest-assured:json-path:jar:4.4.0:test, org.codehaus.groovy:groovy-json=org.codehaus.groovy:groovy-json:jar:3.0.8:test, io.rest-assured:rest-assured-common=io.rest-assured:rest-assured-common:jar:4.4.0:test, io.rest-assured:xml-path=io.rest-assured:xml-path:jar:4.4.0:test, org.apache.commons:commons-lang3=org.apache.commons:commons-lang3:jar:3.12.0:compile, jakarta.xml.bind:jakarta.xml.bind-api=jakarta.xml.bind:jakarta.xml.bind-api:jar:2.3.3:compile, com.sun.xml.bind:jaxb-impl=com.sun.xml.bind:jaxb-impl:jar:2.3.3:test}
[DEBUG]   (s) redirectTestOutputToFile = false
[DEBUG]   (s) remoteRepositories = [      id: jboss-plugins
      url: https://repository.jboss.org/nexus/content/groups/public-jboss/
   layout: default
snapshots: [enabled => false, update => daily]
 releases: [enabled => true, update => never]
   blocked: false
,       id: jboss-snapshot-plugins
      url: https://repository.jboss.org/nexus/content/groups/public-jboss/
   layout: default
snapshots: [enabled => true, update => daily]
 releases: [enabled => true, update => never]
   blocked: false
,       id: enterprise
      url: https://maven.repository.redhat.com/techpreview/all/
   layout: default
snapshots: [enabled => false, update => daily]
 releases: [enabled => true, update => never]
   blocked: false
,       id: fusesource
      url: https://repo.fusesource.com/nexus/content/groups/public/
   layout: default
snapshots: [enabled => true, update => daily]
 releases: [enabled => true, update => daily]
   blocked: false
,       id: apache-public
      url: https://repository.apache.org/content/groups/public/
   layout: default
snapshots: [enabled => true, update => daily]
 releases: [enabled => true, update => daily]
   blocked: false
,       id: redhat-techpreview-all-repository
      url: https://maven.repository.redhat.com/techpreview/all/
   layout: default
snapshots: [enabled => false, update => never]
 releases: [enabled => true, update => never]
   blocked: false
,       id: jboss-earlyaccess-plugin-repository
      url: https://maven.repository.redhat.com/earlyaccess/all/
   layout: default
snapshots: [enabled => false, update => daily]
 releases: [enabled => true, update => daily]
   blocked: false
,       id: fusesource.snapshot
      url: https://repo.fusesource.com/nexus/content/groups/public-snapshots/
   layout: default
snapshots: [enabled => true, update => daily]
 releases: [enabled => false, update => daily]
   blocked: false
,       id: central
      url: https://repo.maven.apache.org/maven2
   layout: default
snapshots: [enabled => false, update => daily]
 releases: [enabled => true, update => never]
   blocked: false
]
[DEBUG]   (s) reportFormat = brief
[DEBUG]   (s) reportsDirectory = /Users/mouachani/projects/imsa/imsa-process-kogito/target/surefire-reports
[DEBUG]   (s) runOrder = filesystem
[DEBUG]   (s) skip = false
[DEBUG]   (s) skipTests = false
[DEBUG]   (s) testClassesDirectory = /Users/mouachani/projects/imsa/imsa-process-kogito/target/test-classes
[DEBUG]   (s) testFailureIgnore = false
[DEBUG]   (s) testNGArtifactName = org.testng:testng
[DEBUG]   (s) testSourceDirectory = /Users/mouachani/projects/imsa/imsa-process-kogito/src/test/java
[DEBUG]   (s) trimStackTrace = true
[DEBUG]   (s) useFile = true
[DEBUG]   (s) useManifestOnlyJar = true
[DEBUG]   (s) useSystemClassLoader = true
[DEBUG]   (s) useUnlimitedThreads = false
[DEBUG]   (s) workingDirectory = /Users/mouachani/projects/imsa/imsa-process-kogito
[DEBUG]   (s) project = MavenProject: fr.msa.imsa:imsa-process-kogito:1.0.0-SNAPSHOT @ /Users/mouachani/projects/imsa/imsa-process-kogito/pom.xml
[DEBUG]   (s) session = org.apache.maven.execution.MavenSession@6dce59e
[DEBUG] -- end configuration --
[INFO] No tests to run.
[INFO] 
[INFO] --- maven-jar-plugin:2.4:jar (default-jar) @ imsa-process-kogito ---
[DEBUG] Dependency collection stats {ConflictMarker.analyzeTime=50063, ConflictMarker.markTime=30901, ConflictMarker.nodeCount=74, ConflictIdSorter.graphTime=27560, ConflictIdSorter.topsortTime=23332, ConflictIdSorter.conflictIdCount=28, ConflictIdSorter.conflictIdCycleCount=0, ConflictResolver.totalTime=235886, ConflictResolver.conflictItemCount=70, DefaultDependencyCollector.collectTime=16018991, DefaultDependencyCollector.transformTime=393878}
[DEBUG] org.apache.maven.plugins:maven-jar-plugin:jar:2.4
[DEBUG]    org.apache.maven:maven-plugin-api:jar:2.0.6:compile
[DEBUG]    org.apache.maven:maven-project:jar:2.0.6:compile
[DEBUG]       org.apache.maven:maven-settings:jar:2.0.6:compile
[DEBUG]       org.apache.maven:maven-profile:jar:2.0.6:compile
[DEBUG]       org.apache.maven:maven-artifact-manager:jar:2.0.6:compile
[DEBUG]          org.apache.maven:maven-repository-metadata:jar:2.0.6:compile
[DEBUG]       org.apache.maven:maven-plugin-registry:jar:2.0.6:compile
[DEBUG]       org.codehaus.plexus:plexus-container-default:jar:1.0-alpha-9-stable-1:compile
[DEBUG]          junit:junit:jar:3.8.1:compile
[DEBUG]          classworlds:classworlds:jar:1.1-alpha-2:compile
[DEBUG]    org.apache.maven:maven-model:jar:2.0.6:runtime
[DEBUG]    org.apache.maven:maven-artifact:jar:2.0.6:compile
[DEBUG]    org.apache.maven:maven-archiver:jar:2.5:compile
[DEBUG]       org.apache.maven:maven-core:jar:2.0.6:compile
[DEBUG]          org.apache.maven:maven-plugin-parameter-documenter:jar:2.0.6:compile
[DEBUG]          org.apache.maven.reporting:maven-reporting-api:jar:2.0.6:compile
[DEBUG]             org.apache.maven.doxia:doxia-sink-api:jar:1.0-alpha-7:compile
[DEBUG]          org.apache.maven:maven-error-diagnostics:jar:2.0.6:compile
[DEBUG]          commons-cli:commons-cli:jar:1.0:compile
[DEBUG]          org.apache.maven:maven-plugin-descriptor:jar:2.0.6:compile
[DEBUG]          org.codehaus.plexus:plexus-interactivity-api:jar:1.0-alpha-4:compile
[DEBUG]          org.apache.maven:maven-monitor:jar:2.0.6:compile
[DEBUG]       org.codehaus.plexus:plexus-interpolation:jar:1.15:compile
[DEBUG]    org.codehaus.plexus:plexus-archiver:jar:2.1:compile
[DEBUG]       org.codehaus.plexus:plexus-io:jar:2.0.2:compile
[DEBUG]    commons-lang:commons-lang:jar:2.1:compile
[DEBUG]    org.codehaus.plexus:plexus-utils:jar:3.0:compile
[DEBUG] Created new class realm plugin>org.apache.maven.plugins:maven-jar-plugin:2.4
[DEBUG] Importing foreign packages into class realm plugin>org.apache.maven.plugins:maven-jar-plugin:2.4
[DEBUG]   Imported:  < maven.api
[DEBUG] Populating class realm plugin>org.apache.maven.plugins:maven-jar-plugin:2.4
[DEBUG]   Included: org.apache.maven.plugins:maven-jar-plugin:jar:2.4
[DEBUG]   Included: junit:junit:jar:3.8.1
[DEBUG]   Included: org.apache.maven:maven-archiver:jar:2.5
[DEBUG]   Included: org.apache.maven.reporting:maven-reporting-api:jar:2.0.6
[DEBUG]   Included: org.apache.maven.doxia:doxia-sink-api:jar:1.0-alpha-7
[DEBUG]   Included: commons-cli:commons-cli:jar:1.0
[DEBUG]   Included: org.codehaus.plexus:plexus-interactivity-api:jar:1.0-alpha-4
[DEBUG]   Included: org.codehaus.plexus:plexus-interpolation:jar:1.15
[DEBUG]   Included: org.codehaus.plexus:plexus-archiver:jar:2.1
[DEBUG]   Included: org.codehaus.plexus:plexus-io:jar:2.0.2
[DEBUG]   Included: commons-lang:commons-lang:jar:2.1
[DEBUG]   Included: org.codehaus.plexus:plexus-utils:jar:3.0
[DEBUG] Configuring mojo org.apache.maven.plugins:maven-jar-plugin:2.4:jar from plugin realm ClassRealm[plugin>org.apache.maven.plugins:maven-jar-plugin:2.4, parent: jdk.internal.loader.ClassLoaders$AppClassLoader@277050dc]
[DEBUG] Configuring mojo 'org.apache.maven.plugins:maven-jar-plugin:2.4:jar' with basic configurator -->
[DEBUG]   (f) classesDirectory = /Users/mouachani/projects/imsa/imsa-process-kogito/target/classes
[DEBUG]   (f) defaultManifestFile = /Users/mouachani/projects/imsa/imsa-process-kogito/target/classes/META-INF/MANIFEST.MF
[DEBUG]   (f) finalName = imsa-process-kogito
[DEBUG]   (f) forceCreation = false
[DEBUG]   (f) outputDirectory = /Users/mouachani/projects/imsa/imsa-process-kogito/target
[DEBUG]   (f) project = MavenProject: fr.msa.imsa:imsa-process-kogito:1.0.0-SNAPSHOT @ /Users/mouachani/projects/imsa/imsa-process-kogito/pom.xml
[DEBUG]   (f) session = org.apache.maven.execution.MavenSession@6dce59e
[DEBUG]   (f) skipIfEmpty = false
[DEBUG]   (f) useDefaultManifestFile = false
[DEBUG] -- end configuration --
[DEBUG] isUp2date: false (Destination /Users/mouachani/projects/imsa/imsa-process-kogito/target/imsa-process-kogito.jar not found.)
[INFO] Building jar: /Users/mouachani/projects/imsa/imsa-process-kogito/target/imsa-process-kogito.jar
[DEBUG] adding directory META-INF/
[DEBUG] adding entry META-INF/MANIFEST.MF
[DEBUG] adding directory META-INF/resources/
[DEBUG] adding directory fr/
[DEBUG] adding directory fr/msa/
[DEBUG] adding directory fr/msa/imsa/
[DEBUG] adding directory fr/msa/imsa/model/
[DEBUG] adding directory fr/msa/imsa/services/
[DEBUG] adding directory fr/msa/imsa/rest/
[DEBUG] adding entry META-INF/resources/index.html
[DEBUG] adding entry fr/msa/imsa/model/Dossier.class
[DEBUG] adding entry fr/msa/imsa/services/TacheServices.class
[DEBUG] adding entry fr/msa/imsa/rest/TacheRemoteServices.class
[DEBUG] adding entry imsa-process.bpmn
[DEBUG] adding entry application.properties
[DEBUG] adding directory META-INF/maven/
[DEBUG] adding directory META-INF/maven/fr.msa.imsa/
[DEBUG] adding directory META-INF/maven/fr.msa.imsa/imsa-process-kogito/
[DEBUG] adding entry META-INF/maven/fr.msa.imsa/imsa-process-kogito/pom.xml
[DEBUG] adding entry META-INF/maven/fr.msa.imsa/imsa-process-kogito/pom.properties
[INFO] 
[INFO] --- quarkus-maven-plugin:2.4.0.Final:build (default) @ imsa-process-kogito ---
[DEBUG] Dependency collection stats {ConflictMarker.analyzeTime=333965, ConflictMarker.markTime=222887, ConflictMarker.nodeCount=681, ConflictIdSorter.graphTime=148402, ConflictIdSorter.topsortTime=58851, ConflictIdSorter.conflictIdCount=127, ConflictIdSorter.conflictIdCycleCount=0, ConflictResolver.totalTime=2529662, ConflictResolver.conflictItemCount=274, DefaultDependencyCollector.collectTime=86367877, DefaultDependencyCollector.transformTime=3350593}
[DEBUG] io.quarkus:quarkus-maven-plugin:jar:2.4.0.Final
[DEBUG]    io.quarkus:quarkus-bootstrap-core:jar:2.4.0.Final:compile
[DEBUG]       io.quarkus:quarkus-bootstrap-app-model:jar:2.4.0.Final:compile (version managed from default)
[DEBUG]          org.jboss.logging:jboss-logging:jar:3.4.2.Final:compile (version managed from default)
[DEBUG]          org.jboss.logging:commons-logging-jboss-logging:jar:1.0.0.Final:runtime (version managed from default)
[DEBUG]       io.quarkus:quarkus-bootstrap-maven-resolver:jar:2.4.0.Final:compile (version managed from default)
[DEBUG]          org.jboss.logmanager:jboss-logmanager-embedded:jar:1.0.9:compile (version managed from default) (exclusions managed from default)
[DEBUG]          org.apache.maven:maven-embedder:jar:3.8.1:compile (version managed from default) (exclusions managed from default)
[DEBUG]             commons-cli:commons-cli:jar:1.4:compile
[DEBUG]          org.apache.maven.resolver:maven-resolver-connector-basic:jar:1.6.2:compile (version managed from default) (exclusions managed from default)
[DEBUG]          org.apache.maven.resolver:maven-resolver-transport-wagon:jar:1.6.2:compile (version managed from default) (exclusions managed from default)
[DEBUG]          org.apache.maven.wagon:wagon-http:jar:3.4.3:compile (version managed from default) (exclusions managed from default)
[DEBUG]             org.apache.maven.wagon:wagon-http-shared:jar:3.4.3:compile
[DEBUG]                org.jsoup:jsoup:jar:1.14.2:compile (version managed from default)
[DEBUG]             org.apache.httpcomponents:httpclient:jar:4.5.13:compile (version managed from default)
[DEBUG]                commons-codec:commons-codec:jar:1.15:compile (version managed from default)
[DEBUG]             org.apache.httpcomponents:httpcore:jar:4.4.14:compile (version managed from default)
[DEBUG]             org.apache.maven.wagon:wagon-provider-api:jar:3.4.3:compile (version managed from default)
[DEBUG]          org.apache.maven.wagon:wagon-file:jar:3.4.3:compile (version managed from default) (exclusions managed from default)
[DEBUG]       io.quarkus:quarkus-bootstrap-gradle-resolver:jar:2.4.0.Final:compile (version managed from default)
[DEBUG]       io.smallrye.common:smallrye-common-io:jar:1.6.0:compile (version managed from default)
[DEBUG]    io.quarkus:quarkus-core-deployment:jar:2.4.0.Final:compile
[DEBUG]       org.aesh:readline:jar:2.1:compile (version managed from default)
[DEBUG]          org.fusesource.jansi:jansi:jar:1.18:compile
[DEBUG]       org.apache.commons:commons-lang3:jar:3.12.0:compile (version managed from default)
[DEBUG]       org.wildfly.common:wildfly-common:jar:1.5.4.Final-format-001:compile (version managed from default)
[DEBUG]       io.quarkus.gizmo:gizmo:jar:1.0.9.Final:compile (version managed from default)
[DEBUG]          org.ow2.asm:asm-util:jar:9.1:compile
[DEBUG]       org.jboss:jandex:jar:2.4.1.Final:compile (version managed from default)
[DEBUG]       org.ow2.asm:asm:jar:9.2:compile (version managed from default)
[DEBUG]       org.ow2.asm:asm-commons:jar:9.2:compile (version managed from default)
[DEBUG]          org.ow2.asm:asm-tree:jar:9.2:compile (version managed from default)
[DEBUG]          org.ow2.asm:asm-analysis:jar:9.2:compile (version managed from default)
[DEBUG]       io.quarkus:quarkus-development-mode-spi:jar:2.4.0.Final:compile (version managed from default)
[DEBUG]       io.quarkus:quarkus-class-change-agent:jar:2.4.0.Final:compile (version managed from default)
[DEBUG]       io.quarkus:quarkus-devtools-utilities:jar:2.4.0.Final:compile (version managed from default)
[DEBUG]       org.eclipse.sisu:org.eclipse.sisu.inject:jar:0.3.4:compile (version managed from default)
[DEBUG]       io.quarkus:quarkus-core:jar:2.4.0.Final:compile (version managed from default)
[DEBUG]          jakarta.annotation:jakarta.annotation-api:jar:1.3.5:compile (version managed from default)
[DEBUG]          io.smallrye.config:smallrye-config:jar:2.5.1:compile (version managed from default) (exclusions managed from default)
[DEBUG]             io.smallrye.config:smallrye-config-core:jar:2.5.1:compile
[DEBUG]                org.eclipse.microprofile.config:microprofile-config-api:jar:2.0:compile (version managed from default) (exclusions managed from default)
[DEBUG]                io.smallrye.common:smallrye-common-annotation:jar:1.6.0:compile (version managed from default)
[DEBUG]                io.smallrye.common:smallrye-common-expression:jar:1.6.0:compile (version managed from default)
[DEBUG]                   io.smallrye.common:smallrye-common-function:jar:1.6.0:compile (version managed from default)
[DEBUG]                io.smallrye.common:smallrye-common-constraint:jar:1.6.0:compile (version managed from default)
[DEBUG]                io.smallrye.common:smallrye-common-classloader:jar:1.6.0:compile (version managed from default)
[DEBUG]                io.smallrye.config:smallrye-config-common:jar:2.5.1:compile (version managed from default)
[DEBUG]          org.jboss.logging:jboss-logging-annotations:jar:2.2.1.Final:compile (version managed from default)
[DEBUG]          org.jboss.threads:jboss-threads:jar:3.4.2.Final:compile (version managed from default)
[DEBUG]          io.quarkus:quarkus-bootstrap-runner:jar:2.4.0.Final:compile (version managed from default)
[DEBUG]       io.quarkus:quarkus-builder:jar:2.4.0.Final:compile (version managed from default)
[DEBUG]       org.graalvm.sdk:graal-sdk:jar:21.2.0:compile (version managed from default)
[DEBUG]       org.junit.platform:junit-platform-launcher:jar:1.8.1:compile (version managed from default)
[DEBUG]          org.junit.platform:junit-platform-engine:jar:1.8.1:compile (version managed from default)
[DEBUG]             org.opentest4j:opentest4j:jar:1.2.0:compile
[DEBUG]             org.junit.platform:junit-platform-commons:jar:1.8.1:compile (version managed from default)
[DEBUG]          org.apiguardian:apiguardian-api:jar:1.1.2:compile
[DEBUG]       org.junit.jupiter:junit-jupiter:jar:5.8.1:compile (version managed from default)
[DEBUG]          org.junit.jupiter:junit-jupiter-api:jar:5.8.1:compile (version managed from default)
[DEBUG]          org.junit.jupiter:junit-jupiter-params:jar:5.8.1:compile (version managed from default)
[DEBUG]          org.junit.jupiter:junit-jupiter-engine:jar:5.8.1:runtime (version managed from default)
[DEBUG]    io.quarkus:quarkus-project-core-extension-codestarts:jar:2.4.0.Final:compile
[DEBUG]    io.quarkus:quarkus-devtools-common:jar:2.4.0.Final:compile
[DEBUG]       io.quarkus:quarkus-devtools-registry-client:jar:2.4.0.Final:compile (version managed from default)
[DEBUG]          io.quarkus:quarkus-devtools-artifact-api:jar:2.4.0.Final:compile
[DEBUG]          io.quarkus:quarkus-devtools-message-writer:jar:2.4.0.Final:compile
[DEBUG]             io.smallrye.common:smallrye-common-os:jar:1.6.0:compile (version managed from default)
[DEBUG]       io.quarkus:quarkus-devtools-base-codestarts:jar:2.4.0.Final:compile
[DEBUG]       io.quarkus:quarkus-devtools-codestarts:jar:2.4.0.Final:compile
[DEBUG]          io.quarkus.qute:qute-core:jar:2.4.0.Final:compile (version managed from default)
[DEBUG]             io.smallrye.reactive:mutiny:jar:1.1.2:compile (version managed from default)
[DEBUG]                org.reactivestreams:reactive-streams:jar:1.0.3:compile (version managed from default) (exclusions managed from default)
[DEBUG]          commons-io:commons-io:jar:2.11.0:compile (version managed from default)
[DEBUG]       org.apache.commons:commons-compress:jar:1.21:compile (version managed from default)
[DEBUG]       io.fabric8:maven-model-helper:jar:18:compile
[DEBUG]          org.jdom:jdom:jar:1.1.3:compile
[DEBUG]       com.fasterxml.jackson.dataformat:jackson-dataformat-yaml:jar:2.12.5:compile (version managed from default)
[DEBUG]          org.yaml:snakeyaml:jar:1.29:compile (version managed from default)
[DEBUG]    org.apache.maven:maven-plugin-api:jar:3.8.1:compile (exclusions managed from default)
[DEBUG]       org.apache.maven:maven-model:jar:3.8.1:compile (version managed from default)
[DEBUG]       org.apache.maven:maven-artifact:jar:3.8.1:compile
[DEBUG]       org.eclipse.sisu:org.eclipse.sisu.plexus:jar:0.3.4:compile (version managed from default) (exclusions managed from default)
[DEBUG]       org.codehaus.plexus:plexus-utils:jar:3.2.1:compile (version managed from default)
[DEBUG]    jakarta.inject:jakarta.inject-api:jar:1.0:compile
[DEBUG]    jakarta.enterprise:jakarta.enterprise.cdi-api:jar:2.0.2:compile
[DEBUG]       jakarta.el:jakarta.el-api:jar:3.0.3:compile
[DEBUG]       jakarta.interceptor:jakarta.interceptor-api:jar:1.2.5:compile (version managed from default) (exclusions managed from default)
[DEBUG]    org.apache.maven:maven-core:jar:3.8.1:compile (exclusions managed from default)
[DEBUG]       org.apache.maven:maven-settings:jar:3.8.1:compile (version managed from default)
[DEBUG]       org.apache.maven:maven-settings-builder:jar:3.8.1:compile (version managed from default) (exclusions managed from default)
[DEBUG]          org.codehaus.plexus:plexus-interpolation:jar:1.25:compile
[DEBUG]          org.sonatype.plexus:plexus-sec-dispatcher:jar:1.4:compile
[DEBUG]             org.sonatype.plexus:plexus-cipher:jar:1.4:compile
[DEBUG]       org.apache.maven:maven-builder-support:jar:3.8.1:compile
[DEBUG]       org.apache.maven:maven-repository-metadata:jar:3.8.1:compile
[DEBUG]       org.apache.maven:maven-model-builder:jar:3.8.1:compile
[DEBUG]       org.apache.maven:maven-resolver-provider:jar:3.8.1:compile (version managed from default) (exclusions managed from default)
[DEBUG]       org.apache.maven.resolver:maven-resolver-impl:jar:1.6.2:compile
[DEBUG]       org.apache.maven.resolver:maven-resolver-api:jar:1.6.2:compile
[DEBUG]       org.apache.maven.resolver:maven-resolver-spi:jar:1.6.2:compile
[DEBUG]       org.apache.maven.resolver:maven-resolver-util:jar:1.6.2:compile
[DEBUG]       org.apache.maven.shared:maven-shared-utils:jar:3.3.3:compile (version managed from default)
[DEBUG]       com.google.inject:guice:jar:no_aop:4.2.1:compile
[DEBUG]          aopalliance:aopalliance:jar:1.0:compile
[DEBUG]          com.google.guava:guava:jar:30.1.1-jre:compile (version managed from default)
[DEBUG]             com.google.guava:failureaccess:jar:1.0.1:compile
[DEBUG]             com.google.guava:listenablefuture:jar:9999.0-empty-to-avoid-conflict-with-guava:compile
[DEBUG]             com.google.errorprone:error_prone_annotations:jar:2.2.0:compile (version managed from default) (exclusions managed from default)
[DEBUG]             com.google.j2objc:j2objc-annotations:jar:1.3:compile
[DEBUG]       org.codehaus.plexus:plexus-classworlds:jar:2.6.0:compile (version managed from default) (exclusions managed from default)
[DEBUG]       org.codehaus.plexus:plexus-component-annotations:jar:2.1.0:compile (version managed from default)
[DEBUG]    org.apache.maven.shared:maven-artifact-transfer:jar:0.10.0:compile (exclusions managed from default)
[DEBUG]       org.apache.maven.shared:maven-common-artifact-filters:jar:3.0.1:compile
[DEBUG]          org.sonatype.sisu:sisu-inject-plexus:jar:1.4.2:compile
[DEBUG]             org.sonatype.sisu:sisu-inject-bean:jar:1.4.2:compile
[DEBUG]                org.sonatype.sisu:sisu-guice:jar:noaop:2.1.7:compile
[DEBUG]       org.slf4j:slf4j-api:jar:1.7.30:compile (version managed from default)
[DEBUG]    org.freemarker:freemarker:jar:2.3.31:compile
[DEBUG]    org.glassfish:jakarta.json:jar:1.1.6:compile
[DEBUG]    com.fasterxml.jackson.core:jackson-databind:jar:2.12.5:compile
[DEBUG]       com.fasterxml.jackson.core:jackson-annotations:jar:2.12.5:compile (version managed from default)
[DEBUG]       com.fasterxml.jackson.core:jackson-core:jar:2.12.5:compile (version managed from default)
[DEBUG]    org.twdata.maven:mojo-executor:jar:2.3.1:compile
[DEBUG]    org.jboss.slf4j:slf4j-jboss-logmanager:jar:1.1.0.Final:compile
[DEBUG] Created new class realm plugin>io.quarkus:quarkus-maven-plugin:2.4.0.Final
[DEBUG] Importing foreign packages into class realm plugin>io.quarkus:quarkus-maven-plugin:2.4.0.Final
[DEBUG]   Imported:  < maven.api
[DEBUG] Populating class realm plugin>io.quarkus:quarkus-maven-plugin:2.4.0.Final
[DEBUG]   Included: io.quarkus:quarkus-maven-plugin:jar:2.4.0.Final
[DEBUG]   Included: io.quarkus:quarkus-bootstrap-core:jar:2.4.0.Final
[DEBUG]   Included: io.quarkus:quarkus-bootstrap-app-model:jar:2.4.0.Final
[DEBUG]   Included: org.jboss.logging:jboss-logging:jar:3.4.2.Final
[DEBUG]   Included: org.jboss.logging:commons-logging-jboss-logging:jar:1.0.0.Final
[DEBUG]   Included: io.quarkus:quarkus-bootstrap-maven-resolver:jar:2.4.0.Final
[DEBUG]   Included: org.jboss.logmanager:jboss-logmanager-embedded:jar:1.0.9
[DEBUG]   Included: org.apache.maven:maven-embedder:jar:3.8.1
[DEBUG]   Included: commons-cli:commons-cli:jar:1.4
[DEBUG]   Included: org.apache.maven.resolver:maven-resolver-connector-basic:jar:1.6.2
[DEBUG]   Included: org.apache.maven.resolver:maven-resolver-transport-wagon:jar:1.6.2
[DEBUG]   Included: org.apache.maven.wagon:wagon-http:jar:3.4.3
[DEBUG]   Included: org.apache.maven.wagon:wagon-http-shared:jar:3.4.3
[DEBUG]   Included: org.jsoup:jsoup:jar:1.14.2
[DEBUG]   Included: org.apache.httpcomponents:httpclient:jar:4.5.13
[DEBUG]   Included: commons-codec:commons-codec:jar:1.15
[DEBUG]   Included: org.apache.httpcomponents:httpcore:jar:4.4.14
[DEBUG]   Included: org.apache.maven.wagon:wagon-file:jar:3.4.3
[DEBUG]   Included: io.quarkus:quarkus-bootstrap-gradle-resolver:jar:2.4.0.Final
[DEBUG]   Included: io.smallrye.common:smallrye-common-io:jar:1.6.0
[DEBUG]   Included: io.quarkus:quarkus-core-deployment:jar:2.4.0.Final
[DEBUG]   Included: org.aesh:readline:jar:2.1
[DEBUG]   Included: org.apache.commons:commons-lang3:jar:3.12.0
[DEBUG]   Included: org.wildfly.common:wildfly-common:jar:1.5.4.Final-format-001
[DEBUG]   Included: io.quarkus.gizmo:gizmo:jar:1.0.9.Final
[DEBUG]   Included: org.ow2.asm:asm-util:jar:9.1
[DEBUG]   Included: org.jboss:jandex:jar:2.4.1.Final
[DEBUG]   Included: org.ow2.asm:asm:jar:9.2
[DEBUG]   Included: org.ow2.asm:asm-commons:jar:9.2
[DEBUG]   Included: org.ow2.asm:asm-tree:jar:9.2
[DEBUG]   Included: org.ow2.asm:asm-analysis:jar:9.2
[DEBUG]   Included: io.quarkus:quarkus-development-mode-spi:jar:2.4.0.Final
[DEBUG]   Included: io.quarkus:quarkus-class-change-agent:jar:2.4.0.Final
[DEBUG]   Included: io.quarkus:quarkus-devtools-utilities:jar:2.4.0.Final
[DEBUG]   Included: org.eclipse.sisu:org.eclipse.sisu.inject:jar:0.3.4
[DEBUG]   Included: io.quarkus:quarkus-core:jar:2.4.0.Final
[DEBUG]   Included: jakarta.annotation:jakarta.annotation-api:jar:1.3.5
[DEBUG]   Included: io.smallrye.config:smallrye-config:jar:2.5.1
[DEBUG]   Included: io.smallrye.config:smallrye-config-core:jar:2.5.1
[DEBUG]   Included: org.eclipse.microprofile.config:microprofile-config-api:jar:2.0
[DEBUG]   Included: io.smallrye.common:smallrye-common-annotation:jar:1.6.0
[DEBUG]   Included: io.smallrye.common:smallrye-common-expression:jar:1.6.0
[DEBUG]   Included: io.smallrye.common:smallrye-common-function:jar:1.6.0
[DEBUG]   Included: io.smallrye.common:smallrye-common-constraint:jar:1.6.0
[DEBUG]   Included: io.smallrye.common:smallrye-common-classloader:jar:1.6.0
[DEBUG]   Included: io.smallrye.config:smallrye-config-common:jar:2.5.1
[DEBUG]   Included: org.jboss.logging:jboss-logging-annotations:jar:2.2.1.Final
[DEBUG]   Included: org.jboss.threads:jboss-threads:jar:3.4.2.Final
[DEBUG]   Included: io.quarkus:quarkus-bootstrap-runner:jar:2.4.0.Final
[DEBUG]   Included: io.quarkus:quarkus-builder:jar:2.4.0.Final
[DEBUG]   Included: org.graalvm.sdk:graal-sdk:jar:21.2.0
[DEBUG]   Included: org.junit.platform:junit-platform-launcher:jar:1.8.1
[DEBUG]   Included: org.junit.platform:junit-platform-engine:jar:1.8.1
[DEBUG]   Included: org.opentest4j:opentest4j:jar:1.2.0
[DEBUG]   Included: org.junit.platform:junit-platform-commons:jar:1.8.1
[DEBUG]   Included: org.apiguardian:apiguardian-api:jar:1.1.2
[DEBUG]   Included: org.junit.jupiter:junit-jupiter:jar:5.8.1
[DEBUG]   Included: org.junit.jupiter:junit-jupiter-api:jar:5.8.1
[DEBUG]   Included: org.junit.jupiter:junit-jupiter-params:jar:5.8.1
[DEBUG]   Included: org.junit.jupiter:junit-jupiter-engine:jar:5.8.1
[DEBUG]   Included: io.quarkus:quarkus-project-core-extension-codestarts:jar:2.4.0.Final
[DEBUG]   Included: io.quarkus:quarkus-devtools-common:jar:2.4.0.Final
[DEBUG]   Included: io.quarkus:quarkus-devtools-registry-client:jar:2.4.0.Final
[DEBUG]   Included: io.quarkus:quarkus-devtools-artifact-api:jar:2.4.0.Final
[DEBUG]   Included: io.quarkus:quarkus-devtools-message-writer:jar:2.4.0.Final
[DEBUG]   Included: io.smallrye.common:smallrye-common-os:jar:1.6.0
[DEBUG]   Included: io.quarkus:quarkus-devtools-base-codestarts:jar:2.4.0.Final
[DEBUG]   Included: io.quarkus:quarkus-devtools-codestarts:jar:2.4.0.Final
[DEBUG]   Included: io.quarkus.qute:qute-core:jar:2.4.0.Final
[DEBUG]   Included: io.smallrye.reactive:mutiny:jar:1.1.2
[DEBUG]   Included: org.reactivestreams:reactive-streams:jar:1.0.3
[DEBUG]   Included: commons-io:commons-io:jar:2.11.0
[DEBUG]   Included: org.apache.commons:commons-compress:jar:1.21
[DEBUG]   Included: io.fabric8:maven-model-helper:jar:18
[DEBUG]   Included: org.jdom:jdom:jar:1.1.3
[DEBUG]   Included: com.fasterxml.jackson.dataformat:jackson-dataformat-yaml:jar:2.12.5
[DEBUG]   Included: org.yaml:snakeyaml:jar:1.29
[DEBUG]   Included: org.codehaus.plexus:plexus-utils:jar:3.2.1
[DEBUG]   Included: jakarta.inject:jakarta.inject-api:jar:1.0
[DEBUG]   Included: jakarta.enterprise:jakarta.enterprise.cdi-api:jar:2.0.2
[DEBUG]   Included: jakarta.el:jakarta.el-api:jar:3.0.3
[DEBUG]   Included: jakarta.interceptor:jakarta.interceptor-api:jar:1.2.5
[DEBUG]   Included: org.codehaus.plexus:plexus-interpolation:jar:1.25
[DEBUG]   Included: org.sonatype.plexus:plexus-sec-dispatcher:jar:1.4
[DEBUG]   Included: org.sonatype.plexus:plexus-cipher:jar:1.4
[DEBUG]   Included: org.apache.maven:maven-builder-support:jar:3.8.1
[DEBUG]   Included: org.apache.maven.resolver:maven-resolver-util:jar:1.6.2
[DEBUG]   Included: org.apache.maven.shared:maven-shared-utils:jar:3.3.3
[DEBUG]   Included: com.google.inject:guice:jar:no_aop:4.2.1
[DEBUG]   Included: aopalliance:aopalliance:jar:1.0
[DEBUG]   Included: com.google.guava:guava:jar:30.1.1-jre
[DEBUG]   Included: com.google.guava:failureaccess:jar:1.0.1
[DEBUG]   Included: com.google.guava:listenablefuture:jar:9999.0-empty-to-avoid-conflict-with-guava
[DEBUG]   Included: com.google.errorprone:error_prone_annotations:jar:2.2.0
[DEBUG]   Included: com.google.j2objc:j2objc-annotations:jar:1.3
[DEBUG]   Included: org.codehaus.plexus:plexus-component-annotations:jar:2.1.0
[DEBUG]   Included: org.apache.maven.shared:maven-artifact-transfer:jar:0.10.0
[DEBUG]   Included: org.apache.maven.shared:maven-common-artifact-filters:jar:3.0.1
[DEBUG]   Included: org.sonatype.sisu:sisu-inject-bean:jar:1.4.2
[DEBUG]   Included: org.sonatype.sisu:sisu-guice:jar:noaop:2.1.7
[DEBUG]   Included: org.freemarker:freemarker:jar:2.3.31
[DEBUG]   Included: org.glassfish:jakarta.json:jar:1.1.6
[DEBUG]   Included: com.fasterxml.jackson.core:jackson-databind:jar:2.12.5
[DEBUG]   Included: com.fasterxml.jackson.core:jackson-annotations:jar:2.12.5
[DEBUG]   Included: com.fasterxml.jackson.core:jackson-core:jar:2.12.5
[DEBUG]   Included: org.twdata.maven:mojo-executor:jar:2.3.1
[DEBUG]   Included: org.jboss.slf4j:slf4j-jboss-logmanager:jar:1.1.0.Final
[DEBUG] Configuring mojo io.quarkus:quarkus-maven-plugin:2.4.0.Final:build from plugin realm ClassRealm[plugin>io.quarkus:quarkus-maven-plugin:2.4.0.Final, parent: jdk.internal.loader.ClassLoaders$AppClassLoader@277050dc]
[DEBUG] Configuring mojo 'io.quarkus:quarkus-maven-plugin:2.4.0.Final:build' with basic configurator -->
[DEBUG]   (f) buildDir = /Users/mouachani/projects/imsa/imsa-process-kogito/target
[DEBUG]   (f) finalName = imsa-process-kogito
[DEBUG]   (f) generatedSourcesDirectory = /Users/mouachani/projects/imsa/imsa-process-kogito/target/generated-sources
[DEBUG]   (f) ignoredEntries = []
[DEBUG]   (f) mojoExecution = io.quarkus:quarkus-maven-plugin:2.4.0.Final:build {execution: default}
[DEBUG]   (f) pluginRepos = [jboss-plugins (https://repository.jboss.org/nexus/content/groups/public-jboss/, default, releases), jboss-snapshot-plugins (https://repository.jboss.org/nexus/content/groups/public-jboss/, default, releases+snapshots), enterprise (https://maven.repository.redhat.com/techpreview/all/, default, releases), fusesource (https://repo.fusesource.com/nexus/content/groups/public/, default, releases+snapshots), apache-public (https://repository.apache.org/content/groups/public/, default, releases+snapshots), redhat-techpreview-all-repository (https://maven.repository.redhat.com/techpreview/all/, default, releases), jboss-earlyaccess-plugin-repository (https://maven.repository.redhat.com/earlyaccess/all/, default, releases), fusesource.snapshot (https://repo.fusesource.com/nexus/content/groups/public-snapshots/, default, snapshots), central (https://repo.maven.apache.org/maven2, default, releases)]
[DEBUG]   (f) project = MavenProject: fr.msa.imsa:imsa-process-kogito:1.0.0-SNAPSHOT @ /Users/mouachani/projects/imsa/imsa-process-kogito/pom.xml
[DEBUG]   (f) properties = {}
[DEBUG]   (f) repoSession = org.eclipse.aether.DefaultRepositorySystemSession@3d2b13b1
[DEBUG]   (f) repos = [jboss (https://repository.jboss.org/nexus/content/groups/public-jboss/, default, releases), jboss-snapshot (https://repository.jboss.org/nexus/content/groups/public-jboss/, default, releases+snapshots), enterprise (https://maven.repository.redhat.com/techpreview/all/, default, releases), fusesource (https://repo.fusesource.com/nexus/content/groups/public/, default, releases), apache-public (https://repository.apache.org/content/groups/public/, default, releases+snapshots), redhat-techpreview-all-repository (https://maven.repository.redhat.com/techpreview/all/, default, releases), jboss-earlyaccess-repository (https://maven.repository.redhat.com/earlyaccess/all/, default, releases), fusesource.snapshot (https://repo.fusesource.com/nexus/content/groups/public-snapshots/, default, snapshots), central (https://repo.maven.apache.org/maven2, default, releases)]
[DEBUG]   (f) session = org.apache.maven.execution.MavenSession@6dce59e
[DEBUG]   (f) skip = false
[DEBUG] -- end configuration --
[DEBUG] [org.jboss.logging] Logging Provider: io.quarkus.maven.MojoLogger found via service loader
[DEBUG] Dependency collection stats {ConflictMarker.analyzeTime=3479588, ConflictMarker.markTime=2279466, ConflictMarker.nodeCount=3109, ConflictIdSorter.graphTime=1712028, ConflictIdSorter.topsortTime=445599, ConflictIdSorter.conflictIdCount=355, ConflictIdSorter.conflictIdCycleCount=0, ConflictResolver.totalTime=144830123, ConflictResolver.conflictItemCount=1023, DefaultDependencyCollector.collectTime=39453944, DefaultDependencyCollector.transformTime=152909134}
[DEBUG] [io.quarkus.bootstrap.model.ApplicationModelBuilder] Extension io.quarkus:quarkus-undertow:jar:2.4.0.Final is excluding org.jboss.spec.javax.servlet:jboss-servlet-api_4.0_spec
[DEBUG] [io.quarkus.bootstrap.model.ApplicationModelBuilder] Extension io.quarkus:quarkus-undertow:jar:2.4.0.Final is excluding org.jboss.spec.javax.servlet:jboss-servlet-api_3.1_spec
[DEBUG] [io.quarkus.bootstrap.model.ApplicationModelBuilder] Extension io.quarkus:quarkus-undertow:jar:2.4.0.Final is excluding org.jboss.spec.javax.servlet:jboss-servlet-api_3.0_spec
[DEBUG] [io.quarkus.bootstrap.model.ApplicationModelBuilder] Extension io.quarkus:quarkus-undertow:jar:2.4.0.Final is excluding javax.servlet:servlet-api
[DEBUG] [io.quarkus.bootstrap.model.ApplicationModelBuilder] Extension io.quarkus:quarkus-undertow:jar:2.4.0.Final is excluding javax.servlet:javax.servlet-api
[DEBUG] [io.quarkus.bootstrap.model.ApplicationModelBuilder] Extension io.quarkus:quarkus-core:jar:2.4.0.Final is excluding io.smallrye:smallrye-config
[DEBUG] [io.quarkus.bootstrap.model.ApplicationModelBuilder] Extension io.quarkus:quarkus-core:jar:2.4.0.Final is excluding javax.enterprise:cdi-api
[DEBUG] [io.quarkus.bootstrap.model.ApplicationModelBuilder] Extension io.quarkus:quarkus-core:jar:2.4.0.Final is excluding org.jboss.spec.javax.annotation:jboss-annotations-api_1.2_spec
[DEBUG] [io.quarkus.bootstrap.model.ApplicationModelBuilder] Extension io.quarkus:quarkus-core:jar:2.4.0.Final is excluding org.jboss.spec.javax.annotation:jboss-annotations-api_1.3_spec
[DEBUG] [io.quarkus.bootstrap.model.ApplicationModelBuilder] Extension io.quarkus:quarkus-core:jar:2.4.0.Final is excluding javax.inject:javax.inject
[DEBUG] [io.quarkus.bootstrap.model.ApplicationModelBuilder] Extension io.quarkus:quarkus-core:jar:2.4.0.Final is excluding org.jboss.spec.javax.interceptor:jboss-interceptors-api_1.2_spec
[DEBUG] [io.quarkus.bootstrap.model.ApplicationModelBuilder] Extension io.quarkus:quarkus-core:jar:2.4.0.Final is excluding org.glassfish:javax.el
[DEBUG] [io.quarkus.bootstrap.model.ApplicationModelBuilder] Extension io.quarkus:quarkus-core:jar:2.4.0.Final is excluding javax.annotation:javax.annotation-api
[DEBUG] [io.quarkus.bootstrap.model.ApplicationModelBuilder] Extension io.quarkus:quarkus-core:jar:2.4.0.Final is making io.quarkus:quarkus-junit4-mock a lesser priority artifact
[DEBUG] [io.quarkus.bootstrap.model.ApplicationModelBuilder] Extension io.quarkus:quarkus-jsonp:jar:2.4.0.Final is excluding javax.json:javax.json-api
[DEBUG] [io.quarkus.bootstrap.model.ApplicationModelBuilder] Extension io.quarkus:quarkus-jsonp:jar:2.4.0.Final is excluding org.glassfish:javax.json
[DEBUG] [io.quarkus.bootstrap.model.ApplicationModelBuilder] Extension io.quarkus:quarkus-resteasy-common:jar:2.4.0.Final is excluding javax.ws.rs:javax.ws.rs-api
[DEBUG] [io.quarkus.bootstrap.model.ApplicationModelBuilder] Extension io.quarkus:quarkus-resteasy-common:jar:2.4.0.Final is excluding javax.activation:javax.activation-api
[DEBUG] [io.quarkus.bootstrap.model.ApplicationModelBuilder] Extension io.quarkus:quarkus-resteasy-common:jar:2.4.0.Final is excluding javax.activation:activation
[DEBUG] [io.quarkus.bootstrap.model.ApplicationModelBuilder] Extension io.quarkus:quarkus-resteasy-common:jar:2.4.0.Final is excluding jakarta.ws.rs:jakarta.ws.rs-api
[DEBUG] [io.quarkus.bootstrap.model.ApplicationModelBuilder] Extension io.quarkus:quarkus-resteasy-common:jar:2.4.0.Final is excluding org.jboss.resteasy:resteasy-context-propagation
[DEBUG] [io.quarkus.bootstrap.resolver.maven.DeploymentInjectingDependencyVisitor] Injecting deployment dependency org.kie.kogito:kogito-quarkus-deployment:jar:2.0.0-SNAPSHOT
[DEBUG] Skipped remote request for org.kie.kogito:kogito-quarkus-deployment:2.0.0-SNAPSHOT/maven-metadata.xml, locally cached metadata up-to-date
[DEBUG] org.kie.kogito:kogito-quarkus-deployment:2.0.0-SNAPSHOT/maven-metadata.xml was not found in https://repository.apache.org/content/groups/public/ during a previous attempt. This failure was cached in the local repository and resolution is not be reattempted until the update interval of apache-public has elapsed or updates are forced
[DEBUG] org.kie.kogito:kogito-quarkus-deployment:2.0.0-SNAPSHOT/maven-metadata.xml was not found in https://repo.fusesource.com/nexus/content/groups/public-snapshots/ during a previous attempt. This failure was cached in the local repository and resolution is not be reattempted until the update interval of fusesource.snapshot has elapsed or updates are forced
[DEBUG] Skipped remote request for org.kie.kogito:kogito-quarkus-deployment:2.0.0-SNAPSHOT/maven-metadata.xml, locally cached metadata up-to-date
[DEBUG] org.kie.kogito:kogito-quarkus-deployment:2.0.0-SNAPSHOT/maven-metadata.xml was not found in https://repository.apache.org/content/groups/public/ during a previous attempt. This failure was cached in the local repository and resolution is not be reattempted until the update interval of apache-public has elapsed or updates are forced
[DEBUG] org.kie.kogito:kogito-quarkus-deployment:2.0.0-SNAPSHOT/maven-metadata.xml was not found in https://repo.fusesource.com/nexus/content/groups/public-snapshots/ during a previous attempt. This failure was cached in the local repository and resolution is not be reattempted until the update interval of fusesource.snapshot has elapsed or updates are forced
[DEBUG] Skipped remote request for org.kie.kogito:kogito-quarkus-common-deployment:2.0.0-SNAPSHOT/maven-metadata.xml, locally cached metadata up-to-date
[DEBUG] org.kie.kogito:kogito-quarkus-common-deployment:2.0.0-SNAPSHOT/maven-metadata.xml was not found in https://repository.apache.org/content/groups/public/ during a previous attempt. This failure was cached in the local repository and resolution is not be reattempted until the update interval of apache-public has elapsed or updates are forced
[DEBUG] org.kie.kogito:kogito-quarkus-common-deployment:2.0.0-SNAPSHOT/maven-metadata.xml was not found in https://repo.fusesource.com/nexus/content/groups/public-snapshots/ during a previous attempt. This failure was cached in the local repository and resolution is not be reattempted until the update interval of fusesource.snapshot has elapsed or updates are forced
[DEBUG] Skipped remote request for org.kie.kogito:kogito-quarkus-common-deployment:2.0.0-SNAPSHOT/maven-metadata.xml, locally cached metadata up-to-date
[DEBUG] Skipped remote request for org.kie.kogito:kogito-quarkus-common-deployment:2.0.0-SNAPSHOT/maven-metadata.xml, locally cached metadata up-to-date
[DEBUG] org.kie.kogito:kogito-quarkus-common-deployment:2.0.0-SNAPSHOT/maven-metadata.xml was not found in https://repository.apache.org/content/groups/public/ during a previous attempt. This failure was cached in the local repository and resolution is not be reattempted until the update interval of apache-public has elapsed or updates are forced
[DEBUG] org.kie.kogito:kogito-quarkus-common-deployment:2.0.0-SNAPSHOT/maven-metadata.xml was not found in https://repo.fusesource.com/nexus/content/groups/public-snapshots/ during a previous attempt. This failure was cached in the local repository and resolution is not be reattempted until the update interval of fusesource.snapshot has elapsed or updates are forced
[DEBUG] Skipped remote request for org.kie.kogito:kogito-quarkus-common-deployment:2.0.0-SNAPSHOT/maven-metadata.xml, locally cached metadata up-to-date
[DEBUG] Skipped remote request for org.kie.kogito:kogito-codegen-core:2.0.0-SNAPSHOT/maven-metadata.xml, locally cached metadata up-to-date
[DEBUG] org.kie.kogito:kogito-codegen-core:2.0.0-SNAPSHOT/maven-metadata.xml was not found in https://repository.apache.org/content/groups/public/ during a previous attempt. This failure was cached in the local repository and resolution is not be reattempted until the update interval of apache-public has elapsed or updates are forced
[DEBUG] org.kie.kogito:kogito-codegen-core:2.0.0-SNAPSHOT/maven-metadata.xml was not found in https://repo.fusesource.com/nexus/content/groups/public-snapshots/ during a previous attempt. This failure was cached in the local repository and resolution is not be reattempted until the update interval of fusesource.snapshot has elapsed or updates are forced
[DEBUG] Skipped remote request for org.kie.kogito:kogito-codegen-core:2.0.0-SNAPSHOT/maven-metadata.xml, locally cached metadata up-to-date
[DEBUG] Skipped remote request for org.kie.kogito:kogito-codegen-core:2.0.0-SNAPSHOT/maven-metadata.xml, locally cached metadata up-to-date
[DEBUG] org.kie.kogito:kogito-codegen-core:2.0.0-SNAPSHOT/maven-metadata.xml was not found in https://repository.apache.org/content/groups/public/ during a previous attempt. This failure was cached in the local repository and resolution is not be reattempted until the update interval of apache-public has elapsed or updates are forced
[DEBUG] org.kie.kogito:kogito-codegen-core:2.0.0-SNAPSHOT/maven-metadata.xml was not found in https://repo.fusesource.com/nexus/content/groups/public-snapshots/ during a previous attempt. This failure was cached in the local repository and resolution is not be reattempted until the update interval of fusesource.snapshot has elapsed or updates are forced
[DEBUG] Skipped remote request for org.kie.kogito:kogito-codegen-core:2.0.0-SNAPSHOT/maven-metadata.xml, locally cached metadata up-to-date
[DEBUG] Skipped remote request for org.kie.kogito:kogito-codegen-modules:2.0.0-SNAPSHOT/maven-metadata.xml, locally cached metadata up-to-date
[DEBUG] org.kie.kogito:kogito-codegen-modules:2.0.0-SNAPSHOT/maven-metadata.xml was not found in https://repository.apache.org/content/groups/public/ during a previous attempt. This failure was cached in the local repository and resolution is not be reattempted until the update interval of apache-public has elapsed or updates are forced
[DEBUG] org.kie.kogito:kogito-codegen-modules:2.0.0-SNAPSHOT/maven-metadata.xml was not found in https://repo.fusesource.com/nexus/content/groups/public-snapshots/ during a previous attempt. This failure was cached in the local repository and resolution is not be reattempted until the update interval of fusesource.snapshot has elapsed or updates are forced
[DEBUG] Skipped remote request for org.kie.kogito:kogito-codegen-modules:2.0.0-SNAPSHOT/maven-metadata.xml, locally cached metadata up-to-date
[DEBUG] Skipped remote request for org.kie.kogito:kogito-codegen-api:2.0.0-SNAPSHOT/maven-metadata.xml, locally cached metadata up-to-date
[DEBUG] org.kie.kogito:kogito-codegen-api:2.0.0-SNAPSHOT/maven-metadata.xml was not found in https://repository.apache.org/content/groups/public/ during a previous attempt. This failure was cached in the local repository and resolution is not be reattempted until the update interval of apache-public has elapsed or updates are forced
[DEBUG] org.kie.kogito:kogito-codegen-api:2.0.0-SNAPSHOT/maven-metadata.xml was not found in https://repo.fusesource.com/nexus/content/groups/public-snapshots/ during a previous attempt. This failure was cached in the local repository and resolution is not be reattempted until the update interval of fusesource.snapshot has elapsed or updates are forced
[DEBUG] Skipped remote request for org.kie.kogito:kogito-codegen-api:2.0.0-SNAPSHOT/maven-metadata.xml, locally cached metadata up-to-date
[DEBUG] Skipped remote request for org.kie.kogito:kogito-codegen-api:2.0.0-SNAPSHOT/maven-metadata.xml, locally cached metadata up-to-date
[DEBUG] org.kie.kogito:kogito-codegen-api:2.0.0-SNAPSHOT/maven-metadata.xml was not found in https://repository.apache.org/content/groups/public/ during a previous attempt. This failure was cached in the local repository and resolution is not be reattempted until the update interval of apache-public has elapsed or updates are forced
[DEBUG] org.kie.kogito:kogito-codegen-api:2.0.0-SNAPSHOT/maven-metadata.xml was not found in https://repo.fusesource.com/nexus/content/groups/public-snapshots/ during a previous attempt. This failure was cached in the local repository and resolution is not be reattempted until the update interval of fusesource.snapshot has elapsed or updates are forced
[DEBUG] Skipped remote request for org.kie.kogito:kogito-codegen-api:2.0.0-SNAPSHOT/maven-metadata.xml, locally cached metadata up-to-date
[DEBUG] Skipped remote request for org.kie.kogito:kogito-codegen-openapi:2.0.0-SNAPSHOT/maven-metadata.xml, locally cached metadata up-to-date
[DEBUG] org.kie.kogito:kogito-codegen-openapi:2.0.0-SNAPSHOT/maven-metadata.xml was not found in https://repository.apache.org/content/groups/public/ during a previous attempt. This failure was cached in the local repository and resolution is not be reattempted until the update interval of apache-public has elapsed or updates are forced
[DEBUG] org.kie.kogito:kogito-codegen-openapi:2.0.0-SNAPSHOT/maven-metadata.xml was not found in https://repo.fusesource.com/nexus/content/groups/public-snapshots/ during a previous attempt. This failure was cached in the local repository and resolution is not be reattempted until the update interval of fusesource.snapshot has elapsed or updates are forced
[DEBUG] Skipped remote request for org.kie.kogito:kogito-codegen-openapi:2.0.0-SNAPSHOT/maven-metadata.xml, locally cached metadata up-to-date
[DEBUG] Skipped remote request for org.kie.kogito:kogito-codegen-openapi:2.0.0-SNAPSHOT/maven-metadata.xml, locally cached metadata up-to-date
[DEBUG] org.kie.kogito:kogito-codegen-openapi:2.0.0-SNAPSHOT/maven-metadata.xml was not found in https://repository.apache.org/content/groups/public/ during a previous attempt. This failure was cached in the local repository and resolution is not be reattempted until the update interval of apache-public has elapsed or updates are forced
[DEBUG] org.kie.kogito:kogito-codegen-openapi:2.0.0-SNAPSHOT/maven-metadata.xml was not found in https://repo.fusesource.com/nexus/content/groups/public-snapshots/ during a previous attempt. This failure was cached in the local repository and resolution is not be reattempted until the update interval of fusesource.snapshot has elapsed or updates are forced
[DEBUG] Skipped remote request for org.kie.kogito:kogito-codegen-openapi:2.0.0-SNAPSHOT/maven-metadata.xml, locally cached metadata up-to-date
[DEBUG] Skipped remote request for org.kie.kogito:kogito-serverless-workflow-builder:2.0.0-SNAPSHOT/maven-metadata.xml, locally cached metadata up-to-date
[DEBUG] org.kie.kogito:kogito-serverless-workflow-builder:2.0.0-SNAPSHOT/maven-metadata.xml was not found in https://repository.apache.org/content/groups/public/ during a previous attempt. This failure was cached in the local repository and resolution is not be reattempted until the update interval of apache-public has elapsed or updates are forced
[DEBUG] org.kie.kogito:kogito-serverless-workflow-builder:2.0.0-SNAPSHOT/maven-metadata.xml was not found in https://repo.fusesource.com/nexus/content/groups/public-snapshots/ during a previous attempt. This failure was cached in the local repository and resolution is not be reattempted until the update interval of fusesource.snapshot has elapsed or updates are forced
[DEBUG] Skipped remote request for org.kie.kogito:kogito-serverless-workflow-builder:2.0.0-SNAPSHOT/maven-metadata.xml, locally cached metadata up-to-date
[DEBUG] Skipped remote request for org.kie.kogito:kogito-serverless-workflow-builder:2.0.0-SNAPSHOT/maven-metadata.xml, locally cached metadata up-to-date
[DEBUG] org.kie.kogito:kogito-serverless-workflow-builder:2.0.0-SNAPSHOT/maven-metadata.xml was not found in https://repository.apache.org/content/groups/public/ during a previous attempt. This failure was cached in the local repository and resolution is not be reattempted until the update interval of apache-public has elapsed or updates are forced
[DEBUG] org.kie.kogito:kogito-serverless-workflow-builder:2.0.0-SNAPSHOT/maven-metadata.xml was not found in https://repo.fusesource.com/nexus/content/groups/public-snapshots/ during a previous attempt. This failure was cached in the local repository and resolution is not be reattempted until the update interval of fusesource.snapshot has elapsed or updates are forced
[DEBUG] Skipped remote request for org.kie.kogito:kogito-serverless-workflow-builder:2.0.0-SNAPSHOT/maven-metadata.xml, locally cached metadata up-to-date
[DEBUG] Skipped remote request for org.kie.kogito:kogito-serverless-workflow:2.0.0-SNAPSHOT/maven-metadata.xml, locally cached metadata up-to-date
[DEBUG] org.kie.kogito:kogito-serverless-workflow:2.0.0-SNAPSHOT/maven-metadata.xml was not found in https://repository.apache.org/content/groups/public/ during a previous attempt. This failure was cached in the local repository and resolution is not be reattempted until the update interval of apache-public has elapsed or updates are forced
[DEBUG] org.kie.kogito:kogito-serverless-workflow:2.0.0-SNAPSHOT/maven-metadata.xml was not found in https://repo.fusesource.com/nexus/content/groups/public-snapshots/ during a previous attempt. This failure was cached in the local repository and resolution is not be reattempted until the update interval of fusesource.snapshot has elapsed or updates are forced
[DEBUG] Skipped remote request for org.kie.kogito:kogito-serverless-workflow:2.0.0-SNAPSHOT/maven-metadata.xml, locally cached metadata up-to-date
[DEBUG] Skipped remote request for org.kie.kogito:kogito-serverless-workflow-runtime:2.0.0-SNAPSHOT/maven-metadata.xml, locally cached metadata up-to-date
[DEBUG] org.kie.kogito:kogito-serverless-workflow-runtime:2.0.0-SNAPSHOT/maven-metadata.xml was not found in https://repository.apache.org/content/groups/public/ during a previous attempt. This failure was cached in the local repository and resolution is not be reattempted until the update interval of apache-public has elapsed or updates are forced
[DEBUG] org.kie.kogito:kogito-serverless-workflow-runtime:2.0.0-SNAPSHOT/maven-metadata.xml was not found in https://repo.fusesource.com/nexus/content/groups/public-snapshots/ during a previous attempt. This failure was cached in the local repository and resolution is not be reattempted until the update interval of fusesource.snapshot has elapsed or updates are forced
[DEBUG] Skipped remote request for org.kie.kogito:kogito-serverless-workflow-runtime:2.0.0-SNAPSHOT/maven-metadata.xml, locally cached metadata up-to-date
[DEBUG] Skipped remote request for org.kie.kogito:kogito-serverless-workflow-runtime:2.0.0-SNAPSHOT/maven-metadata.xml, locally cached metadata up-to-date
[DEBUG] org.kie.kogito:kogito-serverless-workflow-runtime:2.0.0-SNAPSHOT/maven-metadata.xml was not found in https://repository.apache.org/content/groups/public/ during a previous attempt. This failure was cached in the local repository and resolution is not be reattempted until the update interval of apache-public has elapsed or updates are forced
[DEBUG] org.kie.kogito:kogito-serverless-workflow-runtime:2.0.0-SNAPSHOT/maven-metadata.xml was not found in https://repo.fusesource.com/nexus/content/groups/public-snapshots/ during a previous attempt. This failure was cached in the local repository and resolution is not be reattempted until the update interval of fusesource.snapshot has elapsed or updates are forced
[DEBUG] Skipped remote request for org.kie.kogito:kogito-serverless-workflow-runtime:2.0.0-SNAPSHOT/maven-metadata.xml, locally cached metadata up-to-date
[DEBUG] Could not find metadata org.kie.kogito:kogito-jackson-utils:2.0.0-SNAPSHOT/maven-metadata.xml in local (/Users/mouachani/.m2/repository)
[DEBUG] Skipped remote request for org.kie.kogito:kogito-jackson-utils:2.0.0-SNAPSHOT/maven-metadata.xml, locally cached metadata up-to-date
[DEBUG] org.kie.kogito:kogito-jackson-utils:2.0.0-SNAPSHOT/maven-metadata.xml was not found in https://repository.apache.org/content/groups/public/ during a previous attempt. This failure was cached in the local repository and resolution is not be reattempted until the update interval of apache-public has elapsed or updates are forced
[DEBUG] org.kie.kogito:kogito-jackson-utils:2.0.0-SNAPSHOT/maven-metadata.xml was not found in https://repo.fusesource.com/nexus/content/groups/public-snapshots/ during a previous attempt. This failure was cached in the local repository and resolution is not be reattempted until the update interval of fusesource.snapshot has elapsed or updates are forced
[DEBUG] Skipped remote request for org.kie.kogito:kogito-jackson-utils:2.0.0-SNAPSHOT/maven-metadata.xml, locally cached metadata up-to-date
[DEBUG] Could not find metadata org.kie.kogito:kogito-jackson-utils:2.0.0-SNAPSHOT/maven-metadata.xml in local (/Users/mouachani/.m2/repository)
[DEBUG] Skipped remote request for org.kie.kogito:kogito-jackson-utils:2.0.0-SNAPSHOT/maven-metadata.xml, locally cached metadata up-to-date
[DEBUG] org.kie.kogito:kogito-jackson-utils:2.0.0-SNAPSHOT/maven-metadata.xml was not found in https://repository.apache.org/content/groups/public/ during a previous attempt. This failure was cached in the local repository and resolution is not be reattempted until the update interval of apache-public has elapsed or updates are forced
[DEBUG] org.kie.kogito:kogito-jackson-utils:2.0.0-SNAPSHOT/maven-metadata.xml was not found in https://repo.fusesource.com/nexus/content/groups/public-snapshots/ during a previous attempt. This failure was cached in the local repository and resolution is not be reattempted until the update interval of fusesource.snapshot has elapsed or updates are forced
[DEBUG] Skipped remote request for org.kie.kogito:kogito-jackson-utils:2.0.0-SNAPSHOT/maven-metadata.xml, locally cached metadata up-to-date
[DEBUG] Skipped remote request for org.kie.kogito:kogito-workitems:2.0.0-SNAPSHOT/maven-metadata.xml, locally cached metadata up-to-date
[DEBUG] org.kie.kogito:kogito-workitems:2.0.0-SNAPSHOT/maven-metadata.xml was not found in https://repository.apache.org/content/groups/public/ during a previous attempt. This failure was cached in the local repository and resolution is not be reattempted until the update interval of apache-public has elapsed or updates are forced
[DEBUG] org.kie.kogito:kogito-workitems:2.0.0-SNAPSHOT/maven-metadata.xml was not found in https://repo.fusesource.com/nexus/content/groups/public-snapshots/ during a previous attempt. This failure was cached in the local repository and resolution is not be reattempted until the update interval of fusesource.snapshot has elapsed or updates are forced
[DEBUG] Skipped remote request for org.kie.kogito:kogito-workitems:2.0.0-SNAPSHOT/maven-metadata.xml, locally cached metadata up-to-date
[DEBUG] Skipped remote request for org.kie.kogito:kogito-rest-workitem:2.0.0-SNAPSHOT/maven-metadata.xml, locally cached metadata up-to-date
[DEBUG] org.kie.kogito:kogito-rest-workitem:2.0.0-SNAPSHOT/maven-metadata.xml was not found in https://repository.apache.org/content/groups/public/ during a previous attempt. This failure was cached in the local repository and resolution is not be reattempted until the update interval of apache-public has elapsed or updates are forced
[DEBUG] org.kie.kogito:kogito-rest-workitem:2.0.0-SNAPSHOT/maven-metadata.xml was not found in https://repo.fusesource.com/nexus/content/groups/public-snapshots/ during a previous attempt. This failure was cached in the local repository and resolution is not be reattempted until the update interval of fusesource.snapshot has elapsed or updates are forced
[DEBUG] Skipped remote request for org.kie.kogito:kogito-rest-workitem:2.0.0-SNAPSHOT/maven-metadata.xml, locally cached metadata up-to-date
[DEBUG] Skipped remote request for org.kie.kogito:kogito-rest-workitem:2.0.0-SNAPSHOT/maven-metadata.xml, locally cached metadata up-to-date
[DEBUG] org.kie.kogito:kogito-rest-workitem:2.0.0-SNAPSHOT/maven-metadata.xml was not found in https://repository.apache.org/content/groups/public/ during a previous attempt. This failure was cached in the local repository and resolution is not be reattempted until the update interval of apache-public has elapsed or updates are forced
[DEBUG] org.kie.kogito:kogito-rest-workitem:2.0.0-SNAPSHOT/maven-metadata.xml was not found in https://repo.fusesource.com/nexus/content/groups/public-snapshots/ during a previous attempt. This failure was cached in the local repository and resolution is not be reattempted until the update interval of fusesource.snapshot has elapsed or updates are forced
[DEBUG] Skipped remote request for org.kie.kogito:kogito-rest-workitem:2.0.0-SNAPSHOT/maven-metadata.xml, locally cached metadata up-to-date
[DEBUG] Skipped remote request for org.kie.kogito:kogito-openapi-workitem:2.0.0-SNAPSHOT/maven-metadata.xml, locally cached metadata up-to-date
[DEBUG] org.kie.kogito:kogito-openapi-workitem:2.0.0-SNAPSHOT/maven-metadata.xml was not found in https://repository.apache.org/content/groups/public/ during a previous attempt. This failure was cached in the local repository and resolution is not be reattempted until the update interval of apache-public has elapsed or updates are forced
[DEBUG] org.kie.kogito:kogito-openapi-workitem:2.0.0-SNAPSHOT/maven-metadata.xml was not found in https://repo.fusesource.com/nexus/content/groups/public-snapshots/ during a previous attempt. This failure was cached in the local repository and resolution is not be reattempted until the update interval of fusesource.snapshot has elapsed or updates are forced
[DEBUG] Skipped remote request for org.kie.kogito:kogito-openapi-workitem:2.0.0-SNAPSHOT/maven-metadata.xml, locally cached metadata up-to-date
[DEBUG] Skipped remote request for org.kie.kogito:kogito-openapi-workitem:2.0.0-SNAPSHOT/maven-metadata.xml, locally cached metadata up-to-date
[DEBUG] org.kie.kogito:kogito-openapi-workitem:2.0.0-SNAPSHOT/maven-metadata.xml was not found in https://repository.apache.org/content/groups/public/ during a previous attempt. This failure was cached in the local repository and resolution is not be reattempted until the update interval of apache-public has elapsed or updates are forced
[DEBUG] org.kie.kogito:kogito-openapi-workitem:2.0.0-SNAPSHOT/maven-metadata.xml was not found in https://repo.fusesource.com/nexus/content/groups/public-snapshots/ during a previous attempt. This failure was cached in the local repository and resolution is not be reattempted until the update interval of fusesource.snapshot has elapsed or updates are forced
[DEBUG] Skipped remote request for org.kie.kogito:kogito-openapi-workitem:2.0.0-SNAPSHOT/maven-metadata.xml, locally cached metadata up-to-date
[DEBUG] Skipped remote request for org.kie.kogito:kogito-quarkus-rules-deployment:2.0.0-SNAPSHOT/maven-metadata.xml, locally cached metadata up-to-date
[DEBUG] org.kie.kogito:kogito-quarkus-rules-deployment:2.0.0-SNAPSHOT/maven-metadata.xml was not found in https://repository.apache.org/content/groups/public/ during a previous attempt. This failure was cached in the local repository and resolution is not be reattempted until the update interval of apache-public has elapsed or updates are forced
[DEBUG] org.kie.kogito:kogito-quarkus-rules-deployment:2.0.0-SNAPSHOT/maven-metadata.xml was not found in https://repo.fusesource.com/nexus/content/groups/public-snapshots/ during a previous attempt. This failure was cached in the local repository and resolution is not be reattempted until the update interval of fusesource.snapshot has elapsed or updates are forced
[DEBUG] Skipped remote request for org.kie.kogito:kogito-quarkus-rules-deployment:2.0.0-SNAPSHOT/maven-metadata.xml, locally cached metadata up-to-date
[DEBUG] Skipped remote request for org.kie.kogito:kogito-quarkus-rules-deployment:2.0.0-SNAPSHOT/maven-metadata.xml, locally cached metadata up-to-date
[DEBUG] org.kie.kogito:kogito-quarkus-rules-deployment:2.0.0-SNAPSHOT/maven-metadata.xml was not found in https://repository.apache.org/content/groups/public/ during a previous attempt. This failure was cached in the local repository and resolution is not be reattempted until the update interval of apache-public has elapsed or updates are forced
[DEBUG] org.kie.kogito:kogito-quarkus-rules-deployment:2.0.0-SNAPSHOT/maven-metadata.xml was not found in https://repo.fusesource.com/nexus/content/groups/public-snapshots/ during a previous attempt. This failure was cached in the local repository and resolution is not be reattempted until the update interval of fusesource.snapshot has elapsed or updates are forced
[DEBUG] Skipped remote request for org.kie.kogito:kogito-quarkus-rules-deployment:2.0.0-SNAPSHOT/maven-metadata.xml, locally cached metadata up-to-date
[DEBUG] Skipped remote request for org.kie.kogito:kogito-codegen-rules:2.0.0-SNAPSHOT/maven-metadata.xml, locally cached metadata up-to-date
[DEBUG] org.kie.kogito:kogito-codegen-rules:2.0.0-SNAPSHOT/maven-metadata.xml was not found in https://repository.apache.org/content/groups/public/ during a previous attempt. This failure was cached in the local repository and resolution is not be reattempted until the update interval of apache-public has elapsed or updates are forced
[DEBUG] org.kie.kogito:kogito-codegen-rules:2.0.0-SNAPSHOT/maven-metadata.xml was not found in https://repo.fusesource.com/nexus/content/groups/public-snapshots/ during a previous attempt. This failure was cached in the local repository and resolution is not be reattempted until the update interval of fusesource.snapshot has elapsed or updates are forced
[DEBUG] Skipped remote request for org.kie.kogito:kogito-codegen-rules:2.0.0-SNAPSHOT/maven-metadata.xml, locally cached metadata up-to-date
[DEBUG] Skipped remote request for org.kie.kogito:kogito-codegen-rules:2.0.0-SNAPSHOT/maven-metadata.xml, locally cached metadata up-to-date
[DEBUG] org.kie.kogito:kogito-codegen-rules:2.0.0-SNAPSHOT/maven-metadata.xml was not found in https://repository.apache.org/content/groups/public/ during a previous attempt. This failure was cached in the local repository and resolution is not be reattempted until the update interval of apache-public has elapsed or updates are forced
[DEBUG] org.kie.kogito:kogito-codegen-rules:2.0.0-SNAPSHOT/maven-metadata.xml was not found in https://repo.fusesource.com/nexus/content/groups/public-snapshots/ during a previous attempt. This failure was cached in the local repository and resolution is not be reattempted until the update interval of fusesource.snapshot has elapsed or updates are forced
[DEBUG] Skipped remote request for org.kie.kogito:kogito-codegen-rules:2.0.0-SNAPSHOT/maven-metadata.xml, locally cached metadata up-to-date
[DEBUG] Could not find metadata org.drools:drools-xml-support:8.15.0-SNAPSHOT/maven-metadata.xml in local (/Users/mouachani/.m2/repository)
[DEBUG] Skipped remote request for org.drools:drools-xml-support:8.15.0-SNAPSHOT/maven-metadata.xml, locally cached metadata up-to-date
[DEBUG] org.drools:drools-xml-support:8.15.0-SNAPSHOT/maven-metadata.xml was not found in https://repository.apache.org/content/groups/public/ during a previous attempt. This failure was cached in the local repository and resolution is not be reattempted until the update interval of apache-public has elapsed or updates are forced
[DEBUG] org.drools:drools-xml-support:8.15.0-SNAPSHOT/maven-metadata.xml was not found in https://repo.fusesource.com/nexus/content/groups/public-snapshots/ during a previous attempt. This failure was cached in the local repository and resolution is not be reattempted until the update interval of fusesource.snapshot has elapsed or updates are forced
[DEBUG] Skipped remote request for org.drools:drools-xml-support:8.15.0-SNAPSHOT/maven-metadata.xml, locally cached metadata up-to-date
[DEBUG] Could not find metadata org.drools:drools-xml-support:8.15.0-SNAPSHOT/maven-metadata.xml in local (/Users/mouachani/.m2/repository)
[DEBUG] Skipped remote request for org.drools:drools-xml-support:8.15.0-SNAPSHOT/maven-metadata.xml, locally cached metadata up-to-date
[DEBUG] org.drools:drools-xml-support:8.15.0-SNAPSHOT/maven-metadata.xml was not found in https://repository.apache.org/content/groups/public/ during a previous attempt. This failure was cached in the local repository and resolution is not be reattempted until the update interval of apache-public has elapsed or updates are forced
[DEBUG] org.drools:drools-xml-support:8.15.0-SNAPSHOT/maven-metadata.xml was not found in https://repo.fusesource.com/nexus/content/groups/public-snapshots/ during a previous attempt. This failure was cached in the local repository and resolution is not be reattempted until the update interval of fusesource.snapshot has elapsed or updates are forced
[DEBUG] Skipped remote request for org.drools:drools-xml-support:8.15.0-SNAPSHOT/maven-metadata.xml, locally cached metadata up-to-date
[DEBUG] Could not find metadata org.drools:drools-core-dynamic:8.15.0-SNAPSHOT/maven-metadata.xml in local (/Users/mouachani/.m2/repository)
[DEBUG] Skipped remote request for org.drools:drools-core-dynamic:8.15.0-SNAPSHOT/maven-metadata.xml, locally cached metadata up-to-date
[DEBUG] org.drools:drools-core-dynamic:8.15.0-SNAPSHOT/maven-metadata.xml was not found in https://repository.apache.org/content/groups/public/ during a previous attempt. This failure was cached in the local repository and resolution is not be reattempted until the update interval of apache-public has elapsed or updates are forced
[DEBUG] org.drools:drools-core-dynamic:8.15.0-SNAPSHOT/maven-metadata.xml was not found in https://repo.fusesource.com/nexus/content/groups/public-snapshots/ during a previous attempt. This failure was cached in the local repository and resolution is not be reattempted until the update interval of fusesource.snapshot has elapsed or updates are forced
[DEBUG] Skipped remote request for org.drools:drools-core-dynamic:8.15.0-SNAPSHOT/maven-metadata.xml, locally cached metadata up-to-date
[DEBUG] Could not find metadata org.drools:drools-core-dynamic:8.15.0-SNAPSHOT/maven-metadata.xml in local (/Users/mouachani/.m2/repository)
[DEBUG] Skipped remote request for org.drools:drools-core-dynamic:8.15.0-SNAPSHOT/maven-metadata.xml, locally cached metadata up-to-date
[DEBUG] org.drools:drools-core-dynamic:8.15.0-SNAPSHOT/maven-metadata.xml was not found in https://repository.apache.org/content/groups/public/ during a previous attempt. This failure was cached in the local repository and resolution is not be reattempted until the update interval of apache-public has elapsed or updates are forced
[DEBUG] org.drools:drools-core-dynamic:8.15.0-SNAPSHOT/maven-metadata.xml was not found in https://repo.fusesource.com/nexus/content/groups/public-snapshots/ during a previous attempt. This failure was cached in the local repository and resolution is not be reattempted until the update interval of fusesource.snapshot has elapsed or updates are forced
[DEBUG] Skipped remote request for org.drools:drools-core-dynamic:8.15.0-SNAPSHOT/maven-metadata.xml, locally cached metadata up-to-date
[DEBUG] Skipped remote request for org.kie.kogito:kogito-quarkus-decisions-deployment:2.0.0-SNAPSHOT/maven-metadata.xml, locally cached metadata up-to-date
[DEBUG] org.kie.kogito:kogito-quarkus-decisions-deployment:2.0.0-SNAPSHOT/maven-metadata.xml was not found in https://repository.apache.org/content/groups/public/ during a previous attempt. This failure was cached in the local repository and resolution is not be reattempted until the update interval of apache-public has elapsed or updates are forced
[DEBUG] org.kie.kogito:kogito-quarkus-decisions-deployment:2.0.0-SNAPSHOT/maven-metadata.xml was not found in https://repo.fusesource.com/nexus/content/groups/public-snapshots/ during a previous attempt. This failure was cached in the local repository and resolution is not be reattempted until the update interval of fusesource.snapshot has elapsed or updates are forced
[DEBUG] Skipped remote request for org.kie.kogito:kogito-quarkus-decisions-deployment:2.0.0-SNAPSHOT/maven-metadata.xml, locally cached metadata up-to-date
[DEBUG] Skipped remote request for org.kie.kogito:kogito-quarkus-decisions-deployment:2.0.0-SNAPSHOT/maven-metadata.xml, locally cached metadata up-to-date
[DEBUG] org.kie.kogito:kogito-quarkus-decisions-deployment:2.0.0-SNAPSHOT/maven-metadata.xml was not found in https://repository.apache.org/content/groups/public/ during a previous attempt. This failure was cached in the local repository and resolution is not be reattempted until the update interval of apache-public has elapsed or updates are forced
[DEBUG] org.kie.kogito:kogito-quarkus-decisions-deployment:2.0.0-SNAPSHOT/maven-metadata.xml was not found in https://repo.fusesource.com/nexus/content/groups/public-snapshots/ during a previous attempt. This failure was cached in the local repository and resolution is not be reattempted until the update interval of fusesource.snapshot has elapsed or updates are forced
[DEBUG] Skipped remote request for org.kie.kogito:kogito-quarkus-decisions-deployment:2.0.0-SNAPSHOT/maven-metadata.xml, locally cached metadata up-to-date
[DEBUG] Skipped remote request for org.kie.kogito:kogito-codegen-decisions:2.0.0-SNAPSHOT/maven-metadata.xml, locally cached metadata up-to-date
[DEBUG] org.kie.kogito:kogito-codegen-decisions:2.0.0-SNAPSHOT/maven-metadata.xml was not found in https://repository.apache.org/content/groups/public/ during a previous attempt. This failure was cached in the local repository and resolution is not be reattempted until the update interval of apache-public has elapsed or updates are forced
[DEBUG] org.kie.kogito:kogito-codegen-decisions:2.0.0-SNAPSHOT/maven-metadata.xml was not found in https://repo.fusesource.com/nexus/content/groups/public-snapshots/ during a previous attempt. This failure was cached in the local repository and resolution is not be reattempted until the update interval of fusesource.snapshot has elapsed or updates are forced
[DEBUG] Skipped remote request for org.kie.kogito:kogito-codegen-decisions:2.0.0-SNAPSHOT/maven-metadata.xml, locally cached metadata up-to-date
[DEBUG] Skipped remote request for org.kie.kogito:kogito-codegen-decisions:2.0.0-SNAPSHOT/maven-metadata.xml, locally cached metadata up-to-date
[DEBUG] org.kie.kogito:kogito-codegen-decisions:2.0.0-SNAPSHOT/maven-metadata.xml was not found in https://repository.apache.org/content/groups/public/ during a previous attempt. This failure was cached in the local repository and resolution is not be reattempted until the update interval of apache-public has elapsed or updates are forced
[DEBUG] org.kie.kogito:kogito-codegen-decisions:2.0.0-SNAPSHOT/maven-metadata.xml was not found in https://repo.fusesource.com/nexus/content/groups/public-snapshots/ during a previous attempt. This failure was cached in the local repository and resolution is not be reattempted until the update interval of fusesource.snapshot has elapsed or updates are forced
[DEBUG] Skipped remote request for org.kie.kogito:kogito-codegen-decisions:2.0.0-SNAPSHOT/maven-metadata.xml, locally cached metadata up-to-date
[DEBUG] Could not find metadata org.kie:kie-dmn-openapi:8.15.0-SNAPSHOT/maven-metadata.xml in local (/Users/mouachani/.m2/repository)
[DEBUG] Skipped remote request for org.kie:kie-dmn-openapi:8.15.0-SNAPSHOT/maven-metadata.xml, locally cached metadata up-to-date
[DEBUG] org.kie:kie-dmn-openapi:8.15.0-SNAPSHOT/maven-metadata.xml was not found in https://repository.apache.org/content/groups/public/ during a previous attempt. This failure was cached in the local repository and resolution is not be reattempted until the update interval of apache-public has elapsed or updates are forced
[DEBUG] org.kie:kie-dmn-openapi:8.15.0-SNAPSHOT/maven-metadata.xml was not found in https://repo.fusesource.com/nexus/content/groups/public-snapshots/ during a previous attempt. This failure was cached in the local repository and resolution is not be reattempted until the update interval of fusesource.snapshot has elapsed or updates are forced
[DEBUG] Skipped remote request for org.kie:kie-dmn-openapi:8.15.0-SNAPSHOT/maven-metadata.xml, locally cached metadata up-to-date
[DEBUG] Could not find metadata org.kie:kie-dmn-openapi:8.15.0-SNAPSHOT/maven-metadata.xml in local (/Users/mouachani/.m2/repository)
[DEBUG] Skipped remote request for org.kie:kie-dmn-openapi:8.15.0-SNAPSHOT/maven-metadata.xml, locally cached metadata up-to-date
[DEBUG] org.kie:kie-dmn-openapi:8.15.0-SNAPSHOT/maven-metadata.xml was not found in https://repository.apache.org/content/groups/public/ during a previous attempt. This failure was cached in the local repository and resolution is not be reattempted until the update interval of apache-public has elapsed or updates are forced
[DEBUG] org.kie:kie-dmn-openapi:8.15.0-SNAPSHOT/maven-metadata.xml was not found in https://repo.fusesource.com/nexus/content/groups/public-snapshots/ during a previous attempt. This failure was cached in the local repository and resolution is not be reattempted until the update interval of fusesource.snapshot has elapsed or updates are forced
[DEBUG] Skipped remote request for org.kie:kie-dmn-openapi:8.15.0-SNAPSHOT/maven-metadata.xml, locally cached metadata up-to-date
[DEBUG] Skipped remote request for org.kie.kogito:kogito-quarkus-predictions-deployment:2.0.0-SNAPSHOT/maven-metadata.xml, locally cached metadata up-to-date
[DEBUG] org.kie.kogito:kogito-quarkus-predictions-deployment:2.0.0-SNAPSHOT/maven-metadata.xml was not found in https://repository.apache.org/content/groups/public/ during a previous attempt. This failure was cached in the local repository and resolution is not be reattempted until the update interval of apache-public has elapsed or updates are forced
[DEBUG] org.kie.kogito:kogito-quarkus-predictions-deployment:2.0.0-SNAPSHOT/maven-metadata.xml was not found in https://repo.fusesource.com/nexus/content/groups/public-snapshots/ during a previous attempt. This failure was cached in the local repository and resolution is not be reattempted until the update interval of fusesource.snapshot has elapsed or updates are forced
[DEBUG] Skipped remote request for org.kie.kogito:kogito-quarkus-predictions-deployment:2.0.0-SNAPSHOT/maven-metadata.xml, locally cached metadata up-to-date
[DEBUG] Skipped remote request for org.kie.kogito:kogito-quarkus-predictions-deployment:2.0.0-SNAPSHOT/maven-metadata.xml, locally cached metadata up-to-date
[DEBUG] org.kie.kogito:kogito-quarkus-predictions-deployment:2.0.0-SNAPSHOT/maven-metadata.xml was not found in https://repository.apache.org/content/groups/public/ during a previous attempt. This failure was cached in the local repository and resolution is not be reattempted until the update interval of apache-public has elapsed or updates are forced
[DEBUG] org.kie.kogito:kogito-quarkus-predictions-deployment:2.0.0-SNAPSHOT/maven-metadata.xml was not found in https://repo.fusesource.com/nexus/content/groups/public-snapshots/ during a previous attempt. This failure was cached in the local repository and resolution is not be reattempted until the update interval of fusesource.snapshot has elapsed or updates are forced
[DEBUG] Skipped remote request for org.kie.kogito:kogito-quarkus-predictions-deployment:2.0.0-SNAPSHOT/maven-metadata.xml, locally cached metadata up-to-date
[DEBUG] Skipped remote request for org.kie.kogito:kogito-codegen-predictions:2.0.0-SNAPSHOT/maven-metadata.xml, locally cached metadata up-to-date
[DEBUG] org.kie.kogito:kogito-codegen-predictions:2.0.0-SNAPSHOT/maven-metadata.xml was not found in https://repository.apache.org/content/groups/public/ during a previous attempt. This failure was cached in the local repository and resolution is not be reattempted until the update interval of apache-public has elapsed or updates are forced
[DEBUG] org.kie.kogito:kogito-codegen-predictions:2.0.0-SNAPSHOT/maven-metadata.xml was not found in https://repo.fusesource.com/nexus/content/groups/public-snapshots/ during a previous attempt. This failure was cached in the local repository and resolution is not be reattempted until the update interval of fusesource.snapshot has elapsed or updates are forced
[DEBUG] Skipped remote request for org.kie.kogito:kogito-codegen-predictions:2.0.0-SNAPSHOT/maven-metadata.xml, locally cached metadata up-to-date
[DEBUG] Skipped remote request for org.kie.kogito:kogito-codegen-predictions:2.0.0-SNAPSHOT/maven-metadata.xml, locally cached metadata up-to-date
[DEBUG] org.kie.kogito:kogito-codegen-predictions:2.0.0-SNAPSHOT/maven-metadata.xml was not found in https://repository.apache.org/content/groups/public/ during a previous attempt. This failure was cached in the local repository and resolution is not be reattempted until the update interval of apache-public has elapsed or updates are forced
[DEBUG] org.kie.kogito:kogito-codegen-predictions:2.0.0-SNAPSHOT/maven-metadata.xml was not found in https://repo.fusesource.com/nexus/content/groups/public-snapshots/ during a previous attempt. This failure was cached in the local repository and resolution is not be reattempted until the update interval of fusesource.snapshot has elapsed or updates are forced
[DEBUG] Skipped remote request for org.kie.kogito:kogito-codegen-predictions:2.0.0-SNAPSHOT/maven-metadata.xml, locally cached metadata up-to-date
[DEBUG] Skipped remote request for org.kie.kogito:kogito-pmml-openapi:2.0.0-SNAPSHOT/maven-metadata.xml, locally cached metadata up-to-date
[DEBUG] org.kie.kogito:kogito-pmml-openapi:2.0.0-SNAPSHOT/maven-metadata.xml was not found in https://repository.apache.org/content/groups/public/ during a previous attempt. This failure was cached in the local repository and resolution is not be reattempted until the update interval of apache-public has elapsed or updates are forced
[DEBUG] org.kie.kogito:kogito-pmml-openapi:2.0.0-SNAPSHOT/maven-metadata.xml was not found in https://repo.fusesource.com/nexus/content/groups/public-snapshots/ during a previous attempt. This failure was cached in the local repository and resolution is not be reattempted until the update interval of fusesource.snapshot has elapsed or updates are forced
[DEBUG] Skipped remote request for org.kie.kogito:kogito-pmml-openapi:2.0.0-SNAPSHOT/maven-metadata.xml, locally cached metadata up-to-date
[DEBUG] Skipped remote request for org.kie.kogito:kogito-pmml-openapi:2.0.0-SNAPSHOT/maven-metadata.xml, locally cached metadata up-to-date
[DEBUG] org.kie.kogito:kogito-pmml-openapi:2.0.0-SNAPSHOT/maven-metadata.xml was not found in https://repository.apache.org/content/groups/public/ during a previous attempt. This failure was cached in the local repository and resolution is not be reattempted until the update interval of apache-public has elapsed or updates are forced
[DEBUG] org.kie.kogito:kogito-pmml-openapi:2.0.0-SNAPSHOT/maven-metadata.xml was not found in https://repo.fusesource.com/nexus/content/groups/public-snapshots/ during a previous attempt. This failure was cached in the local repository and resolution is not be reattempted until the update interval of fusesource.snapshot has elapsed or updates are forced
[DEBUG] Skipped remote request for org.kie.kogito:kogito-pmml-openapi:2.0.0-SNAPSHOT/maven-metadata.xml, locally cached metadata up-to-date
[DEBUG] Skipped remote request for org.kie.kogito:kogito-quarkus-processes-deployment:2.0.0-SNAPSHOT/maven-metadata.xml, locally cached metadata up-to-date
[DEBUG] org.kie.kogito:kogito-quarkus-processes-deployment:2.0.0-SNAPSHOT/maven-metadata.xml was not found in https://repository.apache.org/content/groups/public/ during a previous attempt. This failure was cached in the local repository and resolution is not be reattempted until the update interval of apache-public has elapsed or updates are forced
[DEBUG] org.kie.kogito:kogito-quarkus-processes-deployment:2.0.0-SNAPSHOT/maven-metadata.xml was not found in https://repo.fusesource.com/nexus/content/groups/public-snapshots/ during a previous attempt. This failure was cached in the local repository and resolution is not be reattempted until the update interval of fusesource.snapshot has elapsed or updates are forced
[DEBUG] Skipped remote request for org.kie.kogito:kogito-quarkus-processes-deployment:2.0.0-SNAPSHOT/maven-metadata.xml, locally cached metadata up-to-date
[DEBUG] Skipped remote request for org.kie.kogito:kogito-quarkus-processes-deployment:2.0.0-SNAPSHOT/maven-metadata.xml, locally cached metadata up-to-date
[DEBUG] org.kie.kogito:kogito-quarkus-processes-deployment:2.0.0-SNAPSHOT/maven-metadata.xml was not found in https://repository.apache.org/content/groups/public/ during a previous attempt. This failure was cached in the local repository and resolution is not be reattempted until the update interval of apache-public has elapsed or updates are forced
[DEBUG] org.kie.kogito:kogito-quarkus-processes-deployment:2.0.0-SNAPSHOT/maven-metadata.xml was not found in https://repo.fusesource.com/nexus/content/groups/public-snapshots/ during a previous attempt. This failure was cached in the local repository and resolution is not be reattempted until the update interval of fusesource.snapshot has elapsed or updates are forced
[DEBUG] Skipped remote request for org.kie.kogito:kogito-quarkus-processes-deployment:2.0.0-SNAPSHOT/maven-metadata.xml, locally cached metadata up-to-date
[DEBUG] Skipped remote request for org.kie.kogito:kogito-codegen-processes:2.0.0-SNAPSHOT/maven-metadata.xml, locally cached metadata up-to-date
[DEBUG] org.kie.kogito:kogito-codegen-processes:2.0.0-SNAPSHOT/maven-metadata.xml was not found in https://repository.apache.org/content/groups/public/ during a previous attempt. This failure was cached in the local repository and resolution is not be reattempted until the update interval of apache-public has elapsed or updates are forced
[DEBUG] org.kie.kogito:kogito-codegen-processes:2.0.0-SNAPSHOT/maven-metadata.xml was not found in https://repo.fusesource.com/nexus/content/groups/public-snapshots/ during a previous attempt. This failure was cached in the local repository and resolution is not be reattempted until the update interval of fusesource.snapshot has elapsed or updates are forced
[DEBUG] Skipped remote request for org.kie.kogito:kogito-codegen-processes:2.0.0-SNAPSHOT/maven-metadata.xml, locally cached metadata up-to-date
[DEBUG] Skipped remote request for org.kie.kogito:kogito-codegen-processes:2.0.0-SNAPSHOT/maven-metadata.xml, locally cached metadata up-to-date
[DEBUG] org.kie.kogito:kogito-codegen-processes:2.0.0-SNAPSHOT/maven-metadata.xml was not found in https://repository.apache.org/content/groups/public/ during a previous attempt. This failure was cached in the local repository and resolution is not be reattempted until the update interval of apache-public has elapsed or updates are forced
[DEBUG] org.kie.kogito:kogito-codegen-processes:2.0.0-SNAPSHOT/maven-metadata.xml was not found in https://repo.fusesource.com/nexus/content/groups/public-snapshots/ during a previous attempt. This failure was cached in the local repository and resolution is not be reattempted until the update interval of fusesource.snapshot has elapsed or updates are forced
[DEBUG] Skipped remote request for org.kie.kogito:kogito-codegen-processes:2.0.0-SNAPSHOT/maven-metadata.xml, locally cached metadata up-to-date
[DEBUG] Dependency collection stats {ConflictMarker.analyzeTime=4971796, ConflictMarker.markTime=1181286, ConflictMarker.nodeCount=3164, ConflictIdSorter.graphTime=1904384, ConflictIdSorter.topsortTime=350535, ConflictIdSorter.conflictIdCount=378, ConflictIdSorter.conflictIdCycleCount=0, ConflictResolver.totalTime=34165351, ConflictResolver.conflictItemCount=1022, DefaultDependencyCollector.collectTime=938573399, DefaultDependencyCollector.transformTime=42639977}
[DEBUG] [io.quarkus.bootstrap.resolver.maven.DeploymentInjectingDependencyVisitor] Injecting deployment dependency io.quarkus:quarkus-arc-deployment:jar:2.4.0.Final
[DEBUG] Dependency collection stats {ConflictMarker.analyzeTime=331264, ConflictMarker.markTime=147811, ConflictMarker.nodeCount=334, ConflictIdSorter.graphTime=171427, ConflictIdSorter.topsortTime=110664, ConflictIdSorter.conflictIdCount=124, ConflictIdSorter.conflictIdCycleCount=0, ConflictResolver.totalTime=3404394, ConflictResolver.conflictItemCount=290, DefaultDependencyCollector.collectTime=5521391, DefaultDependencyCollector.transformTime=4218971}
[DEBUG] [io.quarkus.bootstrap.resolver.maven.DeploymentInjectingDependencyVisitor] Injecting deployment dependency io.quarkus:quarkus-resteasy-deployment:jar:2.4.0.Final
[DEBUG] Dependency collection stats {ConflictMarker.analyzeTime=700687, ConflictMarker.markTime=617381, ConflictMarker.nodeCount=846, ConflictIdSorter.graphTime=559256, ConflictIdSorter.topsortTime=158813, ConflictIdSorter.conflictIdCount=187, ConflictIdSorter.conflictIdCycleCount=0, ConflictResolver.totalTime=9267114, ConflictResolver.conflictItemCount=458, DefaultDependencyCollector.collectTime=50599112, DefaultDependencyCollector.transformTime=11442425}
[DEBUG] [io.quarkus.bootstrap.resolver.maven.DeploymentInjectingDependencyVisitor] Injecting deployment dependency org.kie.kogito:kogito-addons-quarkus-process-management-deployment:jar:2.0.0-SNAPSHOT
[DEBUG] Skipped remote request for org.kie.kogito:kogito-addons-quarkus-process-management-deployment:2.0.0-SNAPSHOT/maven-metadata.xml, locally cached metadata up-to-date
[DEBUG] org.kie.kogito:kogito-addons-quarkus-process-management-deployment:2.0.0-SNAPSHOT/maven-metadata.xml was not found in https://repository.apache.org/content/groups/public/ during a previous attempt. This failure was cached in the local repository and resolution is not be reattempted until the update interval of apache-public has elapsed or updates are forced
[DEBUG] org.kie.kogito:kogito-addons-quarkus-process-management-deployment:2.0.0-SNAPSHOT/maven-metadata.xml was not found in https://repo.fusesource.com/nexus/content/groups/public-snapshots/ during a previous attempt. This failure was cached in the local repository and resolution is not be reattempted until the update interval of fusesource.snapshot has elapsed or updates are forced
[DEBUG] Skipped remote request for org.kie.kogito:kogito-addons-quarkus-process-management-deployment:2.0.0-SNAPSHOT/maven-metadata.xml, locally cached metadata up-to-date
[DEBUG] org.kie.kogito:kogito-addons-quarkus-process-management-deployment:2.0.0-SNAPSHOT/maven-metadata.xml was not found in https://repository.apache.org/content/groups/public/ during a previous attempt. This failure was cached in the local repository and resolution is not be reattempted until the update interval of apache-public has elapsed or updates are forced
[DEBUG] org.kie.kogito:kogito-addons-quarkus-process-management-deployment:2.0.0-SNAPSHOT/maven-metadata.xml was not found in https://repo.fusesource.com/nexus/content/groups/public-snapshots/ during a previous attempt. This failure was cached in the local repository and resolution is not be reattempted until the update interval of fusesource.snapshot has elapsed or updates are forced
[DEBUG] Skipped remote request for org.kie.kogito:kogito-addons-quarkus-common-deployment:2.0.0-SNAPSHOT/maven-metadata.xml, locally cached metadata up-to-date
[DEBUG] org.kie.kogito:kogito-addons-quarkus-common-deployment:2.0.0-SNAPSHOT/maven-metadata.xml was not found in https://repository.apache.org/content/groups/public/ during a previous attempt. This failure was cached in the local repository and resolution is not be reattempted until the update interval of apache-public has elapsed or updates are forced
[DEBUG] org.kie.kogito:kogito-addons-quarkus-common-deployment:2.0.0-SNAPSHOT/maven-metadata.xml was not found in https://repo.fusesource.com/nexus/content/groups/public-snapshots/ during a previous attempt. This failure was cached in the local repository and resolution is not be reattempted until the update interval of fusesource.snapshot has elapsed or updates are forced
[DEBUG] Skipped remote request for org.kie.kogito:kogito-addons-quarkus-common-deployment:2.0.0-SNAPSHOT/maven-metadata.xml, locally cached metadata up-to-date
[DEBUG] Skipped remote request for org.kie.kogito:kogito-addons-quarkus-common-deployment:2.0.0-SNAPSHOT/maven-metadata.xml, locally cached metadata up-to-date
[DEBUG] org.kie.kogito:kogito-addons-quarkus-common-deployment:2.0.0-SNAPSHOT/maven-metadata.xml was not found in https://repository.apache.org/content/groups/public/ during a previous attempt. This failure was cached in the local repository and resolution is not be reattempted until the update interval of apache-public has elapsed or updates are forced
[DEBUG] org.kie.kogito:kogito-addons-quarkus-common-deployment:2.0.0-SNAPSHOT/maven-metadata.xml was not found in https://repo.fusesource.com/nexus/content/groups/public-snapshots/ during a previous attempt. This failure was cached in the local repository and resolution is not be reattempted until the update interval of fusesource.snapshot has elapsed or updates are forced
[DEBUG] Skipped remote request for org.kie.kogito:kogito-addons-quarkus-common-deployment:2.0.0-SNAPSHOT/maven-metadata.xml, locally cached metadata up-to-date
[DEBUG] Skipped remote request for org.kie.kogito:kogito-addons-quarkus-common-parent:2.0.0-SNAPSHOT/maven-metadata.xml, locally cached metadata up-to-date
[DEBUG] org.kie.kogito:kogito-addons-quarkus-common-parent:2.0.0-SNAPSHOT/maven-metadata.xml was not found in https://repository.apache.org/content/groups/public/ during a previous attempt. This failure was cached in the local repository and resolution is not be reattempted until the update interval of apache-public has elapsed or updates are forced
[DEBUG] org.kie.kogito:kogito-addons-quarkus-common-parent:2.0.0-SNAPSHOT/maven-metadata.xml was not found in https://repo.fusesource.com/nexus/content/groups/public-snapshots/ during a previous attempt. This failure was cached in the local repository and resolution is not be reattempted until the update interval of fusesource.snapshot has elapsed or updates are forced
[DEBUG] Skipped remote request for org.kie.kogito:kogito-addons-quarkus-common-parent:2.0.0-SNAPSHOT/maven-metadata.xml, locally cached metadata up-to-date
[DEBUG] Dependency collection stats {ConflictMarker.analyzeTime=503054, ConflictMarker.markTime=214406, ConflictMarker.nodeCount=535, ConflictIdSorter.graphTime=212903, ConflictIdSorter.topsortTime=100869, ConflictIdSorter.conflictIdCount=187, ConflictIdSorter.conflictIdCycleCount=0, ConflictResolver.totalTime=7832280, ConflictResolver.conflictItemCount=462, DefaultDependencyCollector.collectTime=74433359, DefaultDependencyCollector.transformTime=8917387}
[DEBUG] [io.quarkus.bootstrap.resolver.maven.DeploymentInjectingDependencyVisitor] Injecting deployment dependency org.kie.kogito:kogito-quarkus-processes-deployment:jar:2.0.0-SNAPSHOT
[DEBUG] Skipped remote request for org.kie.kogito:kogito-quarkus-processes-deployment:2.0.0-SNAPSHOT/maven-metadata.xml, locally cached metadata up-to-date
[DEBUG] org.kie.kogito:kogito-quarkus-processes-deployment:2.0.0-SNAPSHOT/maven-metadata.xml was not found in https://repository.apache.org/content/groups/public/ during a previous attempt. This failure was cached in the local repository and resolution is not be reattempted until the update interval of apache-public has elapsed or updates are forced
[DEBUG] org.kie.kogito:kogito-quarkus-processes-deployment:2.0.0-SNAPSHOT/maven-metadata.xml was not found in https://repo.fusesource.com/nexus/content/groups/public-snapshots/ during a previous attempt. This failure was cached in the local repository and resolution is not be reattempted until the update interval of fusesource.snapshot has elapsed or updates are forced
[DEBUG] Skipped remote request for org.kie.kogito:kogito-quarkus-processes-deployment:2.0.0-SNAPSHOT/maven-metadata.xml, locally cached metadata up-to-date
[DEBUG] org.kie.kogito:kogito-quarkus-processes-deployment:2.0.0-SNAPSHOT/maven-metadata.xml was not found in https://repository.apache.org/content/groups/public/ during a previous attempt. This failure was cached in the local repository and resolution is not be reattempted until the update interval of apache-public has elapsed or updates are forced
[DEBUG] org.kie.kogito:kogito-quarkus-processes-deployment:2.0.0-SNAPSHOT/maven-metadata.xml was not found in https://repo.fusesource.com/nexus/content/groups/public-snapshots/ during a previous attempt. This failure was cached in the local repository and resolution is not be reattempted until the update interval of fusesource.snapshot has elapsed or updates are forced
[DEBUG] Dependency collection stats {ConflictMarker.analyzeTime=1493323, ConflictMarker.markTime=1309029, ConflictMarker.nodeCount=1483, ConflictIdSorter.graphTime=759582, ConflictIdSorter.topsortTime=335158, ConflictIdSorter.conflictIdCount=326, ConflictIdSorter.conflictIdCycleCount=0, ConflictResolver.totalTime=22075798, ConflictResolver.conflictItemCount=854, DefaultDependencyCollector.collectTime=16578194, DefaultDependencyCollector.transformTime=26016701}
[DEBUG] [io.quarkus.bootstrap.resolver.maven.DeploymentInjectingDependencyVisitor] Injecting deployment dependency org.kie.kogito:kogito-addons-quarkus-messaging-deployment:jar:2.0.0-SNAPSHOT
[DEBUG] Skipped remote request for org.kie.kogito:kogito-addons-quarkus-messaging-deployment:2.0.0-SNAPSHOT/maven-metadata.xml, locally cached metadata up-to-date
[DEBUG] org.kie.kogito:kogito-addons-quarkus-messaging-deployment:2.0.0-SNAPSHOT/maven-metadata.xml was not found in https://repository.apache.org/content/groups/public/ during a previous attempt. This failure was cached in the local repository and resolution is not be reattempted until the update interval of apache-public has elapsed or updates are forced
[DEBUG] org.kie.kogito:kogito-addons-quarkus-messaging-deployment:2.0.0-SNAPSHOT/maven-metadata.xml was not found in https://repo.fusesource.com/nexus/content/groups/public-snapshots/ during a previous attempt. This failure was cached in the local repository and resolution is not be reattempted until the update interval of fusesource.snapshot has elapsed or updates are forced
[DEBUG] Skipped remote request for org.kie.kogito:kogito-addons-quarkus-messaging-deployment:2.0.0-SNAPSHOT/maven-metadata.xml, locally cached metadata up-to-date
[DEBUG] org.kie.kogito:kogito-addons-quarkus-messaging-deployment:2.0.0-SNAPSHOT/maven-metadata.xml was not found in https://repository.apache.org/content/groups/public/ during a previous attempt. This failure was cached in the local repository and resolution is not be reattempted until the update interval of apache-public has elapsed or updates are forced
[DEBUG] org.kie.kogito:kogito-addons-quarkus-messaging-deployment:2.0.0-SNAPSHOT/maven-metadata.xml was not found in https://repo.fusesource.com/nexus/content/groups/public-snapshots/ during a previous attempt. This failure was cached in the local repository and resolution is not be reattempted until the update interval of fusesource.snapshot has elapsed or updates are forced
[DEBUG] Dependency collection stats {ConflictMarker.analyzeTime=206809, ConflictMarker.markTime=121950, ConflictMarker.nodeCount=393, ConflictIdSorter.graphTime=125406, ConflictIdSorter.topsortTime=77082, ConflictIdSorter.conflictIdCount=150, ConflictIdSorter.conflictIdCycleCount=0, ConflictResolver.totalTime=4230038, ConflictResolver.conflictItemCount=343, DefaultDependencyCollector.collectTime=6442042, DefaultDependencyCollector.transformTime=4801943}
[DEBUG] [io.quarkus.bootstrap.resolver.maven.DeploymentInjectingDependencyVisitor] Injecting deployment dependency org.kie.kogito:kogito-addons-quarkus-events-process-deployment:jar:2.0.0-SNAPSHOT
[DEBUG] Skipped remote request for org.kie.kogito:kogito-addons-quarkus-events-process-deployment:2.0.0-SNAPSHOT/maven-metadata.xml, locally cached metadata up-to-date
[DEBUG] org.kie.kogito:kogito-addons-quarkus-events-process-deployment:2.0.0-SNAPSHOT/maven-metadata.xml was not found in https://repository.apache.org/content/groups/public/ during a previous attempt. This failure was cached in the local repository and resolution is not be reattempted until the update interval of apache-public has elapsed or updates are forced
[DEBUG] org.kie.kogito:kogito-addons-quarkus-events-process-deployment:2.0.0-SNAPSHOT/maven-metadata.xml was not found in https://repo.fusesource.com/nexus/content/groups/public-snapshots/ during a previous attempt. This failure was cached in the local repository and resolution is not be reattempted until the update interval of fusesource.snapshot has elapsed or updates are forced
[DEBUG] Skipped remote request for org.kie.kogito:kogito-addons-quarkus-events-process-deployment:2.0.0-SNAPSHOT/maven-metadata.xml, locally cached metadata up-to-date
[DEBUG] org.kie.kogito:kogito-addons-quarkus-events-process-deployment:2.0.0-SNAPSHOT/maven-metadata.xml was not found in https://repository.apache.org/content/groups/public/ during a previous attempt. This failure was cached in the local repository and resolution is not be reattempted until the update interval of apache-public has elapsed or updates are forced
[DEBUG] org.kie.kogito:kogito-addons-quarkus-events-process-deployment:2.0.0-SNAPSHOT/maven-metadata.xml was not found in https://repo.fusesource.com/nexus/content/groups/public-snapshots/ during a previous attempt. This failure was cached in the local repository and resolution is not be reattempted until the update interval of fusesource.snapshot has elapsed or updates are forced
[DEBUG] Dependency collection stats {ConflictMarker.analyzeTime=232980, ConflictMarker.markTime=141586, ConflictMarker.nodeCount=462, ConflictIdSorter.graphTime=141650, ConflictIdSorter.topsortTime=78189, ConflictIdSorter.conflictIdCount=154, ConflictIdSorter.conflictIdCycleCount=0, ConflictResolver.totalTime=3824543, ConflictResolver.conflictItemCount=358, DefaultDependencyCollector.collectTime=4369596, DefaultDependencyCollector.transformTime=4448040}
[DEBUG] [io.quarkus.bootstrap.resolver.maven.DeploymentInjectingDependencyVisitor] Injecting deployment dependency io.quarkus:quarkus-smallrye-reactive-messaging-kafka-deployment:jar:2.4.0.Final
[DEBUG] Dependency collection stats {ConflictMarker.analyzeTime=659594, ConflictMarker.markTime=370302, ConflictMarker.nodeCount=944, ConflictIdSorter.graphTime=434981, ConflictIdSorter.topsortTime=111232, ConflictIdSorter.conflictIdCount=192, ConflictIdSorter.conflictIdCycleCount=0, ConflictResolver.totalTime=5857347, ConflictResolver.conflictItemCount=486, DefaultDependencyCollector.collectTime=31726647, DefaultDependencyCollector.transformTime=7481071}
[DEBUG] [io.quarkus.bootstrap.resolver.maven.DeploymentInjectingDependencyVisitor] Injecting deployment dependency io.quarkus:quarkus-resteasy-jackson-deployment:jar:2.4.0.Final
[DEBUG] Dependency collection stats {ConflictMarker.analyzeTime=673398, ConflictMarker.markTime=441184, ConflictMarker.nodeCount=874, ConflictIdSorter.graphTime=559655, ConflictIdSorter.topsortTime=124731, ConflictIdSorter.conflictIdCount=197, ConflictIdSorter.conflictIdCycleCount=0, ConflictResolver.totalTime=7198779, ConflictResolver.conflictItemCount=484, DefaultDependencyCollector.collectTime=41354206, DefaultDependencyCollector.transformTime=9051948}
[DEBUG] [io.quarkus.bootstrap.resolver.maven.DeploymentInjectingDependencyVisitor] Injecting deployment dependency io.quarkus:quarkus-smallrye-openapi-deployment:jar:2.4.0.Final
[DEBUG] Dependency collection stats {ConflictMarker.analyzeTime=393682, ConflictMarker.markTime=233526, ConflictMarker.nodeCount=719, ConflictIdSorter.graphTime=249499, ConflictIdSorter.topsortTime=95421, ConflictIdSorter.conflictIdCount=179, ConflictIdSorter.conflictIdCycleCount=0, ConflictResolver.totalTime=4708484, ConflictResolver.conflictItemCount=449, DefaultDependencyCollector.collectTime=40098989, DefaultDependencyCollector.transformTime=5706361}
[DEBUG] [io.quarkus.bootstrap.resolver.maven.DeploymentInjectingDependencyVisitor] Injecting deployment dependency io.quarkus:quarkus-smallrye-health-deployment:jar:2.4.0.Final
[DEBUG] Dependency collection stats {ConflictMarker.analyzeTime=624153, ConflictMarker.markTime=251707, ConflictMarker.nodeCount=710, ConflictIdSorter.graphTime=341413, ConflictIdSorter.topsortTime=127714, ConflictIdSorter.conflictIdCount=178, ConflictIdSorter.conflictIdCycleCount=0, ConflictResolver.totalTime=4899690, ConflictResolver.conflictItemCount=439, DefaultDependencyCollector.collectTime=11249382, DefaultDependencyCollector.transformTime=6270779}
[DEBUG] [io.quarkus.bootstrap.resolver.maven.DeploymentInjectingDependencyVisitor] Injecting deployment dependency io.quarkus:quarkus-infinispan-client-deployment:jar:2.4.0.Final
[DEBUG] Dependency collection stats {ConflictMarker.analyzeTime=512365, ConflictMarker.markTime=255513, ConflictMarker.nodeCount=693, ConflictIdSorter.graphTime=254451, ConflictIdSorter.topsortTime=153285, ConflictIdSorter.conflictIdCount=177, ConflictIdSorter.conflictIdCycleCount=0, ConflictResolver.totalTime=5903097, ConflictResolver.conflictItemCount=497, DefaultDependencyCollector.collectTime=12569934, DefaultDependencyCollector.transformTime=7117383}
[DEBUG] [io.quarkus.bootstrap.resolver.maven.DeploymentInjectingDependencyVisitor] Injecting deployment dependency org.kie.kogito:kogito-addons-quarkus-monitoring-prometheus-deployment:jar:2.0.0-SNAPSHOT
[DEBUG] Skipped remote request for org.kie.kogito:kogito-addons-quarkus-monitoring-prometheus-deployment:2.0.0-SNAPSHOT/maven-metadata.xml, locally cached metadata up-to-date
[DEBUG] org.kie.kogito:kogito-addons-quarkus-monitoring-prometheus-deployment:2.0.0-SNAPSHOT/maven-metadata.xml was not found in https://repository.apache.org/content/groups/public/ during a previous attempt. This failure was cached in the local repository and resolution is not be reattempted until the update interval of apache-public has elapsed or updates are forced
[DEBUG] org.kie.kogito:kogito-addons-quarkus-monitoring-prometheus-deployment:2.0.0-SNAPSHOT/maven-metadata.xml was not found in https://repo.fusesource.com/nexus/content/groups/public-snapshots/ during a previous attempt. This failure was cached in the local repository and resolution is not be reattempted until the update interval of fusesource.snapshot has elapsed or updates are forced
[DEBUG] Skipped remote request for org.kie.kogito:kogito-addons-quarkus-monitoring-prometheus-deployment:2.0.0-SNAPSHOT/maven-metadata.xml, locally cached metadata up-to-date
[DEBUG] org.kie.kogito:kogito-addons-quarkus-monitoring-prometheus-deployment:2.0.0-SNAPSHOT/maven-metadata.xml was not found in https://repository.apache.org/content/groups/public/ during a previous attempt. This failure was cached in the local repository and resolution is not be reattempted until the update interval of apache-public has elapsed or updates are forced
[DEBUG] org.kie.kogito:kogito-addons-quarkus-monitoring-prometheus-deployment:2.0.0-SNAPSHOT/maven-metadata.xml was not found in https://repo.fusesource.com/nexus/content/groups/public-snapshots/ during a previous attempt. This failure was cached in the local repository and resolution is not be reattempted until the update interval of fusesource.snapshot has elapsed or updates are forced
[DEBUG] Dependency collection stats {ConflictMarker.analyzeTime=617719, ConflictMarker.markTime=313117, ConflictMarker.nodeCount=1079, ConflictIdSorter.graphTime=376812, ConflictIdSorter.topsortTime=213530, ConflictIdSorter.conflictIdCount=259, ConflictIdSorter.conflictIdCycleCount=0, ConflictResolver.totalTime=10635506, ConflictResolver.conflictItemCount=662, DefaultDependencyCollector.collectTime=26688371, DefaultDependencyCollector.transformTime=12200861}
[DEBUG] [io.quarkus.bootstrap.resolver.maven.DeploymentInjectingDependencyVisitor] Injecting deployment dependency io.quarkus:quarkus-rest-client-deployment:jar:2.4.0.Final
[DEBUG] Dependency collection stats {ConflictMarker.analyzeTime=261509, ConflictMarker.markTime=153196, ConflictMarker.nodeCount=453, ConflictIdSorter.graphTime=143121, ConflictIdSorter.topsortTime=92328, ConflictIdSorter.conflictIdCount=150, ConflictIdSorter.conflictIdCycleCount=0, ConflictResolver.totalTime=3821940, ConflictResolver.conflictItemCount=359, DefaultDependencyCollector.collectTime=11845221, DefaultDependencyCollector.transformTime=4503141}
[DEBUG] [io.quarkus.bootstrap.classloading.QuarkusClassLoader] Adding elements kogito-quarkus-2.0.0-SNAPSHOT.jar: file:/Users/mouachani/.m2/repository/org/kie/kogito/kogito-quarkus/2.0.0-SNAPSHOT/kogito-quarkus-2.0.0-SNAPSHOT.jar to QuarkusClassLoader Augmentation Class Loader: PROD
[DEBUG] [io.quarkus.bootstrap.classloading.QuarkusClassLoader] Adding elements kogito-quarkus-common-2.0.0-SNAPSHOT.jar: file:/Users/mouachani/.m2/repository/org/kie/kogito/kogito-quarkus-common/2.0.0-SNAPSHOT/kogito-quarkus-common-2.0.0-SNAPSHOT.jar to QuarkusClassLoader Augmentation Class Loader: PROD
[DEBUG] [io.quarkus.bootstrap.classloading.QuarkusClassLoader] Adding elements kogito-api-incubation-application-2.0.0-SNAPSHOT.jar: file:/Users/mouachani/.m2/repository/org/kie/kogito/kogito-api-incubation-application/2.0.0-SNAPSHOT/kogito-api-incubation-application-2.0.0-SNAPSHOT.jar to QuarkusClassLoader Augmentation Class Loader: PROD
[DEBUG] [io.quarkus.bootstrap.classloading.QuarkusClassLoader] Adding elements kogito-api-incubation-common-2.0.0-SNAPSHOT.jar: file:/Users/mouachani/.m2/repository/org/kie/kogito/kogito-api-incubation-common/2.0.0-SNAPSHOT/kogito-api-incubation-common-2.0.0-SNAPSHOT.jar to QuarkusClassLoader Augmentation Class Loader: PROD
[DEBUG] [io.quarkus.bootstrap.classloading.QuarkusClassLoader] Adding elements kogito-api-incubation-common-objectmapper-2.0.0-SNAPSHOT.jar: file:/Users/mouachani/.m2/repository/org/kie/kogito/kogito-api-incubation-common-objectmapper/2.0.0-SNAPSHOT/kogito-api-incubation-common-objectmapper-2.0.0-SNAPSHOT.jar to QuarkusClassLoader Augmentation Class Loader: PROD
[DEBUG] [io.quarkus.bootstrap.classloading.QuarkusClassLoader] Adding elements mvel2-2.4.12.Final.jar: file:/Users/mouachani/.m2/repository/org/mvel/mvel2/2.4.12.Final/mvel2-2.4.12.Final.jar to QuarkusClassLoader Augmentation Class Loader: PROD
[DEBUG] [io.quarkus.bootstrap.classloading.QuarkusClassLoader] Adding elements json-path-2.6.0.jar: file:/Users/mouachani/.m2/repository/com/jayway/jsonpath/json-path/2.6.0/json-path-2.6.0.jar to QuarkusClassLoader Augmentation Class Loader: PROD
[DEBUG] [io.quarkus.bootstrap.classloading.QuarkusClassLoader] Adding elements json-smart-2.4.7.jar: file:/Users/mouachani/.m2/repository/net/minidev/json-smart/2.4.7/json-smart-2.4.7.jar to QuarkusClassLoader Augmentation Class Loader: PROD
[DEBUG] [io.quarkus.bootstrap.classloading.QuarkusClassLoader] Adding elements accessors-smart-2.4.7.jar: file:/Users/mouachani/.m2/repository/net/minidev/accessors-smart/2.4.7/accessors-smart-2.4.7.jar to QuarkusClassLoader Augmentation Class Loader: PROD
[DEBUG] [io.quarkus.bootstrap.classloading.QuarkusClassLoader] Adding elements arc-processor-2.4.0.Final.jar: file:/Users/mouachani/.m2/repository/io/quarkus/arc/arc-processor/2.4.0.Final/arc-processor-2.4.0.Final.jar to QuarkusClassLoader Augmentation Class Loader: PROD
[DEBUG] [io.quarkus.bootstrap.classloading.QuarkusClassLoader] Adding elements gizmo-1.0.9.Final.jar: file:/Users/mouachani/.m2/repository/io/quarkus/gizmo/gizmo/1.0.9.Final/gizmo-1.0.9.Final.jar to QuarkusClassLoader Augmentation Class Loader: PROD
[DEBUG] [io.quarkus.bootstrap.classloading.QuarkusClassLoader] Adding elements asm-9.2.jar: file:/Users/mouachani/.m2/repository/org/ow2/asm/asm/9.2/asm-9.2.jar to QuarkusClassLoader Augmentation Class Loader: PROD
[DEBUG] [io.quarkus.bootstrap.classloading.QuarkusClassLoader] Adding elements asm-util-9.1.jar: file:/Users/mouachani/.m2/repository/org/ow2/asm/asm-util/9.1/asm-util-9.1.jar to QuarkusClassLoader Augmentation Class Loader: PROD
[DEBUG] [io.quarkus.bootstrap.classloading.QuarkusClassLoader] Adding elements asm-tree-9.2.jar: file:/Users/mouachani/.m2/repository/org/ow2/asm/asm-tree/9.2/asm-tree-9.2.jar to QuarkusClassLoader Augmentation Class Loader: PROD
[DEBUG] [io.quarkus.bootstrap.classloading.QuarkusClassLoader] Adding elements asm-analysis-9.2.jar: file:/Users/mouachani/.m2/repository/org/ow2/asm/asm-analysis/9.2/asm-analysis-9.2.jar to QuarkusClassLoader Augmentation Class Loader: PROD
[DEBUG] [io.quarkus.bootstrap.classloading.QuarkusClassLoader] Adding elements quarkus-undertow-2.4.0.Final.jar: file:/Users/mouachani/.m2/repository/io/quarkus/quarkus-undertow/2.4.0.Final/quarkus-undertow-2.4.0.Final.jar to QuarkusClassLoader Augmentation Class Loader: PROD
[DEBUG] [io.quarkus.bootstrap.classloading.QuarkusClassLoader] Adding elements quarkus-http-servlet-4.1.3.jar: file:/Users/mouachani/.m2/repository/io/quarkus/http/quarkus-http-servlet/4.1.3/quarkus-http-servlet-4.1.3.jar to QuarkusClassLoader Augmentation Class Loader: PROD
[DEBUG] [io.quarkus.bootstrap.classloading.QuarkusClassLoader] Adding parent first element jakarta.servlet-api-4.0.3.jar: file:/Users/mouachani/.m2/repository/jakarta/servlet/jakarta.servlet-api/4.0.3/jakarta.servlet-api-4.0.3.jar to QuarkusClassLoader Augmentation Class Loader: PROD
[DEBUG] [io.quarkus.bootstrap.classloading.QuarkusClassLoader] Adding elements jakarta.servlet-api-4.0.3.jar: file:/Users/mouachani/.m2/repository/jakarta/servlet/jakarta.servlet-api/4.0.3/jakarta.servlet-api-4.0.3.jar to QuarkusClassLoader Augmentation Class Loader: PROD
[DEBUG] [io.quarkus.bootstrap.classloading.QuarkusClassLoader] Adding elements quarkus-http-vertx-backend-4.1.3.jar: file:/Users/mouachani/.m2/repository/io/quarkus/http/quarkus-http-vertx-backend/4.1.3/quarkus-http-vertx-backend-4.1.3.jar to QuarkusClassLoader Augmentation Class Loader: PROD
[DEBUG] [io.quarkus.bootstrap.classloading.QuarkusClassLoader] Adding elements quarkus-http-http-core-4.1.3.jar: file:/Users/mouachani/.m2/repository/io/quarkus/http/quarkus-http-http-core/4.1.3/quarkus-http-http-core-4.1.3.jar to QuarkusClassLoader Augmentation Class Loader: PROD
[DEBUG] [io.quarkus.bootstrap.classloading.QuarkusClassLoader] Adding elements quarkus-http-core-4.1.3.jar: file:/Users/mouachani/.m2/repository/io/quarkus/http/quarkus-http-core/4.1.3/quarkus-http-core-4.1.3.jar to QuarkusClassLoader Augmentation Class Loader: PROD
[DEBUG] [io.quarkus.bootstrap.classloading.QuarkusClassLoader] Adding elements kogito-quarkus-rules-2.0.0-SNAPSHOT.jar: file:/Users/mouachani/.m2/repository/org/kie/kogito/kogito-quarkus-rules/2.0.0-SNAPSHOT/kogito-quarkus-rules-2.0.0-SNAPSHOT.jar to QuarkusClassLoader Augmentation Class Loader: PROD
[DEBUG] [io.quarkus.bootstrap.classloading.QuarkusClassLoader] Adding elements kogito-api-incubation-rules-services-2.0.0-SNAPSHOT.jar: file:/Users/mouachani/.m2/repository/org/kie/kogito/kogito-api-incubation-rules-services/2.0.0-SNAPSHOT/kogito-api-incubation-rules-services-2.0.0-SNAPSHOT.jar to QuarkusClassLoader Augmentation Class Loader: PROD
[DEBUG] [io.quarkus.bootstrap.classloading.QuarkusClassLoader] Adding elements kogito-api-incubation-rules-2.0.0-SNAPSHOT.jar: file:/Users/mouachani/.m2/repository/org/kie/kogito/kogito-api-incubation-rules/2.0.0-SNAPSHOT/kogito-api-incubation-rules-2.0.0-SNAPSHOT.jar to QuarkusClassLoader Augmentation Class Loader: PROD
[DEBUG] [io.quarkus.bootstrap.classloading.QuarkusClassLoader] Adding elements kogito-drools-2.0.0-SNAPSHOT.jar: file:/Users/mouachani/.m2/repository/org/kie/kogito/kogito-drools/2.0.0-SNAPSHOT/kogito-drools-2.0.0-SNAPSHOT.jar to QuarkusClassLoader Augmentation Class Loader: PROD
[DEBUG] [io.quarkus.bootstrap.classloading.QuarkusClassLoader] Adding elements drools-core-static-2.0.0-SNAPSHOT.jar: file:/Users/mouachani/.m2/repository/org/kie/kogito/drools-core-static/2.0.0-SNAPSHOT/drools-core-static-2.0.0-SNAPSHOT.jar to QuarkusClassLoader Augmentation Class Loader: PROD
[DEBUG] [io.quarkus.bootstrap.classloading.QuarkusClassLoader] Adding elements drools-core-reflective-8.15.0-SNAPSHOT.jar: file:/Users/mouachani/.m2/repository/org/drools/drools-core-reflective/8.15.0-SNAPSHOT/drools-core-reflective-8.15.0-SNAPSHOT.jar to QuarkusClassLoader Augmentation Class Loader: PROD
[DEBUG] [io.quarkus.bootstrap.classloading.QuarkusClassLoader] Adding elements kogito-ruleunits-2.0.0-SNAPSHOT.jar: file:/Users/mouachani/.m2/repository/org/kie/kogito/kogito-ruleunits/2.0.0-SNAPSHOT/kogito-ruleunits-2.0.0-SNAPSHOT.jar to QuarkusClassLoader Augmentation Class Loader: PROD
[DEBUG] [io.quarkus.bootstrap.classloading.QuarkusClassLoader] Adding elements kogito-drools-model-2.0.0-SNAPSHOT.jar: file:/Users/mouachani/.m2/repository/org/kie/kogito/kogito-drools-model/2.0.0-SNAPSHOT/kogito-drools-model-2.0.0-SNAPSHOT.jar to QuarkusClassLoader Augmentation Class Loader: PROD
[DEBUG] [io.quarkus.bootstrap.classloading.QuarkusClassLoader] Adding elements drools-model-compiler-8.15.0-SNAPSHOT.jar: file:/Users/mouachani/.m2/repository/org/drools/drools-model-compiler/8.15.0-SNAPSHOT/drools-model-compiler-8.15.0-SNAPSHOT.jar to QuarkusClassLoader Augmentation Class Loader: PROD
[DEBUG] [io.quarkus.bootstrap.classloading.QuarkusClassLoader] Adding elements drools-canonical-model-8.15.0-SNAPSHOT.jar: file:/Users/mouachani/.m2/repository/org/drools/drools-canonical-model/8.15.0-SNAPSHOT/drools-canonical-model-8.15.0-SNAPSHOT.jar to QuarkusClassLoader Augmentation Class Loader: PROD
[DEBUG] [io.quarkus.bootstrap.classloading.QuarkusClassLoader] Adding elements drools-mvel-parser-8.15.0-SNAPSHOT.jar: file:/Users/mouachani/.m2/repository/org/drools/drools-mvel-parser/8.15.0-SNAPSHOT/drools-mvel-parser-8.15.0-SNAPSHOT.jar to QuarkusClassLoader Augmentation Class Loader: PROD
[DEBUG] [io.quarkus.bootstrap.classloading.QuarkusClassLoader] Adding elements drools-mvel-compiler-8.15.0-SNAPSHOT.jar: file:/Users/mouachani/.m2/repository/org/drools/drools-mvel-compiler/8.15.0-SNAPSHOT/drools-mvel-compiler-8.15.0-SNAPSHOT.jar to QuarkusClassLoader Augmentation Class Loader: PROD
[DEBUG] [io.quarkus.bootstrap.classloading.QuarkusClassLoader] Adding elements kogito-quarkus-decisions-2.0.0-SNAPSHOT.jar: file:/Users/mouachani/.m2/repository/org/kie/kogito/kogito-quarkus-decisions/2.0.0-SNAPSHOT/kogito-quarkus-decisions-2.0.0-SNAPSHOT.jar to QuarkusClassLoader Augmentation Class Loader: PROD
[DEBUG] [io.quarkus.bootstrap.classloading.QuarkusClassLoader] Adding elements kogito-api-incubation-decisions-services-2.0.0-SNAPSHOT.jar: file:/Users/mouachani/.m2/repository/org/kie/kogito/kogito-api-incubation-decisions-services/2.0.0-SNAPSHOT/kogito-api-incubation-decisions-services-2.0.0-SNAPSHOT.jar to QuarkusClassLoader Augmentation Class Loader: PROD
[DEBUG] [io.quarkus.bootstrap.classloading.QuarkusClassLoader] Adding elements kogito-api-incubation-decisions-2.0.0-SNAPSHOT.jar: file:/Users/mouachani/.m2/repository/org/kie/kogito/kogito-api-incubation-decisions/2.0.0-SNAPSHOT/kogito-api-incubation-decisions-2.0.0-SNAPSHOT.jar to QuarkusClassLoader Augmentation Class Loader: PROD
[DEBUG] [io.quarkus.bootstrap.classloading.QuarkusClassLoader] Adding elements kogito-dmn-2.0.0-SNAPSHOT.jar: file:/Users/mouachani/.m2/repository/org/kie/kogito/kogito-dmn/2.0.0-SNAPSHOT/kogito-dmn-2.0.0-SNAPSHOT.jar to QuarkusClassLoader Augmentation Class Loader: PROD
[DEBUG] [io.quarkus.bootstrap.classloading.QuarkusClassLoader] Adding elements kie-dmn-core-8.15.0-SNAPSHOT.jar: file:/Users/mouachani/.m2/repository/org/kie/kie-dmn-core/8.15.0-SNAPSHOT/kie-dmn-core-8.15.0-SNAPSHOT.jar to QuarkusClassLoader Augmentation Class Loader: PROD
[DEBUG] [io.quarkus.bootstrap.classloading.QuarkusClassLoader] Adding elements kie-dmn-backend-8.15.0-SNAPSHOT.jar: file:/Users/mouachani/.m2/repository/org/kie/kie-dmn-backend/8.15.0-SNAPSHOT/kie-dmn-backend-8.15.0-SNAPSHOT.jar to QuarkusClassLoader Augmentation Class Loader: PROD
[DEBUG] [io.quarkus.bootstrap.classloading.QuarkusClassLoader] Adding elements kie-dmn-feel-8.15.0-SNAPSHOT.jar: file:/Users/mouachani/.m2/repository/org/kie/kie-dmn-feel/8.15.0-SNAPSHOT/kie-dmn-feel-8.15.0-SNAPSHOT.jar to QuarkusClassLoader Augmentation Class Loader: PROD
[DEBUG] [io.quarkus.bootstrap.classloading.QuarkusClassLoader] Adding elements big-math-2.0.1.jar: file:/Users/mouachani/.m2/repository/ch/obermuhlner/big-math/2.0.1/big-math-2.0.1.jar to QuarkusClassLoader Augmentation Class Loader: PROD
[DEBUG] [io.quarkus.bootstrap.classloading.QuarkusClassLoader] Adding elements kie-memory-compiler-8.15.0-SNAPSHOT.jar: file:/Users/mouachani/.m2/repository/org/kie/kie-memory-compiler/8.15.0-SNAPSHOT/kie-memory-compiler-8.15.0-SNAPSHOT.jar to QuarkusClassLoader Augmentation Class Loader: PROD
[DEBUG] [io.quarkus.bootstrap.classloading.QuarkusClassLoader] Adding elements drools-alphanetwork-compiler-8.15.0-SNAPSHOT.jar: file:/Users/mouachani/.m2/repository/org/drools/drools-alphanetwork-compiler/8.15.0-SNAPSHOT/drools-alphanetwork-compiler-8.15.0-SNAPSHOT.jar to QuarkusClassLoader Augmentation Class Loader: PROD
[DEBUG] [io.quarkus.bootstrap.classloading.QuarkusClassLoader] Adding elements antlr4-runtime-4.9.2.jar: file:/Users/mouachani/.m2/repository/org/antlr/antlr4-runtime/4.9.2/antlr4-runtime-4.9.2.jar to QuarkusClassLoader Augmentation Class Loader: PROD
[DEBUG] [io.quarkus.bootstrap.classloading.QuarkusClassLoader] Adding elements pmml-model-1.5.1.jar: file:/Users/mouachani/.m2/repository/org/jpmml/pmml-model/1.5.1/pmml-model-1.5.1.jar to QuarkusClassLoader Augmentation Class Loader: PROD
[DEBUG] [io.quarkus.bootstrap.classloading.QuarkusClassLoader] Adding elements pmml-agent-1.5.1.jar: file:/Users/mouachani/.m2/repository/org/jpmml/pmml-agent/1.5.1/pmml-agent-1.5.1.jar to QuarkusClassLoader Augmentation Class Loader: PROD
[DEBUG] [io.quarkus.bootstrap.classloading.QuarkusClassLoader] Adding elements kie-dmn-validation-8.15.0-SNAPSHOT.jar: file:/Users/mouachani/.m2/repository/org/kie/kie-dmn-validation/8.15.0-SNAPSHOT/kie-dmn-validation-8.15.0-SNAPSHOT.jar to QuarkusClassLoader Augmentation Class Loader: PROD
[DEBUG] [io.quarkus.bootstrap.classloading.QuarkusClassLoader] Adding elements kogito-quarkus-predictions-2.0.0-SNAPSHOT.jar: file:/Users/mouachani/.m2/repository/org/kie/kogito/kogito-quarkus-predictions/2.0.0-SNAPSHOT/kogito-quarkus-predictions-2.0.0-SNAPSHOT.jar to QuarkusClassLoader Augmentation Class Loader: PROD
[DEBUG] [io.quarkus.bootstrap.classloading.QuarkusClassLoader] Adding elements kogito-pmml-2.0.0-SNAPSHOT.jar: file:/Users/mouachani/.m2/repository/org/kie/kogito/kogito-pmml/2.0.0-SNAPSHOT/kogito-pmml-2.0.0-SNAPSHOT.jar to QuarkusClassLoader Augmentation Class Loader: PROD
[DEBUG] [io.quarkus.bootstrap.classloading.QuarkusClassLoader] Adding elements io.quarkus.bootstrap.classloading.ClassPathElement$1@3ca9e72d to QuarkusClassLoader Augmentation Class Loader: PROD
[DEBUG] [io.quarkus.bootstrap.classloading.QuarkusClassLoader] Adding elements kie-pmml-dependencies-8.15.0-SNAPSHOT.jar: file:/Users/mouachani/.m2/repository/org/kie/kie-pmml-dependencies/8.15.0-SNAPSHOT/kie-pmml-dependencies-8.15.0-SNAPSHOT.jar to QuarkusClassLoader Augmentation Class Loader: PROD
[DEBUG] [io.quarkus.bootstrap.classloading.QuarkusClassLoader] Adding elements kie-pmml-compiler-api-8.15.0-SNAPSHOT.jar: file:/Users/mouachani/.m2/repository/org/kie/kie-pmml-compiler-api/8.15.0-SNAPSHOT/kie-pmml-compiler-api-8.15.0-SNAPSHOT.jar to QuarkusClassLoader Augmentation Class Loader: PROD
[DEBUG] [io.quarkus.bootstrap.classloading.QuarkusClassLoader] Adding elements jaxb-runtime-2.3.3-b02.jar: file:/Users/mouachani/.m2/repository/org/glassfish/jaxb/jaxb-runtime/2.3.3-b02/jaxb-runtime-2.3.3-b02.jar to QuarkusClassLoader Augmentation Class Loader: PROD
[DEBUG] [io.quarkus.bootstrap.classloading.QuarkusClassLoader] Adding elements jakarta.xml.bind-api-2.3.3.jar: file:/Users/mouachani/.m2/repository/jakarta/xml/bind/jakarta.xml.bind-api/2.3.3/jakarta.xml.bind-api-2.3.3.jar to QuarkusClassLoader Augmentation Class Loader: PROD
[DEBUG] [io.quarkus.bootstrap.classloading.QuarkusClassLoader] Adding elements txw2-2.3.3-b02.jar: file:/Users/mouachani/.m2/repository/org/glassfish/jaxb/txw2/2.3.3-b02/txw2-2.3.3-b02.jar to QuarkusClassLoader Augmentation Class Loader: PROD
[DEBUG] [io.quarkus.bootstrap.classloading.QuarkusClassLoader] Adding elements istack-commons-runtime-3.0.10.jar: file:/Users/mouachani/.m2/repository/com/sun/istack/istack-commons-runtime/3.0.10/istack-commons-runtime-3.0.10.jar to QuarkusClassLoader Augmentation Class Loader: PROD
[DEBUG] [io.quarkus.bootstrap.classloading.QuarkusClassLoader] Adding elements kie-pmml-compiler-core-8.15.0-SNAPSHOT.jar: file:/Users/mouachani/.m2/repository/org/kie/kie-pmml-compiler-core/8.15.0-SNAPSHOT/kie-pmml-compiler-core-8.15.0-SNAPSHOT.jar to QuarkusClassLoader Augmentation Class Loader: PROD
[DEBUG] [io.quarkus.bootstrap.classloading.QuarkusClassLoader] Adding elements kie-pmml-compiler-commons-8.15.0-SNAPSHOT.jar: file:/Users/mouachani/.m2/repository/org/kie/kie-pmml-compiler-commons/8.15.0-SNAPSHOT/kie-pmml-compiler-commons-8.15.0-SNAPSHOT.jar to QuarkusClassLoader Augmentation Class Loader: PROD
[DEBUG] [io.quarkus.bootstrap.classloading.QuarkusClassLoader] Adding elements kie-pmml-evaluator-core-8.15.0-SNAPSHOT.jar: file:/Users/mouachani/.m2/repository/org/kie/kie-pmml-evaluator-core/8.15.0-SNAPSHOT/kie-pmml-evaluator-core-8.15.0-SNAPSHOT.jar to QuarkusClassLoader Augmentation Class Loader: PROD
[DEBUG] [io.quarkus.bootstrap.classloading.QuarkusClassLoader] Adding elements kie-pmml-evaluator-assembler-8.15.0-SNAPSHOT.jar: file:/Users/mouachani/.m2/repository/org/kie/kie-pmml-evaluator-assembler/8.15.0-SNAPSHOT/kie-pmml-evaluator-assembler-8.15.0-SNAPSHOT.jar to QuarkusClassLoader Augmentation Class Loader: PROD
[DEBUG] [io.quarkus.bootstrap.classloading.QuarkusClassLoader] Adding elements kie-pmml-kie-internal-8.15.0-SNAPSHOT.jar: file:/Users/mouachani/.m2/repository/org/kie/kie-pmml-kie-internal/8.15.0-SNAPSHOT/kie-pmml-kie-internal-8.15.0-SNAPSHOT.jar to QuarkusClassLoader Augmentation Class Loader: PROD
[DEBUG] [io.quarkus.bootstrap.classloading.QuarkusClassLoader] Adding elements kie-pmml-models-drools-common-8.15.0-SNAPSHOT.jar: file:/Users/mouachani/.m2/repository/org/kie/kie-pmml-models-drools-common/8.15.0-SNAPSHOT/kie-pmml-models-drools-common-8.15.0-SNAPSHOT.jar to QuarkusClassLoader Augmentation Class Loader: PROD
[DEBUG] [io.quarkus.bootstrap.classloading.QuarkusClassLoader] Adding elements kie-pmml-models-regression-model-8.15.0-SNAPSHOT.jar: file:/Users/mouachani/.m2/repository/org/kie/kie-pmml-models-regression-model/8.15.0-SNAPSHOT/kie-pmml-models-regression-model-8.15.0-SNAPSHOT.jar to QuarkusClassLoader Augmentation Class Loader: PROD
[DEBUG] [io.quarkus.bootstrap.classloading.QuarkusClassLoader] Adding elements kie-pmml-models-regression-compiler-8.15.0-SNAPSHOT.jar: file:/Users/mouachani/.m2/repository/org/kie/kie-pmml-models-regression-compiler/8.15.0-SNAPSHOT/kie-pmml-models-regression-compiler-8.15.0-SNAPSHOT.jar to QuarkusClassLoader Augmentation Class Loader: PROD
[DEBUG] [io.quarkus.bootstrap.classloading.QuarkusClassLoader] Adding elements kie-pmml-models-regression-evaluator-8.15.0-SNAPSHOT.jar: file:/Users/mouachani/.m2/repository/org/kie/kie-pmml-models-regression-evaluator/8.15.0-SNAPSHOT/kie-pmml-models-regression-evaluator-8.15.0-SNAPSHOT.jar to QuarkusClassLoader Augmentation Class Loader: PROD
[DEBUG] [io.quarkus.bootstrap.classloading.QuarkusClassLoader] Adding elements kie-pmml-models-tree-model-8.15.0-SNAPSHOT.jar: file:/Users/mouachani/.m2/repository/org/kie/kie-pmml-models-tree-model/8.15.0-SNAPSHOT/kie-pmml-models-tree-model-8.15.0-SNAPSHOT.jar to QuarkusClassLoader Augmentation Class Loader: PROD
[DEBUG] [io.quarkus.bootstrap.classloading.QuarkusClassLoader] Adding elements kie-pmml-models-tree-compiler-8.15.0-SNAPSHOT.jar: file:/Users/mouachani/.m2/repository/org/kie/kie-pmml-models-tree-compiler/8.15.0-SNAPSHOT/kie-pmml-models-tree-compiler-8.15.0-SNAPSHOT.jar to QuarkusClassLoader Augmentation Class Loader: PROD
[DEBUG] [io.quarkus.bootstrap.classloading.QuarkusClassLoader] Adding elements kie-pmml-models-tree-evaluator-8.15.0-SNAPSHOT.jar: file:/Users/mouachani/.m2/repository/org/kie/kie-pmml-models-tree-evaluator/8.15.0-SNAPSHOT/kie-pmml-models-tree-evaluator-8.15.0-SNAPSHOT.jar to QuarkusClassLoader Augmentation Class Loader: PROD
[DEBUG] [io.quarkus.bootstrap.classloading.QuarkusClassLoader] Adding elements kie-pmml-models-scorecard-model-8.15.0-SNAPSHOT.jar: file:/Users/mouachani/.m2/repository/org/kie/kie-pmml-models-scorecard-model/8.15.0-SNAPSHOT/kie-pmml-models-scorecard-model-8.15.0-SNAPSHOT.jar to QuarkusClassLoader Augmentation Class Loader: PROD
[DEBUG] [io.quarkus.bootstrap.classloading.QuarkusClassLoader] Adding elements kie-pmml-models-scorecard-compiler-8.15.0-SNAPSHOT.jar: file:/Users/mouachani/.m2/repository/org/kie/kie-pmml-models-scorecard-compiler/8.15.0-SNAPSHOT/kie-pmml-models-scorecard-compiler-8.15.0-SNAPSHOT.jar to QuarkusClassLoader Augmentation Class Loader: PROD
[DEBUG] [io.quarkus.bootstrap.classloading.QuarkusClassLoader] Adding elements kie-pmml-models-scorecard-evaluator-8.15.0-SNAPSHOT.jar: file:/Users/mouachani/.m2/repository/org/kie/kie-pmml-models-scorecard-evaluator/8.15.0-SNAPSHOT/kie-pmml-models-scorecard-evaluator-8.15.0-SNAPSHOT.jar to QuarkusClassLoader Augmentation Class Loader: PROD
[DEBUG] [io.quarkus.bootstrap.classloading.QuarkusClassLoader] Adding elements kie-pmml-models-mining-model-8.15.0-SNAPSHOT.jar: file:/Users/mouachani/.m2/repository/org/kie/kie-pmml-models-mining-model/8.15.0-SNAPSHOT/kie-pmml-models-mining-model-8.15.0-SNAPSHOT.jar to QuarkusClassLoader Augmentation Class Loader: PROD
[DEBUG] [io.quarkus.bootstrap.classloading.QuarkusClassLoader] Adding elements kie-pmml-models-mining-compiler-8.15.0-SNAPSHOT.jar: file:/Users/mouachani/.m2/repository/org/kie/kie-pmml-models-mining-compiler/8.15.0-SNAPSHOT/kie-pmml-models-mining-compiler-8.15.0-SNAPSHOT.jar to QuarkusClassLoader Augmentation Class Loader: PROD
[DEBUG] [io.quarkus.bootstrap.classloading.QuarkusClassLoader] Adding elements kie-pmml-models-mining-evaluator-8.15.0-SNAPSHOT.jar: file:/Users/mouachani/.m2/repository/org/kie/kie-pmml-models-mining-evaluator/8.15.0-SNAPSHOT/kie-pmml-models-mining-evaluator-8.15.0-SNAPSHOT.jar to QuarkusClassLoader Augmentation Class Loader: PROD
[DEBUG] [io.quarkus.bootstrap.classloading.QuarkusClassLoader] Adding elements kie-pmml-models-clustering-model-8.15.0-SNAPSHOT.jar: file:/Users/mouachani/.m2/repository/org/kie/kie-pmml-models-clustering-model/8.15.0-SNAPSHOT/kie-pmml-models-clustering-model-8.15.0-SNAPSHOT.jar to QuarkusClassLoader Augmentation Class Loader: PROD
[DEBUG] [io.quarkus.bootstrap.classloading.QuarkusClassLoader] Adding elements kie-pmml-models-clustering-compiler-8.15.0-SNAPSHOT.jar: file:/Users/mouachani/.m2/repository/org/kie/kie-pmml-models-clustering-compiler/8.15.0-SNAPSHOT/kie-pmml-models-clustering-compiler-8.15.0-SNAPSHOT.jar to QuarkusClassLoader Augmentation Class Loader: PROD
[DEBUG] [io.quarkus.bootstrap.classloading.QuarkusClassLoader] Adding elements kie-pmml-models-clustering-evaluator-8.15.0-SNAPSHOT.jar: file:/Users/mouachani/.m2/repository/org/kie/kie-pmml-models-clustering-evaluator/8.15.0-SNAPSHOT/kie-pmml-models-clustering-evaluator-8.15.0-SNAPSHOT.jar to QuarkusClassLoader Augmentation Class Loader: PROD
[DEBUG] [io.quarkus.bootstrap.classloading.QuarkusClassLoader] Adding elements kogito-api-incubation-predictions-services-2.0.0-SNAPSHOT.jar: file:/Users/mouachani/.m2/repository/org/kie/kogito/kogito-api-incubation-predictions-services/2.0.0-SNAPSHOT/kogito-api-incubation-predictions-services-2.0.0-SNAPSHOT.jar to QuarkusClassLoader Augmentation Class Loader: PROD
[DEBUG] [io.quarkus.bootstrap.classloading.QuarkusClassLoader] Adding elements kogito-api-incubation-predictions-2.0.0-SNAPSHOT.jar: file:/Users/mouachani/.m2/repository/org/kie/kogito/kogito-api-incubation-predictions/2.0.0-SNAPSHOT/kogito-api-incubation-predictions-2.0.0-SNAPSHOT.jar to QuarkusClassLoader Augmentation Class Loader: PROD
[DEBUG] [io.quarkus.bootstrap.classloading.QuarkusClassLoader] Adding elements quarkus-arc-2.4.0.Final.jar: file:/Users/mouachani/.m2/repository/io/quarkus/quarkus-arc/2.4.0.Final/quarkus-arc-2.4.0.Final.jar to QuarkusClassLoader Augmentation Class Loader: PROD
[DEBUG] [io.quarkus.bootstrap.classloading.QuarkusClassLoader] Adding elements arc-2.4.0.Final.jar: file:/Users/mouachani/.m2/repository/io/quarkus/arc/arc/2.4.0.Final/arc-2.4.0.Final.jar to QuarkusClassLoader Augmentation Class Loader: PROD
[DEBUG] [io.quarkus.bootstrap.classloading.QuarkusClassLoader] Adding elements jakarta.enterprise.cdi-api-2.0.2.jar: file:/Users/mouachani/.m2/repository/jakarta/enterprise/jakarta.enterprise.cdi-api/2.0.2/jakarta.enterprise.cdi-api-2.0.2.jar to QuarkusClassLoader Augmentation Class Loader: PROD
[DEBUG] [io.quarkus.bootstrap.classloading.QuarkusClassLoader] Adding elements jakarta.el-api-3.0.3.jar: file:/Users/mouachani/.m2/repository/jakarta/el/jakarta.el-api/3.0.3/jakarta.el-api-3.0.3.jar to QuarkusClassLoader Augmentation Class Loader: PROD
[DEBUG] [io.quarkus.bootstrap.classloading.QuarkusClassLoader] Adding parent first element jboss-logging-3.4.2.Final.jar: file:/Users/mouachani/.m2/repository/org/jboss/logging/jboss-logging/3.4.2.Final/jboss-logging-3.4.2.Final.jar to QuarkusClassLoader Augmentation Class Loader: PROD
[DEBUG] [io.quarkus.bootstrap.classloading.QuarkusClassLoader] Adding elements jboss-logging-3.4.2.Final.jar: file:/Users/mouachani/.m2/repository/org/jboss/logging/jboss-logging/3.4.2.Final/jboss-logging-3.4.2.Final.jar to QuarkusClassLoader Augmentation Class Loader: PROD
[DEBUG] [io.quarkus.bootstrap.classloading.QuarkusClassLoader] Adding elements quarkus-core-2.4.0.Final.jar: file:/Users/mouachani/.m2/repository/io/quarkus/quarkus-core/2.4.0.Final/quarkus-core-2.4.0.Final.jar to QuarkusClassLoader Augmentation Class Loader: PROD
[DEBUG] [io.quarkus.bootstrap.classloading.QuarkusClassLoader] Adding elements jakarta.inject-api-1.0.jar: file:/Users/mouachani/.m2/repository/jakarta/inject/jakarta.inject-api/1.0/jakarta.inject-api-1.0.jar to QuarkusClassLoader Augmentation Class Loader: PROD
[DEBUG] [io.quarkus.bootstrap.classloading.QuarkusClassLoader] Adding parent first element quarkus-development-mode-spi-2.4.0.Final.jar: file:/Users/mouachani/.m2/repository/io/quarkus/quarkus-development-mode-spi/2.4.0.Final/quarkus-development-mode-spi-2.4.0.Final.jar to QuarkusClassLoader Augmentation Class Loader: PROD
[DEBUG] [io.quarkus.bootstrap.classloading.QuarkusClassLoader] Adding elements quarkus-development-mode-spi-2.4.0.Final.jar: file:/Users/mouachani/.m2/repository/io/quarkus/quarkus-development-mode-spi/2.4.0.Final/quarkus-development-mode-spi-2.4.0.Final.jar to QuarkusClassLoader Augmentation Class Loader: PROD
[DEBUG] [io.quarkus.bootstrap.classloading.QuarkusClassLoader] Adding elements smallrye-config-2.5.1.jar: file:/Users/mouachani/.m2/repository/io/smallrye/config/smallrye-config/2.5.1/smallrye-config-2.5.1.jar to QuarkusClassLoader Augmentation Class Loader: PROD
[DEBUG] [io.quarkus.bootstrap.classloading.QuarkusClassLoader] Adding elements smallrye-config-core-2.5.1.jar: file:/Users/mouachani/.m2/repository/io/smallrye/config/smallrye-config-core/2.5.1/smallrye-config-core-2.5.1.jar to QuarkusClassLoader Augmentation Class Loader: PROD
[DEBUG] [io.quarkus.bootstrap.classloading.QuarkusClassLoader] Adding elements smallrye-common-expression-1.6.0.jar: file:/Users/mouachani/.m2/repository/io/smallrye/common/smallrye-common-expression/1.6.0/smallrye-common-expression-1.6.0.jar to QuarkusClassLoader Augmentation Class Loader: PROD
[DEBUG] [io.quarkus.bootstrap.classloading.QuarkusClassLoader] Adding elements smallrye-common-function-1.6.0.jar: file:/Users/mouachani/.m2/repository/io/smallrye/common/smallrye-common-function/1.6.0/smallrye-common-function-1.6.0.jar to QuarkusClassLoader Augmentation Class Loader: PROD
[DEBUG] [io.quarkus.bootstrap.classloading.QuarkusClassLoader] Adding elements smallrye-common-constraint-1.6.0.jar: file:/Users/mouachani/.m2/repository/io/smallrye/common/smallrye-common-constraint/1.6.0/smallrye-common-constraint-1.6.0.jar to QuarkusClassLoader Augmentation Class Loader: PROD
[DEBUG] [io.quarkus.bootstrap.classloading.QuarkusClassLoader] Adding elements smallrye-common-classloader-1.6.0.jar: file:/Users/mouachani/.m2/repository/io/smallrye/common/smallrye-common-classloader/1.6.0/smallrye-common-classloader-1.6.0.jar to QuarkusClassLoader Augmentation Class Loader: PROD
[DEBUG] [io.quarkus.bootstrap.classloading.QuarkusClassLoader] Adding elements smallrye-config-common-2.5.1.jar: file:/Users/mouachani/.m2/repository/io/smallrye/config/smallrye-config-common/2.5.1/smallrye-config-common-2.5.1.jar to QuarkusClassLoader Augmentation Class Loader: PROD
[DEBUG] [io.quarkus.bootstrap.classloading.QuarkusClassLoader] Adding parent first element jboss-logmanager-embedded-1.0.9.jar: file:/Users/mouachani/.m2/repository/org/jboss/logmanager/jboss-logmanager-embedded/1.0.9/jboss-logmanager-embedded-1.0.9.jar to QuarkusClassLoader Augmentation Class Loader: PROD
[DEBUG] [io.quarkus.bootstrap.classloading.QuarkusClassLoader] Adding elements jboss-logmanager-embedded-1.0.9.jar: file:/Users/mouachani/.m2/repository/org/jboss/logmanager/jboss-logmanager-embedded/1.0.9/jboss-logmanager-embedded-1.0.9.jar to QuarkusClassLoader Augmentation Class Loader: PROD
[DEBUG] [io.quarkus.bootstrap.classloading.QuarkusClassLoader] Adding elements jboss-logging-annotations-2.2.1.Final.jar: file:/Users/mouachani/.m2/repository/org/jboss/logging/jboss-logging-annotations/2.2.1.Final/jboss-logging-annotations-2.2.1.Final.jar to QuarkusClassLoader Augmentation Class Loader: PROD
[DEBUG] [io.quarkus.bootstrap.classloading.QuarkusClassLoader] Adding elements jboss-threads-3.4.2.Final.jar: file:/Users/mouachani/.m2/repository/org/jboss/threads/jboss-threads/3.4.2.Final/jboss-threads-3.4.2.Final.jar to QuarkusClassLoader Augmentation Class Loader: PROD
[DEBUG] [io.quarkus.bootstrap.classloading.QuarkusClassLoader] Adding parent first element slf4j-jboss-logmanager-1.1.0.Final.jar: file:/Users/mouachani/.m2/repository/org/jboss/slf4j/slf4j-jboss-logmanager/1.1.0.Final/slf4j-jboss-logmanager-1.1.0.Final.jar to QuarkusClassLoader Augmentation Class Loader: PROD
[DEBUG] [io.quarkus.bootstrap.classloading.QuarkusClassLoader] Adding elements slf4j-jboss-logmanager-1.1.0.Final.jar: file:/Users/mouachani/.m2/repository/org/jboss/slf4j/slf4j-jboss-logmanager/1.1.0.Final/slf4j-jboss-logmanager-1.1.0.Final.jar to QuarkusClassLoader Augmentation Class Loader: PROD
[DEBUG] [io.quarkus.bootstrap.classloading.QuarkusClassLoader] Adding parent first element graal-sdk-21.2.0.jar: file:/Users/mouachani/.m2/repository/org/graalvm/sdk/graal-sdk/21.2.0/graal-sdk-21.2.0.jar to QuarkusClassLoader Augmentation Class Loader: PROD
[DEBUG] [io.quarkus.bootstrap.classloading.QuarkusClassLoader] Adding elements graal-sdk-21.2.0.jar: file:/Users/mouachani/.m2/repository/org/graalvm/sdk/graal-sdk/21.2.0/graal-sdk-21.2.0.jar to QuarkusClassLoader Augmentation Class Loader: PROD
[DEBUG] [io.quarkus.bootstrap.classloading.QuarkusClassLoader] Adding parent first element wildfly-common-1.5.4.Final-format-001.jar: file:/Users/mouachani/.m2/repository/org/wildfly/common/wildfly-common/1.5.4.Final-format-001/wildfly-common-1.5.4.Final-format-001.jar to QuarkusClassLoader Augmentation Class Loader: PROD
[DEBUG] [io.quarkus.bootstrap.classloading.QuarkusClassLoader] Adding elements wildfly-common-1.5.4.Final-format-001.jar: file:/Users/mouachani/.m2/repository/org/wildfly/common/wildfly-common/1.5.4.Final-format-001/wildfly-common-1.5.4.Final-format-001.jar to QuarkusClassLoader Augmentation Class Loader: PROD
[DEBUG] [io.quarkus.bootstrap.classloading.QuarkusClassLoader] Adding parent first element quarkus-bootstrap-runner-2.4.0.Final.jar: file:/Users/mouachani/.m2/repository/io/quarkus/quarkus-bootstrap-runner/2.4.0.Final/quarkus-bootstrap-runner-2.4.0.Final.jar to QuarkusClassLoader Augmentation Class Loader: PROD
[DEBUG] [io.quarkus.bootstrap.classloading.QuarkusClassLoader] Adding elements quarkus-bootstrap-runner-2.4.0.Final.jar: file:/Users/mouachani/.m2/repository/io/quarkus/quarkus-bootstrap-runner/2.4.0.Final/quarkus-bootstrap-runner-2.4.0.Final.jar to QuarkusClassLoader Augmentation Class Loader: PROD
[DEBUG] [io.quarkus.bootstrap.classloading.QuarkusClassLoader] Adding parent first element smallrye-common-io-1.6.0.jar: file:/Users/mouachani/.m2/repository/io/smallrye/common/smallrye-common-io/1.6.0/smallrye-common-io-1.6.0.jar to QuarkusClassLoader Augmentation Class Loader: PROD
[DEBUG] [io.quarkus.bootstrap.classloading.QuarkusClassLoader] Adding elements smallrye-common-io-1.6.0.jar: file:/Users/mouachani/.m2/repository/io/smallrye/common/smallrye-common-io/1.6.0/smallrye-common-io-1.6.0.jar to QuarkusClassLoader Augmentation Class Loader: PROD
[DEBUG] [io.quarkus.bootstrap.classloading.QuarkusClassLoader] Adding elements microprofile-context-propagation-api-1.2.jar: file:/Users/mouachani/.m2/repository/org/eclipse/microprofile/context-propagation/microprofile-context-propagation-api/1.2/microprofile-context-propagation-api-1.2.jar to QuarkusClassLoader Augmentation Class Loader: PROD
[DEBUG] [io.quarkus.bootstrap.classloading.QuarkusClassLoader] Adding elements quarkus-resteasy-2.4.0.Final.jar: file:/Users/mouachani/.m2/repository/io/quarkus/quarkus-resteasy/2.4.0.Final/quarkus-resteasy-2.4.0.Final.jar to QuarkusClassLoader Augmentation Class Loader: PROD
[DEBUG] [io.quarkus.bootstrap.classloading.QuarkusClassLoader] Adding elements quarkus-vertx-http-2.4.0.Final.jar: file:/Users/mouachani/.m2/repository/io/quarkus/quarkus-vertx-http/2.4.0.Final/quarkus-vertx-http-2.4.0.Final.jar to QuarkusClassLoader Augmentation Class Loader: PROD
[DEBUG] [io.quarkus.bootstrap.classloading.QuarkusClassLoader] Adding elements quarkus-security-runtime-spi-2.4.0.Final.jar: file:/Users/mouachani/.m2/repository/io/quarkus/quarkus-security-runtime-spi/2.4.0.Final/quarkus-security-runtime-spi-2.4.0.Final.jar to QuarkusClassLoader Augmentation Class Loader: PROD
[DEBUG] [io.quarkus.bootstrap.classloading.QuarkusClassLoader] Adding elements quarkus-mutiny-2.4.0.Final.jar: file:/Users/mouachani/.m2/repository/io/quarkus/quarkus-mutiny/2.4.0.Final/quarkus-mutiny-2.4.0.Final.jar to QuarkusClassLoader Augmentation Class Loader: PROD
[DEBUG] [io.quarkus.bootstrap.classloading.QuarkusClassLoader] Adding elements quarkus-smallrye-context-propagation-2.4.0.Final.jar: file:/Users/mouachani/.m2/repository/io/quarkus/quarkus-smallrye-context-propagation/2.4.0.Final/quarkus-smallrye-context-propagation-2.4.0.Final.jar to QuarkusClassLoader Augmentation Class Loader: PROD
[DEBUG] [io.quarkus.bootstrap.classloading.QuarkusClassLoader] Adding elements smallrye-context-propagation-1.2.2.jar: file:/Users/mouachani/.m2/repository/io/smallrye/smallrye-context-propagation/1.2.2/smallrye-context-propagation-1.2.2.jar to QuarkusClassLoader Augmentation Class Loader: PROD
[DEBUG] [io.quarkus.bootstrap.classloading.QuarkusClassLoader] Adding elements smallrye-context-propagation-api-1.2.2.jar: file:/Users/mouachani/.m2/repository/io/smallrye/smallrye-context-propagation-api/1.2.2/smallrye-context-propagation-api-1.2.2.jar to QuarkusClassLoader Augmentation Class Loader: PROD
[DEBUG] [io.quarkus.bootstrap.classloading.QuarkusClassLoader] Adding elements smallrye-context-propagation-storage-1.2.2.jar: file:/Users/mouachani/.m2/repository/io/smallrye/smallrye-context-propagation-storage/1.2.2/smallrye-context-propagation-storage-1.2.2.jar to QuarkusClassLoader Augmentation Class Loader: PROD
[DEBUG] [io.quarkus.bootstrap.classloading.QuarkusClassLoader] Adding elements mutiny-smallrye-context-propagation-1.1.2.jar: file:/Users/mouachani/.m2/repository/io/smallrye/reactive/mutiny-smallrye-context-propagation/1.1.2/mutiny-smallrye-context-propagation-1.1.2.jar to QuarkusClassLoader Augmentation Class Loader: PROD
[DEBUG] [io.quarkus.bootstrap.classloading.QuarkusClassLoader] Adding elements quarkus-vertx-http-dev-console-runtime-spi-2.4.0.Final.jar: file:/Users/mouachani/.m2/repository/io/quarkus/quarkus-vertx-http-dev-console-runtime-spi/2.4.0.Final/quarkus-vertx-http-dev-console-runtime-spi-2.4.0.Final.jar to QuarkusClassLoader Augmentation Class Loader: PROD
[DEBUG] [io.quarkus.bootstrap.classloading.QuarkusClassLoader] Adding elements quarkus-security-1.1.4.Final.jar: file:/Users/mouachani/.m2/repository/io/quarkus/security/quarkus-security/1.1.4.Final/quarkus-security-1.1.4.Final.jar to QuarkusClassLoader Augmentation Class Loader: PROD
[DEBUG] [io.quarkus.bootstrap.classloading.QuarkusClassLoader] Adding elements quarkus-vertx-2.4.0.Final.jar: file:/Users/mouachani/.m2/repository/io/quarkus/quarkus-vertx/2.4.0.Final/quarkus-vertx-2.4.0.Final.jar to QuarkusClassLoader Augmentation Class Loader: PROD
[DEBUG] [io.quarkus.bootstrap.classloading.QuarkusClassLoader] Adding elements netty-codec-haproxy-4.1.68.Final.jar: file:/Users/mouachani/.m2/repository/io/netty/netty-codec-haproxy/4.1.68.Final/netty-codec-haproxy-4.1.68.Final.jar to QuarkusClassLoader Augmentation Class Loader: PROD
[DEBUG] [io.quarkus.bootstrap.classloading.QuarkusClassLoader] Adding elements smallrye-fault-tolerance-vertx-5.2.1.jar: file:/Users/mouachani/.m2/repository/io/smallrye/smallrye-fault-tolerance-vertx/5.2.1/smallrye-fault-tolerance-vertx-5.2.1.jar to QuarkusClassLoader Augmentation Class Loader: PROD
[DEBUG] [io.quarkus.bootstrap.classloading.QuarkusClassLoader] Adding elements smallrye-mutiny-vertx-web-2.14.1.jar: file:/Users/mouachani/.m2/repository/io/smallrye/reactive/smallrye-mutiny-vertx-web/2.14.1/smallrye-mutiny-vertx-web-2.14.1.jar to QuarkusClassLoader Augmentation Class Loader: PROD
[DEBUG] [io.quarkus.bootstrap.classloading.QuarkusClassLoader] Adding elements smallrye-mutiny-vertx-bridge-common-2.14.1.jar: file:/Users/mouachani/.m2/repository/io/smallrye/reactive/smallrye-mutiny-vertx-bridge-common/2.14.1/smallrye-mutiny-vertx-bridge-common-2.14.1.jar to QuarkusClassLoader Augmentation Class Loader: PROD
[DEBUG] [io.quarkus.bootstrap.classloading.QuarkusClassLoader] Adding elements vertx-web-4.1.5.jar: file:/Users/mouachani/.m2/repository/io/vertx/vertx-web/4.1.5/vertx-web-4.1.5.jar to QuarkusClassLoader Augmentation Class Loader: PROD
[DEBUG] [io.quarkus.bootstrap.classloading.QuarkusClassLoader] Adding elements vertx-web-common-4.1.5.jar: file:/Users/mouachani/.m2/repository/io/vertx/vertx-web-common/4.1.5/vertx-web-common-4.1.5.jar to QuarkusClassLoader Augmentation Class Loader: PROD
[DEBUG] [io.quarkus.bootstrap.classloading.QuarkusClassLoader] Adding elements vertx-auth-common-4.1.5.jar: file:/Users/mouachani/.m2/repository/io/vertx/vertx-auth-common/4.1.5/vertx-auth-common-4.1.5.jar to QuarkusClassLoader Augmentation Class Loader: PROD
[DEBUG] [io.quarkus.bootstrap.classloading.QuarkusClassLoader] Adding elements vertx-bridge-common-4.1.5.jar: file:/Users/mouachani/.m2/repository/io/vertx/vertx-bridge-common/4.1.5/vertx-bridge-common-4.1.5.jar to QuarkusClassLoader Augmentation Class Loader: PROD
[DEBUG] [io.quarkus.bootstrap.classloading.QuarkusClassLoader] Adding elements quarkus-resteasy-server-common-2.4.0.Final.jar: file:/Users/mouachani/.m2/repository/io/quarkus/quarkus-resteasy-server-common/2.4.0.Final/quarkus-resteasy-server-common-2.4.0.Final.jar to QuarkusClassLoader Augmentation Class Loader: PROD
[DEBUG] [io.quarkus.bootstrap.classloading.QuarkusClassLoader] Adding elements jakarta.validation-api-2.0.2.jar: file:/Users/mouachani/.m2/repository/jakarta/validation/jakarta.validation-api/2.0.2/jakarta.validation-api-2.0.2.jar to QuarkusClassLoader Augmentation Class Loader: PROD
[DEBUG] [io.quarkus.bootstrap.classloading.QuarkusClassLoader] Adding elements kogito-addons-quarkus-process-management-2.0.0-SNAPSHOT.jar: file:/Users/mouachani/.m2/repository/org/kie/kogito/kogito-addons-quarkus-process-management/2.0.0-SNAPSHOT/kogito-addons-quarkus-process-management-2.0.0-SNAPSHOT.jar to QuarkusClassLoader Augmentation Class Loader: PROD
[DEBUG] [io.quarkus.bootstrap.classloading.QuarkusClassLoader] Adding elements kogito-addons-process-management-2.0.0-SNAPSHOT.jar: file:/Users/mouachani/.m2/repository/org/kie/kogito/kogito-addons-process-management/2.0.0-SNAPSHOT/kogito-addons-process-management-2.0.0-SNAPSHOT.jar to QuarkusClassLoader Augmentation Class Loader: PROD
[DEBUG] [io.quarkus.bootstrap.classloading.QuarkusClassLoader] Adding elements kogito-addons-quarkus-rest-exception-handler-2.0.0-SNAPSHOT.jar: file:/Users/mouachani/.m2/repository/org/kie/kogito/kogito-addons-quarkus-rest-exception-handler/2.0.0-SNAPSHOT/kogito-addons-quarkus-rest-exception-handler-2.0.0-SNAPSHOT.jar to QuarkusClassLoader Augmentation Class Loader: PROD
[DEBUG] [io.quarkus.bootstrap.classloading.QuarkusClassLoader] Adding elements kogito-addons-rest-exception-handler-2.0.0-SNAPSHOT.jar: file:/Users/mouachani/.m2/repository/org/kie/kogito/kogito-addons-rest-exception-handler/2.0.0-SNAPSHOT/kogito-addons-rest-exception-handler-2.0.0-SNAPSHOT.jar to QuarkusClassLoader Augmentation Class Loader: PROD
[DEBUG] [io.quarkus.bootstrap.classloading.QuarkusClassLoader] Adding elements jbpm-flow-2.0.0-SNAPSHOT.jar: file:/Users/mouachani/.m2/repository/org/kie/kogito/jbpm-flow/2.0.0-SNAPSHOT/jbpm-flow-2.0.0-SNAPSHOT.jar to QuarkusClassLoader Augmentation Class Loader: PROD
[DEBUG] [io.quarkus.bootstrap.classloading.QuarkusClassLoader] Adding elements process-workitems-2.0.0-SNAPSHOT.jar: file:/Users/mouachani/.m2/repository/org/kie/kogito/process-workitems/2.0.0-SNAPSHOT/process-workitems-2.0.0-SNAPSHOT.jar to QuarkusClassLoader Augmentation Class Loader: PROD
[DEBUG] [io.quarkus.bootstrap.classloading.QuarkusClassLoader] Adding elements drools-core-2.0.0-SNAPSHOT.jar: file:/Users/mouachani/.m2/repository/org/kie/kogito/drools-core/2.0.0-SNAPSHOT/drools-core-2.0.0-SNAPSHOT.jar to QuarkusClassLoader Augmentation Class Loader: PROD
[DEBUG] [io.quarkus.bootstrap.classloading.QuarkusClassLoader] Adding elements drools-core-8.15.0-SNAPSHOT.jar: file:/Users/mouachani/.m2/repository/org/drools/drools-core/8.15.0-SNAPSHOT/drools-core-8.15.0-SNAPSHOT.jar to QuarkusClassLoader Augmentation Class Loader: PROD
[DEBUG] [io.quarkus.bootstrap.classloading.QuarkusClassLoader] Adding elements kie-util-xml-8.15.0-SNAPSHOT.jar: file:/Users/mouachani/.m2/repository/org/kie/kie-util-xml/8.15.0-SNAPSHOT/kie-util-xml-8.15.0-SNAPSHOT.jar to QuarkusClassLoader Augmentation Class Loader: PROD
[DEBUG] [io.quarkus.bootstrap.classloading.QuarkusClassLoader] Adding elements xstream-1.4.17.jar: file:/Users/mouachani/.m2/repository/com/thoughtworks/xstream/xstream/1.4.17/xstream-1.4.17.jar to QuarkusClassLoader Augmentation Class Loader: PROD
[DEBUG] [io.quarkus.bootstrap.classloading.QuarkusClassLoader] Adding elements mxparser-1.2.1.jar: file:/Users/mouachani/.m2/repository/io/github/x-stream/mxparser/1.2.1/mxparser-1.2.1.jar to QuarkusClassLoader Augmentation Class Loader: PROD
[DEBUG] [io.quarkus.bootstrap.classloading.QuarkusClassLoader] Adding elements xmlpull-1.1.3.1.jar: file:/Users/mouachani/.m2/repository/xmlpull/xmlpull/1.1.3.1/xmlpull-1.1.3.1.jar to QuarkusClassLoader Augmentation Class Loader: PROD
[DEBUG] [io.quarkus.bootstrap.classloading.QuarkusClassLoader] Adding elements javaparser-symbol-solver-core-3.23.1.jar: file:/Users/mouachani/.m2/repository/com/github/javaparser/javaparser-symbol-solver-core/3.23.1/javaparser-symbol-solver-core-3.23.1.jar to QuarkusClassLoader Augmentation Class Loader: PROD
[DEBUG] [io.quarkus.bootstrap.classloading.QuarkusClassLoader] Adding elements javaparser-core-3.23.1.jar: file:/Users/mouachani/.m2/repository/com/github/javaparser/javaparser-core/3.23.1/javaparser-core-3.23.1.jar to QuarkusClassLoader Augmentation Class Loader: PROD
[DEBUG] [io.quarkus.bootstrap.classloading.QuarkusClassLoader] Adding elements javassist-3.28.0-GA.jar: file:/Users/mouachani/.m2/repository/org/javassist/javassist/3.28.0-GA/javassist-3.28.0-GA.jar to QuarkusClassLoader Augmentation Class Loader: PROD
[DEBUG] [io.quarkus.bootstrap.classloading.QuarkusClassLoader] Adding elements guava-30.1.1-jre.jar: file:/Users/mouachani/.m2/repository/com/google/guava/guava/30.1.1-jre/guava-30.1.1-jre.jar to QuarkusClassLoader Augmentation Class Loader: PROD
[DEBUG] [io.quarkus.bootstrap.classloading.QuarkusClassLoader] Adding elements failureaccess-1.0.1.jar: file:/Users/mouachani/.m2/repository/com/google/guava/failureaccess/1.0.1/failureaccess-1.0.1.jar to QuarkusClassLoader Augmentation Class Loader: PROD
[DEBUG] [io.quarkus.bootstrap.classloading.QuarkusClassLoader] Adding elements listenablefuture-9999.0-empty-to-avoid-conflict-with-guava.jar: file:/Users/mouachani/.m2/repository/com/google/guava/listenablefuture/9999.0-empty-to-avoid-conflict-with-guava/listenablefuture-9999.0-empty-to-avoid-conflict-with-guava.jar to QuarkusClassLoader Augmentation Class Loader: PROD
[DEBUG] [io.quarkus.bootstrap.classloading.QuarkusClassLoader] Adding elements jsr305-3.0.2.jar: file:/Users/mouachani/.m2/repository/com/google/code/findbugs/jsr305/3.0.2/jsr305-3.0.2.jar to QuarkusClassLoader Augmentation Class Loader: PROD
[DEBUG] [io.quarkus.bootstrap.classloading.QuarkusClassLoader] Adding elements checker-qual-2.5.2.jar: file:/Users/mouachani/.m2/repository/org/checkerframework/checker-qual/2.5.2/checker-qual-2.5.2.jar to QuarkusClassLoader Augmentation Class Loader: PROD
[DEBUG] [io.quarkus.bootstrap.classloading.QuarkusClassLoader] Adding elements j2objc-annotations-1.3.jar: file:/Users/mouachani/.m2/repository/com/google/j2objc/j2objc-annotations/1.3/j2objc-annotations-1.3.jar to QuarkusClassLoader Augmentation Class Loader: PROD
[DEBUG] [io.quarkus.bootstrap.classloading.QuarkusClassLoader] Adding elements drools-mvel-8.15.0-SNAPSHOT.jar: file:/Users/mouachani/.m2/repository/org/drools/drools-mvel/8.15.0-SNAPSHOT/drools-mvel-8.15.0-SNAPSHOT.jar to QuarkusClassLoader Augmentation Class Loader: PROD
[DEBUG] [io.quarkus.bootstrap.classloading.QuarkusClassLoader] Adding elements drools-compiler-8.15.0-SNAPSHOT.jar: file:/Users/mouachani/.m2/repository/org/drools/drools-compiler/8.15.0-SNAPSHOT/drools-compiler-8.15.0-SNAPSHOT.jar to QuarkusClassLoader Augmentation Class Loader: PROD
[DEBUG] [io.quarkus.bootstrap.classloading.QuarkusClassLoader] Adding elements drools-ecj-8.15.0-SNAPSHOT.jar: file:/Users/mouachani/.m2/repository/org/drools/drools-ecj/8.15.0-SNAPSHOT/drools-ecj-8.15.0-SNAPSHOT.jar to QuarkusClassLoader Augmentation Class Loader: PROD
[DEBUG] [io.quarkus.bootstrap.classloading.QuarkusClassLoader] Adding elements kie-util-maven-support-8.15.0-SNAPSHOT.jar: file:/Users/mouachani/.m2/repository/org/kie/kie-util-maven-support/8.15.0-SNAPSHOT/kie-util-maven-support-8.15.0-SNAPSHOT.jar to QuarkusClassLoader Augmentation Class Loader: PROD
[DEBUG] [io.quarkus.bootstrap.classloading.QuarkusClassLoader] Adding elements antlr-runtime-3.5.2.jar: file:/Users/mouachani/.m2/repository/org/antlr/antlr-runtime/3.5.2/antlr-runtime-3.5.2.jar to QuarkusClassLoader Augmentation Class Loader: PROD
[DEBUG] [io.quarkus.bootstrap.classloading.QuarkusClassLoader] Adding elements jackson-datatype-jsr310-2.12.5.jar: file:/Users/mouachani/.m2/repository/com/fasterxml/jackson/datatype/jackson-datatype-jsr310/2.12.5/jackson-datatype-jsr310-2.12.5.jar to QuarkusClassLoader Augmentation Class Loader: PROD
[DEBUG] [io.quarkus.bootstrap.classloading.QuarkusClassLoader] Adding elements kogito-quarkus-processes-2.0.0-SNAPSHOT.jar: file:/Users/mouachani/.m2/repository/org/kie/kogito/kogito-quarkus-processes/2.0.0-SNAPSHOT/kogito-quarkus-processes-2.0.0-SNAPSHOT.jar to QuarkusClassLoader Augmentation Class Loader: PROD
[DEBUG] [io.quarkus.bootstrap.classloading.QuarkusClassLoader] Adding elements kogito-api-incubation-processes-services-2.0.0-SNAPSHOT.jar: file:/Users/mouachani/.m2/repository/org/kie/kogito/kogito-api-incubation-processes-services/2.0.0-SNAPSHOT/kogito-api-incubation-processes-services-2.0.0-SNAPSHOT.jar to QuarkusClassLoader Augmentation Class Loader: PROD
[DEBUG] [io.quarkus.bootstrap.classloading.QuarkusClassLoader] Adding elements kogito-api-incubation-processes-2.0.0-SNAPSHOT.jar: file:/Users/mouachani/.m2/repository/org/kie/kogito/kogito-api-incubation-processes/2.0.0-SNAPSHOT/kogito-api-incubation-processes-2.0.0-SNAPSHOT.jar to QuarkusClassLoader Augmentation Class Loader: PROD
[DEBUG] [io.quarkus.bootstrap.classloading.QuarkusClassLoader] Adding elements jbpm-bpmn2-2.0.0-SNAPSHOT.jar: file:/Users/mouachani/.m2/repository/org/kie/kogito/jbpm-bpmn2/2.0.0-SNAPSHOT/jbpm-bpmn2-2.0.0-SNAPSHOT.jar to QuarkusClassLoader Augmentation Class Loader: PROD
[DEBUG] [io.quarkus.bootstrap.classloading.QuarkusClassLoader] Adding elements drools-compiler-2.0.0-SNAPSHOT.jar: file:/Users/mouachani/.m2/repository/org/kie/kogito/drools-compiler/2.0.0-SNAPSHOT/drools-compiler-2.0.0-SNAPSHOT.jar to QuarkusClassLoader Augmentation Class Loader: PROD
[DEBUG] [io.quarkus.bootstrap.classloading.QuarkusClassLoader] Adding elements jbpm-flow-builder-2.0.0-SNAPSHOT.jar: file:/Users/mouachani/.m2/repository/org/kie/kogito/jbpm-flow-builder/2.0.0-SNAPSHOT/jbpm-flow-builder-2.0.0-SNAPSHOT.jar to QuarkusClassLoader Augmentation Class Loader: PROD
[DEBUG] [io.quarkus.bootstrap.classloading.QuarkusClassLoader] Adding elements process-serialization-protobuf-2.0.0-SNAPSHOT.jar: file:/Users/mouachani/.m2/repository/org/kie/kogito/process-serialization-protobuf/2.0.0-SNAPSHOT/process-serialization-protobuf-2.0.0-SNAPSHOT.jar to QuarkusClassLoader Augmentation Class Loader: PROD
[DEBUG] [io.quarkus.bootstrap.classloading.QuarkusClassLoader] Adding elements protobuf-java-3.17.3.jar: file:/Users/mouachani/.m2/repository/com/google/protobuf/protobuf-java/3.17.3/protobuf-java-3.17.3.jar to QuarkusClassLoader Augmentation Class Loader: PROD
[DEBUG] [io.quarkus.bootstrap.classloading.QuarkusClassLoader] Adding elements protobuf-java-util-3.15.8.jar: file:/Users/mouachani/.m2/repository/com/google/protobuf/protobuf-java-util/3.15.8/protobuf-java-util-3.15.8.jar to QuarkusClassLoader Augmentation Class Loader: PROD
[DEBUG] [io.quarkus.bootstrap.classloading.QuarkusClassLoader] Adding elements error_prone_annotations-2.2.0.jar: file:/Users/mouachani/.m2/repository/com/google/errorprone/error_prone_annotations/2.2.0/error_prone_annotations-2.2.0.jar to QuarkusClassLoader Augmentation Class Loader: PROD
[DEBUG] [io.quarkus.bootstrap.classloading.QuarkusClassLoader] Adding elements gson-2.8.6.jar: file:/Users/mouachani/.m2/repository/com/google/code/gson/gson/2.8.6/gson-2.8.6.jar to QuarkusClassLoader Augmentation Class Loader: PROD
[DEBUG] [io.quarkus.bootstrap.classloading.QuarkusClassLoader] Adding elements protostream-4.4.1.Final.jar: file:/Users/mouachani/.m2/repository/org/infinispan/protostream/protostream/4.4.1.Final/protostream-4.4.1.Final.jar to QuarkusClassLoader Augmentation Class Loader: PROD
[DEBUG] [io.quarkus.bootstrap.classloading.QuarkusClassLoader] Adding elements smallrye-mutiny-vertx-web-client-2.14.1.jar: file:/Users/mouachani/.m2/repository/io/smallrye/reactive/smallrye-mutiny-vertx-web-client/2.14.1/smallrye-mutiny-vertx-web-client-2.14.1.jar to QuarkusClassLoader Augmentation Class Loader: PROD
[DEBUG] [io.quarkus.bootstrap.classloading.QuarkusClassLoader] Adding elements vertx-web-client-4.1.5.jar: file:/Users/mouachani/.m2/repository/io/vertx/vertx-web-client/4.1.5/vertx-web-client-4.1.5.jar to QuarkusClassLoader Augmentation Class Loader: PROD
[DEBUG] [io.quarkus.bootstrap.classloading.QuarkusClassLoader] Adding elements smallrye-mutiny-vertx-core-2.14.1.jar: file:/Users/mouachani/.m2/repository/io/smallrye/reactive/smallrye-mutiny-vertx-core/2.14.1/smallrye-mutiny-vertx-core-2.14.1.jar to QuarkusClassLoader Augmentation Class Loader: PROD
[DEBUG] [io.quarkus.bootstrap.classloading.QuarkusClassLoader] Adding elements smallrye-mutiny-vertx-runtime-2.14.1.jar: file:/Users/mouachani/.m2/repository/io/smallrye/reactive/smallrye-mutiny-vertx-runtime/2.14.1/smallrye-mutiny-vertx-runtime-2.14.1.jar to QuarkusClassLoader Augmentation Class Loader: PROD
[DEBUG] [io.quarkus.bootstrap.classloading.QuarkusClassLoader] Adding elements vertx-mutiny-generator-2.14.1.jar: file:/Users/mouachani/.m2/repository/io/smallrye/reactive/vertx-mutiny-generator/2.14.1/vertx-mutiny-generator-2.14.1.jar to QuarkusClassLoader Augmentation Class Loader: PROD
[DEBUG] [io.quarkus.bootstrap.classloading.QuarkusClassLoader] Adding elements vertx-codegen-4.1.5.jar: file:/Users/mouachani/.m2/repository/io/vertx/vertx-codegen/4.1.5/vertx-codegen-4.1.5.jar to QuarkusClassLoader Augmentation Class Loader: PROD
[DEBUG] [io.quarkus.bootstrap.classloading.QuarkusClassLoader] Adding elements smallrye-mutiny-vertx-auth-common-2.14.1.jar: file:/Users/mouachani/.m2/repository/io/smallrye/reactive/smallrye-mutiny-vertx-auth-common/2.14.1/smallrye-mutiny-vertx-auth-common-2.14.1.jar to QuarkusClassLoader Augmentation Class Loader: PROD
[DEBUG] [io.quarkus.bootstrap.classloading.QuarkusClassLoader] Adding elements smallrye-mutiny-vertx-web-common-2.14.1.jar: file:/Users/mouachani/.m2/repository/io/smallrye/reactive/smallrye-mutiny-vertx-web-common/2.14.1/smallrye-mutiny-vertx-web-common-2.14.1.jar to QuarkusClassLoader Augmentation Class Loader: PROD
[DEBUG] [io.quarkus.bootstrap.classloading.QuarkusClassLoader] Adding elements kogito-addons-quarkus-messaging-2.0.0-SNAPSHOT.jar: file:/Users/mouachani/.m2/repository/org/kie/kogito/kogito-addons-quarkus-messaging/2.0.0-SNAPSHOT/kogito-addons-quarkus-messaging-2.0.0-SNAPSHOT.jar to QuarkusClassLoader Augmentation Class Loader: PROD
[DEBUG] [io.quarkus.bootstrap.classloading.QuarkusClassLoader] Adding elements kogito-addons-quarkus-messaging-common-2.0.0-SNAPSHOT.jar: file:/Users/mouachani/.m2/repository/org/kie/kogito/kogito-addons-quarkus-messaging-common/2.0.0-SNAPSHOT/kogito-addons-quarkus-messaging-common-2.0.0-SNAPSHOT.jar to QuarkusClassLoader Augmentation Class Loader: PROD
[DEBUG] [io.quarkus.bootstrap.classloading.QuarkusClassLoader] Adding elements kogito-addons-messaging-2.0.0-SNAPSHOT.jar: file:/Users/mouachani/.m2/repository/org/kie/kogito/kogito-addons-messaging/2.0.0-SNAPSHOT/kogito-addons-messaging-2.0.0-SNAPSHOT.jar to QuarkusClassLoader Augmentation Class Loader: PROD
[DEBUG] [io.quarkus.bootstrap.classloading.QuarkusClassLoader] Adding elements kogito-addons-cloudevents-utils-2.0.0-SNAPSHOT.jar: file:/Users/mouachani/.m2/repository/org/kie/kogito/kogito-addons-cloudevents-utils/2.0.0-SNAPSHOT/kogito-addons-cloudevents-utils-2.0.0-SNAPSHOT.jar to QuarkusClassLoader Augmentation Class Loader: PROD
[DEBUG] [io.quarkus.bootstrap.classloading.QuarkusClassLoader] Adding elements cloudevents-api-2.2.0.jar: file:/Users/mouachani/.m2/repository/io/cloudevents/cloudevents-api/2.2.0/cloudevents-api-2.2.0.jar to QuarkusClassLoader Augmentation Class Loader: PROD
[DEBUG] [io.quarkus.bootstrap.classloading.QuarkusClassLoader] Adding elements cloudevents-json-jackson-2.2.0.jar: file:/Users/mouachani/.m2/repository/io/cloudevents/cloudevents-json-jackson/2.2.0/cloudevents-json-jackson-2.2.0.jar to QuarkusClassLoader Augmentation Class Loader: PROD
[DEBUG] [io.quarkus.bootstrap.classloading.QuarkusClassLoader] Adding elements cloudevents-http-restful-ws-2.2.0.jar: file:/Users/mouachani/.m2/repository/io/cloudevents/cloudevents-http-restful-ws/2.2.0/cloudevents-http-restful-ws-2.2.0.jar to QuarkusClassLoader Augmentation Class Loader: PROD
[DEBUG] [io.quarkus.bootstrap.classloading.QuarkusClassLoader] Adding elements cloudevents-core-2.2.0.jar: file:/Users/mouachani/.m2/repository/io/cloudevents/cloudevents-core/2.2.0/cloudevents-core-2.2.0.jar to QuarkusClassLoader Augmentation Class Loader: PROD
[DEBUG] [io.quarkus.bootstrap.classloading.QuarkusClassLoader] Adding elements kogito-addons-quarkus-events-process-2.0.0-SNAPSHOT.jar: file:/Users/mouachani/.m2/repository/org/kie/kogito/kogito-addons-quarkus-events-process/2.0.0-SNAPSHOT/kogito-addons-quarkus-events-process-2.0.0-SNAPSHOT.jar to QuarkusClassLoader Augmentation Class Loader: PROD
[DEBUG] [io.quarkus.bootstrap.classloading.QuarkusClassLoader] Adding elements kogito-events-api-2.0.0-SNAPSHOT.jar: file:/Users/mouachani/.m2/repository/org/kie/kogito/kogito-events-api/2.0.0-SNAPSHOT/kogito-events-api-2.0.0-SNAPSHOT.jar to QuarkusClassLoader Augmentation Class Loader: PROD
[DEBUG] [io.quarkus.bootstrap.classloading.QuarkusClassLoader] Adding elements reactive-streams-1.0.3.jar: file:/Users/mouachani/.m2/repository/org/reactivestreams/reactive-streams/1.0.3/reactive-streams-1.0.3.jar to QuarkusClassLoader Augmentation Class Loader: PROD
[DEBUG] [io.quarkus.bootstrap.classloading.QuarkusClassLoader] Adding elements kogito-services-2.0.0-SNAPSHOT.jar: file:/Users/mouachani/.m2/repository/org/kie/kogito/kogito-services/2.0.0-SNAPSHOT/kogito-services-2.0.0-SNAPSHOT.jar to QuarkusClassLoader Augmentation Class Loader: PROD
[DEBUG] [io.quarkus.bootstrap.classloading.QuarkusClassLoader] Adding elements jackson-databind-2.12.5.jar: file:/Users/mouachani/.m2/repository/com/fasterxml/jackson/core/jackson-databind/2.12.5/jackson-databind-2.12.5.jar to QuarkusClassLoader Augmentation Class Loader: PROD
[DEBUG] [io.quarkus.bootstrap.classloading.QuarkusClassLoader] Adding elements jackson-core-2.12.5.jar: file:/Users/mouachani/.m2/repository/com/fasterxml/jackson/core/jackson-core/2.12.5/jackson-core-2.12.5.jar to QuarkusClassLoader Augmentation Class Loader: PROD
[DEBUG] [io.quarkus.bootstrap.classloading.QuarkusClassLoader] Adding elements smallrye-reactive-messaging-provider-3.10.1.jar: file:/Users/mouachani/.m2/repository/io/smallrye/reactive/smallrye-reactive-messaging-provider/3.10.1/smallrye-reactive-messaging-provider-3.10.1.jar to QuarkusClassLoader Augmentation Class Loader: PROD
[DEBUG] [io.quarkus.bootstrap.classloading.QuarkusClassLoader] Adding elements smallrye-reactive-messaging-api-3.10.1.jar: file:/Users/mouachani/.m2/repository/io/smallrye/reactive/smallrye-reactive-messaging-api/3.10.1/smallrye-reactive-messaging-api-3.10.1.jar to QuarkusClassLoader Augmentation Class Loader: PROD
[DEBUG] [io.quarkus.bootstrap.classloading.QuarkusClassLoader] Adding elements jandex-2.4.1.Final.jar: file:/Users/mouachani/.m2/repository/org/jboss/jandex/2.4.1.Final/jandex-2.4.1.Final.jar to QuarkusClassLoader Augmentation Class Loader: PROD
[DEBUG] [io.quarkus.bootstrap.classloading.QuarkusClassLoader] Adding elements smallrye-reactive-converter-api-2.6.0.jar: file:/Users/mouachani/.m2/repository/io/smallrye/reactive/smallrye-reactive-converter-api/2.6.0/smallrye-reactive-converter-api-2.6.0.jar to QuarkusClassLoader Augmentation Class Loader: PROD
[DEBUG] [io.quarkus.bootstrap.classloading.QuarkusClassLoader] Adding elements mutiny-1.1.2.jar: file:/Users/mouachani/.m2/repository/io/smallrye/reactive/mutiny/1.1.2/mutiny-1.1.2.jar to QuarkusClassLoader Augmentation Class Loader: PROD
[DEBUG] [io.quarkus.bootstrap.classloading.QuarkusClassLoader] Adding elements microprofile-config-api-2.0.jar: file:/Users/mouachani/.m2/repository/org/eclipse/microprofile/config/microprofile-config-api/2.0/microprofile-config-api-2.0.jar to QuarkusClassLoader Augmentation Class Loader: PROD
[DEBUG] [io.quarkus.bootstrap.classloading.QuarkusClassLoader] Adding parent first element slf4j-api-1.7.30.jar: file:/Users/mouachani/.m2/repository/org/slf4j/slf4j-api/1.7.30/slf4j-api-1.7.30.jar to QuarkusClassLoader Augmentation Class Loader: PROD
[DEBUG] [io.quarkus.bootstrap.classloading.QuarkusClassLoader] Adding elements slf4j-api-1.7.30.jar: file:/Users/mouachani/.m2/repository/org/slf4j/slf4j-api/1.7.30/slf4j-api-1.7.30.jar to QuarkusClassLoader Augmentation Class Loader: PROD
[DEBUG] [io.quarkus.bootstrap.classloading.QuarkusClassLoader] Adding elements quarkus-smallrye-reactive-messaging-kafka-2.4.0.Final.jar: file:/Users/mouachani/.m2/repository/io/quarkus/quarkus-smallrye-reactive-messaging-kafka/2.4.0.Final/quarkus-smallrye-reactive-messaging-kafka-2.4.0.Final.jar to QuarkusClassLoader Augmentation Class Loader: PROD
[DEBUG] [io.quarkus.bootstrap.classloading.QuarkusClassLoader] Adding elements quarkus-kafka-client-2.4.0.Final.jar: file:/Users/mouachani/.m2/repository/io/quarkus/quarkus-kafka-client/2.4.0.Final/quarkus-kafka-client-2.4.0.Final.jar to QuarkusClassLoader Augmentation Class Loader: PROD
[DEBUG] [io.quarkus.bootstrap.classloading.QuarkusClassLoader] Adding elements smallrye-reactive-messaging-kafka-3.10.1.jar: file:/Users/mouachani/.m2/repository/io/smallrye/reactive/smallrye-reactive-messaging-kafka/3.10.1/smallrye-reactive-messaging-kafka-3.10.1.jar to QuarkusClassLoader Augmentation Class Loader: PROD
[DEBUG] [io.quarkus.bootstrap.classloading.QuarkusClassLoader] Adding elements smallrye-reactive-messaging-kafka-api-3.10.1.jar: file:/Users/mouachani/.m2/repository/io/smallrye/reactive/smallrye-reactive-messaging-kafka-api/3.10.1/smallrye-reactive-messaging-kafka-api-3.10.1.jar to QuarkusClassLoader Augmentation Class Loader: PROD
[DEBUG] [io.quarkus.bootstrap.classloading.QuarkusClassLoader] Adding elements opentelemetry-api-1.6.0.jar: file:/Users/mouachani/.m2/repository/io/opentelemetry/opentelemetry-api/1.6.0/opentelemetry-api-1.6.0.jar to QuarkusClassLoader Augmentation Class Loader: PROD
[DEBUG] [io.quarkus.bootstrap.classloading.QuarkusClassLoader] Adding elements opentelemetry-context-1.6.0.jar: file:/Users/mouachani/.m2/repository/io/opentelemetry/opentelemetry-context/1.6.0/opentelemetry-context-1.6.0.jar to QuarkusClassLoader Augmentation Class Loader: PROD
[DEBUG] [io.quarkus.bootstrap.classloading.QuarkusClassLoader] Adding elements opentelemetry-semconv-1.6.0-alpha.jar: file:/Users/mouachani/.m2/repository/io/opentelemetry/opentelemetry-semconv/1.6.0-alpha/opentelemetry-semconv-1.6.0-alpha.jar to QuarkusClassLoader Augmentation Class Loader: PROD
[DEBUG] [io.quarkus.bootstrap.classloading.QuarkusClassLoader] Adding elements quarkus-jackson-2.4.0.Final.jar: file:/Users/mouachani/.m2/repository/io/quarkus/quarkus-jackson/2.4.0.Final/quarkus-jackson-2.4.0.Final.jar to QuarkusClassLoader Augmentation Class Loader: PROD
[DEBUG] [io.quarkus.bootstrap.classloading.QuarkusClassLoader] Adding elements jackson-datatype-jdk8-2.12.5.jar: file:/Users/mouachani/.m2/repository/com/fasterxml/jackson/datatype/jackson-datatype-jdk8/2.12.5/jackson-datatype-jdk8-2.12.5.jar to QuarkusClassLoader Augmentation Class Loader: PROD
[DEBUG] [io.quarkus.bootstrap.classloading.QuarkusClassLoader] Adding elements jackson-module-parameter-names-2.12.5.jar: file:/Users/mouachani/.m2/repository/com/fasterxml/jackson/module/jackson-module-parameter-names/2.12.5/jackson-module-parameter-names-2.12.5.jar to QuarkusClassLoader Augmentation Class Loader: PROD
[DEBUG] [io.quarkus.bootstrap.classloading.QuarkusClassLoader] Adding elements kafka-clients-2.8.1.jar: file:/Users/mouachani/.m2/repository/org/apache/kafka/kafka-clients/2.8.1/kafka-clients-2.8.1.jar to QuarkusClassLoader Augmentation Class Loader: PROD
[DEBUG] [io.quarkus.bootstrap.classloading.QuarkusClassLoader] Adding elements zstd-jni-1.4.9-1.jar: file:/Users/mouachani/.m2/repository/com/github/luben/zstd-jni/1.4.9-1/zstd-jni-1.4.9-1.jar to QuarkusClassLoader Augmentation Class Loader: PROD
[DEBUG] [io.quarkus.bootstrap.classloading.QuarkusClassLoader] Adding elements lz4-java-1.7.1.jar: file:/Users/mouachani/.m2/repository/org/lz4/lz4-java/1.7.1/lz4-java-1.7.1.jar to QuarkusClassLoader Augmentation Class Loader: PROD
[DEBUG] [io.quarkus.bootstrap.classloading.QuarkusClassLoader] Adding elements snappy-java-1.1.8.1.jar: file:/Users/mouachani/.m2/repository/org/xerial/snappy/snappy-java/1.1.8.1/snappy-java-1.1.8.1.jar to QuarkusClassLoader Augmentation Class Loader: PROD
[DEBUG] [io.quarkus.bootstrap.classloading.QuarkusClassLoader] Adding elements vertx-kafka-client-4.1.5.jar: file:/Users/mouachani/.m2/repository/io/vertx/vertx-kafka-client/4.1.5/vertx-kafka-client-4.1.5.jar to QuarkusClassLoader Augmentation Class Loader: PROD
[DEBUG] [io.quarkus.bootstrap.classloading.QuarkusClassLoader] Adding elements vertx-core-4.1.5.jar: file:/Users/mouachani/.m2/repository/io/vertx/vertx-core/4.1.5/vertx-core-4.1.5.jar to QuarkusClassLoader Augmentation Class Loader: PROD
[DEBUG] [io.quarkus.bootstrap.classloading.QuarkusClassLoader] Adding elements netty-common-4.1.68.Final.jar: file:/Users/mouachani/.m2/repository/io/netty/netty-common/4.1.68.Final/netty-common-4.1.68.Final.jar to QuarkusClassLoader Augmentation Class Loader: PROD
[DEBUG] [io.quarkus.bootstrap.classloading.QuarkusClassLoader] Adding elements netty-buffer-4.1.68.Final.jar: file:/Users/mouachani/.m2/repository/io/netty/netty-buffer/4.1.68.Final/netty-buffer-4.1.68.Final.jar to QuarkusClassLoader Augmentation Class Loader: PROD
[DEBUG] [io.quarkus.bootstrap.classloading.QuarkusClassLoader] Adding elements netty-transport-4.1.68.Final.jar: file:/Users/mouachani/.m2/repository/io/netty/netty-transport/4.1.68.Final/netty-transport-4.1.68.Final.jar to QuarkusClassLoader Augmentation Class Loader: PROD
[DEBUG] [io.quarkus.bootstrap.classloading.QuarkusClassLoader] Adding elements netty-handler-proxy-4.1.68.Final.jar: file:/Users/mouachani/.m2/repository/io/netty/netty-handler-proxy/4.1.68.Final/netty-handler-proxy-4.1.68.Final.jar to QuarkusClassLoader Augmentation Class Loader: PROD
[DEBUG] [io.quarkus.bootstrap.classloading.QuarkusClassLoader] Adding elements netty-codec-socks-4.1.68.Final.jar: file:/Users/mouachani/.m2/repository/io/netty/netty-codec-socks/4.1.68.Final/netty-codec-socks-4.1.68.Final.jar to QuarkusClassLoader Augmentation Class Loader: PROD
[DEBUG] [io.quarkus.bootstrap.classloading.QuarkusClassLoader] Adding elements netty-resolver-4.1.68.Final.jar: file:/Users/mouachani/.m2/repository/io/netty/netty-resolver/4.1.68.Final/netty-resolver-4.1.68.Final.jar to QuarkusClassLoader Augmentation Class Loader: PROD
[DEBUG] [io.quarkus.bootstrap.classloading.QuarkusClassLoader] Adding elements netty-resolver-dns-4.1.68.Final.jar: file:/Users/mouachani/.m2/repository/io/netty/netty-resolver-dns/4.1.68.Final/netty-resolver-dns-4.1.68.Final.jar to QuarkusClassLoader Augmentation Class Loader: PROD
[DEBUG] [io.quarkus.bootstrap.classloading.QuarkusClassLoader] Adding elements netty-codec-dns-4.1.68.Final.jar: file:/Users/mouachani/.m2/repository/io/netty/netty-codec-dns/4.1.68.Final/netty-codec-dns-4.1.68.Final.jar to QuarkusClassLoader Augmentation Class Loader: PROD
[DEBUG] [io.quarkus.bootstrap.classloading.QuarkusClassLoader] Adding elements quarkus-smallrye-reactive-messaging-2.4.0.Final.jar: file:/Users/mouachani/.m2/repository/io/quarkus/quarkus-smallrye-reactive-messaging/2.4.0.Final/quarkus-smallrye-reactive-messaging-2.4.0.Final.jar to QuarkusClassLoader Augmentation Class Loader: PROD
[DEBUG] [io.quarkus.bootstrap.classloading.QuarkusClassLoader] Adding elements quarkus-mutiny-reactive-streams-operators-2.4.0.Final.jar: file:/Users/mouachani/.m2/repository/io/quarkus/quarkus-mutiny-reactive-streams-operators/2.4.0.Final/quarkus-mutiny-reactive-streams-operators-2.4.0.Final.jar to QuarkusClassLoader Augmentation Class Loader: PROD
[DEBUG] [io.quarkus.bootstrap.classloading.QuarkusClassLoader] Adding elements microprofile-reactive-streams-operators-api-1.0.1.jar: file:/Users/mouachani/.m2/repository/org/eclipse/microprofile/reactive-streams-operators/microprofile-reactive-streams-operators-api/1.0.1/microprofile-reactive-streams-operators-api-1.0.1.jar to QuarkusClassLoader Augmentation Class Loader: PROD
[DEBUG] [io.quarkus.bootstrap.classloading.QuarkusClassLoader] Adding elements microprofile-reactive-streams-operators-core-1.0.1.jar: file:/Users/mouachani/.m2/repository/org/eclipse/microprofile/reactive-streams-operators/microprofile-reactive-streams-operators-core/1.0.1/microprofile-reactive-streams-operators-core-1.0.1.jar to QuarkusClassLoader Augmentation Class Loader: PROD
[DEBUG] [io.quarkus.bootstrap.classloading.QuarkusClassLoader] Adding elements mutiny-reactive-streams-operators-1.1.2.jar: file:/Users/mouachani/.m2/repository/io/smallrye/reactive/mutiny-reactive-streams-operators/1.1.2/mutiny-reactive-streams-operators-1.1.2.jar to QuarkusClassLoader Augmentation Class Loader: PROD
[DEBUG] [io.quarkus.bootstrap.classloading.QuarkusClassLoader] Adding elements quarkus-smallrye-reactive-messaging-kotlin-2.4.0.Final.jar: file:/Users/mouachani/.m2/repository/io/quarkus/quarkus-smallrye-reactive-messaging-kotlin/2.4.0.Final/quarkus-smallrye-reactive-messaging-kotlin-2.4.0.Final.jar to QuarkusClassLoader Augmentation Class Loader: PROD
[DEBUG] [io.quarkus.bootstrap.classloading.QuarkusClassLoader] Adding elements smallrye-common-annotation-1.6.0.jar: file:/Users/mouachani/.m2/repository/io/smallrye/common/smallrye-common-annotation/1.6.0/smallrye-common-annotation-1.6.0.jar to QuarkusClassLoader Augmentation Class Loader: PROD
[DEBUG] [io.quarkus.bootstrap.classloading.QuarkusClassLoader] Adding elements smallrye-reactive-messaging-health-3.10.1.jar: file:/Users/mouachani/.m2/repository/io/smallrye/reactive/smallrye-reactive-messaging-health/3.10.1/smallrye-reactive-messaging-health-3.10.1.jar to QuarkusClassLoader Augmentation Class Loader: PROD
[DEBUG] [io.quarkus.bootstrap.classloading.QuarkusClassLoader] Adding elements jakarta.annotation-api-1.3.5.jar: file:/Users/mouachani/.m2/repository/jakarta/annotation/jakarta.annotation-api/1.3.5/jakarta.annotation-api-1.3.5.jar to QuarkusClassLoader Augmentation Class Loader: PROD
[DEBUG] [io.quarkus.bootstrap.classloading.QuarkusClassLoader] Adding elements quarkus-resteasy-jackson-2.4.0.Final.jar: file:/Users/mouachani/.m2/repository/io/quarkus/quarkus-resteasy-jackson/2.4.0.Final/quarkus-resteasy-jackson-2.4.0.Final.jar to QuarkusClassLoader Augmentation Class Loader: PROD
[DEBUG] [io.quarkus.bootstrap.classloading.QuarkusClassLoader] Adding elements resteasy-jackson2-provider-4.7.0.Final.jar: file:/Users/mouachani/.m2/repository/org/jboss/resteasy/resteasy-jackson2-provider/4.7.0.Final/resteasy-jackson2-provider-4.7.0.Final.jar to QuarkusClassLoader Augmentation Class Loader: PROD
[DEBUG] [io.quarkus.bootstrap.classloading.QuarkusClassLoader] Adding elements jackson-jaxrs-json-provider-2.12.5.jar: file:/Users/mouachani/.m2/repository/com/fasterxml/jackson/jaxrs/jackson-jaxrs-json-provider/2.12.5/jackson-jaxrs-json-provider-2.12.5.jar to QuarkusClassLoader Augmentation Class Loader: PROD
[DEBUG] [io.quarkus.bootstrap.classloading.QuarkusClassLoader] Adding elements jackson-jaxrs-base-2.12.5.jar: file:/Users/mouachani/.m2/repository/com/fasterxml/jackson/jaxrs/jackson-jaxrs-base/2.12.5/jackson-jaxrs-base-2.12.5.jar to QuarkusClassLoader Augmentation Class Loader: PROD
[DEBUG] [io.quarkus.bootstrap.classloading.QuarkusClassLoader] Adding elements jackson-module-jaxb-annotations-2.12.5.jar: file:/Users/mouachani/.m2/repository/com/fasterxml/jackson/module/jackson-module-jaxb-annotations/2.12.5/jackson-module-jaxb-annotations-2.12.5.jar to QuarkusClassLoader Augmentation Class Loader: PROD
[DEBUG] [io.quarkus.bootstrap.classloading.QuarkusClassLoader] Adding elements json-patch-1.13.jar: file:/Users/mouachani/.m2/repository/com/github/java-json-tools/json-patch/1.13/json-patch-1.13.jar to QuarkusClassLoader Augmentation Class Loader: PROD
[DEBUG] [io.quarkus.bootstrap.classloading.QuarkusClassLoader] Adding elements msg-simple-1.2.jar: file:/Users/mouachani/.m2/repository/com/github/java-json-tools/msg-simple/1.2/msg-simple-1.2.jar to QuarkusClassLoader Augmentation Class Loader: PROD
[DEBUG] [io.quarkus.bootstrap.classloading.QuarkusClassLoader] Adding elements btf-1.3.jar: file:/Users/mouachani/.m2/repository/com/github/java-json-tools/btf/1.3/btf-1.3.jar to QuarkusClassLoader Augmentation Class Loader: PROD
[DEBUG] [io.quarkus.bootstrap.classloading.QuarkusClassLoader] Adding elements jackson-coreutils-2.0.jar: file:/Users/mouachani/.m2/repository/com/github/java-json-tools/jackson-coreutils/2.0/jackson-coreutils-2.0.jar to QuarkusClassLoader Augmentation Class Loader: PROD
[DEBUG] [io.quarkus.bootstrap.classloading.QuarkusClassLoader] Adding elements jboss-jaxb-api_2.3_spec-2.0.0.Final.jar: file:/Users/mouachani/.m2/repository/org/jboss/spec/javax/xml/bind/jboss-jaxb-api_2.3_spec/2.0.0.Final/jboss-jaxb-api_2.3_spec-2.0.0.Final.jar to QuarkusClassLoader Augmentation Class Loader: PROD
[DEBUG] [io.quarkus.bootstrap.classloading.QuarkusClassLoader] Adding elements quarkus-smallrye-openapi-2.4.0.Final.jar: file:/Users/mouachani/.m2/repository/io/quarkus/quarkus-smallrye-openapi/2.4.0.Final/quarkus-smallrye-openapi-2.4.0.Final.jar to QuarkusClassLoader Augmentation Class Loader: PROD
[DEBUG] [io.quarkus.bootstrap.classloading.QuarkusClassLoader] Adding elements smallrye-open-api-core-2.1.15.jar: file:/Users/mouachani/.m2/repository/io/smallrye/smallrye-open-api-core/2.1.15/smallrye-open-api-core-2.1.15.jar to QuarkusClassLoader Augmentation Class Loader: PROD
[DEBUG] [io.quarkus.bootstrap.classloading.QuarkusClassLoader] Adding elements microprofile-openapi-api-2.0.1-RC1.jar: file:/Users/mouachani/.m2/repository/org/eclipse/microprofile/openapi/microprofile-openapi-api/2.0.1-RC1/microprofile-openapi-api-2.0.1-RC1.jar to QuarkusClassLoader Augmentation Class Loader: PROD
[DEBUG] [io.quarkus.bootstrap.classloading.QuarkusClassLoader] Adding elements jackson-dataformat-yaml-2.12.5.jar: file:/Users/mouachani/.m2/repository/com/fasterxml/jackson/dataformat/jackson-dataformat-yaml/2.12.5/jackson-dataformat-yaml-2.12.5.jar to QuarkusClassLoader Augmentation Class Loader: PROD
[DEBUG] [io.quarkus.bootstrap.classloading.QuarkusClassLoader] Adding elements snakeyaml-1.29.jar: file:/Users/mouachani/.m2/repository/org/yaml/snakeyaml/1.29/snakeyaml-1.29.jar to QuarkusClassLoader Augmentation Class Loader: PROD
[DEBUG] [io.quarkus.bootstrap.classloading.QuarkusClassLoader] Adding elements quarkus-swagger-ui-2.4.0.Final.jar: file:/Users/mouachani/.m2/repository/io/quarkus/quarkus-swagger-ui/2.4.0.Final/quarkus-swagger-ui-2.4.0.Final.jar to QuarkusClassLoader Augmentation Class Loader: PROD
[DEBUG] [io.quarkus.bootstrap.classloading.QuarkusClassLoader] Adding elements kogito-api-2.0.0-SNAPSHOT.jar: file:/Users/mouachani/.m2/repository/org/kie/kogito/kogito-api/2.0.0-SNAPSHOT/kogito-api-2.0.0-SNAPSHOT.jar to QuarkusClassLoader Augmentation Class Loader: PROD
[DEBUG] [io.quarkus.bootstrap.classloading.QuarkusClassLoader] Adding elements jackson-annotations-2.12.5.jar: file:/Users/mouachani/.m2/repository/com/fasterxml/jackson/core/jackson-annotations/2.12.5/jackson-annotations-2.12.5.jar to QuarkusClassLoader Augmentation Class Loader: PROD
[DEBUG] [io.quarkus.bootstrap.classloading.QuarkusClassLoader] Adding elements kie-api-8.15.0-SNAPSHOT.jar: file:/Users/mouachani/.m2/repository/org/kie/kie-api/8.15.0-SNAPSHOT/kie-api-8.15.0-SNAPSHOT.jar to QuarkusClassLoader Augmentation Class Loader: PROD
[DEBUG] [io.quarkus.bootstrap.classloading.QuarkusClassLoader] Adding elements kie-dmn-api-8.15.0-SNAPSHOT.jar: file:/Users/mouachani/.m2/repository/org/kie/kie-dmn-api/8.15.0-SNAPSHOT/kie-dmn-api-8.15.0-SNAPSHOT.jar to QuarkusClassLoader Augmentation Class Loader: PROD
[DEBUG] [io.quarkus.bootstrap.classloading.QuarkusClassLoader] Adding elements kie-internal-8.15.0-SNAPSHOT.jar: file:/Users/mouachani/.m2/repository/org/kie/kie-internal/8.15.0-SNAPSHOT/kie-internal-8.15.0-SNAPSHOT.jar to QuarkusClassLoader Augmentation Class Loader: PROD
[DEBUG] [io.quarkus.bootstrap.classloading.QuarkusClassLoader] Adding elements kie-dmn-model-8.15.0-SNAPSHOT.jar: file:/Users/mouachani/.m2/repository/org/kie/kie-dmn-model/8.15.0-SNAPSHOT/kie-dmn-model-8.15.0-SNAPSHOT.jar to QuarkusClassLoader Augmentation Class Loader: PROD
[DEBUG] [io.quarkus.bootstrap.classloading.QuarkusClassLoader] Adding elements kogito-timer-2.0.0-SNAPSHOT.jar: file:/Users/mouachani/.m2/repository/org/kie/kogito/kogito-timer/2.0.0-SNAPSHOT/kogito-timer-2.0.0-SNAPSHOT.jar to QuarkusClassLoader Augmentation Class Loader: PROD
[DEBUG] [io.quarkus.bootstrap.classloading.QuarkusClassLoader] Adding elements io.quarkus.bootstrap.classloading.ClassPathElement$1@3ca9e72d to QuarkusClassLoader Augmentation Class Loader: PROD
[DEBUG] [io.quarkus.bootstrap.classloading.QuarkusClassLoader] Adding elements kie-pmml-evaluator-api-8.15.0-SNAPSHOT.jar: file:/Users/mouachani/.m2/repository/org/kie/kie-pmml-evaluator-api/8.15.0-SNAPSHOT/kie-pmml-evaluator-api-8.15.0-SNAPSHOT.jar to QuarkusClassLoader Augmentation Class Loader: PROD
[DEBUG] [io.quarkus.bootstrap.classloading.QuarkusClassLoader] Adding elements kie-pmml-api-8.15.0-SNAPSHOT.jar: file:/Users/mouachani/.m2/repository/org/kie/kie-pmml-api/8.15.0-SNAPSHOT/kie-pmml-api-8.15.0-SNAPSHOT.jar to QuarkusClassLoader Augmentation Class Loader: PROD
[DEBUG] [io.quarkus.bootstrap.classloading.QuarkusClassLoader] Adding elements commons-math3-3.4.1.jar: file:/Users/mouachani/.m2/repository/org/apache/commons/commons-math3/3.4.1/commons-math3-3.4.1.jar to QuarkusClassLoader Augmentation Class Loader: PROD
[DEBUG] [io.quarkus.bootstrap.classloading.QuarkusClassLoader] Adding elements kie-pmml-commons-8.15.0-SNAPSHOT.jar: file:/Users/mouachani/.m2/repository/org/kie/kie-pmml-commons/8.15.0-SNAPSHOT/kie-pmml-commons-8.15.0-SNAPSHOT.jar to QuarkusClassLoader Augmentation Class Loader: PROD
[DEBUG] [io.quarkus.bootstrap.classloading.QuarkusClassLoader] Adding elements commons-text-1.9.jar: file:/Users/mouachani/.m2/repository/org/apache/commons/commons-text/1.9/commons-text-1.9.jar to QuarkusClassLoader Augmentation Class Loader: PROD
[DEBUG] [io.quarkus.bootstrap.classloading.QuarkusClassLoader] Adding elements commons-lang3-3.12.0.jar: file:/Users/mouachani/.m2/repository/org/apache/commons/commons-lang3/3.12.0/commons-lang3-3.12.0.jar to QuarkusClassLoader Augmentation Class Loader: PROD
[DEBUG] [io.quarkus.bootstrap.classloading.QuarkusClassLoader] Adding elements quarkus-smallrye-health-2.4.0.Final.jar: file:/Users/mouachani/.m2/repository/io/quarkus/quarkus-smallrye-health/2.4.0.Final/quarkus-smallrye-health-2.4.0.Final.jar to QuarkusClassLoader Augmentation Class Loader: PROD
[DEBUG] [io.quarkus.bootstrap.classloading.QuarkusClassLoader] Adding elements smallrye-health-3.1.1.jar: file:/Users/mouachani/.m2/repository/io/smallrye/smallrye-health/3.1.1/smallrye-health-3.1.1.jar to QuarkusClassLoader Augmentation Class Loader: PROD
[DEBUG] [io.quarkus.bootstrap.classloading.QuarkusClassLoader] Adding elements microprofile-health-api-3.1.jar: file:/Users/mouachani/.m2/repository/org/eclipse/microprofile/health/microprofile-health-api/3.1/microprofile-health-api-3.1.jar to QuarkusClassLoader Augmentation Class Loader: PROD
[DEBUG] [io.quarkus.bootstrap.classloading.QuarkusClassLoader] Adding elements smallrye-health-api-3.1.1.jar: file:/Users/mouachani/.m2/repository/io/smallrye/smallrye-health-api/3.1.1/smallrye-health-api-3.1.1.jar to QuarkusClassLoader Augmentation Class Loader: PROD
[DEBUG] [io.quarkus.bootstrap.classloading.QuarkusClassLoader] Adding elements smallrye-health-provided-checks-3.1.1.jar: file:/Users/mouachani/.m2/repository/io/smallrye/smallrye-health-provided-checks/3.1.1/smallrye-health-provided-checks-3.1.1.jar to QuarkusClassLoader Augmentation Class Loader: PROD
[DEBUG] [io.quarkus.bootstrap.classloading.QuarkusClassLoader] Adding elements quarkus-jsonp-2.4.0.Final.jar: file:/Users/mouachani/.m2/repository/io/quarkus/quarkus-jsonp/2.4.0.Final/quarkus-jsonp-2.4.0.Final.jar to QuarkusClassLoader Augmentation Class Loader: PROD
[DEBUG] [io.quarkus.bootstrap.classloading.QuarkusClassLoader] Adding parent first element jakarta.json-1.1.6.jar: file:/Users/mouachani/.m2/repository/org/glassfish/jakarta.json/1.1.6/jakarta.json-1.1.6.jar to QuarkusClassLoader Augmentation Class Loader: PROD
[DEBUG] [io.quarkus.bootstrap.classloading.QuarkusClassLoader] Adding elements jakarta.json-1.1.6.jar: file:/Users/mouachani/.m2/repository/org/glassfish/jakarta.json/1.1.6/jakarta.json-1.1.6.jar to QuarkusClassLoader Augmentation Class Loader: PROD
[DEBUG] [io.quarkus.bootstrap.classloading.QuarkusClassLoader] Adding elements quarkus-infinispan-client-2.4.0.Final.jar: file:/Users/mouachani/.m2/repository/io/quarkus/quarkus-infinispan-client/2.4.0.Final/quarkus-infinispan-client-2.4.0.Final.jar to QuarkusClassLoader Augmentation Class Loader: PROD
[DEBUG] [io.quarkus.bootstrap.classloading.QuarkusClassLoader] Adding elements quarkus-caffeine-2.4.0.Final.jar: file:/Users/mouachani/.m2/repository/io/quarkus/quarkus-caffeine/2.4.0.Final/quarkus-caffeine-2.4.0.Final.jar to QuarkusClassLoader Augmentation Class Loader: PROD
[DEBUG] [io.quarkus.bootstrap.classloading.QuarkusClassLoader] Adding elements caffeine-2.9.2.jar: file:/Users/mouachani/.m2/repository/com/github/ben-manes/caffeine/caffeine/2.9.2/caffeine-2.9.2.jar to QuarkusClassLoader Augmentation Class Loader: PROD
[DEBUG] [io.quarkus.bootstrap.classloading.QuarkusClassLoader] Adding elements quarkus-netty-2.4.0.Final.jar: file:/Users/mouachani/.m2/repository/io/quarkus/quarkus-netty/2.4.0.Final/quarkus-netty-2.4.0.Final.jar to QuarkusClassLoader Augmentation Class Loader: PROD
[DEBUG] [io.quarkus.bootstrap.classloading.QuarkusClassLoader] Adding elements netty-codec-4.1.68.Final.jar: file:/Users/mouachani/.m2/repository/io/netty/netty-codec/4.1.68.Final/netty-codec-4.1.68.Final.jar to QuarkusClassLoader Augmentation Class Loader: PROD
[DEBUG] [io.quarkus.bootstrap.classloading.QuarkusClassLoader] Adding elements netty-codec-http-4.1.68.Final.jar: file:/Users/mouachani/.m2/repository/io/netty/netty-codec-http/4.1.68.Final/netty-codec-http-4.1.68.Final.jar to QuarkusClassLoader Augmentation Class Loader: PROD
[DEBUG] [io.quarkus.bootstrap.classloading.QuarkusClassLoader] Adding elements netty-codec-http2-4.1.68.Final.jar: file:/Users/mouachani/.m2/repository/io/netty/netty-codec-http2/4.1.68.Final/netty-codec-http2-4.1.68.Final.jar to QuarkusClassLoader Augmentation Class Loader: PROD
[DEBUG] [io.quarkus.bootstrap.classloading.QuarkusClassLoader] Adding elements netty-handler-4.1.68.Final.jar: file:/Users/mouachani/.m2/repository/io/netty/netty-handler/4.1.68.Final/netty-handler-4.1.68.Final.jar to QuarkusClassLoader Augmentation Class Loader: PROD
[DEBUG] [io.quarkus.bootstrap.classloading.QuarkusClassLoader] Adding elements quarkus-elytron-security-common-2.4.0.Final.jar: file:/Users/mouachani/.m2/repository/io/quarkus/quarkus-elytron-security-common/2.4.0.Final/quarkus-elytron-security-common-2.4.0.Final.jar to QuarkusClassLoader Augmentation Class Loader: PROD
[DEBUG] [io.quarkus.bootstrap.classloading.QuarkusClassLoader] Adding parent first element wildfly-elytron-credential-1.17.2.Final.jar: file:/Users/mouachani/.m2/repository/org/wildfly/security/wildfly-elytron-credential/1.17.2.Final/wildfly-elytron-credential-1.17.2.Final.jar to QuarkusClassLoader Augmentation Class Loader: PROD
[DEBUG] [io.quarkus.bootstrap.classloading.QuarkusClassLoader] Adding elements wildfly-elytron-credential-1.17.2.Final.jar: file:/Users/mouachani/.m2/repository/org/wildfly/security/wildfly-elytron-credential/1.17.2.Final/wildfly-elytron-credential-1.17.2.Final.jar to QuarkusClassLoader Augmentation Class Loader: PROD
[DEBUG] [io.quarkus.bootstrap.classloading.QuarkusClassLoader] Adding parent first element wildfly-elytron-asn1-1.17.2.Final.jar: file:/Users/mouachani/.m2/repository/org/wildfly/security/wildfly-elytron-asn1/1.17.2.Final/wildfly-elytron-asn1-1.17.2.Final.jar to QuarkusClassLoader Augmentation Class Loader: PROD
[DEBUG] [io.quarkus.bootstrap.classloading.QuarkusClassLoader] Adding elements wildfly-elytron-asn1-1.17.2.Final.jar: file:/Users/mouachani/.m2/repository/org/wildfly/security/wildfly-elytron-asn1/1.17.2.Final/wildfly-elytron-asn1-1.17.2.Final.jar to QuarkusClassLoader Augmentation Class Loader: PROD
[DEBUG] [io.quarkus.bootstrap.classloading.QuarkusClassLoader] Adding parent first element wildfly-elytron-keystore-1.17.2.Final.jar: file:/Users/mouachani/.m2/repository/org/wildfly/security/wildfly-elytron-keystore/1.17.2.Final/wildfly-elytron-keystore-1.17.2.Final.jar to QuarkusClassLoader Augmentation Class Loader: PROD
[DEBUG] [io.quarkus.bootstrap.classloading.QuarkusClassLoader] Adding elements wildfly-elytron-keystore-1.17.2.Final.jar: file:/Users/mouachani/.m2/repository/org/wildfly/security/wildfly-elytron-keystore/1.17.2.Final/wildfly-elytron-keystore-1.17.2.Final.jar to QuarkusClassLoader Augmentation Class Loader: PROD
[DEBUG] [io.quarkus.bootstrap.classloading.QuarkusClassLoader] Adding elements wildfly-elytron-x500-cert-1.17.2.Final.jar: file:/Users/mouachani/.m2/repository/org/wildfly/security/wildfly-elytron-x500-cert/1.17.2.Final/wildfly-elytron-x500-cert-1.17.2.Final.jar to QuarkusClassLoader Augmentation Class Loader: PROD
[DEBUG] [io.quarkus.bootstrap.classloading.QuarkusClassLoader] Adding elements wildfly-elytron-x500-cert-util-1.17.2.Final.jar: file:/Users/mouachani/.m2/repository/org/wildfly/security/wildfly-elytron-x500-cert-util/1.17.2.Final/wildfly-elytron-x500-cert-util-1.17.2.Final.jar to QuarkusClassLoader Augmentation Class Loader: PROD
[DEBUG] [io.quarkus.bootstrap.classloading.QuarkusClassLoader] Adding elements sshd-common-2.3.0.jar: file:/Users/mouachani/.m2/repository/org/apache/sshd/sshd-common/2.3.0/sshd-common-2.3.0.jar to QuarkusClassLoader Augmentation Class Loader: PROD
[DEBUG] [io.quarkus.bootstrap.classloading.QuarkusClassLoader] Adding parent first element wildfly-elytron-provider-util-1.17.2.Final.jar: file:/Users/mouachani/.m2/repository/org/wildfly/security/wildfly-elytron-provider-util/1.17.2.Final/wildfly-elytron-provider-util-1.17.2.Final.jar to QuarkusClassLoader Augmentation Class Loader: PROD
[DEBUG] [io.quarkus.bootstrap.classloading.QuarkusClassLoader] Adding elements wildfly-elytron-provider-util-1.17.2.Final.jar: file:/Users/mouachani/.m2/repository/org/wildfly/security/wildfly-elytron-provider-util/1.17.2.Final/wildfly-elytron-provider-util-1.17.2.Final.jar to QuarkusClassLoader Augmentation Class Loader: PROD
[DEBUG] [io.quarkus.bootstrap.classloading.QuarkusClassLoader] Adding parent first element wildfly-elytron-x500-1.17.2.Final.jar: file:/Users/mouachani/.m2/repository/org/wildfly/security/wildfly-elytron-x500/1.17.2.Final/wildfly-elytron-x500-1.17.2.Final.jar to QuarkusClassLoader Augmentation Class Loader: PROD
[DEBUG] [io.quarkus.bootstrap.classloading.QuarkusClassLoader] Adding elements wildfly-elytron-x500-1.17.2.Final.jar: file:/Users/mouachani/.m2/repository/org/wildfly/security/wildfly-elytron-x500/1.17.2.Final/wildfly-elytron-x500-1.17.2.Final.jar to QuarkusClassLoader Augmentation Class Loader: PROD
[DEBUG] [io.quarkus.bootstrap.classloading.QuarkusClassLoader] Adding parent first element wildfly-elytron-password-impl-1.17.2.Final.jar: file:/Users/mouachani/.m2/repository/org/wildfly/security/wildfly-elytron-password-impl/1.17.2.Final/wildfly-elytron-password-impl-1.17.2.Final.jar to QuarkusClassLoader Augmentation Class Loader: PROD
[DEBUG] [io.quarkus.bootstrap.classloading.QuarkusClassLoader] Adding elements wildfly-elytron-password-impl-1.17.2.Final.jar: file:/Users/mouachani/.m2/repository/org/wildfly/security/wildfly-elytron-password-impl/1.17.2.Final/wildfly-elytron-password-impl-1.17.2.Final.jar to QuarkusClassLoader Augmentation Class Loader: PROD
[DEBUG] [io.quarkus.bootstrap.classloading.QuarkusClassLoader] Adding elements wildfly-elytron-sasl-plain-1.17.2.Final.jar: file:/Users/mouachani/.m2/repository/org/wildfly/security/wildfly-elytron-sasl-plain/1.17.2.Final/wildfly-elytron-sasl-plain-1.17.2.Final.jar to QuarkusClassLoader Augmentation Class Loader: PROD
[DEBUG] [io.quarkus.bootstrap.classloading.QuarkusClassLoader] Adding elements wildfly-elytron-auth-server-1.17.2.Final.jar: file:/Users/mouachani/.m2/repository/org/wildfly/security/wildfly-elytron-auth-server/1.17.2.Final/wildfly-elytron-auth-server-1.17.2.Final.jar to QuarkusClassLoader Augmentation Class Loader: PROD
[DEBUG] [io.quarkus.bootstrap.classloading.QuarkusClassLoader] Adding elements wildfly-elytron-auth-1.17.2.Final.jar: file:/Users/mouachani/.m2/repository/org/wildfly/security/wildfly-elytron-auth/1.17.2.Final/wildfly-elytron-auth-1.17.2.Final.jar to QuarkusClassLoader Augmentation Class Loader: PROD
[DEBUG] [io.quarkus.bootstrap.classloading.QuarkusClassLoader] Adding parent first element wildfly-elytron-base-1.17.2.Final.jar: file:/Users/mouachani/.m2/repository/org/wildfly/security/wildfly-elytron-base/1.17.2.Final/wildfly-elytron-base-1.17.2.Final.jar to QuarkusClassLoader Augmentation Class Loader: PROD
[DEBUG] [io.quarkus.bootstrap.classloading.QuarkusClassLoader] Adding elements wildfly-elytron-base-1.17.2.Final.jar: file:/Users/mouachani/.m2/repository/org/wildfly/security/wildfly-elytron-base/1.17.2.Final/wildfly-elytron-base-1.17.2.Final.jar to QuarkusClassLoader Augmentation Class Loader: PROD
[DEBUG] [io.quarkus.bootstrap.classloading.QuarkusClassLoader] Adding elements wildfly-elytron-permission-1.17.2.Final.jar: file:/Users/mouachani/.m2/repository/org/wildfly/security/wildfly-elytron-permission/1.17.2.Final/wildfly-elytron-permission-1.17.2.Final.jar to QuarkusClassLoader Augmentation Class Loader: PROD
[DEBUG] [io.quarkus.bootstrap.classloading.QuarkusClassLoader] Adding elements wildfly-elytron-sasl-1.17.2.Final.jar: file:/Users/mouachani/.m2/repository/org/wildfly/security/wildfly-elytron-sasl/1.17.2.Final/wildfly-elytron-sasl-1.17.2.Final.jar to QuarkusClassLoader Augmentation Class Loader: PROD
[DEBUG] [io.quarkus.bootstrap.classloading.QuarkusClassLoader] Adding elements wildfly-elytron-ssl-1.17.2.Final.jar: file:/Users/mouachani/.m2/repository/org/wildfly/security/wildfly-elytron-ssl/1.17.2.Final/wildfly-elytron-ssl-1.17.2.Final.jar to QuarkusClassLoader Augmentation Class Loader: PROD
[DEBUG] [io.quarkus.bootstrap.classloading.QuarkusClassLoader] Adding elements wildfly-elytron-mechanism-1.17.2.Final.jar: file:/Users/mouachani/.m2/repository/org/wildfly/security/wildfly-elytron-mechanism/1.17.2.Final/wildfly-elytron-mechanism-1.17.2.Final.jar to QuarkusClassLoader Augmentation Class Loader: PROD
[DEBUG] [io.quarkus.bootstrap.classloading.QuarkusClassLoader] Adding elements wildfly-elytron-http-1.17.2.Final.jar: file:/Users/mouachani/.m2/repository/org/wildfly/security/wildfly-elytron-http/1.17.2.Final/wildfly-elytron-http-1.17.2.Final.jar to QuarkusClassLoader Augmentation Class Loader: PROD
[DEBUG] [io.quarkus.bootstrap.classloading.QuarkusClassLoader] Adding elements wildfly-elytron-sasl-digest-1.17.2.Final.jar: file:/Users/mouachani/.m2/repository/org/wildfly/security/wildfly-elytron-sasl-digest/1.17.2.Final/wildfly-elytron-sasl-digest-1.17.2.Final.jar to QuarkusClassLoader Augmentation Class Loader: PROD
[DEBUG] [io.quarkus.bootstrap.classloading.QuarkusClassLoader] Adding elements wildfly-elytron-mechanism-digest-1.17.2.Final.jar: file:/Users/mouachani/.m2/repository/org/wildfly/security/wildfly-elytron-mechanism-digest/1.17.2.Final/wildfly-elytron-mechanism-digest-1.17.2.Final.jar to QuarkusClassLoader Augmentation Class Loader: PROD
[DEBUG] [io.quarkus.bootstrap.classloading.QuarkusClassLoader] Adding parent first element wildfly-elytron-util-1.17.2.Final.jar: file:/Users/mouachani/.m2/repository/org/wildfly/security/wildfly-elytron-util/1.17.2.Final/wildfly-elytron-util-1.17.2.Final.jar to QuarkusClassLoader Augmentation Class Loader: PROD
[DEBUG] [io.quarkus.bootstrap.classloading.QuarkusClassLoader] Adding elements wildfly-elytron-util-1.17.2.Final.jar: file:/Users/mouachani/.m2/repository/org/wildfly/security/wildfly-elytron-util/1.17.2.Final/wildfly-elytron-util-1.17.2.Final.jar to QuarkusClassLoader Augmentation Class Loader: PROD
[DEBUG] [io.quarkus.bootstrap.classloading.QuarkusClassLoader] Adding elements wildfly-elytron-sasl-external-1.17.2.Final.jar: file:/Users/mouachani/.m2/repository/org/wildfly/security/wildfly-elytron-sasl-external/1.17.2.Final/wildfly-elytron-sasl-external-1.17.2.Final.jar to QuarkusClassLoader Augmentation Class Loader: PROD
[DEBUG] [io.quarkus.bootstrap.classloading.QuarkusClassLoader] Adding elements wildfly-elytron-sasl-oauth2-1.17.2.Final.jar: file:/Users/mouachani/.m2/repository/org/wildfly/security/wildfly-elytron-sasl-oauth2/1.17.2.Final/wildfly-elytron-sasl-oauth2-1.17.2.Final.jar to QuarkusClassLoader Augmentation Class Loader: PROD
[DEBUG] [io.quarkus.bootstrap.classloading.QuarkusClassLoader] Adding elements wildfly-elytron-mechanism-oauth2-1.17.2.Final.jar: file:/Users/mouachani/.m2/repository/org/wildfly/security/wildfly-elytron-mechanism-oauth2/1.17.2.Final/wildfly-elytron-mechanism-oauth2-1.17.2.Final.jar to QuarkusClassLoader Augmentation Class Loader: PROD
[DEBUG] [io.quarkus.bootstrap.classloading.QuarkusClassLoader] Adding elements wildfly-elytron-sasl-scram-1.17.2.Final.jar: file:/Users/mouachani/.m2/repository/org/wildfly/security/wildfly-elytron-sasl-scram/1.17.2.Final/wildfly-elytron-sasl-scram-1.17.2.Final.jar to QuarkusClassLoader Augmentation Class Loader: PROD
[DEBUG] [io.quarkus.bootstrap.classloading.QuarkusClassLoader] Adding elements wildfly-elytron-mechanism-scram-1.17.2.Final.jar: file:/Users/mouachani/.m2/repository/org/wildfly/security/wildfly-elytron-mechanism-scram/1.17.2.Final/wildfly-elytron-mechanism-scram-1.17.2.Final.jar to QuarkusClassLoader Augmentation Class Loader: PROD
[DEBUG] [io.quarkus.bootstrap.classloading.QuarkusClassLoader] Adding elements infinispan-client-hotrod-12.1.7.Final.jar: file:/Users/mouachani/.m2/repository/org/infinispan/infinispan-client-hotrod/12.1.7.Final/infinispan-client-hotrod-12.1.7.Final.jar to QuarkusClassLoader Augmentation Class Loader: PROD
[DEBUG] [io.quarkus.bootstrap.classloading.QuarkusClassLoader] Adding elements infinispan-commons-12.1.7.Final.jar: file:/Users/mouachani/.m2/repository/org/infinispan/infinispan-commons/12.1.7.Final/infinispan-commons-12.1.7.Final.jar to QuarkusClassLoader Augmentation Class Loader: PROD
[DEBUG] [io.quarkus.bootstrap.classloading.QuarkusClassLoader] Adding elements wildfly-elytron-sasl-gs2-1.17.2.Final.jar: file:/Users/mouachani/.m2/repository/org/wildfly/security/wildfly-elytron-sasl-gs2/1.17.2.Final/wildfly-elytron-sasl-gs2-1.17.2.Final.jar to QuarkusClassLoader Augmentation Class Loader: PROD
[DEBUG] [io.quarkus.bootstrap.classloading.QuarkusClassLoader] Adding elements wildfly-elytron-mechanism-gssapi-1.17.2.Final.jar: file:/Users/mouachani/.m2/repository/org/wildfly/security/wildfly-elytron-mechanism-gssapi/1.17.2.Final/wildfly-elytron-mechanism-gssapi-1.17.2.Final.jar to QuarkusClassLoader Augmentation Class Loader: PROD
[DEBUG] [io.quarkus.bootstrap.classloading.QuarkusClassLoader] Adding elements wildfly-elytron-security-manager-action-1.17.2.Final.jar: file:/Users/mouachani/.m2/repository/org/wildfly/security/wildfly-elytron-security-manager-action/1.17.2.Final/wildfly-elytron-security-manager-action-1.17.2.Final.jar to QuarkusClassLoader Augmentation Class Loader: PROD
[DEBUG] [io.quarkus.bootstrap.classloading.QuarkusClassLoader] Adding elements wildfly-elytron-sasl-gssapi-1.17.2.Final.jar: file:/Users/mouachani/.m2/repository/org/wildfly/security/wildfly-elytron-sasl-gssapi/1.17.2.Final/wildfly-elytron-sasl-gssapi-1.17.2.Final.jar to QuarkusClassLoader Augmentation Class Loader: PROD
[DEBUG] [io.quarkus.bootstrap.classloading.QuarkusClassLoader] Adding elements rxjava-3.0.4.jar: file:/Users/mouachani/.m2/repository/io/reactivex/rxjava3/rxjava/3.0.4/rxjava-3.0.4.jar to QuarkusClassLoader Augmentation Class Loader: PROD
[DEBUG] [io.quarkus.bootstrap.classloading.QuarkusClassLoader] Adding elements netty-transport-native-epoll-4.1.68.Final-linux-x86_64.jar: file:/Users/mouachani/.m2/repository/io/netty/netty-transport-native-epoll/4.1.68.Final/netty-transport-native-epoll-4.1.68.Final-linux-x86_64.jar to QuarkusClassLoader Augmentation Class Loader: PROD
[DEBUG] [io.quarkus.bootstrap.classloading.QuarkusClassLoader] Adding elements netty-transport-native-unix-common-4.1.68.Final.jar: file:/Users/mouachani/.m2/repository/io/netty/netty-transport-native-unix-common/4.1.68.Final/netty-transport-native-unix-common-4.1.68.Final.jar to QuarkusClassLoader Augmentation Class Loader: PROD
[DEBUG] [io.quarkus.bootstrap.classloading.QuarkusClassLoader] Adding elements jakarta.transaction-api-1.3.3.jar: file:/Users/mouachani/.m2/repository/jakarta/transaction/jakarta.transaction-api/1.3.3/jakarta.transaction-api-1.3.3.jar to QuarkusClassLoader Augmentation Class Loader: PROD
[DEBUG] [io.quarkus.bootstrap.classloading.QuarkusClassLoader] Adding elements infinispan-remote-query-client-12.1.7.Final.jar: file:/Users/mouachani/.m2/repository/org/infinispan/infinispan-remote-query-client/12.1.7.Final/infinispan-remote-query-client-12.1.7.Final.jar to QuarkusClassLoader Augmentation Class Loader: PROD
[DEBUG] [io.quarkus.bootstrap.classloading.QuarkusClassLoader] Adding elements infinispan-query-dsl-12.1.7.Final.jar: file:/Users/mouachani/.m2/repository/org/infinispan/infinispan-query-dsl/12.1.7.Final/infinispan-query-dsl-12.1.7.Final.jar to QuarkusClassLoader Augmentation Class Loader: PROD
[DEBUG] [io.quarkus.bootstrap.classloading.QuarkusClassLoader] Adding elements protostream-processor-4.4.1.Final.jar: file:/Users/mouachani/.m2/repository/org/infinispan/protostream/protostream-processor/4.4.1.Final/protostream-processor-4.4.1.Final.jar to QuarkusClassLoader Augmentation Class Loader: PROD
[DEBUG] [io.quarkus.bootstrap.classloading.QuarkusClassLoader] Adding elements protostream-types-4.4.1.Final.jar: file:/Users/mouachani/.m2/repository/org/infinispan/protostream/protostream-types/4.4.1.Final/protostream-types-4.4.1.Final.jar to QuarkusClassLoader Augmentation Class Loader: PROD
[DEBUG] [io.quarkus.bootstrap.classloading.QuarkusClassLoader] Adding elements kogito-addons-persistence-infinispan-2.0.0-SNAPSHOT.jar: file:/Users/mouachani/.m2/repository/org/kie/kogito/kogito-addons-persistence-infinispan/2.0.0-SNAPSHOT/kogito-addons-persistence-infinispan-2.0.0-SNAPSHOT.jar to QuarkusClassLoader Augmentation Class Loader: PROD
[DEBUG] [io.quarkus.bootstrap.classloading.QuarkusClassLoader] Adding elements infinispan-commons-jdk11-12.1.7.Final.jar: file:/Users/mouachani/.m2/repository/org/infinispan/infinispan-commons-jdk11/12.1.7.Final/infinispan-commons-jdk11-12.1.7.Final.jar to QuarkusClassLoader Augmentation Class Loader: PROD
[DEBUG] [io.quarkus.bootstrap.classloading.QuarkusClassLoader] Adding elements kogito-addons-quarkus-monitoring-prometheus-2.0.0-SNAPSHOT.jar: file:/Users/mouachani/.m2/repository/org/kie/kogito/kogito-addons-quarkus-monitoring-prometheus/2.0.0-SNAPSHOT/kogito-addons-quarkus-monitoring-prometheus-2.0.0-SNAPSHOT.jar to QuarkusClassLoader Augmentation Class Loader: PROD
[DEBUG] [io.quarkus.bootstrap.classloading.QuarkusClassLoader] Adding elements quarkus-micrometer-registry-prometheus-2.4.0.Final.jar: file:/Users/mouachani/.m2/repository/io/quarkus/quarkus-micrometer-registry-prometheus/2.4.0.Final/quarkus-micrometer-registry-prometheus-2.4.0.Final.jar to QuarkusClassLoader Augmentation Class Loader: PROD
[DEBUG] [io.quarkus.bootstrap.classloading.QuarkusClassLoader] Adding elements quarkus-micrometer-2.4.0.Final.jar: file:/Users/mouachani/.m2/repository/io/quarkus/quarkus-micrometer/2.4.0.Final/quarkus-micrometer-2.4.0.Final.jar to QuarkusClassLoader Augmentation Class Loader: PROD
[DEBUG] [io.quarkus.bootstrap.classloading.QuarkusClassLoader] Adding elements micrometer-core-1.7.4.jar: file:/Users/mouachani/.m2/repository/io/micrometer/micrometer-core/1.7.4/micrometer-core-1.7.4.jar to QuarkusClassLoader Augmentation Class Loader: PROD
[DEBUG] [io.quarkus.bootstrap.classloading.QuarkusClassLoader] Adding elements HdrHistogram-2.1.12.jar: file:/Users/mouachani/.m2/repository/org/hdrhistogram/HdrHistogram/2.1.12/HdrHistogram-2.1.12.jar to QuarkusClassLoader Augmentation Class Loader: PROD
[DEBUG] [io.quarkus.bootstrap.classloading.QuarkusClassLoader] Adding elements LatencyUtils-2.0.3.jar: file:/Users/mouachani/.m2/repository/org/latencyutils/LatencyUtils/2.0.3/LatencyUtils-2.0.3.jar to QuarkusClassLoader Augmentation Class Loader: PROD
[DEBUG] [io.quarkus.bootstrap.classloading.QuarkusClassLoader] Adding elements micrometer-registry-prometheus-1.7.4.jar: file:/Users/mouachani/.m2/repository/io/micrometer/micrometer-registry-prometheus/1.7.4/micrometer-registry-prometheus-1.7.4.jar to QuarkusClassLoader Augmentation Class Loader: PROD
[DEBUG] [io.quarkus.bootstrap.classloading.QuarkusClassLoader] Adding elements simpleclient_common-0.10.0.jar: file:/Users/mouachani/.m2/repository/io/prometheus/simpleclient_common/0.10.0/simpleclient_common-0.10.0.jar to QuarkusClassLoader Augmentation Class Loader: PROD
[DEBUG] [io.quarkus.bootstrap.classloading.QuarkusClassLoader] Adding elements simpleclient-0.10.0.jar: file:/Users/mouachani/.m2/repository/io/prometheus/simpleclient/0.10.0/simpleclient-0.10.0.jar to QuarkusClassLoader Augmentation Class Loader: PROD
[DEBUG] [io.quarkus.bootstrap.classloading.QuarkusClassLoader] Adding elements kogito-addons-monitoring-prometheus-2.0.0-SNAPSHOT.jar: file:/Users/mouachani/.m2/repository/org/kie/kogito/kogito-addons-monitoring-prometheus/2.0.0-SNAPSHOT/kogito-addons-monitoring-prometheus-2.0.0-SNAPSHOT.jar to QuarkusClassLoader Augmentation Class Loader: PROD
[DEBUG] [io.quarkus.bootstrap.classloading.QuarkusClassLoader] Adding elements kogito-addons-monitoring-core-2.0.0-SNAPSHOT.jar: file:/Users/mouachani/.m2/repository/org/kie/kogito/kogito-addons-monitoring-core/2.0.0-SNAPSHOT/kogito-addons-monitoring-core-2.0.0-SNAPSHOT.jar to QuarkusClassLoader Augmentation Class Loader: PROD
[DEBUG] [io.quarkus.bootstrap.classloading.QuarkusClassLoader] Adding elements grafana-api-2.0.0-SNAPSHOT.jar: file:/Users/mouachani/.m2/repository/org/kie/kogito/grafana-api/2.0.0-SNAPSHOT/grafana-api-2.0.0-SNAPSHOT.jar to QuarkusClassLoader Augmentation Class Loader: PROD
[DEBUG] [io.quarkus.bootstrap.classloading.QuarkusClassLoader] Adding elements kogito-addons-quarkus-monitoring-core-2.0.0-SNAPSHOT.jar: file:/Users/mouachani/.m2/repository/org/kie/kogito/kogito-addons-quarkus-monitoring-core/2.0.0-SNAPSHOT/kogito-addons-quarkus-monitoring-core-2.0.0-SNAPSHOT.jar to QuarkusClassLoader Augmentation Class Loader: PROD
[DEBUG] [io.quarkus.bootstrap.classloading.QuarkusClassLoader] Adding elements quarkus-rest-client-2.4.0.Final.jar: file:/Users/mouachani/.m2/repository/io/quarkus/quarkus-rest-client/2.4.0.Final/quarkus-rest-client-2.4.0.Final.jar to QuarkusClassLoader Augmentation Class Loader: PROD
[DEBUG] [io.quarkus.bootstrap.classloading.QuarkusClassLoader] Adding elements quarkus-resteasy-common-2.4.0.Final.jar: file:/Users/mouachani/.m2/repository/io/quarkus/quarkus-resteasy-common/2.4.0.Final/quarkus-resteasy-common-2.4.0.Final.jar to QuarkusClassLoader Augmentation Class Loader: PROD
[DEBUG] [io.quarkus.bootstrap.classloading.QuarkusClassLoader] Adding elements resteasy-core-4.7.0.Final.jar: file:/Users/mouachani/.m2/repository/org/jboss/resteasy/resteasy-core/4.7.0.Final/resteasy-core-4.7.0.Final.jar to QuarkusClassLoader Augmentation Class Loader: PROD
[DEBUG] [io.quarkus.bootstrap.classloading.QuarkusClassLoader] Adding elements jboss-jaxrs-api_2.1_spec-2.0.1.Final.jar: file:/Users/mouachani/.m2/repository/org/jboss/spec/javax/ws/rs/jboss-jaxrs-api_2.1_spec/2.0.1.Final/jboss-jaxrs-api_2.1_spec-2.0.1.Final.jar to QuarkusClassLoader Augmentation Class Loader: PROD
[DEBUG] [io.quarkus.bootstrap.classloading.QuarkusClassLoader] Adding elements resteasy-core-spi-4.7.0.Final.jar: file:/Users/mouachani/.m2/repository/org/jboss/resteasy/resteasy-core-spi/4.7.0.Final/resteasy-core-spi-4.7.0.Final.jar to QuarkusClassLoader Augmentation Class Loader: PROD
[DEBUG] [io.quarkus.bootstrap.classloading.QuarkusClassLoader] Adding elements asyncutil-0.1.0.jar: file:/Users/mouachani/.m2/repository/com/ibm/async/asyncutil/0.1.0/asyncutil-0.1.0.jar to QuarkusClassLoader Augmentation Class Loader: PROD
[DEBUG] [io.quarkus.bootstrap.classloading.QuarkusClassLoader] Adding elements jakarta.activation-1.2.1.jar: file:/Users/mouachani/.m2/repository/com/sun/activation/jakarta.activation/1.2.1/jakarta.activation-1.2.1.jar to QuarkusClassLoader Augmentation Class Loader: PROD
[DEBUG] [io.quarkus.bootstrap.classloading.QuarkusClassLoader] Adding elements quarkus-apache-httpclient-2.4.0.Final.jar: file:/Users/mouachani/.m2/repository/io/quarkus/quarkus-apache-httpclient/2.4.0.Final/quarkus-apache-httpclient-2.4.0.Final.jar to QuarkusClassLoader Augmentation Class Loader: PROD
[DEBUG] [io.quarkus.bootstrap.classloading.QuarkusClassLoader] Adding elements httpclient-4.5.13.jar: file:/Users/mouachani/.m2/repository/org/apache/httpcomponents/httpclient/4.5.13/httpclient-4.5.13.jar to QuarkusClassLoader Augmentation Class Loader: PROD
[DEBUG] [io.quarkus.bootstrap.classloading.QuarkusClassLoader] Adding elements commons-codec-1.15.jar: file:/Users/mouachani/.m2/repository/commons-codec/commons-codec/1.15/commons-codec-1.15.jar to QuarkusClassLoader Augmentation Class Loader: PROD
[DEBUG] [io.quarkus.bootstrap.classloading.QuarkusClassLoader] Adding elements quarkus-rest-client-config-2.4.0.Final.jar: file:/Users/mouachani/.m2/repository/io/quarkus/quarkus-rest-client-config/2.4.0.Final/quarkus-rest-client-config-2.4.0.Final.jar to QuarkusClassLoader Augmentation Class Loader: PROD
[DEBUG] [io.quarkus.bootstrap.classloading.QuarkusClassLoader] Adding elements microprofile-rest-client-api-2.0.jar: file:/Users/mouachani/.m2/repository/org/eclipse/microprofile/rest/client/microprofile-rest-client-api/2.0/microprofile-rest-client-api-2.0.jar to QuarkusClassLoader Augmentation Class Loader: PROD
[DEBUG] [io.quarkus.bootstrap.classloading.QuarkusClassLoader] Adding elements resteasy-client-microprofile-4.7.0.Final.jar: file:/Users/mouachani/.m2/repository/org/jboss/resteasy/resteasy-client-microprofile/4.7.0.Final/resteasy-client-microprofile-4.7.0.Final.jar to QuarkusClassLoader Augmentation Class Loader: PROD
[DEBUG] [io.quarkus.bootstrap.classloading.QuarkusClassLoader] Adding elements resteasy-client-microprofile-base-4.7.0.Final.jar: file:/Users/mouachani/.m2/repository/org/jboss/resteasy/resteasy-client-microprofile-base/4.7.0.Final/resteasy-client-microprofile-base-4.7.0.Final.jar to QuarkusClassLoader Augmentation Class Loader: PROD
[DEBUG] [io.quarkus.bootstrap.classloading.QuarkusClassLoader] Adding elements resteasy-client-4.7.0.Final.jar: file:/Users/mouachani/.m2/repository/org/jboss/resteasy/resteasy-client/4.7.0.Final/resteasy-client-4.7.0.Final.jar to QuarkusClassLoader Augmentation Class Loader: PROD
[DEBUG] [io.quarkus.bootstrap.classloading.QuarkusClassLoader] Adding elements resteasy-client-api-4.7.0.Final.jar: file:/Users/mouachani/.m2/repository/org/jboss/resteasy/resteasy-client-api/4.7.0.Final/resteasy-client-api-4.7.0.Final.jar to QuarkusClassLoader Augmentation Class Loader: PROD
[DEBUG] [io.quarkus.bootstrap.classloading.QuarkusClassLoader] Adding elements commons-io-2.11.0.jar: file:/Users/mouachani/.m2/repository/commons-io/commons-io/2.11.0/commons-io-2.11.0.jar to QuarkusClassLoader Augmentation Class Loader: PROD
[DEBUG] [io.quarkus.bootstrap.classloading.QuarkusClassLoader] Adding elements resteasy-cdi-4.7.0.Final.jar: file:/Users/mouachani/.m2/repository/org/jboss/resteasy/resteasy-cdi/4.7.0.Final/resteasy-cdi-4.7.0.Final.jar to QuarkusClassLoader Augmentation Class Loader: PROD
[DEBUG] [io.quarkus.bootstrap.classloading.QuarkusClassLoader] Adding elements jakarta.interceptor-api-1.2.5.jar: file:/Users/mouachani/.m2/repository/jakarta/interceptor/jakarta.interceptor-api/1.2.5/jakarta.interceptor-api-1.2.5.jar to QuarkusClassLoader Augmentation Class Loader: PROD
[DEBUG] [io.quarkus.bootstrap.classloading.QuarkusClassLoader] Adding elements httpasyncclient-4.1.4.jar: file:/Users/mouachani/.m2/repository/org/apache/httpcomponents/httpasyncclient/4.1.4/httpasyncclient-4.1.4.jar to QuarkusClassLoader Augmentation Class Loader: PROD
[DEBUG] [io.quarkus.bootstrap.classloading.QuarkusClassLoader] Adding elements httpcore-4.4.14.jar: file:/Users/mouachani/.m2/repository/org/apache/httpcomponents/httpcore/4.4.14/httpcore-4.4.14.jar to QuarkusClassLoader Augmentation Class Loader: PROD
[DEBUG] [io.quarkus.bootstrap.classloading.QuarkusClassLoader] Adding elements httpcore-nio-4.4.14.jar: file:/Users/mouachani/.m2/repository/org/apache/httpcomponents/httpcore-nio/4.4.14/httpcore-nio-4.4.14.jar to QuarkusClassLoader Augmentation Class Loader: PROD
[DEBUG] [io.quarkus.bootstrap.classloading.QuarkusClassLoader] Adding elements commons-logging-jboss-logging-1.0.0.Final.jar: file:/Users/mouachani/.m2/repository/org/jboss/logging/commons-logging-jboss-logging/1.0.0.Final/commons-logging-jboss-logging-1.0.0.Final.jar to QuarkusClassLoader Augmentation Class Loader: PROD
[DEBUG] [io.quarkus.bootstrap.classloading.QuarkusClassLoader] Adding elements jboss-metadata-common-11.0.0.Final.jar: file:/Users/mouachani/.m2/repository/org/jboss/metadata/jboss-metadata-common/11.0.0.Final/jboss-metadata-common-11.0.0.Final.jar to QuarkusClassLoader Augmentation Class Loader: PROD
[DEBUG] [io.quarkus.bootstrap.classloading.QuarkusClassLoader] Adding elements jboss-metadata-web-11.0.0.Final.jar: file:/Users/mouachani/.m2/repository/org/jboss/metadata/jboss-metadata-web/11.0.0.Final/jboss-metadata-web-11.0.0.Final.jar to QuarkusClassLoader Augmentation Class Loader: PROD
[DEBUG] [io.quarkus.bootstrap.classloading.QuarkusClassLoader] Adding elements quarkus-undertow-deployment-2.4.0.Final.jar: file:/Users/mouachani/.m2/repository/io/quarkus/quarkus-undertow-deployment/2.4.0.Final/quarkus-undertow-deployment-2.4.0.Final.jar to QuarkusClassLoader Augmentation Class Loader: PROD
[DEBUG] [io.quarkus.bootstrap.classloading.QuarkusClassLoader] Adding elements kogito-codegen-core-2.0.0-SNAPSHOT.jar: file:/Users/mouachani/.m2/repository/org/kie/kogito/kogito-codegen-core/2.0.0-SNAPSHOT/kogito-codegen-core-2.0.0-SNAPSHOT.jar to QuarkusClassLoader Augmentation Class Loader: PROD
[DEBUG] [io.quarkus.bootstrap.classloading.QuarkusClassLoader] Adding elements kogito-codegen-api-2.0.0-SNAPSHOT.jar: file:/Users/mouachani/.m2/repository/org/kie/kogito/kogito-codegen-api/2.0.0-SNAPSHOT/kogito-codegen-api-2.0.0-SNAPSHOT.jar to QuarkusClassLoader Augmentation Class Loader: PROD
[DEBUG] [io.quarkus.bootstrap.classloading.QuarkusClassLoader] Adding elements jakarta.activation-api-1.2.1.jar: file:/Users/mouachani/.m2/repository/jakarta/activation/jakarta.activation-api/1.2.1/jakarta.activation-api-1.2.1.jar to QuarkusClassLoader Augmentation Class Loader: PROD
[DEBUG] [io.quarkus.bootstrap.classloading.QuarkusClassLoader] Adding elements swagger-annotations-2.1.2.jar: file:/Users/mouachani/.m2/repository/io/swagger/core/v3/swagger-annotations/2.1.2/swagger-annotations-2.1.2.jar to QuarkusClassLoader Augmentation Class Loader: PROD
[DEBUG] [io.quarkus.bootstrap.classloading.QuarkusClassLoader] Adding elements swagger-models-2.1.2.jar: file:/Users/mouachani/.m2/repository/io/swagger/core/v3/swagger-models/2.1.2/swagger-models-2.1.2.jar to QuarkusClassLoader Augmentation Class Loader: PROD
[DEBUG] [io.quarkus.bootstrap.classloading.QuarkusClassLoader] Adding elements swagger-core-2.1.2.jar: file:/Users/mouachani/.m2/repository/io/swagger/core/v3/swagger-core/2.1.2/swagger-core-2.1.2.jar to QuarkusClassLoader Augmentation Class Loader: PROD
[DEBUG] [io.quarkus.bootstrap.classloading.QuarkusClassLoader] Adding elements swagger-annotations-1.6.2.jar: file:/Users/mouachani/.m2/repository/io/swagger/swagger-annotations/1.6.2/swagger-annotations-1.6.2.jar to QuarkusClassLoader Augmentation Class Loader: PROD
[DEBUG] [io.quarkus.bootstrap.classloading.QuarkusClassLoader] Adding elements swagger-models-1.6.2.jar: file:/Users/mouachani/.m2/repository/io/swagger/swagger-models/1.6.2/swagger-models-1.6.2.jar to QuarkusClassLoader Augmentation Class Loader: PROD
[DEBUG] [io.quarkus.bootstrap.classloading.QuarkusClassLoader] Adding elements swagger-core-1.6.2.jar: file:/Users/mouachani/.m2/repository/io/swagger/swagger-core/1.6.2/swagger-core-1.6.2.jar to QuarkusClassLoader Augmentation Class Loader: PROD
[DEBUG] [io.quarkus.bootstrap.classloading.QuarkusClassLoader] Adding elements swagger-parser-1.0.53.jar: file:/Users/mouachani/.m2/repository/io/swagger/swagger-parser/1.0.53/swagger-parser-1.0.53.jar to QuarkusClassLoader Augmentation Class Loader: PROD
[DEBUG] [io.quarkus.bootstrap.classloading.QuarkusClassLoader] Adding elements btf-1.2.jar: file:/Users/mouachani/.m2/repository/com/github/fge/btf/1.2/btf-1.2.jar to QuarkusClassLoader Augmentation Class Loader: PROD
[DEBUG] [io.quarkus.bootstrap.classloading.QuarkusClassLoader] Adding elements msg-simple-1.1.jar: file:/Users/mouachani/.m2/repository/com/github/fge/msg-simple/1.1/msg-simple-1.1.jar to QuarkusClassLoader Augmentation Class Loader: PROD
[DEBUG] [io.quarkus.bootstrap.classloading.QuarkusClassLoader] Adding elements uri-template-0.9.jar: file:/Users/mouachani/.m2/repository/com/github/fge/uri-template/0.9/uri-template-0.9.jar to QuarkusClassLoader Augmentation Class Loader: PROD
[DEBUG] [io.quarkus.bootstrap.classloading.QuarkusClassLoader] Adding elements rhino-1.7.13.jar: file:/Users/mouachani/.m2/repository/org/mozilla/rhino/1.7.13/rhino-1.7.13.jar to QuarkusClassLoader Augmentation Class Loader: PROD
[DEBUG] [io.quarkus.bootstrap.classloading.QuarkusClassLoader] Adding elements json-schema-core-1.2.10.jar: file:/Users/mouachani/.m2/repository/com/github/java-json-tools/json-schema-core/1.2.10/json-schema-core-1.2.10.jar to QuarkusClassLoader Augmentation Class Loader: PROD
[DEBUG] [io.quarkus.bootstrap.classloading.QuarkusClassLoader] Adding elements mailapi-1.4.3.jar: file:/Users/mouachani/.m2/repository/javax/mail/mailapi/1.4.3/mailapi-1.4.3.jar to QuarkusClassLoader Augmentation Class Loader: PROD
[DEBUG] [io.quarkus.bootstrap.classloading.QuarkusClassLoader] Adding elements libphonenumber-8.0.0.jar: file:/Users/mouachani/.m2/repository/com/googlecode/libphonenumber/libphonenumber/8.0.0/libphonenumber-8.0.0.jar to QuarkusClassLoader Augmentation Class Loader: PROD
[DEBUG] [io.quarkus.bootstrap.classloading.QuarkusClassLoader] Adding elements jopt-simple-5.0.3.jar: file:/Users/mouachani/.m2/repository/net/sf/jopt-simple/jopt-simple/5.0.3/jopt-simple-5.0.3.jar to QuarkusClassLoader Augmentation Class Loader: PROD
[DEBUG] [io.quarkus.bootstrap.classloading.QuarkusClassLoader] Adding elements json-schema-validator-2.2.10.jar: file:/Users/mouachani/.m2/repository/com/github/java-json-tools/json-schema-validator/2.2.10/json-schema-validator-2.2.10.jar to QuarkusClassLoader Augmentation Class Loader: PROD
[DEBUG] [io.quarkus.bootstrap.classloading.QuarkusClassLoader] Adding elements swagger-compat-spec-parser-1.0.53.jar: file:/Users/mouachani/.m2/repository/io/swagger/swagger-compat-spec-parser/1.0.53/swagger-compat-spec-parser-1.0.53.jar to QuarkusClassLoader Augmentation Class Loader: PROD
[DEBUG] [io.quarkus.bootstrap.classloading.QuarkusClassLoader] Adding elements swagger-parser-core-2.0.24.jar: file:/Users/mouachani/.m2/repository/io/swagger/parser/v3/swagger-parser-core/2.0.24/swagger-parser-core-2.0.24.jar to QuarkusClassLoader Augmentation Class Loader: PROD
[DEBUG] [io.quarkus.bootstrap.classloading.QuarkusClassLoader] Adding elements swagger-parser-v2-converter-2.0.24.jar: file:/Users/mouachani/.m2/repository/io/swagger/parser/v3/swagger-parser-v2-converter/2.0.24/swagger-parser-v2-converter-2.0.24.jar to QuarkusClassLoader Augmentation Class Loader: PROD
[DEBUG] [io.quarkus.bootstrap.classloading.QuarkusClassLoader] Adding elements swagger-parser-v3-2.0.24.jar: file:/Users/mouachani/.m2/repository/io/swagger/parser/v3/swagger-parser-v3/2.0.24/swagger-parser-v3-2.0.24.jar to QuarkusClassLoader Augmentation Class Loader: PROD
[DEBUG] [io.quarkus.bootstrap.classloading.QuarkusClassLoader] Adding elements swagger-parser-2.0.24.jar: file:/Users/mouachani/.m2/repository/io/swagger/parser/v3/swagger-parser/2.0.24/swagger-parser-2.0.24.jar to QuarkusClassLoader Augmentation Class Loader: PROD
[DEBUG] [io.quarkus.bootstrap.classloading.QuarkusClassLoader] Adding elements jmustache-1.14.jar: file:/Users/mouachani/.m2/repository/com/samskivert/jmustache/1.14/jmustache-1.14.jar to QuarkusClassLoader Augmentation Class Loader: PROD
[DEBUG] [io.quarkus.bootstrap.classloading.QuarkusClassLoader] Adding elements handlebars-4.1.2.jar: file:/Users/mouachani/.m2/repository/com/github/jknack/handlebars/4.1.2/handlebars-4.1.2.jar to QuarkusClassLoader Augmentation Class Loader: PROD
[DEBUG] [io.quarkus.bootstrap.classloading.QuarkusClassLoader] Adding elements handlebars-jackson2-4.1.2.jar: file:/Users/mouachani/.m2/repository/com/github/jknack/handlebars-jackson2/4.1.2/handlebars-jackson2-4.1.2.jar to QuarkusClassLoader Augmentation Class Loader: PROD
[DEBUG] [io.quarkus.bootstrap.classloading.QuarkusClassLoader] Adding elements slf4j-ext-1.7.29.jar: file:/Users/mouachani/.m2/repository/org/slf4j/slf4j-ext/1.7.29/slf4j-ext-1.7.29.jar to QuarkusClassLoader Augmentation Class Loader: PROD
[DEBUG] [io.quarkus.bootstrap.classloading.QuarkusClassLoader] Adding elements jackson-datatype-guava-2.12.5.jar: file:/Users/mouachani/.m2/repository/com/fasterxml/jackson/datatype/jackson-datatype-guava/2.12.5/jackson-datatype-guava-2.12.5.jar to QuarkusClassLoader Augmentation Class Loader: PROD
[DEBUG] [io.quarkus.bootstrap.classloading.QuarkusClassLoader] Adding elements commonmark-0.11.0.jar: file:/Users/mouachani/.m2/repository/com/atlassian/commonmark/commonmark/0.11.0/commonmark-0.11.0.jar to QuarkusClassLoader Augmentation Class Loader: PROD
[DEBUG] [io.quarkus.bootstrap.classloading.QuarkusClassLoader] Adding elements automaton-1.11-8.jar: file:/Users/mouachani/.m2/repository/dk/brics/automaton/automaton/1.11-8/automaton-1.11-8.jar to QuarkusClassLoader Augmentation Class Loader: PROD
[DEBUG] [io.quarkus.bootstrap.classloading.QuarkusClassLoader] Adding elements generex-1.0.2.jar: file:/Users/mouachani/.m2/repository/com/github/mifmif/generex/1.0.2/generex-1.0.2.jar to QuarkusClassLoader Augmentation Class Loader: PROD
[DEBUG] [io.quarkus.bootstrap.classloading.QuarkusClassLoader] Adding elements rgxgen-1.3.jar: file:/Users/mouachani/.m2/repository/com/github/curious-odd-man/rgxgen/1.3/rgxgen-1.3.jar to QuarkusClassLoader Augmentation Class Loader: PROD
[DEBUG] [io.quarkus.bootstrap.classloading.QuarkusClassLoader] Adding elements joda-time-2.10.8.jar: file:/Users/mouachani/.m2/repository/joda-time/joda-time/2.10.8/joda-time-2.10.8.jar to QuarkusClassLoader Augmentation Class Loader: PROD
[DEBUG] [io.quarkus.bootstrap.classloading.QuarkusClassLoader] Adding elements jackson-datatype-joda-2.12.5.jar: file:/Users/mouachani/.m2/repository/com/fasterxml/jackson/datatype/jackson-datatype-joda/2.12.5/jackson-datatype-joda-2.12.5.jar to QuarkusClassLoader Augmentation Class Loader: PROD
[DEBUG] [io.quarkus.bootstrap.classloading.QuarkusClassLoader] Adding elements threetenbp-1.4.0.jar: file:/Users/mouachani/.m2/repository/org/threeten/threetenbp/1.4.0/threetenbp-1.4.0.jar to QuarkusClassLoader Augmentation Class Loader: PROD
[DEBUG] [io.quarkus.bootstrap.classloading.QuarkusClassLoader] Adding elements jackson-datatype-threetenbp-2.10.0.jar: file:/Users/mouachani/.m2/repository/com/github/joschi/jackson/jackson-datatype-threetenbp/2.10.0/jackson-datatype-threetenbp-2.10.0.jar to QuarkusClassLoader Augmentation Class Loader: PROD
[DEBUG] [io.quarkus.bootstrap.classloading.QuarkusClassLoader] Adding elements openapi-generator-core-5.0.1.jar: file:/Users/mouachani/.m2/repository/org/openapitools/openapi-generator-core/5.0.1/openapi-generator-core-5.0.1.jar to QuarkusClassLoader Augmentation Class Loader: PROD
[DEBUG] [io.quarkus.bootstrap.classloading.QuarkusClassLoader] Adding elements jna-5.8.0.jar: file:/Users/mouachani/.m2/repository/net/java/dev/jna/jna/5.8.0/jna-5.8.0.jar to QuarkusClassLoader Augmentation Class Loader: PROD
[DEBUG] [io.quarkus.bootstrap.classloading.QuarkusClassLoader] Adding elements openapi-generator-5.0.1.jar: file:/Users/mouachani/.m2/repository/org/openapitools/openapi-generator/5.0.1/openapi-generator-5.0.1.jar to QuarkusClassLoader Augmentation Class Loader: PROD
[DEBUG] [io.quarkus.bootstrap.classloading.QuarkusClassLoader] Adding elements kogito-codegen-openapi-2.0.0-SNAPSHOT.jar: file:/Users/mouachani/.m2/repository/org/kie/kogito/kogito-codegen-openapi/2.0.0-SNAPSHOT/kogito-codegen-openapi-2.0.0-SNAPSHOT.jar to QuarkusClassLoader Augmentation Class Loader: PROD
[DEBUG] [io.quarkus.bootstrap.classloading.QuarkusClassLoader] Adding elements kogito-quarkus-common-deployment-2.0.0-SNAPSHOT.jar: file:/Users/mouachani/.m2/repository/org/kie/kogito/kogito-quarkus-common-deployment/2.0.0-SNAPSHOT/kogito-quarkus-common-deployment-2.0.0-SNAPSHOT.jar to QuarkusClassLoader Augmentation Class Loader: PROD
[DEBUG] [io.quarkus.bootstrap.classloading.QuarkusClassLoader] Adding elements drools-xml-support-8.15.0-SNAPSHOT.jar: file:/Users/mouachani/.m2/repository/org/drools/drools-xml-support/8.15.0-SNAPSHOT/drools-xml-support-8.15.0-SNAPSHOT.jar to QuarkusClassLoader Augmentation Class Loader: PROD
[DEBUG] [io.quarkus.bootstrap.classloading.QuarkusClassLoader] Adding elements kogito-codegen-rules-2.0.0-SNAPSHOT.jar: file:/Users/mouachani/.m2/repository/org/kie/kogito/kogito-codegen-rules/2.0.0-SNAPSHOT/kogito-codegen-rules-2.0.0-SNAPSHOT.jar to QuarkusClassLoader Augmentation Class Loader: PROD
[DEBUG] [io.quarkus.bootstrap.classloading.QuarkusClassLoader] Adding elements kogito-quarkus-rules-deployment-2.0.0-SNAPSHOT.jar: file:/Users/mouachani/.m2/repository/org/kie/kogito/kogito-quarkus-rules-deployment/2.0.0-SNAPSHOT/kogito-quarkus-rules-deployment-2.0.0-SNAPSHOT.jar to QuarkusClassLoader Augmentation Class Loader: PROD
[DEBUG] [io.quarkus.bootstrap.classloading.QuarkusClassLoader] Adding elements kie-dmn-openapi-8.15.0-SNAPSHOT.jar: file:/Users/mouachani/.m2/repository/org/kie/kie-dmn-openapi/8.15.0-SNAPSHOT/kie-dmn-openapi-8.15.0-SNAPSHOT.jar to QuarkusClassLoader Augmentation Class Loader: PROD
[DEBUG] [io.quarkus.bootstrap.classloading.QuarkusClassLoader] Adding elements kogito-codegen-decisions-2.0.0-SNAPSHOT.jar: file:/Users/mouachani/.m2/repository/org/kie/kogito/kogito-codegen-decisions/2.0.0-SNAPSHOT/kogito-codegen-decisions-2.0.0-SNAPSHOT.jar to QuarkusClassLoader Augmentation Class Loader: PROD
[DEBUG] [io.quarkus.bootstrap.classloading.QuarkusClassLoader] Adding elements kogito-quarkus-decisions-deployment-2.0.0-SNAPSHOT.jar: file:/Users/mouachani/.m2/repository/org/kie/kogito/kogito-quarkus-decisions-deployment/2.0.0-SNAPSHOT/kogito-quarkus-decisions-deployment-2.0.0-SNAPSHOT.jar to QuarkusClassLoader Augmentation Class Loader: PROD
[DEBUG] [io.quarkus.bootstrap.classloading.QuarkusClassLoader] Adding elements kogito-pmml-openapi-2.0.0-SNAPSHOT.jar: file:/Users/mouachani/.m2/repository/org/kie/kogito/kogito-pmml-openapi/2.0.0-SNAPSHOT/kogito-pmml-openapi-2.0.0-SNAPSHOT.jar to QuarkusClassLoader Augmentation Class Loader: PROD
[DEBUG] [io.quarkus.bootstrap.classloading.QuarkusClassLoader] Adding elements kogito-codegen-predictions-2.0.0-SNAPSHOT.jar: file:/Users/mouachani/.m2/repository/org/kie/kogito/kogito-codegen-predictions/2.0.0-SNAPSHOT/kogito-codegen-predictions-2.0.0-SNAPSHOT.jar to QuarkusClassLoader Augmentation Class Loader: PROD
[DEBUG] [io.quarkus.bootstrap.classloading.QuarkusClassLoader] Adding elements kogito-quarkus-predictions-deployment-2.0.0-SNAPSHOT.jar: file:/Users/mouachani/.m2/repository/org/kie/kogito/kogito-quarkus-predictions-deployment/2.0.0-SNAPSHOT/kogito-quarkus-predictions-deployment-2.0.0-SNAPSHOT.jar to QuarkusClassLoader Augmentation Class Loader: PROD
[DEBUG] [io.quarkus.bootstrap.classloading.QuarkusClassLoader] Adding elements kogito-quarkus-deployment-2.0.0-SNAPSHOT.jar: file:/Users/mouachani/.m2/repository/org/kie/kogito/kogito-quarkus-deployment/2.0.0-SNAPSHOT/kogito-quarkus-deployment-2.0.0-SNAPSHOT.jar to QuarkusClassLoader Augmentation Class Loader: PROD
[DEBUG] [io.quarkus.bootstrap.classloading.QuarkusClassLoader] Adding elements jansi-1.18.jar: file:/Users/mouachani/.m2/repository/org/fusesource/jansi/jansi/1.18/jansi-1.18.jar to QuarkusClassLoader Augmentation Class Loader: PROD
[DEBUG] [io.quarkus.bootstrap.classloading.QuarkusClassLoader] Adding elements readline-2.1.jar: file:/Users/mouachani/.m2/repository/org/aesh/readline/2.1/readline-2.1.jar to QuarkusClassLoader Augmentation Class Loader: PROD
[DEBUG] [io.quarkus.bootstrap.classloading.QuarkusClassLoader] Adding elements asm-commons-9.2.jar: file:/Users/mouachani/.m2/repository/org/ow2/asm/asm-commons/9.2/asm-commons-9.2.jar to QuarkusClassLoader Augmentation Class Loader: PROD
[DEBUG] [io.quarkus.bootstrap.classloading.QuarkusClassLoader] Adding parent first element quarkus-class-change-agent-2.4.0.Final.jar: file:/Users/mouachani/.m2/repository/io/quarkus/quarkus-class-change-agent/2.4.0.Final/quarkus-class-change-agent-2.4.0.Final.jar to QuarkusClassLoader Augmentation Class Loader: PROD
[DEBUG] [io.quarkus.bootstrap.classloading.QuarkusClassLoader] Adding elements quarkus-class-change-agent-2.4.0.Final.jar: file:/Users/mouachani/.m2/repository/io/quarkus/quarkus-class-change-agent/2.4.0.Final/quarkus-class-change-agent-2.4.0.Final.jar to QuarkusClassLoader Augmentation Class Loader: PROD
[DEBUG] [io.quarkus.bootstrap.classloading.QuarkusClassLoader] Adding parent first element quarkus-bootstrap-app-model-2.4.0.Final.jar: file:/Users/mouachani/.m2/repository/io/quarkus/quarkus-bootstrap-app-model/2.4.0.Final/quarkus-bootstrap-app-model-2.4.0.Final.jar to QuarkusClassLoader Augmentation Class Loader: PROD
[DEBUG] [io.quarkus.bootstrap.classloading.QuarkusClassLoader] Adding elements quarkus-bootstrap-app-model-2.4.0.Final.jar: file:/Users/mouachani/.m2/repository/io/quarkus/quarkus-bootstrap-app-model/2.4.0.Final/quarkus-bootstrap-app-model-2.4.0.Final.jar to QuarkusClassLoader Augmentation Class Loader: PROD
[DEBUG] [io.quarkus.bootstrap.classloading.QuarkusClassLoader] Adding elements maven-settings-3.8.1.jar: file:/Users/mouachani/.m2/repository/org/apache/maven/maven-settings/3.8.1/maven-settings-3.8.1.jar to QuarkusClassLoader Augmentation Class Loader: PROD
[DEBUG] [io.quarkus.bootstrap.classloading.QuarkusClassLoader] Adding elements maven-artifact-3.8.1.jar: file:/Users/mouachani/.m2/repository/org/apache/maven/maven-artifact/3.8.1/maven-artifact-3.8.1.jar to QuarkusClassLoader Augmentation Class Loader: PROD
[DEBUG] [io.quarkus.bootstrap.classloading.QuarkusClassLoader] Adding elements plexus-component-annotations-2.1.0.jar: file:/Users/mouachani/.m2/repository/org/codehaus/plexus/plexus-component-annotations/2.1.0/plexus-component-annotations-2.1.0.jar to QuarkusClassLoader Augmentation Class Loader: PROD
[DEBUG] [io.quarkus.bootstrap.classloading.QuarkusClassLoader] Adding elements maven-core-3.8.1.jar: file:/Users/mouachani/.m2/repository/org/apache/maven/maven-core/3.8.1/maven-core-3.8.1.jar to QuarkusClassLoader Augmentation Class Loader: PROD
[DEBUG] [io.quarkus.bootstrap.classloading.QuarkusClassLoader] Adding elements maven-plugin-api-3.8.1.jar: file:/Users/mouachani/.m2/repository/org/apache/maven/maven-plugin-api/3.8.1/maven-plugin-api-3.8.1.jar to QuarkusClassLoader Augmentation Class Loader: PROD
[DEBUG] [io.quarkus.bootstrap.classloading.QuarkusClassLoader] Adding parent first element maven-model-3.8.1.jar: file:/Users/mouachani/.m2/repository/org/apache/maven/maven-model/3.8.1/maven-model-3.8.1.jar to QuarkusClassLoader Augmentation Class Loader: PROD
[DEBUG] [io.quarkus.bootstrap.classloading.QuarkusClassLoader] Adding elements maven-model-3.8.1.jar: file:/Users/mouachani/.m2/repository/org/apache/maven/maven-model/3.8.1/maven-model-3.8.1.jar to QuarkusClassLoader Augmentation Class Loader: PROD
[DEBUG] [io.quarkus.bootstrap.classloading.QuarkusClassLoader] Adding elements maven-model-builder-3.8.1.jar: file:/Users/mouachani/.m2/repository/org/apache/maven/maven-model-builder/3.8.1/maven-model-builder-3.8.1.jar to QuarkusClassLoader Augmentation Class Loader: PROD
[DEBUG] [io.quarkus.bootstrap.classloading.QuarkusClassLoader] Adding elements maven-builder-support-3.8.1.jar: file:/Users/mouachani/.m2/repository/org/apache/maven/maven-builder-support/3.8.1/maven-builder-support-3.8.1.jar to QuarkusClassLoader Augmentation Class Loader: PROD
[DEBUG] [io.quarkus.bootstrap.classloading.QuarkusClassLoader] Adding parent first element maven-resolver-api-1.6.2.jar: file:/Users/mouachani/.m2/repository/org/apache/maven/resolver/maven-resolver-api/1.6.2/maven-resolver-api-1.6.2.jar to QuarkusClassLoader Augmentation Class Loader: PROD
[DEBUG] [io.quarkus.bootstrap.classloading.QuarkusClassLoader] Adding elements maven-resolver-api-1.6.2.jar: file:/Users/mouachani/.m2/repository/org/apache/maven/resolver/maven-resolver-api/1.6.2/maven-resolver-api-1.6.2.jar to QuarkusClassLoader Augmentation Class Loader: PROD
[DEBUG] [io.quarkus.bootstrap.classloading.QuarkusClassLoader] Adding elements maven-resolver-util-1.6.2.jar: file:/Users/mouachani/.m2/repository/org/apache/maven/resolver/maven-resolver-util/1.6.2/maven-resolver-util-1.6.2.jar to QuarkusClassLoader Augmentation Class Loader: PROD
[DEBUG] [io.quarkus.bootstrap.classloading.QuarkusClassLoader] Adding elements maven-shared-utils-3.3.3.jar: file:/Users/mouachani/.m2/repository/org/apache/maven/shared/maven-shared-utils/3.3.3/maven-shared-utils-3.3.3.jar to QuarkusClassLoader Augmentation Class Loader: PROD
[DEBUG] [io.quarkus.bootstrap.classloading.QuarkusClassLoader] Adding elements guice-4.2.1-no_aop.jar: file:/Users/mouachani/.m2/repository/com/google/inject/guice/4.2.1/guice-4.2.1-no_aop.jar to QuarkusClassLoader Augmentation Class Loader: PROD
[DEBUG] [io.quarkus.bootstrap.classloading.QuarkusClassLoader] Adding parent first element plexus-utils-3.2.1.jar: file:/Users/mouachani/.m2/repository/org/codehaus/plexus/plexus-utils/3.2.1/plexus-utils-3.2.1.jar to QuarkusClassLoader Augmentation Class Loader: PROD
[DEBUG] [io.quarkus.bootstrap.classloading.QuarkusClassLoader] Adding elements plexus-utils-3.2.1.jar: file:/Users/mouachani/.m2/repository/org/codehaus/plexus/plexus-utils/3.2.1/plexus-utils-3.2.1.jar to QuarkusClassLoader Augmentation Class Loader: PROD
[DEBUG] [io.quarkus.bootstrap.classloading.QuarkusClassLoader] Adding elements plexus-classworlds-2.6.0.jar: file:/Users/mouachani/.m2/repository/org/codehaus/plexus/plexus-classworlds/2.6.0/plexus-classworlds-2.6.0.jar to QuarkusClassLoader Augmentation Class Loader: PROD
[DEBUG] [io.quarkus.bootstrap.classloading.QuarkusClassLoader] Adding elements commons-cli-1.4.jar: file:/Users/mouachani/.m2/repository/commons-cli/commons-cli/1.4/commons-cli-1.4.jar to QuarkusClassLoader Augmentation Class Loader: PROD
[DEBUG] [io.quarkus.bootstrap.classloading.QuarkusClassLoader] Adding elements maven-embedder-3.8.1.jar: file:/Users/mouachani/.m2/repository/org/apache/maven/maven-embedder/3.8.1/maven-embedder-3.8.1.jar to QuarkusClassLoader Augmentation Class Loader: PROD
[DEBUG] [io.quarkus.bootstrap.classloading.QuarkusClassLoader] Adding elements org.eclipse.sisu.plexus-0.3.4.jar: file:/Users/mouachani/.m2/repository/org/eclipse/sisu/org.eclipse.sisu.plexus/0.3.4/org.eclipse.sisu.plexus-0.3.4.jar to QuarkusClassLoader Augmentation Class Loader: PROD
[DEBUG] [io.quarkus.bootstrap.classloading.QuarkusClassLoader] Adding elements plexus-interpolation-1.25.jar: file:/Users/mouachani/.m2/repository/org/codehaus/plexus/plexus-interpolation/1.25/plexus-interpolation-1.25.jar to QuarkusClassLoader Augmentation Class Loader: PROD
[DEBUG] [io.quarkus.bootstrap.classloading.QuarkusClassLoader] Adding elements plexus-cipher-1.4.jar: file:/Users/mouachani/.m2/repository/org/sonatype/plexus/plexus-cipher/1.4/plexus-cipher-1.4.jar to QuarkusClassLoader Augmentation Class Loader: PROD
[DEBUG] [io.quarkus.bootstrap.classloading.QuarkusClassLoader] Adding elements plexus-sec-dispatcher-1.4.jar: file:/Users/mouachani/.m2/repository/org/sonatype/plexus/plexus-sec-dispatcher/1.4/plexus-sec-dispatcher-1.4.jar to QuarkusClassLoader Augmentation Class Loader: PROD
[DEBUG] [io.quarkus.bootstrap.classloading.QuarkusClassLoader] Adding elements maven-settings-builder-3.8.1.jar: file:/Users/mouachani/.m2/repository/org/apache/maven/maven-settings-builder/3.8.1/maven-settings-builder-3.8.1.jar to QuarkusClassLoader Augmentation Class Loader: PROD
[DEBUG] [io.quarkus.bootstrap.classloading.QuarkusClassLoader] Adding elements maven-repository-metadata-3.8.1.jar: file:/Users/mouachani/.m2/repository/org/apache/maven/maven-repository-metadata/3.8.1/maven-repository-metadata-3.8.1.jar to QuarkusClassLoader Augmentation Class Loader: PROD
[DEBUG] [io.quarkus.bootstrap.classloading.QuarkusClassLoader] Adding elements maven-resolver-spi-1.6.2.jar: file:/Users/mouachani/.m2/repository/org/apache/maven/resolver/maven-resolver-spi/1.6.2/maven-resolver-spi-1.6.2.jar to QuarkusClassLoader Augmentation Class Loader: PROD
[DEBUG] [io.quarkus.bootstrap.classloading.QuarkusClassLoader] Adding parent first element maven-resolver-impl-1.6.2.jar: file:/Users/mouachani/.m2/repository/org/apache/maven/resolver/maven-resolver-impl/1.6.2/maven-resolver-impl-1.6.2.jar to QuarkusClassLoader Augmentation Class Loader: PROD
[DEBUG] [io.quarkus.bootstrap.classloading.QuarkusClassLoader] Adding elements maven-resolver-impl-1.6.2.jar: file:/Users/mouachani/.m2/repository/org/apache/maven/resolver/maven-resolver-impl/1.6.2/maven-resolver-impl-1.6.2.jar to QuarkusClassLoader Augmentation Class Loader: PROD
[DEBUG] [io.quarkus.bootstrap.classloading.QuarkusClassLoader] Adding elements maven-resolver-provider-3.8.1.jar: file:/Users/mouachani/.m2/repository/org/apache/maven/maven-resolver-provider/3.8.1/maven-resolver-provider-3.8.1.jar to QuarkusClassLoader Augmentation Class Loader: PROD
[DEBUG] [io.quarkus.bootstrap.classloading.QuarkusClassLoader] Adding elements maven-resolver-connector-basic-1.6.2.jar: file:/Users/mouachani/.m2/repository/org/apache/maven/resolver/maven-resolver-connector-basic/1.6.2/maven-resolver-connector-basic-1.6.2.jar to QuarkusClassLoader Augmentation Class Loader: PROD
[DEBUG] [io.quarkus.bootstrap.classloading.QuarkusClassLoader] Adding elements maven-resolver-transport-wagon-1.6.2.jar: file:/Users/mouachani/.m2/repository/org/apache/maven/resolver/maven-resolver-transport-wagon/1.6.2/maven-resolver-transport-wagon-1.6.2.jar to QuarkusClassLoader Augmentation Class Loader: PROD
[DEBUG] [io.quarkus.bootstrap.classloading.QuarkusClassLoader] Adding elements jsoup-1.14.2.jar: file:/Users/mouachani/.m2/repository/org/jsoup/jsoup/1.14.2/jsoup-1.14.2.jar to QuarkusClassLoader Augmentation Class Loader: PROD
[DEBUG] [io.quarkus.bootstrap.classloading.QuarkusClassLoader] Adding elements wagon-http-shared-3.4.3.jar: file:/Users/mouachani/.m2/repository/org/apache/maven/wagon/wagon-http-shared/3.4.3/wagon-http-shared-3.4.3.jar to QuarkusClassLoader Augmentation Class Loader: PROD
[DEBUG] [io.quarkus.bootstrap.classloading.QuarkusClassLoader] Adding elements wagon-provider-api-3.4.3.jar: file:/Users/mouachani/.m2/repository/org/apache/maven/wagon/wagon-provider-api/3.4.3/wagon-provider-api-3.4.3.jar to QuarkusClassLoader Augmentation Class Loader: PROD
[DEBUG] [io.quarkus.bootstrap.classloading.QuarkusClassLoader] Adding elements wagon-http-3.4.3.jar: file:/Users/mouachani/.m2/repository/org/apache/maven/wagon/wagon-http/3.4.3/wagon-http-3.4.3.jar to QuarkusClassLoader Augmentation Class Loader: PROD
[DEBUG] [io.quarkus.bootstrap.classloading.QuarkusClassLoader] Adding elements wagon-file-3.4.3.jar: file:/Users/mouachani/.m2/repository/org/apache/maven/wagon/wagon-file/3.4.3/wagon-file-3.4.3.jar to QuarkusClassLoader Augmentation Class Loader: PROD
[DEBUG] [io.quarkus.bootstrap.classloading.QuarkusClassLoader] Adding parent first element quarkus-bootstrap-maven-resolver-2.4.0.Final.jar: file:/Users/mouachani/.m2/repository/io/quarkus/quarkus-bootstrap-maven-resolver/2.4.0.Final/quarkus-bootstrap-maven-resolver-2.4.0.Final.jar to QuarkusClassLoader Augmentation Class Loader: PROD
[DEBUG] [io.quarkus.bootstrap.classloading.QuarkusClassLoader] Adding elements quarkus-bootstrap-maven-resolver-2.4.0.Final.jar: file:/Users/mouachani/.m2/repository/io/quarkus/quarkus-bootstrap-maven-resolver/2.4.0.Final/quarkus-bootstrap-maven-resolver-2.4.0.Final.jar to QuarkusClassLoader Augmentation Class Loader: PROD
[DEBUG] [io.quarkus.bootstrap.classloading.QuarkusClassLoader] Adding parent first element quarkus-bootstrap-gradle-resolver-2.4.0.Final.jar: file:/Users/mouachani/.m2/repository/io/quarkus/quarkus-bootstrap-gradle-resolver/2.4.0.Final/quarkus-bootstrap-gradle-resolver-2.4.0.Final.jar to QuarkusClassLoader Augmentation Class Loader: PROD
[DEBUG] [io.quarkus.bootstrap.classloading.QuarkusClassLoader] Adding elements quarkus-bootstrap-gradle-resolver-2.4.0.Final.jar: file:/Users/mouachani/.m2/repository/io/quarkus/quarkus-bootstrap-gradle-resolver/2.4.0.Final/quarkus-bootstrap-gradle-resolver-2.4.0.Final.jar to QuarkusClassLoader Augmentation Class Loader: PROD
[DEBUG] [io.quarkus.bootstrap.classloading.QuarkusClassLoader] Adding parent first element quarkus-bootstrap-core-2.4.0.Final.jar: file:/Users/mouachani/.m2/repository/io/quarkus/quarkus-bootstrap-core/2.4.0.Final/quarkus-bootstrap-core-2.4.0.Final.jar to QuarkusClassLoader Augmentation Class Loader: PROD
[DEBUG] [io.quarkus.bootstrap.classloading.QuarkusClassLoader] Adding elements quarkus-bootstrap-core-2.4.0.Final.jar: file:/Users/mouachani/.m2/repository/io/quarkus/quarkus-bootstrap-core/2.4.0.Final/quarkus-bootstrap-core-2.4.0.Final.jar to QuarkusClassLoader Augmentation Class Loader: PROD
[DEBUG] [io.quarkus.bootstrap.classloading.QuarkusClassLoader] Adding elements quarkus-devtools-utilities-2.4.0.Final.jar: file:/Users/mouachani/.m2/repository/io/quarkus/quarkus-devtools-utilities/2.4.0.Final/quarkus-devtools-utilities-2.4.0.Final.jar to QuarkusClassLoader Augmentation Class Loader: PROD
[DEBUG] [io.quarkus.bootstrap.classloading.QuarkusClassLoader] Adding elements org.eclipse.sisu.inject-0.3.4.jar: file:/Users/mouachani/.m2/repository/org/eclipse/sisu/org.eclipse.sisu.inject/0.3.4/org.eclipse.sisu.inject-0.3.4.jar to QuarkusClassLoader Augmentation Class Loader: PROD
[DEBUG] [io.quarkus.bootstrap.classloading.QuarkusClassLoader] Adding elements quarkus-builder-2.4.0.Final.jar: file:/Users/mouachani/.m2/repository/io/quarkus/quarkus-builder/2.4.0.Final/quarkus-builder-2.4.0.Final.jar to QuarkusClassLoader Augmentation Class Loader: PROD
[DEBUG] [io.quarkus.bootstrap.classloading.QuarkusClassLoader] Adding parent first element opentest4j-1.2.0.jar: file:/Users/mouachani/.m2/repository/org/opentest4j/opentest4j/1.2.0/opentest4j-1.2.0.jar to QuarkusClassLoader Augmentation Class Loader: PROD
[DEBUG] [io.quarkus.bootstrap.classloading.QuarkusClassLoader] Adding elements opentest4j-1.2.0.jar: file:/Users/mouachani/.m2/repository/org/opentest4j/opentest4j/1.2.0/opentest4j-1.2.0.jar to QuarkusClassLoader Augmentation Class Loader: PROD
[DEBUG] [io.quarkus.bootstrap.classloading.QuarkusClassLoader] Adding parent first element junit-platform-commons-1.8.1.jar: file:/Users/mouachani/.m2/repository/org/junit/platform/junit-platform-commons/1.8.1/junit-platform-commons-1.8.1.jar to QuarkusClassLoader Augmentation Class Loader: PROD
[DEBUG] [io.quarkus.bootstrap.classloading.QuarkusClassLoader] Adding elements junit-platform-commons-1.8.1.jar: file:/Users/mouachani/.m2/repository/org/junit/platform/junit-platform-commons/1.8.1/junit-platform-commons-1.8.1.jar to QuarkusClassLoader Augmentation Class Loader: PROD
[DEBUG] [io.quarkus.bootstrap.classloading.QuarkusClassLoader] Adding parent first element junit-platform-engine-1.8.1.jar: file:/Users/mouachani/.m2/repository/org/junit/platform/junit-platform-engine/1.8.1/junit-platform-engine-1.8.1.jar to QuarkusClassLoader Augmentation Class Loader: PROD
[DEBUG] [io.quarkus.bootstrap.classloading.QuarkusClassLoader] Adding elements junit-platform-engine-1.8.1.jar: file:/Users/mouachani/.m2/repository/org/junit/platform/junit-platform-engine/1.8.1/junit-platform-engine-1.8.1.jar to QuarkusClassLoader Augmentation Class Loader: PROD
[DEBUG] [io.quarkus.bootstrap.classloading.QuarkusClassLoader] Adding parent first element apiguardian-api-1.1.2.jar: file:/Users/mouachani/.m2/repository/org/apiguardian/apiguardian-api/1.1.2/apiguardian-api-1.1.2.jar to QuarkusClassLoader Augmentation Class Loader: PROD
[DEBUG] [io.quarkus.bootstrap.classloading.QuarkusClassLoader] Adding elements apiguardian-api-1.1.2.jar: file:/Users/mouachani/.m2/repository/org/apiguardian/apiguardian-api/1.1.2/apiguardian-api-1.1.2.jar to QuarkusClassLoader Augmentation Class Loader: PROD
[DEBUG] [io.quarkus.bootstrap.classloading.QuarkusClassLoader] Adding parent first element junit-platform-launcher-1.8.1.jar: file:/Users/mouachani/.m2/repository/org/junit/platform/junit-platform-launcher/1.8.1/junit-platform-launcher-1.8.1.jar to QuarkusClassLoader Augmentation Class Loader: PROD
[DEBUG] [io.quarkus.bootstrap.classloading.QuarkusClassLoader] Adding elements junit-platform-launcher-1.8.1.jar: file:/Users/mouachani/.m2/repository/org/junit/platform/junit-platform-launcher/1.8.1/junit-platform-launcher-1.8.1.jar to QuarkusClassLoader Augmentation Class Loader: PROD
[DEBUG] [io.quarkus.bootstrap.classloading.QuarkusClassLoader] Adding parent first element junit-jupiter-api-5.8.1.jar: file:/Users/mouachani/.m2/repository/org/junit/jupiter/junit-jupiter-api/5.8.1/junit-jupiter-api-5.8.1.jar to QuarkusClassLoader Augmentation Class Loader: PROD
[DEBUG] [io.quarkus.bootstrap.classloading.QuarkusClassLoader] Adding elements junit-jupiter-api-5.8.1.jar: file:/Users/mouachani/.m2/repository/org/junit/jupiter/junit-jupiter-api/5.8.1/junit-jupiter-api-5.8.1.jar to QuarkusClassLoader Augmentation Class Loader: PROD
[DEBUG] [io.quarkus.bootstrap.classloading.QuarkusClassLoader] Adding parent first element junit-jupiter-params-5.8.1.jar: file:/Users/mouachani/.m2/repository/org/junit/jupiter/junit-jupiter-params/5.8.1/junit-jupiter-params-5.8.1.jar to QuarkusClassLoader Augmentation Class Loader: PROD
[DEBUG] [io.quarkus.bootstrap.classloading.QuarkusClassLoader] Adding elements junit-jupiter-params-5.8.1.jar: file:/Users/mouachani/.m2/repository/org/junit/jupiter/junit-jupiter-params/5.8.1/junit-jupiter-params-5.8.1.jar to QuarkusClassLoader Augmentation Class Loader: PROD
[DEBUG] [io.quarkus.bootstrap.classloading.QuarkusClassLoader] Adding parent first element junit-jupiter-engine-5.8.1.jar: file:/Users/mouachani/.m2/repository/org/junit/jupiter/junit-jupiter-engine/5.8.1/junit-jupiter-engine-5.8.1.jar to QuarkusClassLoader Augmentation Class Loader: PROD
[DEBUG] [io.quarkus.bootstrap.classloading.QuarkusClassLoader] Adding elements junit-jupiter-engine-5.8.1.jar: file:/Users/mouachani/.m2/repository/org/junit/jupiter/junit-jupiter-engine/5.8.1/junit-jupiter-engine-5.8.1.jar to QuarkusClassLoader Augmentation Class Loader: PROD
[DEBUG] [io.quarkus.bootstrap.classloading.QuarkusClassLoader] Adding elements junit-jupiter-5.8.1.jar: file:/Users/mouachani/.m2/repository/org/junit/jupiter/junit-jupiter/5.8.1/junit-jupiter-5.8.1.jar to QuarkusClassLoader Augmentation Class Loader: PROD
[DEBUG] [io.quarkus.bootstrap.classloading.QuarkusClassLoader] Adding elements quarkus-core-deployment-2.4.0.Final.jar: file:/Users/mouachani/.m2/repository/io/quarkus/quarkus-core-deployment/2.4.0.Final/quarkus-core-deployment-2.4.0.Final.jar to QuarkusClassLoader Augmentation Class Loader: PROD
[DEBUG] [io.quarkus.bootstrap.classloading.QuarkusClassLoader] Adding elements quarkus-vertx-http-dev-console-spi-2.4.0.Final.jar: file:/Users/mouachani/.m2/repository/io/quarkus/quarkus-vertx-http-dev-console-spi/2.4.0.Final/quarkus-vertx-http-dev-console-spi-2.4.0.Final.jar to QuarkusClassLoader Augmentation Class Loader: PROD
[DEBUG] [io.quarkus.bootstrap.classloading.QuarkusClassLoader] Adding elements quarkus-arc-deployment-2.4.0.Final.jar: file:/Users/mouachani/.m2/repository/io/quarkus/quarkus-arc-deployment/2.4.0.Final/quarkus-arc-deployment-2.4.0.Final.jar to QuarkusClassLoader Augmentation Class Loader: PROD
[DEBUG] [io.quarkus.bootstrap.classloading.QuarkusClassLoader] Adding elements quarkus-jaxrs-spi-deployment-2.4.0.Final.jar: file:/Users/mouachani/.m2/repository/io/quarkus/quarkus-jaxrs-spi-deployment/2.4.0.Final/quarkus-jaxrs-spi-deployment-2.4.0.Final.jar to QuarkusClassLoader Augmentation Class Loader: PROD
[DEBUG] [io.quarkus.bootstrap.classloading.QuarkusClassLoader] Adding elements quarkus-undertow-spi-2.4.0.Final.jar: file:/Users/mouachani/.m2/repository/io/quarkus/quarkus-undertow-spi/2.4.0.Final/quarkus-undertow-spi-2.4.0.Final.jar to QuarkusClassLoader Augmentation Class Loader: PROD
[DEBUG] [io.quarkus.bootstrap.classloading.QuarkusClassLoader] Adding elements quarkus-resteasy-server-common-deployment-2.4.0.Final.jar: file:/Users/mouachani/.m2/repository/io/quarkus/quarkus-resteasy-server-common-deployment/2.4.0.Final/quarkus-resteasy-server-common-deployment-2.4.0.Final.jar to QuarkusClassLoader Augmentation Class Loader: PROD
[DEBUG] [io.quarkus.bootstrap.classloading.QuarkusClassLoader] Adding elements quarkus-smallrye-context-propagation-deployment-2.4.0.Final.jar: file:/Users/mouachani/.m2/repository/io/quarkus/quarkus-smallrye-context-propagation-deployment/2.4.0.Final/quarkus-smallrye-context-propagation-deployment-2.4.0.Final.jar to QuarkusClassLoader Augmentation Class Loader: PROD
[DEBUG] [io.quarkus.bootstrap.classloading.QuarkusClassLoader] Adding elements quarkus-mutiny-deployment-2.4.0.Final.jar: file:/Users/mouachani/.m2/repository/io/quarkus/quarkus-mutiny-deployment/2.4.0.Final/quarkus-mutiny-deployment-2.4.0.Final.jar to QuarkusClassLoader Augmentation Class Loader: PROD
[DEBUG] [io.quarkus.bootstrap.classloading.QuarkusClassLoader] Adding elements quarkus-kubernetes-spi-2.4.0.Final.jar: file:/Users/mouachani/.m2/repository/io/quarkus/quarkus-kubernetes-spi/2.4.0.Final/quarkus-kubernetes-spi-2.4.0.Final.jar to QuarkusClassLoader Augmentation Class Loader: PROD
[DEBUG] [io.quarkus.bootstrap.classloading.QuarkusClassLoader] Adding elements qute-core-2.4.0.Final.jar: file:/Users/mouachani/.m2/repository/io/quarkus/qute/qute-core/2.4.0.Final/qute-core-2.4.0.Final.jar to QuarkusClassLoader Augmentation Class Loader: PROD
[DEBUG] [io.quarkus.bootstrap.classloading.QuarkusClassLoader] Adding elements quarkus-vertx-http-deployment-2.4.0.Final.jar: file:/Users/mouachani/.m2/repository/io/quarkus/quarkus-vertx-http-deployment/2.4.0.Final/quarkus-vertx-http-deployment-2.4.0.Final.jar to QuarkusClassLoader Augmentation Class Loader: PROD
[DEBUG] [io.quarkus.bootstrap.classloading.QuarkusClassLoader] Adding elements quarkus-security-spi-2.4.0.Final.jar: file:/Users/mouachani/.m2/repository/io/quarkus/quarkus-security-spi/2.4.0.Final/quarkus-security-spi-2.4.0.Final.jar to QuarkusClassLoader Augmentation Class Loader: PROD
[DEBUG] [io.quarkus.bootstrap.classloading.QuarkusClassLoader] Adding elements quarkus-resteasy-deployment-2.4.0.Final.jar: file:/Users/mouachani/.m2/repository/io/quarkus/quarkus-resteasy-deployment/2.4.0.Final/quarkus-resteasy-deployment-2.4.0.Final.jar to QuarkusClassLoader Augmentation Class Loader: PROD
[DEBUG] [io.quarkus.bootstrap.classloading.QuarkusClassLoader] Adding elements kogito-addons-quarkus-common-deployment-2.0.0-SNAPSHOT.jar: file:/Users/mouachani/.m2/repository/org/kie/kogito/kogito-addons-quarkus-common-deployment/2.0.0-SNAPSHOT/kogito-addons-quarkus-common-deployment-2.0.0-SNAPSHOT.jar to QuarkusClassLoader Augmentation Class Loader: PROD
[DEBUG] [io.quarkus.bootstrap.classloading.QuarkusClassLoader] Adding elements kogito-addons-quarkus-process-management-deployment-2.0.0-SNAPSHOT.jar: file:/Users/mouachani/.m2/repository/org/kie/kogito/kogito-addons-quarkus-process-management-deployment/2.0.0-SNAPSHOT/kogito-addons-quarkus-process-management-deployment-2.0.0-SNAPSHOT.jar to QuarkusClassLoader Augmentation Class Loader: PROD
[DEBUG] [io.quarkus.bootstrap.classloading.QuarkusClassLoader] Adding elements docker-java-api-3.2.11.jar: file:/Users/mouachani/.m2/repository/com/github/docker-java/docker-java-api/3.2.11/docker-java-api-3.2.11.jar to QuarkusClassLoader Augmentation Class Loader: PROD
[DEBUG] [io.quarkus.bootstrap.classloading.QuarkusClassLoader] Adding elements commons-compress-1.21.jar: file:/Users/mouachani/.m2/repository/org/apache/commons/commons-compress/1.21/commons-compress-1.21.jar to QuarkusClassLoader Augmentation Class Loader: PROD
[DEBUG] [io.quarkus.bootstrap.classloading.QuarkusClassLoader] Adding elements duct-tape-1.0.8.jar: file:/Users/mouachani/.m2/repository/org/rnorth/duct-tape/duct-tape/1.0.8/duct-tape-1.0.8.jar to QuarkusClassLoader Augmentation Class Loader: PROD
[DEBUG] [io.quarkus.bootstrap.classloading.QuarkusClassLoader] Adding elements docker-java-transport-3.2.11.jar: file:/Users/mouachani/.m2/repository/com/github/docker-java/docker-java-transport/3.2.11/docker-java-transport-3.2.11.jar to QuarkusClassLoader Augmentation Class Loader: PROD
[DEBUG] [io.quarkus.bootstrap.classloading.QuarkusClassLoader] Adding elements docker-java-transport-zerodep-3.2.11.jar: file:/Users/mouachani/.m2/repository/com/github/docker-java/docker-java-transport-zerodep/3.2.11/docker-java-transport-zerodep-3.2.11.jar to QuarkusClassLoader Augmentation Class Loader: PROD
[DEBUG] [io.quarkus.bootstrap.classloading.QuarkusClassLoader] Adding elements testcontainers-1.16.0.jar: file:/Users/mouachani/.m2/repository/org/testcontainers/testcontainers/1.16.0/testcontainers-1.16.0.jar to QuarkusClassLoader Augmentation Class Loader: PROD
[DEBUG] [io.quarkus.bootstrap.classloading.QuarkusClassLoader] Adding elements quarkus-junit4-mock-2.4.0.Final.jar: file:/Users/mouachani/.m2/repository/io/quarkus/quarkus-junit4-mock/2.4.0.Final/quarkus-junit4-mock-2.4.0.Final.jar to QuarkusClassLoader Augmentation Class Loader: PROD
[DEBUG] [io.quarkus.bootstrap.classloading.QuarkusClassLoader] Adding elements quarkus-devservices-common-2.4.0.Final.jar: file:/Users/mouachani/.m2/repository/io/quarkus/quarkus-devservices-common/2.4.0.Final/quarkus-devservices-common-2.4.0.Final.jar to QuarkusClassLoader Augmentation Class Loader: PROD
[DEBUG] [io.quarkus.bootstrap.classloading.QuarkusClassLoader] Adding elements kogito-jackson-utils-2.0.0-SNAPSHOT.jar: file:/Users/mouachani/.m2/repository/org/kie/kogito/kogito-jackson-utils/2.0.0-SNAPSHOT/kogito-jackson-utils-2.0.0-SNAPSHOT.jar to QuarkusClassLoader Augmentation Class Loader: PROD
[DEBUG] [io.quarkus.bootstrap.classloading.QuarkusClassLoader] Adding elements kogito-serverless-workflow-runtime-2.0.0-SNAPSHOT.jar: file:/Users/mouachani/.m2/repository/org/kie/kogito/kogito-serverless-workflow-runtime/2.0.0-SNAPSHOT/kogito-serverless-workflow-runtime-2.0.0-SNAPSHOT.jar to QuarkusClassLoader Augmentation Class Loader: PROD
[DEBUG] [io.quarkus.bootstrap.classloading.QuarkusClassLoader] Adding elements kogito-rest-workitem-2.0.0-SNAPSHOT.jar: file:/Users/mouachani/.m2/repository/org/kie/kogito/kogito-rest-workitem/2.0.0-SNAPSHOT/kogito-rest-workitem-2.0.0-SNAPSHOT.jar to QuarkusClassLoader Augmentation Class Loader: PROD
[DEBUG] [io.quarkus.bootstrap.classloading.QuarkusClassLoader] Adding elements jackson-databind-nullable-0.2.0.jar: file:/Users/mouachani/.m2/repository/org/openapitools/jackson-databind-nullable/0.2.0/jackson-databind-nullable-0.2.0.jar to QuarkusClassLoader Augmentation Class Loader: PROD
[DEBUG] [io.quarkus.bootstrap.classloading.QuarkusClassLoader] Adding elements kogito-openapi-workitem-2.0.0-SNAPSHOT.jar: file:/Users/mouachani/.m2/repository/org/kie/kogito/kogito-openapi-workitem/2.0.0-SNAPSHOT/kogito-openapi-workitem-2.0.0-SNAPSHOT.jar to QuarkusClassLoader Augmentation Class Loader: PROD
[DEBUG] [io.quarkus.bootstrap.classloading.QuarkusClassLoader] Adding elements jcl-over-slf4j-1.7.30.jar: file:/Users/mouachani/.m2/repository/org/slf4j/jcl-over-slf4j/1.7.30/jcl-over-slf4j-1.7.30.jar to QuarkusClassLoader Augmentation Class Loader: PROD
[DEBUG] [io.quarkus.bootstrap.classloading.QuarkusClassLoader] Adding elements validation-api-2.0.1.Final.jar: file:/Users/mouachani/.m2/repository/javax/validation/validation-api/2.0.1.Final/validation-api-2.0.1.Final.jar to QuarkusClassLoader Augmentation Class Loader: PROD
[DEBUG] [io.quarkus.bootstrap.classloading.QuarkusClassLoader] Adding elements json-20200518.jar: file:/Users/mouachani/.m2/repository/org/json/json/20200518/json-20200518.jar to QuarkusClassLoader Augmentation Class Loader: PROD
[DEBUG] [io.quarkus.bootstrap.classloading.QuarkusClassLoader] Adding elements commons-digester-1.8.1.jar: file:/Users/mouachani/.m2/repository/commons-digester/commons-digester/1.8.1/commons-digester-1.8.1.jar to QuarkusClassLoader Augmentation Class Loader: PROD
[DEBUG] [io.quarkus.bootstrap.classloading.QuarkusClassLoader] Adding elements commons-collections-3.2.2.jar: file:/Users/mouachani/.m2/repository/commons-collections/commons-collections/3.2.2/commons-collections-3.2.2.jar to QuarkusClassLoader Augmentation Class Loader: PROD
[DEBUG] [io.quarkus.bootstrap.classloading.QuarkusClassLoader] Adding elements commons-validator-1.6.jar: file:/Users/mouachani/.m2/repository/commons-validator/commons-validator/1.6/commons-validator-1.6.jar to QuarkusClassLoader Augmentation Class Loader: PROD
[DEBUG] [io.quarkus.bootstrap.classloading.QuarkusClassLoader] Adding elements handy-uri-templates-2.1.8.jar: file:/Users/mouachani/.m2/repository/com/damnhandy/handy-uri-templates/2.1.8/handy-uri-templates-2.1.8.jar to QuarkusClassLoader Augmentation Class Loader: PROD
[DEBUG] [io.quarkus.bootstrap.classloading.QuarkusClassLoader] Adding elements re2j-1.3.jar: file:/Users/mouachani/.m2/repository/com/google/re2j/re2j/1.3/re2j-1.3.jar to QuarkusClassLoader Augmentation Class Loader: PROD
[DEBUG] [io.quarkus.bootstrap.classloading.QuarkusClassLoader] Adding elements everit-json-schema-1.12.1.jar: file:/Users/mouachani/.m2/repository/com/github/erosb/everit-json-schema/1.12.1/everit-json-schema-1.12.1.jar to QuarkusClassLoader Augmentation Class Loader: PROD
[DEBUG] [io.quarkus.bootstrap.classloading.QuarkusClassLoader] Adding elements serverlessworkflow-api-2.0.0.Final.jar: file:/Users/mouachani/.m2/repository/io/serverlessworkflow/serverlessworkflow-api/2.0.0.Final/serverlessworkflow-api-2.0.0.Final.jar to QuarkusClassLoader Augmentation Class Loader: PROD
[DEBUG] [io.quarkus.bootstrap.classloading.QuarkusClassLoader] Adding elements kogito-serverless-workflow-builder-2.0.0-SNAPSHOT.jar: file:/Users/mouachani/.m2/repository/org/kie/kogito/kogito-serverless-workflow-builder/2.0.0-SNAPSHOT/kogito-serverless-workflow-builder-2.0.0-SNAPSHOT.jar to QuarkusClassLoader Augmentation Class Loader: PROD
[DEBUG] [io.quarkus.bootstrap.classloading.QuarkusClassLoader] Adding elements classmate-1.5.1.jar: file:/Users/mouachani/.m2/repository/com/fasterxml/classmate/1.5.1/classmate-1.5.1.jar to QuarkusClassLoader Augmentation Class Loader: PROD
[DEBUG] [io.quarkus.bootstrap.classloading.QuarkusClassLoader] Adding elements jsonschema-generator-4.18.0.jar: file:/Users/mouachani/.m2/repository/com/github/victools/jsonschema-generator/4.18.0/jsonschema-generator-4.18.0.jar to QuarkusClassLoader Augmentation Class Loader: PROD
[DEBUG] [io.quarkus.bootstrap.classloading.QuarkusClassLoader] Adding elements kogito-codegen-processes-2.0.0-SNAPSHOT.jar: file:/Users/mouachani/.m2/repository/org/kie/kogito/kogito-codegen-processes/2.0.0-SNAPSHOT/kogito-codegen-processes-2.0.0-SNAPSHOT.jar to QuarkusClassLoader Augmentation Class Loader: PROD
[DEBUG] [io.quarkus.bootstrap.classloading.QuarkusClassLoader] Adding elements kogito-quarkus-processes-deployment-2.0.0-SNAPSHOT.jar: file:/Users/mouachani/.m2/repository/org/kie/kogito/kogito-quarkus-processes-deployment/2.0.0-SNAPSHOT/kogito-quarkus-processes-deployment-2.0.0-SNAPSHOT.jar to QuarkusClassLoader Augmentation Class Loader: PROD
[DEBUG] [io.quarkus.bootstrap.classloading.QuarkusClassLoader] Adding elements kogito-addons-quarkus-messaging-deployment-2.0.0-SNAPSHOT.jar: file:/Users/mouachani/.m2/repository/org/kie/kogito/kogito-addons-quarkus-messaging-deployment/2.0.0-SNAPSHOT/kogito-addons-quarkus-messaging-deployment-2.0.0-SNAPSHOT.jar to QuarkusClassLoader Augmentation Class Loader: PROD
[DEBUG] [io.quarkus.bootstrap.classloading.QuarkusClassLoader] Adding elements kogito-addons-quarkus-events-process-deployment-2.0.0-SNAPSHOT.jar: file:/Users/mouachani/.m2/repository/org/kie/kogito/kogito-addons-quarkus-events-process-deployment/2.0.0-SNAPSHOT/kogito-addons-quarkus-events-process-deployment-2.0.0-SNAPSHOT.jar to QuarkusClassLoader Augmentation Class Loader: PROD
[DEBUG] [io.quarkus.bootstrap.classloading.QuarkusClassLoader] Adding elements quarkus-smallrye-reactive-messaging-deployment-2.4.0.Final.jar: file:/Users/mouachani/.m2/repository/io/quarkus/quarkus-smallrye-reactive-messaging-deployment/2.4.0.Final/quarkus-smallrye-reactive-messaging-deployment-2.4.0.Final.jar to QuarkusClassLoader Augmentation Class Loader: PROD
[DEBUG] [io.quarkus.bootstrap.classloading.QuarkusClassLoader] Adding elements quarkus-mutiny-reactive-streams-operators-deployment-2.4.0.Final.jar: file:/Users/mouachani/.m2/repository/io/quarkus/quarkus-mutiny-reactive-streams-operators-deployment/2.4.0.Final/quarkus-mutiny-reactive-streams-operators-deployment-2.4.0.Final.jar to QuarkusClassLoader Augmentation Class Loader: PROD
[DEBUG] [io.quarkus.bootstrap.classloading.QuarkusClassLoader] Adding elements quarkus-kafka-client-deployment-2.4.0.Final.jar: file:/Users/mouachani/.m2/repository/io/quarkus/quarkus-kafka-client-deployment/2.4.0.Final/quarkus-kafka-client-deployment-2.4.0.Final.jar to QuarkusClassLoader Augmentation Class Loader: PROD
[DEBUG] [io.quarkus.bootstrap.classloading.QuarkusClassLoader] Adding elements quarkus-vertx-deployment-2.4.0.Final.jar: file:/Users/mouachani/.m2/repository/io/quarkus/quarkus-vertx-deployment/2.4.0.Final/quarkus-vertx-deployment-2.4.0.Final.jar to QuarkusClassLoader Augmentation Class Loader: PROD
[DEBUG] [io.quarkus.bootstrap.classloading.QuarkusClassLoader] Adding elements quarkus-jackson-spi-2.4.0.Final.jar: file:/Users/mouachani/.m2/repository/io/quarkus/quarkus-jackson-spi/2.4.0.Final/quarkus-jackson-spi-2.4.0.Final.jar to QuarkusClassLoader Augmentation Class Loader: PROD
[DEBUG] [io.quarkus.bootstrap.classloading.QuarkusClassLoader] Adding elements quarkus-jackson-deployment-2.4.0.Final.jar: file:/Users/mouachani/.m2/repository/io/quarkus/quarkus-jackson-deployment/2.4.0.Final/quarkus-jackson-deployment-2.4.0.Final.jar to QuarkusClassLoader Augmentation Class Loader: PROD
[DEBUG] [io.quarkus.bootstrap.classloading.QuarkusClassLoader] Adding elements quarkus-smallrye-reactive-messaging-kafka-deployment-2.4.0.Final.jar: file:/Users/mouachani/.m2/repository/io/quarkus/quarkus-smallrye-reactive-messaging-kafka-deployment/2.4.0.Final/quarkus-smallrye-reactive-messaging-kafka-deployment-2.4.0.Final.jar to QuarkusClassLoader Augmentation Class Loader: PROD
[DEBUG] [io.quarkus.bootstrap.classloading.QuarkusClassLoader] Adding elements quarkus-resteasy-jackson-deployment-2.4.0.Final.jar: file:/Users/mouachani/.m2/repository/io/quarkus/quarkus-resteasy-jackson-deployment/2.4.0.Final/quarkus-resteasy-jackson-deployment-2.4.0.Final.jar to QuarkusClassLoader Augmentation Class Loader: PROD
[DEBUG] [io.quarkus.bootstrap.classloading.QuarkusClassLoader] Adding elements quarkus-smallrye-openapi-spi-2.4.0.Final.jar: file:/Users/mouachani/.m2/repository/io/quarkus/quarkus-smallrye-openapi-spi/2.4.0.Final/quarkus-smallrye-openapi-spi-2.4.0.Final.jar to QuarkusClassLoader Augmentation Class Loader: PROD
[DEBUG] [io.quarkus.bootstrap.classloading.QuarkusClassLoader] Adding elements quarkus-resteasy-server-common-spi-2.4.0.Final.jar: file:/Users/mouachani/.m2/repository/io/quarkus/quarkus-resteasy-server-common-spi/2.4.0.Final/quarkus-resteasy-server-common-spi-2.4.0.Final.jar to QuarkusClassLoader Augmentation Class Loader: PROD
[DEBUG] [io.quarkus.bootstrap.classloading.QuarkusClassLoader] Adding elements quarkus-resteasy-common-spi-2.4.0.Final.jar: file:/Users/mouachani/.m2/repository/io/quarkus/quarkus-resteasy-common-spi/2.4.0.Final/quarkus-resteasy-common-spi-2.4.0.Final.jar to QuarkusClassLoader Augmentation Class Loader: PROD
[DEBUG] [io.quarkus.bootstrap.classloading.QuarkusClassLoader] Adding elements quarkus-smallrye-openapi-common-deployment-2.4.0.Final.jar: file:/Users/mouachani/.m2/repository/io/quarkus/quarkus-smallrye-openapi-common-deployment/2.4.0.Final/quarkus-smallrye-openapi-common-deployment-2.4.0.Final.jar to QuarkusClassLoader Augmentation Class Loader: PROD
[DEBUG] [io.quarkus.bootstrap.classloading.QuarkusClassLoader] Adding elements smallrye-open-api-ui-2.1.15.jar: file:/Users/mouachani/.m2/repository/io/smallrye/smallrye-open-api-ui/2.1.15/smallrye-open-api-ui-2.1.15.jar to QuarkusClassLoader Augmentation Class Loader: PROD
[DEBUG] [io.quarkus.bootstrap.classloading.QuarkusClassLoader] Adding elements quarkus-swagger-ui-deployment-2.4.0.Final.jar: file:/Users/mouachani/.m2/repository/io/quarkus/quarkus-swagger-ui-deployment/2.4.0.Final/quarkus-swagger-ui-deployment-2.4.0.Final.jar to QuarkusClassLoader Augmentation Class Loader: PROD
[DEBUG] [io.quarkus.bootstrap.classloading.QuarkusClassLoader] Adding elements smallrye-open-api-jaxrs-2.1.15.jar: file:/Users/mouachani/.m2/repository/io/smallrye/smallrye-open-api-jaxrs/2.1.15/smallrye-open-api-jaxrs-2.1.15.jar to QuarkusClassLoader Augmentation Class Loader: PROD
[DEBUG] [io.quarkus.bootstrap.classloading.QuarkusClassLoader] Adding elements smallrye-open-api-spring-2.1.15.jar: file:/Users/mouachani/.m2/repository/io/smallrye/smallrye-open-api-spring/2.1.15/smallrye-open-api-spring-2.1.15.jar to QuarkusClassLoader Augmentation Class Loader: PROD
[DEBUG] [io.quarkus.bootstrap.classloading.QuarkusClassLoader] Adding elements smallrye-open-api-vertx-2.1.15.jar: file:/Users/mouachani/.m2/repository/io/smallrye/smallrye-open-api-vertx/2.1.15/smallrye-open-api-vertx-2.1.15.jar to QuarkusClassLoader Augmentation Class Loader: PROD
[DEBUG] [io.quarkus.bootstrap.classloading.QuarkusClassLoader] Adding elements quarkus-smallrye-openapi-deployment-2.4.0.Final.jar: file:/Users/mouachani/.m2/repository/io/quarkus/quarkus-smallrye-openapi-deployment/2.4.0.Final/quarkus-smallrye-openapi-deployment-2.4.0.Final.jar to QuarkusClassLoader Augmentation Class Loader: PROD
[DEBUG] [io.quarkus.bootstrap.classloading.QuarkusClassLoader] Adding elements quarkus-jsonp-deployment-2.4.0.Final.jar: file:/Users/mouachani/.m2/repository/io/quarkus/quarkus-jsonp-deployment/2.4.0.Final/quarkus-jsonp-deployment-2.4.0.Final.jar to QuarkusClassLoader Augmentation Class Loader: PROD
[DEBUG] [io.quarkus.bootstrap.classloading.QuarkusClassLoader] Adding elements quarkus-smallrye-health-spi-2.4.0.Final.jar: file:/Users/mouachani/.m2/repository/io/quarkus/quarkus-smallrye-health-spi/2.4.0.Final/quarkus-smallrye-health-spi-2.4.0.Final.jar to QuarkusClassLoader Augmentation Class Loader: PROD
[DEBUG] [io.quarkus.bootstrap.classloading.QuarkusClassLoader] Adding elements smallrye-health-ui-3.1.1.jar: file:/Users/mouachani/.m2/repository/io/smallrye/smallrye-health-ui/3.1.1/smallrye-health-ui-3.1.1.jar to QuarkusClassLoader Augmentation Class Loader: PROD
[DEBUG] [io.quarkus.bootstrap.classloading.QuarkusClassLoader] Adding elements quarkus-smallrye-health-deployment-2.4.0.Final.jar: file:/Users/mouachani/.m2/repository/io/quarkus/quarkus-smallrye-health-deployment/2.4.0.Final/quarkus-smallrye-health-deployment-2.4.0.Final.jar to QuarkusClassLoader Augmentation Class Loader: PROD
[DEBUG] [io.quarkus.bootstrap.classloading.QuarkusClassLoader] Adding elements quarkus-elytron-security-common-deployment-2.4.0.Final.jar: file:/Users/mouachani/.m2/repository/io/quarkus/quarkus-elytron-security-common-deployment/2.4.0.Final/quarkus-elytron-security-common-deployment-2.4.0.Final.jar to QuarkusClassLoader Augmentation Class Loader: PROD
[DEBUG] [io.quarkus.bootstrap.classloading.QuarkusClassLoader] Adding elements quarkus-caffeine-deployment-2.4.0.Final.jar: file:/Users/mouachani/.m2/repository/io/quarkus/quarkus-caffeine-deployment/2.4.0.Final/quarkus-caffeine-deployment-2.4.0.Final.jar to QuarkusClassLoader Augmentation Class Loader: PROD
[DEBUG] [io.quarkus.bootstrap.classloading.QuarkusClassLoader] Adding elements quarkus-netty-deployment-2.4.0.Final.jar: file:/Users/mouachani/.m2/repository/io/quarkus/quarkus-netty-deployment/2.4.0.Final/quarkus-netty-deployment-2.4.0.Final.jar to QuarkusClassLoader Augmentation Class Loader: PROD
[DEBUG] [io.quarkus.bootstrap.classloading.QuarkusClassLoader] Adding elements quarkus-infinispan-client-deployment-2.4.0.Final.jar: file:/Users/mouachani/.m2/repository/io/quarkus/quarkus-infinispan-client-deployment/2.4.0.Final/quarkus-infinispan-client-deployment-2.4.0.Final.jar to QuarkusClassLoader Augmentation Class Loader: PROD
[DEBUG] [io.quarkus.bootstrap.classloading.QuarkusClassLoader] Adding elements quarkus-resteasy-reactive-spi-deployment-2.4.0.Final.jar: file:/Users/mouachani/.m2/repository/io/quarkus/quarkus-resteasy-reactive-spi-deployment/2.4.0.Final/quarkus-resteasy-reactive-spi-deployment-2.4.0.Final.jar to QuarkusClassLoader Augmentation Class Loader: PROD
[DEBUG] [io.quarkus.bootstrap.classloading.QuarkusClassLoader] Adding elements quarkus-micrometer-deployment-2.4.0.Final.jar: file:/Users/mouachani/.m2/repository/io/quarkus/quarkus-micrometer-deployment/2.4.0.Final/quarkus-micrometer-deployment-2.4.0.Final.jar to QuarkusClassLoader Augmentation Class Loader: PROD
[DEBUG] [io.quarkus.bootstrap.classloading.QuarkusClassLoader] Adding elements quarkus-micrometer-registry-prometheus-deployment-2.4.0.Final.jar: file:/Users/mouachani/.m2/repository/io/quarkus/quarkus-micrometer-registry-prometheus-deployment/2.4.0.Final/quarkus-micrometer-registry-prometheus-deployment-2.4.0.Final.jar to QuarkusClassLoader Augmentation Class Loader: PROD
[DEBUG] [io.quarkus.bootstrap.classloading.QuarkusClassLoader] Adding elements kogito-addons-quarkus-monitoring-prometheus-deployment-2.0.0-SNAPSHOT.jar: file:/Users/mouachani/.m2/repository/org/kie/kogito/kogito-addons-quarkus-monitoring-prometheus-deployment/2.0.0-SNAPSHOT/kogito-addons-quarkus-monitoring-prometheus-deployment-2.0.0-SNAPSHOT.jar to QuarkusClassLoader Augmentation Class Loader: PROD
[DEBUG] [io.quarkus.bootstrap.classloading.QuarkusClassLoader] Adding elements quarkus-resteasy-common-deployment-2.4.0.Final.jar: file:/Users/mouachani/.m2/repository/io/quarkus/quarkus-resteasy-common-deployment/2.4.0.Final/quarkus-resteasy-common-deployment-2.4.0.Final.jar to QuarkusClassLoader Augmentation Class Loader: PROD
[DEBUG] [io.quarkus.bootstrap.classloading.QuarkusClassLoader] Adding elements quarkus-apache-httpclient-deployment-2.4.0.Final.jar: file:/Users/mouachani/.m2/repository/io/quarkus/quarkus-apache-httpclient-deployment/2.4.0.Final/quarkus-apache-httpclient-deployment-2.4.0.Final.jar to QuarkusClassLoader Augmentation Class Loader: PROD
[DEBUG] [io.quarkus.bootstrap.classloading.QuarkusClassLoader] Adding elements quarkus-rest-client-deployment-2.4.0.Final.jar: file:/Users/mouachani/.m2/repository/io/quarkus/quarkus-rest-client-deployment/2.4.0.Final/quarkus-rest-client-deployment-2.4.0.Final.jar to QuarkusClassLoader Augmentation Class Loader: PROD
[DEBUG] [io.quarkus.bootstrap.classloading.QuarkusClassLoader] Adding elements imsa-process-kogito.jar: file:/Users/mouachani/projects/imsa/imsa-process-kogito/target/imsa-process-kogito.jar to QuarkusClassLoader Deployment Class Loader: PROD
[DEBUG] [io.quarkus.deployment.QuarkusAugmentor] Beginning Quarkus augmentation
[DEBUG] [io.quarkus.bootstrap.classloading.QuarkusClassLoader] Class javax.servlet.ServletConfig not found in parent first load from ClassRealm[plugin>io.quarkus:quarkus-maven-plugin:2.4.0.Final, parent: jdk.internal.loader.ClassLoaders$AppClassLoader@277050dc]
[DEBUG] [io.quarkus.bootstrap.classloading.QuarkusClassLoader] Class javax.servlet.ServletContext not found in parent first load from ClassRealm[plugin>io.quarkus:quarkus-maven-plugin:2.4.0.Final, parent: jdk.internal.loader.ClassLoaders$AppClassLoader@277050dc]
[DEBUG] [io.quarkus.bootstrap.classloading.QuarkusClassLoader] Class javax.servlet.FilterConfig not found in parent first load from ClassRealm[plugin>io.quarkus:quarkus-maven-plugin:2.4.0.Final, parent: jdk.internal.loader.ClassLoaders$AppClassLoader@277050dc]
[DEBUG] [io.quarkus.bootstrap.classloading.QuarkusClassLoader] Class javax.servlet.annotation.WebFilter not found in parent first load from ClassRealm[plugin>io.quarkus:quarkus-maven-plugin:2.4.0.Final, parent: jdk.internal.loader.ClassLoaders$AppClassLoader@277050dc]
[DEBUG] [io.quarkus.bootstrap.classloading.QuarkusClassLoader] Class javax.servlet.annotation.WebListener not found in parent first load from ClassRealm[plugin>io.quarkus:quarkus-maven-plugin:2.4.0.Final, parent: jdk.internal.loader.ClassLoaders$AppClassLoader@277050dc]
[DEBUG] [io.quarkus.bootstrap.classloading.QuarkusClassLoader] Class javax.servlet.annotation.WebServlet not found in parent first load from ClassRealm[plugin>io.quarkus:quarkus-maven-plugin:2.4.0.Final, parent: jdk.internal.loader.ClassLoaders$AppClassLoader@277050dc]
[DEBUG] [io.quarkus.bootstrap.classloading.QuarkusClassLoader] Class javax.servlet.annotation.MultipartConfig not found in parent first load from ClassRealm[plugin>io.quarkus:quarkus-maven-plugin:2.4.0.Final, parent: jdk.internal.loader.ClassLoaders$AppClassLoader@277050dc]
[DEBUG] [io.quarkus.bootstrap.classloading.QuarkusClassLoader] Class javax.servlet.annotation.ServletSecurity not found in parent first load from ClassRealm[plugin>io.quarkus:quarkus-maven-plugin:2.4.0.Final, parent: jdk.internal.loader.ClassLoaders$AppClassLoader@277050dc]
[DEBUG] [io.quarkus.bootstrap.classloading.QuarkusClassLoader] Class javax.servlet.annotation.HandlesTypes not found in parent first load from ClassRealm[plugin>io.quarkus:quarkus-maven-plugin:2.4.0.Final, parent: jdk.internal.loader.ClassLoaders$AppClassLoader@277050dc]
[DEBUG] [io.quarkus.micrometer.runtime.MicrometerRecorder] getClass: TCCL: QuarkusClassLoader:Deployment Class Loader: PROD@ce15aa ## org.eclipse.microprofile.rest.client.spi.RestClientListener : true
[DEBUG] [io.quarkus.micrometer.runtime.MicrometerRecorder] getClass: TCCL: QuarkusClassLoader:Deployment Class Loader: PROD@ce15aa ## org.apache.kafka.clients.consumer.Consumer : true
[DEBUG] [io.quarkus.micrometer.runtime.MicrometerRecorder] getClass: TCCL: QuarkusClassLoader:Deployment Class Loader: PROD@ce15aa ## org.apache.kafka.streams.KafkaStreams : false
[DEBUG] [io.quarkus.micrometer.runtime.MicrometerRecorder] getClass: TCCL: QuarkusClassLoader:Deployment Class Loader: PROD@ce15aa ## io.vertx.core.metrics.MetricsOptions : true
[DEBUG] [io.quarkus.micrometer.runtime.MicrometerRecorder] getClass: TCCL: QuarkusClassLoader:Deployment Class Loader: PROD@ce15aa ## org.eclipse.microprofile.metrics.annotation.Metric : false
[DEBUG] [io.quarkus.micrometer.runtime.MicrometerRecorder] getClass: TCCL: QuarkusClassLoader:Deployment Class Loader: PROD@ce15aa ## io.micrometer.prometheus.PrometheusMeterRegistry : true
[DEBUG] [io.quarkus.bootstrap.classloading.QuarkusClassLoader] Class javax.servlet.SessionTrackingMode not found in parent first load from ClassRealm[plugin>io.quarkus:quarkus-maven-plugin:2.4.0.Final, parent: jdk.internal.loader.ClassLoaders$AppClassLoader@277050dc]
[INFO] [org.jboss.threads] JBoss Threads version 3.4.2.Final
[DEBUG] [org.jboss.threads] Changed uncaught exception handler for "Thread[build-1,5,build group]" to org.jboss.threads.LoggingUncaughtExceptionHandler@7548d0d to "org.jboss.threads.errors"
[DEBUG] [org.jboss.threads] Started thread "Thread[build-1,5,build group]"
[DEBUG] [org.jboss.threads] Thread "Thread[build-1,5,build group]" starting execution
[DEBUG] [org.jboss.threads] Changed uncaught exception handler for "Thread[build-2,5,build group]" to org.jboss.threads.LoggingUncaughtExceptionHandler@7548d0d to "org.jboss.threads.errors"
[DEBUG] [io.quarkus.builder] Starting step "io.quarkus.vertx.deployment.VertxProcessor#featureAndCapability"
[DEBUG] [org.jboss.threads] Thread "Thread[build-2,5,build group]" starting execution
[DEBUG] [org.jboss.threads] Started thread "Thread[build-2,5,build group]"
[DEBUG] [io.quarkus.builder] Starting step "io.quarkus.deployment.ForkJoinPoolProcessor#setProperty"
[DEBUG] [org.jboss.threads] Changed uncaught exception handler for "Thread[build-3,5,build group]" to org.jboss.threads.LoggingUncaughtExceptionHandler@7548d0d to "org.jboss.threads.errors"
[DEBUG] [io.quarkus.builder] Finished step "io.quarkus.vertx.deployment.VertxProcessor#featureAndCapability" in 5 ms
[DEBUG] [io.quarkus.builder] Finished step "io.quarkus.deployment.ForkJoinPoolProcessor#setProperty" in 2 ms
[DEBUG] [io.quarkus.builder] Dependency of "io.quarkus.deployment.steps.CapabilityAggregationStep#aggregateCapabilities" finished; 2 remaining
[DEBUG] [org.jboss.threads] Thread "Thread[build-3,5,build group]" starting execution
[DEBUG] [org.jboss.threads] Started thread "Thread[build-3,5,build group]"
[DEBUG] [io.quarkus.builder] Starting step "io.quarkus.elytron.security.common.deployment.QuarkusSecurityCommonProcessor#services"
[DEBUG] [io.quarkus.builder] Dependency of "io.quarkus.deployment.steps.MainClassBuildStep#build" finished; 97 remaining
[DEBUG] [io.quarkus.builder] Dependency of "io.quarkus.deployment.steps.MainClassBuildStep#build" finished; 98 remaining
[DEBUG] [io.quarkus.builder] Finished step "io.quarkus.elytron.security.common.deployment.QuarkusSecurityCommonProcessor#services" in 1 ms
[DEBUG] [org.jboss.threads] Changed uncaught exception handler for "Thread[build-4,5,build group]" to org.jboss.threads.LoggingUncaughtExceptionHandler@7548d0d to "org.jboss.threads.errors"
[DEBUG] [io.quarkus.builder] Dependency of "io.quarkus.deployment.steps.ReflectionDiagnosticProcessor#writeReflectionData" finished; 45 remaining
[DEBUG] [org.jboss.threads] Thread "Thread[build-4,5,build group]" starting execution
[DEBUG] [org.jboss.threads] Started thread "Thread[build-4,5,build group]"
[DEBUG] [io.quarkus.builder] Starting step "org.kie.kogito.process.management.deployment.KogitoAddOnProcessManagementProcessor#feature"
[DEBUG] [org.jboss.threads] Changed uncaught exception handler for "Thread[build-5,5,build group]" to org.jboss.threads.LoggingUncaughtExceptionHandler@7548d0d to "org.jboss.threads.errors"
[DEBUG] [io.quarkus.builder] Starting step "io.quarkus.netty.deployment.NettyProcessor#eagerlyInitClass"
[DEBUG] [io.quarkus.builder] Starting step "org.kie.kogito.quarkus.rules.deployment.RulesAssetsProcessor#featureBuildItem"
[DEBUG] [io.quarkus.builder] Starting step "org.kie.kogito.quarkus.predictions.deployment.PredictionsAssetsProcessor#reflectivePredictions"
[DEBUG] [io.quarkus.builder] Finished step "org.kie.kogito.quarkus.rules.deployment.RulesAssetsProcessor#featureBuildItem" in 4 ms
[DEBUG] reflectivePredictions()
[DEBUG] [org.jboss.threads] Thread "Thread[build-5,5,build group]" starting execution
[DEBUG] getImplementations false
[DEBUG] [org.jboss.threads] Started thread "Thread[build-5,5,build group]"
[DEBUG] [io.quarkus.builder] Finished step "org.kie.kogito.process.management.deployment.KogitoAddOnProcessManagementProcessor#feature" in 2 ms
[DEBUG] [org.jboss.threads] Changed uncaught exception handler for "Thread[build-6,5,build group]" to org.jboss.threads.LoggingUncaughtExceptionHandler@7548d0d to "org.jboss.threads.errors"
[DEBUG] [io.quarkus.builder] Starting step "io.quarkus.smallrye.reactivemessaging.deployment.SmallRyeReactiveMessagingProcessor#producesCoroutineConfiguration"
[DEBUG] [io.quarkus.builder] Dependency of "io.quarkus.deployment.steps.MainClassBuildStep#build" finished; 96 remaining
[DEBUG] [io.quarkus.builder] Finished step "io.quarkus.smallrye.reactivemessaging.deployment.SmallRyeReactiveMessagingProcessor#producesCoroutineConfiguration" in 11 ms
[DEBUG] [org.jboss.threads] Thread "Thread[build-6,5,build group]" starting execution
[DEBUG] [org.jboss.threads] Started thread "Thread[build-6,5,build group]"
[DEBUG] [io.quarkus.builder] Dependency of "io.quarkus.deployment.steps.MainClassBuildStep#build" finished; 95 remaining
[DEBUG] [org.jboss.threads] Changed uncaught exception handler for "Thread[build-7,5,build group]" to org.jboss.threads.LoggingUncaughtExceptionHandler@7548d0d to "org.jboss.threads.errors"
[DEBUG] [io.quarkus.builder] Starting step "io.quarkus.arc.deployment.TestsAsBeansProcessor#testAnnotations"
[DEBUG] [io.quarkus.builder] Starting step "io.quarkus.restclient.deployment.RestClientProcessor#setupProviders"
[DEBUG] [io.quarkus.builder] Dependency of "io.quarkus.smallrye.reactivemessaging.deployment.SmallRyeReactiveMessagingProcessor#produceCoroutineScope" finished; 0 remaining
[DEBUG] [io.quarkus.builder] Finished step "io.quarkus.restclient.deployment.RestClientProcessor#setupProviders" in 5 ms
[DEBUG] toReturn [org.kie.pmml.models.regression.evaluator.PMMLRegressionModelEvaluator@3638c8fc, org.kie.pmml.models.tree.evaluator.PMMLTreeModelEvaluator@3e8fd7bf, org.kie.pmml.models.scorecard.evaluator.PMMLScorecardModelEvaluator@331342d4, org.kie.pmml.models.mining.evaluator.PMMLMiningModelEvaluator@3c717d88, org.kie.pmml.models.clustering.evaluator.PMMLClusteringModelEvaluator@4c7e3dd2] 5
[DEBUG] [io.quarkus.builder] Finished step "io.quarkus.arc.deployment.TestsAsBeansProcessor#testAnnotations" in 3 ms
[DEBUG] pmmlEvaluators 5
[DEBUG] [org.jboss.threads] Thread "Thread[build-7,5,build group]" starting execution
[DEBUG] [org.jboss.threads] Started thread "Thread[build-7,5,build group]"
[DEBUG] [io.quarkus.builder] Starting step "io.quarkus.smallrye.openapi.deployment.SmallRyeOpenApiProcessor#configFiles"
[DEBUG] toReturn 6
[DEBUG] [io.quarkus.builder] Dependency of "io.quarkus.arc.deployment.ArcProcessor#initialize" finished; 55 remaining
[DEBUG] [io.quarkus.builder] Dependency of "io.quarkus.deployment.steps.NativeImageAutoFeatureStep#generateNativeResourcesList" finished; 14 remaining
[DEBUG] [io.quarkus.builder] Starting step "io.quarkus.smallrye.reactivemessaging.deployment.SmallRyeReactiveMessagingProcessor#produceCoroutineScope"
[DEBUG] [io.quarkus.builder] Dependency of "io.quarkus.arc.deployment.BeanArchiveProcessor#build" finished; 45 remaining
[DEBUG] [io.quarkus.builder] Finished step "io.quarkus.smallrye.openapi.deployment.SmallRyeOpenApiProcessor#configFiles" in 3 ms
[DEBUG] [io.quarkus.builder] Finished step "org.kie.kogito.quarkus.predictions.deployment.PredictionsAssetsProcessor#reflectivePredictions" in 39 ms
[DEBUG] [org.jboss.threads] Changed uncaught exception handler for "Thread[build-8,5,build group]" to org.jboss.threads.LoggingUncaughtExceptionHandler@7548d0d to "org.jboss.threads.errors"
[DEBUG] [io.quarkus.builder] Starting step "io.quarkus.restclient.deployment.RestClientProcessor#ignoreMPPublisher"
[DEBUG] [org.jboss.threads] Thread "Thread[build-8,5,build group]" starting execution
[DEBUG] [org.jboss.threads] Started thread "Thread[build-8,5,build group]"
[DEBUG] [io.quarkus.builder] Dependency of "io.quarkus.deployment.steps.ReflectionDiagnosticProcessor#writeReflectionData" finished; 44 remaining
[DEBUG] [io.quarkus.builder] Dependency of "io.quarkus.deployment.dev.HotDeploymentConfigFileBuildStep#setupConfigFileHotDeployment" finished; 9 remaining
[DEBUG] [io.quarkus.builder] Finished step "io.quarkus.smallrye.reactivemessaging.deployment.SmallRyeReactiveMessagingProcessor#produceCoroutineScope" in 15 ms
[DEBUG] [org.jboss.threads] Changed uncaught exception handler for "Thread[build-9,5,build group]" to org.jboss.threads.LoggingUncaughtExceptionHandler@7548d0d to "org.jboss.threads.errors"
[DEBUG] [io.quarkus.builder] Starting step "io.quarkus.arc.deployment.HotDeploymentConfigBuildStep#configFile"
[DEBUG] [io.quarkus.builder] Starting step "io.quarkus.vertx.deployment.VertxProcessor#unremovableBeans"
[DEBUG] [io.quarkus.builder] Starting step "io.quarkus.deployment.steps.MainClassBuildStep#applicationReflection"
[DEBUG] [io.quarkus.builder] Finished step "io.quarkus.restclient.deployment.RestClientProcessor#ignoreMPPublisher" in 11 ms
[DEBUG] [io.quarkus.builder] Finished step "io.quarkus.deployment.steps.MainClassBuildStep#applicationReflection" in 9 ms
[DEBUG] [io.quarkus.builder] Finished step "io.quarkus.arc.deployment.HotDeploymentConfigBuildStep#configFile" in 4 ms
[DEBUG] [io.quarkus.builder] Dependency of "io.quarkus.deployment.dev.HotDeploymentConfigFileBuildStep#setupConfigFileHotDeployment" finished; 8 remaining
[DEBUG] [org.jboss.threads] Thread "Thread[build-9,5,build group]" starting execution
[DEBUG] [org.jboss.threads] Started thread "Thread[build-9,5,build group]"
[DEBUG] [io.quarkus.builder] Dependency of "io.quarkus.arc.deployment.ArcProcessor#initialize" finished; 54 remaining
[DEBUG] [io.quarkus.builder] Starting step "io.quarkus.arc.deployment.ArcProcessor#quarkusMain"
[DEBUG] [io.quarkus.builder] Starting step "io.quarkus.smallrye.reactivemessaging.kafka.deployment.SmallRyeReactiveMessagingKafkaProcessor#ignoreDuplicateJmxRegistrationInDevAndTestModes"
[DEBUG] [org.jboss.threads] Changed uncaught exception handler for "Thread[build-10,5,build group]" to org.jboss.threads.LoggingUncaughtExceptionHandler@7548d0d to "org.jboss.threads.errors"
[DEBUG] [io.quarkus.builder] Starting step "io.quarkus.vertx.core.deployment.VertxCoreProcessor#build"
[DEBUG] [io.quarkus.builder] Starting step "io.quarkus.deployment.ExtensionLoader$$Lambda$305/0x000000080050fc40@68e41112"
[DEBUG] [io.quarkus.builder] Finished step "io.quarkus.vertx.deployment.VertxProcessor#unremovableBeans" in 10 ms
[DEBUG] [io.quarkus.builder] Dependency of "io.quarkus.deployment.steps.ReflectionDiagnosticProcessor#writeReflectionData" finished; 43 remaining
[DEBUG] [io.quarkus.builder] Dependency of "io.quarkus.restclient.deployment.RestClientProcessor#registerProviders" finished; 3 remaining
[DEBUG] [io.quarkus.builder] Dependency of "io.quarkus.arc.deployment.ArcProcessor#validate" finished; 17 remaining
[DEBUG] [io.quarkus.builder] Finished step "io.quarkus.vertx.core.deployment.VertxCoreProcessor#build" in 6 ms
[DEBUG] [io.quarkus.builder] Finished step "io.quarkus.deployment.ExtensionLoader$$Lambda$305/0x000000080050fc40@68e41112" in 6 ms
[DEBUG] [org.jboss.threads] Thread "Thread[build-10,5,build group]" starting execution
[DEBUG] [org.jboss.threads] Started thread "Thread[build-10,5,build group]"
[DEBUG] [io.quarkus.builder] Finished step "io.quarkus.smallrye.reactivemessaging.kafka.deployment.SmallRyeReactiveMessagingKafkaProcessor#ignoreDuplicateJmxRegistrationInDevAndTestModes" in 3 ms
[DEBUG] [io.quarkus.builder] Dependency of "io.quarkus.arc.deployment.BeanArchiveProcessor#build" finished; 44 remaining
[DEBUG] [io.quarkus.builder] Dependency of "io.quarkus.deployment.logging.LoggingResourceProcessor#setUpDefaultLogCleanupFilters" finished; 8 remaining
[DEBUG] [org.jboss.threads] Changed uncaught exception handler for "Thread[build-11,5,build group]" to org.jboss.threads.LoggingUncaughtExceptionHandler@7548d0d to "org.jboss.threads.errors"
[DEBUG] [io.quarkus.builder] Starting step "io.quarkus.kafka.client.deployment.KafkaProcessor#withSasl"
[DEBUG] [io.quarkus.builder] Starting step "io.quarkus.micrometer.deployment.binder.KafkaBinderProcessor#createCDIEventConsumer"
[DEBUG] [io.quarkus.builder] Starting step "io.quarkus.netty.deployment.NettyProcessor#registerQualifiers"
[DEBUG] [io.quarkus.builder] Starting step "io.quarkus.undertow.deployment.WebXmlParsingBuildStep#marker"
[DEBUG] [io.quarkus.builder] Finished step "io.quarkus.arc.deployment.ArcProcessor#quarkusMain" in 11 ms
[DEBUG] [io.quarkus.builder] Dependency of "io.quarkus.deployment.steps.CapabilityAggregationStep#provideCapabilities" finished; 1 remaining
[DEBUG] [io.quarkus.builder] Dependency of "io.quarkus.deployment.steps.ReflectionDiagnosticProcessor#writeReflectionData" finished; 42 remaining
[DEBUG] [io.quarkus.builder] Dependency of "io.quarkus.arc.deployment.ArcProcessor#initialize" finished; 53 remaining
[DEBUG] [io.quarkus.builder] Finished step "io.quarkus.undertow.deployment.WebXmlParsingBuildStep#marker" in 12 ms
[DEBUG] [io.quarkus.builder] Finished step "io.quarkus.netty.deployment.NettyProcessor#registerQualifiers" in 12 ms
[DEBUG] [io.quarkus.builder] Finished step "io.quarkus.micrometer.deployment.binder.KafkaBinderProcessor#createCDIEventConsumer" in 10 ms
[DEBUG] [org.jboss.threads] Thread "Thread[build-11,5,build group]" starting execution
[DEBUG] [org.jboss.threads] Started thread "Thread[build-11,5,build group]"
[DEBUG] [io.quarkus.builder] Dependency of "io.quarkus.deployment.logging.LoggingResourceProcessor#setupLoggingRuntimeInit" finished; 12 remaining
[DEBUG] [io.quarkus.builder] Starting step "io.quarkus.deployment.steps.NativeImageResourcesStep#registerPackageResources"
[DEBUG] [org.jboss.threads] Changed uncaught exception handler for "Thread[build-12,5,build group]" to org.jboss.threads.LoggingUncaughtExceptionHandler@7548d0d to "org.jboss.threads.errors"
[DEBUG] [io.quarkus.builder] Starting step "io.quarkus.mutiny.reactive.operators.deployment.MutinyReactiveStreamsOperatorsProcessor#classLoadingHack"
[DEBUG] [io.quarkus.builder] Finished step "io.quarkus.netty.deployment.NettyProcessor#eagerlyInitClass" in 97 ms
[DEBUG] [io.quarkus.builder] Starting step "io.quarkus.smallrye.openapi.deployment.SmallRyeOpenApiProcessor#contributeClassesToIndex"
[DEBUG] [io.quarkus.builder] Dependency of "io.quarkus.arc.deployment.ArcProcessor#initialize" finished; 51 remaining
[DEBUG] [io.quarkus.builder] Dependency of "io.quarkus.arc.deployment.ArcProcessor#initialize" finished; 52 remaining
[DEBUG] [io.quarkus.builder] Dependency of "io.quarkus.deployment.index.ApplicationArchiveBuildStep#build" finished; 6 remaining
[DEBUG] [io.quarkus.builder] Finished step "io.quarkus.kafka.client.deployment.KafkaProcessor#withSasl" in 15 ms
[DEBUG] [io.quarkus.builder] Dependency of "io.quarkus.arc.deployment.BeanArchiveProcessor#build" finished; 43 remaining
[DEBUG] [io.quarkus.builder] Dependency of "io.quarkus.deployment.steps.NativeImageConfigBuildStep#build" finished; 8 remaining
[DEBUG] [io.quarkus.builder] Dependency of "io.quarkus.deployment.steps.ReflectionDiagnosticProcessor#writeReflectionData" finished; 41 remaining
[DEBUG] [io.quarkus.builder] Dependency of "io.quarkus.arc.deployment.BeanArchiveProcessor#build" finished; 41 remaining
[DEBUG] [io.quarkus.builder] Finished step "io.quarkus.mutiny.reactive.operators.deployment.MutinyReactiveStreamsOperatorsProcessor#classLoadingHack" in 7 ms
[DEBUG] [io.quarkus.builder] Dependency of "io.quarkus.arc.deployment.BeanArchiveProcessor#build" finished; 42 remaining
[DEBUG] [io.quarkus.builder] Finished step "io.quarkus.smallrye.openapi.deployment.SmallRyeOpenApiProcessor#contributeClassesToIndex" in 6 ms
[DEBUG] [io.quarkus.builder] Dependency of "io.quarkus.deployment.steps.MainClassBuildStep#build" finished; 94 remaining
[DEBUG] [org.jboss.threads] Thread "Thread[build-12,5,build group]" starting execution
[DEBUG] [org.jboss.threads] Started thread "Thread[build-12,5,build group]"
[DEBUG] [io.quarkus.builder] Finished step "io.quarkus.deployment.steps.NativeImageResourcesStep#registerPackageResources" in 3 ms
[DEBUG] [org.jboss.threads] Changed uncaught exception handler for "Thread[build-13,5,build group]" to org.jboss.threads.LoggingUncaughtExceptionHandler@7548d0d to "org.jboss.threads.errors"
[DEBUG] [io.quarkus.builder] Starting step "org.kie.kogito.quarkus.predictions.deployment.PredictionsAssetsProcessor#predictionSPI"
[DEBUG] [io.quarkus.builder] Starting step "io.quarkus.vertx.http.deployment.VertxHttpProcessor#hostDefault"
[DEBUG] predictionSPI()
[DEBUG] [io.quarkus.builder] Starting step "io.quarkus.arc.deployment.ArcProcessor#launchMode"
[DEBUG] [io.quarkus.builder] Starting step "io.quarkus.arc.deployment.TestsAsBeansProcessor#testClassBeans"
[DEBUG] [io.quarkus.builder] Starting step "io.quarkus.vertx.core.deployment.VertxCoreProcessor#preventLoggerContention"
[DEBUG] [io.quarkus.builder] Starting step "io.quarkus.deployment.logging.LoggingResourceProcessor#setupLoggingStaticInit"
[DEBUG] [io.quarkus.builder] Starting step "io.quarkus.deployment.recording.substitutions.AdditionalSubstitutionsBuildStep#additionalSubstitutions"
[DEBUG] [io.quarkus.builder] Starting step "io.quarkus.undertow.deployment.UndertowStaticResourcesBuildStep#handleGeneratedWebResources"
[DEBUG] [io.quarkus.builder] Dependency of "io.quarkus.deployment.steps.CombinedIndexBuildStep#build" finished; 3 remaining
[DEBUG] [io.quarkus.builder] Dependency of "io.quarkus.deployment.steps.MainClassBuildStep#build" finished; 93 remaining
[DEBUG] [io.quarkus.builder] Dependency of "io.quarkus.deployment.steps.ReflectiveHierarchyStep#build" finished; 7 remaining
[DEBUG] [io.quarkus.builder] Finished step "io.quarkus.undertow.deployment.UndertowStaticResourcesBuildStep#handleGeneratedWebResources" in 11 ms
[DEBUG] [io.quarkus.builder] Finished step "io.quarkus.deployment.recording.substitutions.AdditionalSubstitutionsBuildStep#additionalSubstitutions" in 10 ms
[DEBUG] [io.quarkus.builder] Finished step "io.quarkus.vertx.core.deployment.VertxCoreProcessor#preventLoggerContention" in 7 ms
[DEBUG] [io.quarkus.builder] Finished step "io.quarkus.arc.deployment.TestsAsBeansProcessor#testClassBeans" in 6 ms
[DEBUG] [io.quarkus.builder] Finished step "io.quarkus.arc.deployment.ArcProcessor#launchMode" in 5 ms
[DEBUG] [io.quarkus.builder] Finished step "io.quarkus.vertx.http.deployment.VertxHttpProcessor#hostDefault" in 4 ms
[DEBUG] [io.quarkus.builder] Finished step "org.kie.kogito.quarkus.predictions.deployment.PredictionsAssetsProcessor#predictionSPI" in 4 ms
[DEBUG] [org.jboss.threads] Thread "Thread[build-13,5,build group]" starting execution
[DEBUG] [org.jboss.threads] Started thread "Thread[build-13,5,build group]"
[DEBUG] [io.quarkus.builder] Dependency of "io.quarkus.deployment.steps.NativeImageAutoFeatureStep#generateNativeResourcesList" finished; 13 remaining
[DEBUG] [io.quarkus.builder] Finished step "io.quarkus.deployment.logging.LoggingResourceProcessor#setupLoggingStaticInit" in 24 ms
[DEBUG] [io.quarkus.builder] Starting step "io.quarkus.deployment.steps.ReflectiveHierarchyStep#ignoreJavaClassWarnings"
[DEBUG] [org.jboss.threads] Changed uncaught exception handler for "Thread[build-14,5,build group]" to org.jboss.threads.LoggingUncaughtExceptionHandler@7548d0d to "org.jboss.threads.errors"
[DEBUG] [io.quarkus.builder] Starting step "io.quarkus.vertx.http.deployment.VertxHttpProcessor#logging"
[DEBUG] [io.quarkus.builder] Starting step "io.quarkus.kafka.client.deployment.KafkaProcessor#logging"
[DEBUG] [io.quarkus.builder] Dependency of "io.quarkus.deployment.steps.NativeImageAutoFeatureStep#generateNativeResourcesList" finished; 12 remaining
[DEBUG] [io.quarkus.builder] Dependency of "io.quarkus.deployment.steps.ConfigBuildSteps#generateConfigSources" finished; 0 remaining
[DEBUG] [io.quarkus.builder] Dependency of "io.quarkus.arc.deployment.ArcProcessor#initialize" finished; 49 remaining
[DEBUG] [io.quarkus.builder] Dependency of "io.quarkus.arc.deployment.ArcProcessor#initialize" finished; 50 remaining
[DEBUG] [io.quarkus.builder] Dependency of "io.quarkus.deployment.logging.LoggingResourceProcessor#setUpDefaultLevels" finished; 2 remaining
[DEBUG] [io.quarkus.builder] Dependency of "io.quarkus.deployment.steps.MainClassBuildStep#build" finished; 92 remaining
[DEBUG] [io.quarkus.builder] Dependency of "io.quarkus.deployment.pkg.steps.JarResultBuildStep#buildRunnerJar" finished; 28 remaining
[DEBUG] [io.quarkus.builder] Dependency of "io.quarkus.deployment.steps.NativeImageConfigBuildStep#build" finished; 7 remaining
[DEBUG] [io.quarkus.builder] Finished step "io.quarkus.vertx.http.deployment.VertxHttpProcessor#logging" in 8 ms
[DEBUG] [io.quarkus.builder] Dependency of "io.quarkus.arc.deployment.BeanArchiveProcessor#build" finished; 39 remaining
[DEBUG] [io.quarkus.builder] Dependency of "io.quarkus.arc.deployment.BeanArchiveProcessor#build" finished; 40 remaining
[DEBUG] [io.quarkus.builder] Starting step "io.quarkus.deployment.steps.ConfigBuildSteps#generateConfigSources"
[DEBUG] [io.quarkus.builder] Finished step "io.quarkus.kafka.client.deployment.KafkaProcessor#logging" in 6 ms
[DEBUG] [org.jboss.threads] Thread "Thread[build-14,5,build group]" starting execution
[DEBUG] [org.jboss.threads] Started thread "Thread[build-14,5,build group]"
[DEBUG] [io.quarkus.builder] Finished step "io.quarkus.deployment.steps.ReflectiveHierarchyStep#ignoreJavaClassWarnings" in 2 ms
[DEBUG] [io.quarkus.builder] Dependency of "io.quarkus.deployment.steps.MainClassBuildStep#build" finished; 91 remaining
[DEBUG] [io.quarkus.builder] Dependency of "io.quarkus.deployment.steps.ReflectiveHierarchyStep#build" finished; 6 remaining
[DEBUG] [org.jboss.threads] Changed uncaught exception handler for "Thread[build-15,5,build group]" to org.jboss.threads.LoggingUncaughtExceptionHandler@7548d0d to "org.jboss.threads.errors"
[DEBUG] [io.quarkus.builder] Starting step "io.quarkus.vertx.core.deployment.VertxCoreProcessor#createVertxContextHandlers"
[DEBUG] [io.quarkus.builder] Starting step "io.quarkus.restclient.deployment.RestClientProcessor#setupClientBuilder"
[DEBUG] [io.quarkus.builder] Starting step "io.quarkus.deployment.logging.LoggingResourceProcessor#setUpDarkeningDefault"
[DEBUG] [io.quarkus.builder] Starting step "io.quarkus.smallrye.reactivemessaging.deployment.SmallRyeReactiveMessagingProcessor#beans"
[DEBUG] [io.quarkus.builder] Starting step "org.kie.kogito.quarkus.predictions.deployment.PredictionsAssetsProcessor#featureBuildItem"
[DEBUG] [io.quarkus.builder] Starting step "io.quarkus.smallrye.reactivemessaging.kafka.deployment.SmallRyeReactiveMessagingKafkaProcessor#build"
[DEBUG] [io.quarkus.builder] Starting step "io.quarkus.restclient.deployment.RestClientProcessor#makeConfigUnremovable"
[DEBUG] [io.quarkus.builder] Starting step "io.quarkus.vertx.http.deployment.VertxHttpProcessor#filterMultipleVertxInstancesWarning"
[DEBUG] [io.quarkus.builder] Finished step "io.quarkus.deployment.steps.ConfigBuildSteps#generateConfigSources" in 9 ms
[DEBUG] [io.quarkus.builder] Dependency of "io.quarkus.deployment.pkg.steps.JarResultBuildStep#buildRunnerJar" finished; 27 remaining
[DEBUG] [io.quarkus.builder] Starting step "io.quarkus.vertx.http.deployment.VertxHttpProcessor#additionalBeans"
[DEBUG] [io.quarkus.builder] Dependency of "io.quarkus.deployment.logging.LoggingResourceProcessor#setUpDefaultLevels" finished; 0 remaining
[DEBUG] [io.quarkus.builder] Dependency of "io.quarkus.deployment.logging.LoggingResourceProcessor#setUpDefaultLevels" finished; 1 remaining
[DEBUG] [io.quarkus.builder] Starting step "io.quarkus.deployment.logging.LoggingResourceProcessor#setUpDefaultLevels"
[DEBUG] [io.quarkus.builder] Finished step "io.quarkus.vertx.http.deployment.VertxHttpProcessor#additionalBeans" in 16 ms
[DEBUG] [io.quarkus.builder] Finished step "io.quarkus.smallrye.reactivemessaging.kafka.deployment.SmallRyeReactiveMessagingKafkaProcessor#build" in 13 ms
[DEBUG] [io.quarkus.builder] Finished step "io.quarkus.vertx.http.deployment.VertxHttpProcessor#filterMultipleVertxInstancesWarning" in 11 ms
[DEBUG] [io.quarkus.builder] Finished step "io.quarkus.restclient.deployment.RestClientProcessor#makeConfigUnremovable" in 11 ms
[DEBUG] [io.quarkus.builder] Finished step "io.quarkus.smallrye.reactivemessaging.deployment.SmallRyeReactiveMessagingProcessor#beans" in 9 ms
[DEBUG] [io.quarkus.builder] Dependency of "io.quarkus.arc.deployment.ArcProcessor#initialize" finished; 47 remaining
[DEBUG] [io.quarkus.builder] Finished step "org.kie.kogito.quarkus.predictions.deployment.PredictionsAssetsProcessor#featureBuildItem" in 7 ms
[DEBUG] [io.quarkus.builder] Dependency of "io.quarkus.deployment.steps.MainClassBuildStep#build" finished; 90 remaining
[DEBUG] [io.quarkus.builder] Finished step "io.quarkus.deployment.logging.LoggingResourceProcessor#setUpDarkeningDefault" in 6 ms
[DEBUG] [io.quarkus.builder] Finished step "io.quarkus.restclient.deployment.RestClientProcessor#setupClientBuilder" in 5 ms
[DEBUG] [org.jboss.threads] Thread "Thread[build-15,5,build group]" starting execution
[DEBUG] [org.jboss.threads] Started thread "Thread[build-15,5,build group]"
[DEBUG] [io.quarkus.builder] Starting step "io.quarkus.deployment.steps.ProfileBuildStep#defaultProfile"
[DEBUG] [io.quarkus.builder] Dependency of "io.quarkus.deployment.steps.NativeImageAutoFeatureStep#generateNativeResourcesList" finished; 11 remaining
[DEBUG] [io.quarkus.builder] Dependency of "io.quarkus.deployment.steps.ConfigGenerationBuildStep#runtimeDefaultsConfig" finished; 8 remaining
[DEBUG] [io.quarkus.builder] Dependency of "io.quarkus.arc.deployment.BeanArchiveProcessor#build" finished; 38 remaining
[DEBUG] [io.quarkus.builder] Finished step "io.quarkus.vertx.core.deployment.VertxCoreProcessor#createVertxContextHandlers" in 21 ms
[DEBUG] [io.quarkus.builder] Dependency of "io.quarkus.arc.deployment.ArcProcessor#validate" finished; 16 remaining
[DEBUG] [io.quarkus.builder] Dependency of "io.quarkus.deployment.logging.LoggingResourceProcessor#setUpDefaultLogCleanupFilters" finished; 7 remaining
[DEBUG] [io.quarkus.builder] Dependency of "io.quarkus.deployment.steps.ReflectionDiagnosticProcessor#writeReflectionData" finished; 40 remaining
[DEBUG] [io.quarkus.builder] Dependency of "io.quarkus.arc.deployment.ArcProcessor#initialize" finished; 48 remaining
[DEBUG] [io.quarkus.builder] Finished step "io.quarkus.deployment.logging.LoggingResourceProcessor#setUpDefaultLevels" in 3 ms
[DEBUG] [io.quarkus.builder] Dependency of "io.quarkus.arc.deployment.BeanArchiveProcessor#build" finished; 37 remaining
[DEBUG] [io.quarkus.builder] Dependency of "io.quarkus.deployment.logging.LoggingResourceProcessor#setupLoggingRuntimeInit" finished; 11 remaining
[DEBUG] [io.quarkus.builder] Dependency of "io.quarkus.deployment.steps.MainClassBuildStep#build" finished; 89 remaining
[DEBUG] [io.quarkus.builder] Finished step "io.quarkus.deployment.steps.ProfileBuildStep#defaultProfile" in 2 ms
[DEBUG] [org.jboss.threads] Changed uncaught exception handler for "Thread[build-16,5,build group]" to org.jboss.threads.LoggingUncaughtExceptionHandler@7548d0d to "org.jboss.threads.errors"
[DEBUG] [io.quarkus.builder] Starting step "io.quarkus.deployment.CollectionClassProcessor#setupCollectionClasses"
[DEBUG] [io.quarkus.builder] Starting step "io.quarkus.deployment.steps.BootstrapConfigSetupBuildStep#setupBootstrapConfig"
[DEBUG] [io.quarkus.builder] Starting step "io.quarkus.deployment.steps.ConfigGenerationBuildStep#deprecatedStaticInitBuildItem"
[DEBUG] [io.quarkus.builder] Starting step "io.quarkus.elytron.security.common.deployment.QuarkusSecurityCommonProcessor#registerPasswordProviderForNative"
[DEBUG] [io.quarkus.builder] Starting step "org.kie.kogito.events.process.deployment.KogitoAddOnEventProcessProcessor#feature"
[DEBUG] [io.quarkus.bootstrap.classloading.QuarkusClassLoader] Class org.wildfly.security.password.WildFlyElytronPasswordProvider not found in parent first load from ClassRealm[plugin>io.quarkus:quarkus-maven-plugin:2.4.0.Final, parent: jdk.internal.loader.ClassLoaders$AppClassLoader@277050dc]
[DEBUG] [io.quarkus.builder] Finished step "io.quarkus.deployment.steps.ConfigGenerationBuildStep#deprecatedStaticInitBuildItem" in 14 ms
[DEBUG] [io.quarkus.builder] Finished step "io.quarkus.deployment.CollectionClassProcessor#setupCollectionClasses" in 12 ms
[DEBUG] [org.jboss.threads] Thread "Thread[build-16,5,build group]" starting execution
[DEBUG] [org.jboss.threads] Started thread "Thread[build-16,5,build group]"
[DEBUG] [io.quarkus.builder] Dependency of "io.quarkus.deployment.steps.ConfigGenerationBuildStep#runtimeDefaultsConfig" finished; 6 remaining
[DEBUG] [io.quarkus.builder] Dependency of "io.quarkus.deployment.steps.ThreadPoolSetup#createExecutor" finished; 3 remaining
[DEBUG] [io.quarkus.builder] Dependency of "io.quarkus.deployment.steps.ConfigGenerationBuildStep#runtimeDefaultsConfig" finished; 7 remaining
[DEBUG] [io.quarkus.builder] Starting step "io.quarkus.resteasy.jackson.deployment.ResteasyJacksonProcessor#feature"
[DEBUG] [org.jboss.threads] Changed uncaught exception handler for "Thread[build-17,5,build group]" to org.jboss.threads.LoggingUncaughtExceptionHandler@7548d0d to "org.jboss.threads.errors"
[DEBUG] [io.quarkus.builder] Starting step "io.quarkus.arc.deployment.ArcProcessor#feature"
[DEBUG] [io.quarkus.builder] Starting step "io.quarkus.undertow.deployment.UndertowArcIntegrationBuildStep#beanDefiningAnnotations"
[DEBUG] [io.quarkus.builder] Starting step "io.quarkus.mutiny.deployment.MutinyProcessor#buildTimeInit"
[DEBUG] [io.quarkus.builder] Starting step "io.quarkus.arc.deployment.ArcProcessor#loggerProducer"
[DEBUG] [io.quarkus.builder] Starting step "io.quarkus.smallrye.reactivemessaging.kafka.deployment.SmallRyeReactiveMessagingKafkaProcessor#feature"
[DEBUG] [io.quarkus.builder] Starting step "io.quarkus.kafka.client.deployment.KafkaProcessor#runtimeConfig"
[DEBUG] [io.quarkus.builder] Starting step "io.quarkus.vertx.core.deployment.VertxCoreProcessor#filterNettyHostsFileParsingWarn"
[DEBUG] [io.quarkus.builder] Dependency of "io.quarkus.deployment.steps.ReflectionDiagnosticProcessor#writeReflectionData" finished; 39 remaining
[DEBUG] [io.quarkus.builder] Dependency of "io.quarkus.deployment.steps.ConfigGenerationBuildStep#generateConfigClass" finished; 4 remaining
[DEBUG] [io.quarkus.bootstrap.classloading.QuarkusClassLoader] Class org.wildfly.security.WildFlyElytronBaseProvider not found in parent first load from ClassRealm[plugin>io.quarkus:quarkus-maven-plugin:2.4.0.Final, parent: jdk.internal.loader.ClassLoaders$AppClassLoader@277050dc]
[DEBUG] [io.quarkus.builder] Finished step "io.quarkus.deployment.steps.BootstrapConfigSetupBuildStep#setupBootstrapConfig" in 19 ms
[DEBUG] [io.quarkus.builder] Finished step "org.kie.kogito.events.process.deployment.KogitoAddOnEventProcessProcessor#feature" in 18 ms
[DEBUG] [io.quarkus.bootstrap.classloading.QuarkusClassLoader] Class org.wildfly.security.VersionedProvider not found in parent first load from ClassRealm[plugin>io.quarkus:quarkus-maven-plugin:2.4.0.Final, parent: jdk.internal.loader.ClassLoaders$AppClassLoader@277050dc]
[DEBUG] [io.quarkus.builder] Dependency of "io.quarkus.deployment.steps.RuntimeConfigSetupBuildStep#setupRuntimeConfig" finished; 0 remaining
[DEBUG] [io.quarkus.builder] Finished step "io.quarkus.mutiny.deployment.MutinyProcessor#buildTimeInit" in 12 ms
[DEBUG] [io.quarkus.builder] Dependency of "io.quarkus.deployment.steps.MainClassBuildStep#build" finished; 87 remaining
[DEBUG] [io.quarkus.builder] Finished step "io.quarkus.vertx.core.deployment.VertxCoreProcessor#filterNettyHostsFileParsingWarn" in 11 ms
[DEBUG] [io.quarkus.builder] Finished step "io.quarkus.kafka.client.deployment.KafkaProcessor#runtimeConfig" in 11 ms
[DEBUG] [io.quarkus.builder] Finished step "io.quarkus.smallrye.reactivemessaging.kafka.deployment.SmallRyeReactiveMessagingKafkaProcessor#feature" in 9 ms
[DEBUG] [io.quarkus.builder] Finished step "io.quarkus.arc.deployment.ArcProcessor#loggerProducer" in 9 ms
[DEBUG] [io.quarkus.builder] Finished step "io.quarkus.undertow.deployment.UndertowArcIntegrationBuildStep#beanDefiningAnnotations" in 7 ms
[DEBUG] [io.quarkus.builder] Finished step "io.quarkus.arc.deployment.ArcProcessor#feature" in 6 ms
[DEBUG] [org.jboss.threads] Thread "Thread[build-17,5,build group]" starting execution
[DEBUG] [org.jboss.threads] Started thread "Thread[build-17,5,build group]"
[DEBUG] [io.quarkus.builder] Finished step "io.quarkus.resteasy.jackson.deployment.ResteasyJacksonProcessor#feature" in 4 ms
[DEBUG] [org.jboss.threads] Changed uncaught exception handler for "Thread[build-18,5,build group]" to org.jboss.threads.LoggingUncaughtExceptionHandler@7548d0d to "org.jboss.threads.errors"
[DEBUG] [io.quarkus.builder] Starting step "io.quarkus.arc.deployment.HotDeploymentConfigBuildStep#startup"
[DEBUG] [io.quarkus.builder] Starting step "io.quarkus.vertx.core.deployment.VertxCoreProcessor#createVertxThreadFactory"
[DEBUG] [io.quarkus.builder] Starting step "io.quarkus.vertx.core.deployment.VertxCoreProcessor#ioThreadDetector"
[DEBUG] [io.quarkus.builder] Starting step "io.quarkus.undertow.deployment.WebXmlParsingBuildStep#configFile"
[DEBUG] [io.quarkus.builder] Starting step "io.quarkus.restclient.deployment.RestClientProcessor#setup"
[DEBUG] [io.quarkus.builder] Starting step "io.quarkus.vertx.deployment.VertxProcessor#registerBean"
[DEBUG] [io.quarkus.builder] Dependency of "io.quarkus.deployment.steps.MainClassBuildStep#build" finished; 85 remaining
[DEBUG] [io.quarkus.builder] Dependency of "io.quarkus.arc.deployment.ArcProcessor#initialize" finished; 44 remaining
[DEBUG] [io.quarkus.builder] Dependency of "io.quarkus.arc.deployment.ArcProcessor#initialize" finished; 45 remaining
[DEBUG] [io.quarkus.builder] Dependency of "io.quarkus.deployment.steps.MainClassBuildStep#build" finished; 86 remaining
[DEBUG] [io.quarkus.builder] Dependency of "io.quarkus.arc.deployment.ArcProcessor#initialize" finished; 46 remaining
[DEBUG] [io.quarkus.builder] Dependency of "io.quarkus.deployment.logging.LoggingResourceProcessor#setUpDefaultLogCleanupFilters" finished; 6 remaining
[DEBUG] [io.quarkus.builder] Finished step "io.quarkus.elytron.security.common.deployment.QuarkusSecurityCommonProcessor#registerPasswordProviderForNative" in 42 ms
[DEBUG] [io.quarkus.builder] Starting step "io.quarkus.deployment.steps.RuntimeConfigSetupBuildStep#setupRuntimeConfig"
[DEBUG] [io.quarkus.builder] Dependency of "io.quarkus.deployment.pkg.steps.JarResultBuildStep#buildRunnerJar" finished; 26 remaining
[DEBUG] [io.quarkus.builder] Dependency of "io.quarkus.deployment.steps.MainClassBuildStep#build" finished; 88 remaining
[DEBUG] [io.quarkus.builder] Dependency of "io.quarkus.deployment.steps.MainClassBuildStep#build" finished; 82 remaining
[DEBUG] [io.quarkus.builder] Finished step "io.quarkus.deployment.steps.RuntimeConfigSetupBuildStep#setupRuntimeConfig" in 21 ms
[DEBUG] [io.quarkus.builder] Dependency of "io.quarkus.deployment.steps.MainClassBuildStep#build" finished; 83 remaining
[DEBUG] [io.quarkus.builder] Dependency of "io.quarkus.deployment.logging.LoggingResourceProcessor#setupLoggingRuntimeInit" finished; 10 remaining
[DEBUG] [io.quarkus.builder] Dependency of "io.quarkus.arc.deployment.BeanArchiveProcessor#build" finished; 34 remaining
[DEBUG] [io.quarkus.builder] Dependency of "io.quarkus.arc.deployment.BeanArchiveProcessor#build" finished; 35 remaining
[DEBUG] [io.quarkus.builder] Dependency of "io.quarkus.arc.deployment.BeanArchiveProcessor#build" finished; 36 remaining
[DEBUG] [io.quarkus.builder] Finished step "io.quarkus.vertx.core.deployment.VertxCoreProcessor#createVertxThreadFactory" in 8 ms
[DEBUG] [io.quarkus.builder] Finished step "io.quarkus.vertx.deployment.VertxProcessor#registerBean" in 9 ms
[DEBUG] [io.quarkus.builder] Finished step "io.quarkus.vertx.core.deployment.VertxCoreProcessor#ioThreadDetector" in 8 ms
[DEBUG] [io.quarkus.builder] Finished step "io.quarkus.undertow.deployment.WebXmlParsingBuildStep#configFile" in 6 ms
[DEBUG] [io.quarkus.builder] Dependency of "io.quarkus.deployment.dev.HotDeploymentConfigFileBuildStep#setupConfigFileHotDeployment" finished; 7 remaining
[DEBUG] [io.quarkus.builder] Finished step "io.quarkus.arc.deployment.HotDeploymentConfigBuildStep#startup" in 4 ms
[DEBUG] [org.jboss.threads] Thread "Thread[build-18,5,build group]" starting execution
[DEBUG] [org.jboss.threads] Started thread "Thread[build-18,5,build group]"
[DEBUG] [io.quarkus.builder] Dependency of "io.quarkus.deployment.steps.MainClassBuildStep#build" finished; 84 remaining
[DEBUG] [org.jboss.threads] Changed uncaught exception handler for "Thread[build-19,5,build group]" to org.jboss.threads.LoggingUncaughtExceptionHandler@7548d0d to "org.jboss.threads.errors"
[DEBUG] [io.quarkus.builder] Starting step "io.quarkus.smallrye.openapi.deployment.SmallRyeOpenApiProcessor#logCleanup"
[DEBUG] [io.quarkus.builder] Starting step "io.quarkus.smallrye.reactivemessaging.deployment.SmallRyeReactiveMessagingProcessor#feature"
[DEBUG] [io.quarkus.builder] Starting step "io.quarkus.resteasy.server.common.deployment.ResteasyLogFilterBuildStep#setupLogFilters"
[DEBUG] [io.quarkus.builder] Starting step "org.kie.kogito.quarkus.decisions.deployment.DecisionsAssetsProcessor#reflectiveClassBuildItems"
[DEBUG] [io.quarkus.builder] Starting step "io.quarkus.smallrye.context.deployment.SmallRyeContextPropagationProcessor#registerBean"
[DEBUG] [io.quarkus.builder] Starting step "io.quarkus.restclient.deployment.RestClientProcessor#activateSslNativeSupport"
[DEBUG] [io.quarkus.builder] Starting step "io.quarkus.vertx.deployment.VertxProcessor#autoAddScope"
[DEBUG] [io.quarkus.builder] Starting step "io.quarkus.swaggerui.deployment.SwaggerUiProcessor#brandingFiles"
[DEBUG] [io.quarkus.builder] Starting step "io.quarkus.smallrye.openapi.deployment.SmallRyeOpenApiProcessor#classLoaderHack"
[DEBUG] [io.quarkus.builder] Starting step "io.quarkus.arc.deployment.CommandLineArgumentsProcessor#commandLineArgs"
[DEBUG] [io.quarkus.builder] Starting step "io.quarkus.smallrye.context.deployment.SmallRyeContextPropagationProcessor#buildStatic"
[DEBUG] [io.quarkus.builder] Dependency of "io.quarkus.deployment.dev.ConfigureDisableInstrumentationBuildStep#configure" finished; 0 remaining
[DEBUG] [io.quarkus.builder] Dependency of "io.quarkus.deployment.steps.BlockingOperationControlBuildStep#blockingOP" finished; 0 remaining
[DEBUG] [io.quarkus.builder] Dependency of "io.quarkus.arc.deployment.ArcProcessor#initialize" finished; 43 remaining
[DEBUG] [io.quarkus.builder] Dependency of "io.quarkus.deployment.steps.MainClassBuildStep#build" finished; 81 remaining
[DEBUG] [io.quarkus.builder] Finished step "io.quarkus.restclient.deployment.RestClientProcessor#setup" in 19 ms
[DEBUG] [io.quarkus.builder] Dependency of "io.quarkus.resteasy.deployment.ResteasyStandaloneBuildStep#boot" finished; 4 remaining
[DEBUG] [io.quarkus.builder] Dependency of "io.quarkus.deployment.steps.ReflectionDiagnosticProcessor#writeReflectionData" finished; 38 remaining
[DEBUG] [io.quarkus.builder] Dependency of "io.quarkus.deployment.steps.ThreadPoolSetup#createExecutor" finished; 2 remaining
[DEBUG] [io.quarkus.builder] Finished step "io.quarkus.arc.deployment.CommandLineArgumentsProcessor#commandLineArgs" in 15 ms
[DEBUG] [io.quarkus.builder] Dependency of "io.quarkus.arc.deployment.BeanArchiveProcessor#build" finished; 33 remaining
[DEBUG] [io.quarkus.builder] Starting step "io.quarkus.deployment.steps.BlockingOperationControlBuildStep#blockingOP"
[DEBUG] [io.quarkus.builder] Dependency of "io.quarkus.deployment.steps.MainClassBuildStep#build" finished; 80 remaining
[DEBUG] [io.quarkus.builder] Starting step "io.quarkus.deployment.dev.ConfigureDisableInstrumentationBuildStep#configure"
[DEBUG] [io.quarkus.builder] Finished step "io.quarkus.vertx.deployment.VertxProcessor#autoAddScope" in 13 ms
[DEBUG] [io.quarkus.builder] Finished step "io.quarkus.smallrye.openapi.deployment.SmallRyeOpenApiProcessor#classLoaderHack" in 13 ms
[DEBUG] [io.quarkus.builder] Finished step "io.quarkus.swaggerui.deployment.SwaggerUiProcessor#brandingFiles" in 9 ms
[DEBUG] [io.quarkus.builder] Finished step "io.quarkus.restclient.deployment.RestClientProcessor#activateSslNativeSupport" in 7 ms
[DEBUG] [io.quarkus.builder] Finished step "io.quarkus.smallrye.context.deployment.SmallRyeContextPropagationProcessor#registerBean" in 6 ms
[DEBUG] [io.quarkus.builder] Dependency of "io.quarkus.arc.deployment.ArcProcessor#initialize" finished; 42 remaining
[DEBUG] [io.quarkus.builder] Finished step "org.kie.kogito.quarkus.decisions.deployment.DecisionsAssetsProcessor#reflectiveClassBuildItems" in 5 ms
[DEBUG] [io.quarkus.builder] Finished step "io.quarkus.resteasy.server.common.deployment.ResteasyLogFilterBuildStep#setupLogFilters" in 5 ms
[DEBUG] [io.quarkus.builder] Finished step "io.quarkus.smallrye.reactivemessaging.deployment.SmallRyeReactiveMessagingProcessor#feature" in 4 ms
[DEBUG] [io.quarkus.builder] Finished step "io.quarkus.smallrye.openapi.deployment.SmallRyeOpenApiProcessor#logCleanup" in 3 ms
[DEBUG] [org.jboss.threads] Thread "Thread[build-19,5,build group]" starting execution
[DEBUG] [org.jboss.threads] Started thread "Thread[build-19,5,build group]"
[DEBUG] [io.quarkus.builder] Starting step "io.quarkus.arc.deployment.ArcProcessor#marker"
[DEBUG] [io.quarkus.builder] Dependency of "io.quarkus.deployment.logging.LoggingResourceProcessor#setUpDefaultLogCleanupFilters" finished; 4 remaining
[DEBUG] [io.quarkus.builder] Dependency of "io.quarkus.deployment.steps.MainClassBuildStep#build" finished; 77 remaining
[DEBUG] [io.quarkus.builder] Dependency of "io.quarkus.deployment.logging.LoggingResourceProcessor#setUpDefaultLogCleanupFilters" finished; 5 remaining
[DEBUG] [io.quarkus.builder] Dependency of "io.quarkus.deployment.logging.LoggingResourceProcessor#setupLoggingRuntimeInit" finished; 8 remaining
[DEBUG] [io.quarkus.builder] Dependency of "io.quarkus.deployment.steps.ReflectionDiagnosticProcessor#writeReflectionData" finished; 37 remaining
[DEBUG] [io.quarkus.builder] Dependency of "io.quarkus.arc.deployment.BeanArchiveProcessor#build" finished; 32 remaining
[DEBUG] [io.quarkus.builder] Finished step "io.quarkus.deployment.dev.ConfigureDisableInstrumentationBuildStep#configure" in 16 ms
[DEBUG] [io.quarkus.builder] Dependency of "io.quarkus.arc.deployment.LifecycleEventsBuildStep#startupEvent" finished; 12 remaining
[DEBUG] [io.quarkus.builder] Dependency of "io.quarkus.deployment.steps.NativeImageConfigBuildStep#build" finished; 6 remaining
[DEBUG] [io.quarkus.builder] Dependency of "io.quarkus.deployment.dev.HotDeploymentConfigFileBuildStep#setupConfigFileHotDeployment" finished; 6 remaining
[DEBUG] [io.quarkus.builder] Dependency of "io.quarkus.deployment.steps.MainClassBuildStep#build" finished; 78 remaining
[DEBUG] [io.quarkus.builder] Dependency of "io.quarkus.arc.deployment.AutoAddScopeProcessor#annotationTransformer" finished; 4 remaining
[DEBUG] [io.quarkus.builder] Finished step "io.quarkus.deployment.steps.BlockingOperationControlBuildStep#blockingOP" in 10 ms
[DEBUG] [io.quarkus.builder] Finished step "io.quarkus.smallrye.context.deployment.SmallRyeContextPropagationProcessor#buildStatic" in 21 ms
[DEBUG] [io.quarkus.builder] Dependency of "io.quarkus.arc.deployment.SyntheticBeansProcessor#initRegular" finished; 15 remaining
[DEBUG] [io.quarkus.builder] Dependency of "io.quarkus.deployment.steps.MainClassBuildStep#build" finished; 79 remaining
[DEBUG] [io.quarkus.builder] Dependency of "io.quarkus.vertx.http.deployment.VertxHttpProcessor#bodyHandler" finished; 1 remaining
[DEBUG] [io.quarkus.builder] Dependency of "io.quarkus.arc.deployment.ArcProcessor#initialize" finished; 41 remaining
[DEBUG] [io.quarkus.builder] Dependency of "io.quarkus.arc.deployment.SyntheticBeansProcessor#initStatic" finished; 15 remaining
[DEBUG] [io.quarkus.builder] Dependency of "io.quarkus.deployment.steps.MainClassBuildStep#build" finished; 75 remaining
[DEBUG] [io.quarkus.builder] Dependency of "io.quarkus.deployment.steps.MainClassBuildStep#build" finished; 76 remaining
[DEBUG] [io.quarkus.builder] Dependency of "io.quarkus.deployment.logging.LoggingResourceProcessor#setupLoggingRuntimeInit" finished; 9 remaining
[DEBUG] [io.quarkus.builder] Finished step "io.quarkus.arc.deployment.ArcProcessor#marker" in 3 ms
[DEBUG] [org.jboss.threads] Changed uncaught exception handler for "Thread[build-20,5,build group]" to org.jboss.threads.LoggingUncaughtExceptionHandler@7548d0d to "org.jboss.threads.errors"
[DEBUG] [io.quarkus.builder] Starting step "io.quarkus.smallrye.reactivemessaging.kafka.deployment.KafkaCodecProcessor#build"
[DEBUG] [io.quarkus.builder] Finished step "io.quarkus.smallrye.reactivemessaging.kafka.deployment.KafkaCodecProcessor#build" in 76 ms
[DEBUG] [io.quarkus.builder] Dependency of "io.quarkus.deployment.steps.ReflectionDiagnosticProcessor#writeReflectionData" finished; 36 remaining
[DEBUG] [io.quarkus.builder] Starting step "org.kie.kogito.quarkus.decisions.deployment.DecisionsAssetsProcessor#featureBuildItem"
[DEBUG] [io.quarkus.builder] Starting step "io.quarkus.vertx.core.deployment.VertxCoreProcessor#cleanupVertxWarnings"
[DEBUG] [io.quarkus.builder] Finished step "org.kie.kogito.quarkus.decisions.deployment.DecisionsAssetsProcessor#featureBuildItem" in 84 ms
[DEBUG] [org.jboss.threads] Thread "Thread[build-20,5,build group]" starting execution
[DEBUG] [org.jboss.threads] Started thread "Thread[build-20,5,build group]"
[DEBUG] [io.quarkus.builder] Dependency of "io.quarkus.deployment.index.ApplicationArchiveBuildStep#build" finished; 5 remaining
[DEBUG] [io.quarkus.builder] Dependency of "io.quarkus.arc.deployment.SyntheticBeansProcessor#initRuntime" finished; 15 remaining
[DEBUG] [io.quarkus.builder] Dependency of "io.quarkus.arc.deployment.BeanArchiveProcessor#build" finished; 31 remaining
[DEBUG] [io.quarkus.builder] Dependency of "io.quarkus.deployment.steps.MainClassBuildStep#build" finished; 74 remaining
[DEBUG] [io.quarkus.builder] Dependency of "io.quarkus.arc.deployment.ArcProcessor#initialize" finished; 40 remaining
[DEBUG] [org.jboss.threads] Changed uncaught exception handler for "Thread[build-21,5,build group]" to org.jboss.threads.LoggingUncaughtExceptionHandler@7548d0d to "org.jboss.threads.errors"
[DEBUG] [io.quarkus.builder] Starting step "io.quarkus.deployment.logging.LoggingResourceProcessor#setProperty"
[DEBUG] [io.quarkus.builder] Starting step "io.quarkus.netty.deployment.NettyProcessor#setNettyMachineId"
[DEBUG] [io.quarkus.builder] Starting step "io.quarkus.jsonp.deployment.JsonpProcessor#build"
[DEBUG] [io.quarkus.builder] Starting step "io.quarkus.arc.deployment.StartupBuildSteps#unremovableBeans"
[DEBUG] [io.quarkus.builder] Starting step "io.quarkus.smallrye.reactivemessaging.deployment.SmallRyeReactiveMessagingProcessor#removalExclusions"
[DEBUG] [io.quarkus.builder] Starting step "io.quarkus.arc.deployment.ConfigBuildStep#vetoMPConfigProperties"
[DEBUG] [io.quarkus.builder] Finished step "io.quarkus.netty.deployment.NettyProcessor#setNettyMachineId" in 13 ms
[DEBUG] [io.quarkus.builder] Starting step "io.quarkus.elytron.security.common.deployment.QuarkusSecurityCommonProcessor#registerPasswordProvider"
[DEBUG] [io.quarkus.builder] Starting step "io.quarkus.arc.deployment.UnremovableAnnotationsProcessor#unremovableBeans"
[DEBUG] [io.quarkus.builder] Starting step "io.quarkus.deployment.ExtensionLoader$$Lambda$308/0x000000080050e840@2bc915e5"
[DEBUG] [io.quarkus.builder] Starting step "io.quarkus.kafka.client.deployment.KafkaProcessor#feature"
[DEBUG] [io.quarkus.builder] Starting step "io.quarkus.deployment.steps.AdditionalClassLoaderResourcesBuildStep#appendAdditionalClassloaderResources"
[DEBUG] [io.quarkus.builder] Starting step "io.quarkus.micrometer.deployment.binder.VertxBinderProcessor#build"
[DEBUG] [io.quarkus.builder] Starting step "io.quarkus.deployment.logging.LoggingResourceProcessor#setupLogFilters"
[DEBUG] [io.quarkus.builder] Starting step "io.quarkus.smallrye.openapi.deployment.SmallRyeOpenApiProcessor#additionalBean"
[DEBUG] [io.quarkus.builder] Dependency of "io.quarkus.deployment.steps.MainClassBuildStep#build" finished; 73 remaining
[DEBUG] [io.quarkus.builder] Finished step "io.quarkus.vertx.core.deployment.VertxCoreProcessor#cleanupVertxWarnings" in 85 ms
[DEBUG] [io.quarkus.builder] Finished step "io.quarkus.smallrye.openapi.deployment.SmallRyeOpenApiProcessor#additionalBean" in 22 ms
[DEBUG] [io.quarkus.builder] Finished step "io.quarkus.deployment.logging.LoggingResourceProcessor#setupLogFilters" in 20 ms
[DEBUG] [io.quarkus.builder] Finished step "io.quarkus.deployment.steps.AdditionalClassLoaderResourcesBuildStep#appendAdditionalClassloaderResources" in 18 ms
[DEBUG] [io.quarkus.builder] Dependency of "io.quarkus.deployment.steps.CombinedIndexBuildStep#build" finished; 2 remaining
[DEBUG] [io.quarkus.builder] Finished step "io.quarkus.kafka.client.deployment.KafkaProcessor#feature" in 17 ms
[DEBUG] [io.quarkus.builder] Finished step "io.quarkus.deployment.ExtensionLoader$$Lambda$308/0x000000080050e840@2bc915e5" in 17 ms
[DEBUG] [io.quarkus.builder] Finished step "io.quarkus.smallrye.reactivemessaging.deployment.SmallRyeReactiveMessagingProcessor#removalExclusions" in 16 ms
[DEBUG] [io.quarkus.builder] Finished step "io.quarkus.arc.deployment.UnremovableAnnotationsProcessor#unremovableBeans" in 16 ms
[DEBUG] [io.quarkus.builder] Finished step "io.quarkus.elytron.security.common.deployment.QuarkusSecurityCommonProcessor#registerPasswordProvider" in 15 ms
[DEBUG] [io.quarkus.builder] Dependency of "io.quarkus.deployment.steps.MainClassBuildStep#build" finished; 72 remaining
[DEBUG] [io.quarkus.builder] Finished step "io.quarkus.arc.deployment.ConfigBuildStep#vetoMPConfigProperties" in 13 ms
[DEBUG] [io.quarkus.builder] Finished step "io.quarkus.jsonp.deployment.JsonpProcessor#build" in 13 ms
[DEBUG] [io.quarkus.builder] Finished step "io.quarkus.arc.deployment.StartupBuildSteps#unremovableBeans" in 10 ms
[DEBUG] [io.quarkus.builder] Dependency of "io.quarkus.arc.deployment.ArcProcessor#validate" finished; 13 remaining
[DEBUG] [io.quarkus.builder] Finished step "io.quarkus.deployment.logging.LoggingResourceProcessor#setProperty" in 8 ms
[DEBUG] [org.jboss.threads] Thread "Thread[build-21,5,build group]" starting execution
[DEBUG] [org.jboss.threads] Started thread "Thread[build-21,5,build group]"
[DEBUG] [io.quarkus.builder] Dependency of "io.quarkus.arc.deployment.BeanArchiveProcessor#build" finished; 30 remaining
[DEBUG] [io.quarkus.builder] Dependency of "io.quarkus.micrometer.deployment.binder.HttpBinderProcessor#enableHttpBinders" finished; 1 remaining
[DEBUG] [org.jboss.threads] Changed uncaught exception handler for "Thread[build-22,5,build group]" to org.jboss.threads.LoggingUncaughtExceptionHandler@7548d0d to "org.jboss.threads.errors"
[DEBUG] [io.quarkus.builder] Starting step "org.kie.kogito.quarkus.decisions.deployment.DecisionsAssetsProcessor#reflectiveDMNREST"
[DEBUG] [io.quarkus.builder] Starting step "io.quarkus.micrometer.deployment.binder.HttpBinderProcessor#registerRestClientListener"
[DEBUG] [io.quarkus.builder] Starting step "io.quarkus.deployment.steps.ApplicationIndexBuildStep#build"
[DEBUG] [io.quarkus.builder] Starting step "io.quarkus.kafka.client.deployment.KafkaProcessor#relaxSaslElytron"
[DEBUG] [io.quarkus.builder] Starting step "io.quarkus.kafka.client.deployment.KafkaProcessor#contributeClassesToIndex"
[DEBUG] [io.quarkus.builder] Starting step "io.quarkus.deployment.pkg.steps.PackageTypeVerificationBuildStep#builtins"
[DEBUG] [io.quarkus.builder] Finished step "io.quarkus.kafka.client.deployment.KafkaProcessor#relaxSaslElytron" in 8 ms
[DEBUG] [io.quarkus.builder] Starting step "io.quarkus.deployment.steps.DevServicesConfigBuildStep#deprecated"
[DEBUG] [io.quarkus.builder] Dependency of "io.quarkus.deployment.steps.MainClassBuildStep#build" finished; 69 remaining
[DEBUG] [io.quarkus.builder] Dependency of "io.quarkus.deployment.steps.ReflectionDiagnosticProcessor#writeReflectionData" finished; 35 remaining
[DEBUG] [io.quarkus.builder] Dependency of "io.quarkus.arc.deployment.ArcProcessor#initialize" finished; 38 remaining
[DEBUG] [io.quarkus.builder] Dependency of "io.quarkus.deployment.steps.MainClassBuildStep#build" finished; 70 remaining
[DEBUG] [io.quarkus.builder] Dependency of "io.quarkus.arc.deployment.ArcProcessor#validate" finished; 14 remaining
[DEBUG] [io.quarkus.builder] Dependency of "io.quarkus.arc.deployment.ArcProcessor#validate" finished; 15 remaining
[DEBUG] [io.quarkus.builder] Dependency of "io.quarkus.micrometer.deployment.MicrometerProcessor#registerExtensionMetrics" finished; 2 remaining
[DEBUG] [io.quarkus.builder] Finished step "io.quarkus.micrometer.deployment.binder.VertxBinderProcessor#build" in 27 ms
[DEBUG] [io.quarkus.builder] Dependency of "io.quarkus.deployment.steps.MainClassBuildStep#build" finished; 71 remaining
[DEBUG] [io.quarkus.builder] Dependency of "io.quarkus.deployment.logging.LoggingResourceProcessor#setUpDefaultLogCleanupFilters" finished; 2 remaining
[DEBUG] [io.quarkus.builder] Dependency of "io.quarkus.arc.deployment.ArcProcessor#initialize" finished; 39 remaining
[DEBUG] [io.quarkus.builder] Dependency of "io.quarkus.deployment.logging.LoggingResourceProcessor#setUpDefaultLogCleanupFilters" finished; 3 remaining
[DEBUG] [io.quarkus.builder] Dependency of "io.quarkus.arc.deployment.BeanArchiveProcessor#build" finished; 29 remaining
[DEBUG] [io.quarkus.builder] Dependency of "io.quarkus.deployment.logging.LoggingResourceProcessor#setupLoggingRuntimeInit" finished; 7 remaining
[DEBUG] [io.quarkus.builder] Dependency of "io.quarkus.deployment.steps.MainClassBuildStep#build" finished; 67 remaining
[DEBUG] [io.quarkus.builder] Dependency of "io.quarkus.smallrye.openapi.deployment.SmallRyeOpenApiProcessor#build" finished; 6 remaining
[DEBUG] [io.quarkus.builder] Dependency of "io.quarkus.resteasy.server.common.deployment.ResteasyServerCommonProcessor#config" finished; 0 remaining
[DEBUG] [io.quarkus.builder] Dependency of "io.quarkus.deployment.steps.MainClassBuildStep#build" finished; 68 remaining
[DEBUG] [io.quarkus.builder] Finished step "io.quarkus.deployment.steps.DevServicesConfigBuildStep#deprecated" in 11 ms
[DEBUG] [io.quarkus.deployment.steps.ApplicationIndexBuildStep] Indexing /fr/msa/imsa/rest/TacheRemoteServices.class
[DEBUG] [io.quarkus.builder] Dependency of "io.quarkus.deployment.steps.ConfigGenerationBuildStep#runtimeDefaultsConfig" finished; 5 remaining
[DEBUG] [io.quarkus.builder] Finished step "io.quarkus.deployment.pkg.steps.PackageTypeVerificationBuildStep#builtins" in 8 ms
[DEBUG] [io.quarkus.builder] Finished step "io.quarkus.kafka.client.deployment.KafkaProcessor#contributeClassesToIndex" in 8 ms
[DEBUG] [io.quarkus.builder] Finished step "io.quarkus.micrometer.deployment.binder.HttpBinderProcessor#registerRestClientListener" in 4 ms
[DEBUG] [io.quarkus.builder] Finished step "org.kie.kogito.quarkus.decisions.deployment.DecisionsAssetsProcessor#reflectiveDMNREST" in 3 ms
[DEBUG] [org.jboss.threads] Thread "Thread[build-22,5,build group]" starting execution
[DEBUG] [org.jboss.threads] Started thread "Thread[build-22,5,build group]"
[DEBUG] [io.quarkus.builder] Dependency of "io.quarkus.swaggerui.deployment.SwaggerUiProcessor#registerSwaggerUiHandler" finished; 3 remaining
[DEBUG] [io.quarkus.builder] Starting step "io.quarkus.netty.deployment.NettyProcessor#cleanup"
[DEBUG] [io.quarkus.builder] Starting step "io.quarkus.undertow.deployment.UndertowLogFilterBuildStep#setupLogFilters"
[DEBUG] [io.quarkus.builder] Starting step "io.quarkus.deployment.steps.ConfigGenerationBuildStep#suppressNonRuntimeConfigChanged"
[DEBUG] [io.quarkus.builder] Finished step "io.quarkus.deployment.steps.ConfigGenerationBuildStep#suppressNonRuntimeConfigChanged" in 3 ms
[DEBUG] [io.quarkus.builder] Dependency of "io.quarkus.deployment.steps.ConfigGenerationBuildStep#checkForBuildTimeConfigChange" finished; 3 remaining
[DEBUG] [io.quarkus.builder] Starting step "io.quarkus.arc.deployment.ConfigBuildStep#additionalBeans"
[DEBUG] [io.quarkus.builder] Starting step "org.kie.kogito.addon.cloudevents.quarkus.deployment.KogitoAddOnMessagingProcessor#feature"
[DEBUG] [io.quarkus.builder] Starting step "org.kie.kogito.monitoring.prometheus.quarkus.deployment.KogitoAddOnMonitoringPrometheusProcessor#feature"
[DEBUG] [io.quarkus.builder] Starting step "io.quarkus.kafka.client.deployment.KafkaProcessor#ensureJsonParserAvailable"
[DEBUG] [io.quarkus.builder] Starting step "io.quarkus.smallrye.openapi.deployment.SmallRyeOpenApiProcessor#registerJaxRsSupportedAnnotation"
[DEBUG] [io.quarkus.builder] Starting step "io.quarkus.deployment.steps.ConfigGenerationBuildStep#staticInitSources"
[DEBUG] [io.quarkus.builder] Dependency of "io.quarkus.deployment.steps.ReflectiveHierarchyStep#build" finished; 5 remaining
[DEBUG] [io.quarkus.builder] Dependency of "io.quarkus.deployment.steps.ReflectionDiagnosticProcessor#writeReflectionData" finished; 34 remaining
[DEBUG] [io.quarkus.builder] Dependency of "io.quarkus.deployment.steps.CombinedIndexBuildStep#build" finished; 1 remaining
[DEBUG] [io.quarkus.builder] Dependency of "io.quarkus.deployment.pkg.steps.PackageTypeVerificationBuildStep#verify" finished; 1 remaining
[DEBUG] [io.quarkus.builder] Dependency of "io.quarkus.deployment.steps.DevServicesConfigBuildStep#setup" finished; 0 remaining
[DEBUG] [io.quarkus.builder] Dependency of "io.quarkus.vertx.http.deployment.VertxHttpProcessor#initializeRouter" finished; 10 remaining
[DEBUG] [io.quarkus.builder] Starting step "io.quarkus.resteasy.server.common.deployment.ResteasyServerCommonProcessor#config"
[DEBUG] [io.quarkus.builder] Dependency of "io.quarkus.vertx.core.deployment.VertxCoreProcessor#build" finished; 3 remaining
[DEBUG] [io.quarkus.builder] Dependency of "io.quarkus.deployment.logging.LoggingResourceProcessor#setupLoggingRuntimeInit" finished; 6 remaining
[DEBUG] [io.quarkus.builder] Finished step "io.quarkus.resteasy.server.common.deployment.ResteasyServerCommonProcessor#config" in 25 ms
[DEBUG] [io.quarkus.builder] Dependency of "io.quarkus.arc.deployment.ConfigBuildStep#registerConfigRootsAsBeans" finished; 0 remaining
[DEBUG] [io.quarkus.builder] Starting step "io.quarkus.deployment.steps.DevServicesConfigBuildStep#setup"
[DEBUG] [io.quarkus.builder] Dependency of "io.quarkus.deployment.index.ApplicationArchiveBuildStep#build" finished; 4 remaining
[DEBUG] [io.quarkus.builder] Dependency of "io.quarkus.deployment.steps.NativeImageAutoFeatureStep#generateNativeResourcesList" finished; 10 remaining
[DEBUG] [io.quarkus.builder] Finished step "io.quarkus.deployment.steps.ConfigGenerationBuildStep#staticInitSources" in 12 ms
[DEBUG] [io.quarkus.builder] Finished step "io.quarkus.smallrye.openapi.deployment.SmallRyeOpenApiProcessor#registerJaxRsSupportedAnnotation" in 11 ms
[DEBUG] [io.quarkus.builder] Finished step "io.quarkus.kafka.client.deployment.KafkaProcessor#ensureJsonParserAvailable" in 10 ms
[DEBUG] [io.quarkus.builder] Finished step "org.kie.kogito.monitoring.prometheus.quarkus.deployment.KogitoAddOnMonitoringPrometheusProcessor#feature" in 9 ms
[DEBUG] [io.quarkus.builder] Finished step "org.kie.kogito.addon.cloudevents.quarkus.deployment.KogitoAddOnMessagingProcessor#feature" in 8 ms
[DEBUG] [io.quarkus.builder] Finished step "io.quarkus.arc.deployment.ConfigBuildStep#additionalBeans" in 8 ms
[DEBUG] [io.quarkus.deployment.steps.ApplicationIndexBuildStep] Indexing /fr/msa/imsa/services/TacheServices.class
[DEBUG] [io.quarkus.builder] Finished step "io.quarkus.netty.deployment.NettyProcessor#cleanup" in 4 ms
[DEBUG] [io.quarkus.builder] Finished step "io.quarkus.undertow.deployment.UndertowLogFilterBuildStep#setupLogFilters" in 2 ms
[DEBUG] [io.quarkus.builder] Dependency of "io.quarkus.undertow.deployment.UndertowBuildStep#boot" finished; 6 remaining
[DEBUG] [io.quarkus.builder] Dependency of "io.quarkus.deployment.logging.LoggingResourceProcessor#setUpDefaultLogCleanupFilters" finished; 0 remaining
[DEBUG] [io.quarkus.deployment.steps.ApplicationIndexBuildStep] Indexing /fr/msa/imsa/model/Dossier.class
[DEBUG] [io.quarkus.builder] Dependency of "io.quarkus.deployment.logging.LoggingResourceProcessor#setUpDefaultLogCleanupFilters" finished; 1 remaining
[DEBUG] [io.quarkus.builder] Dependency of "io.quarkus.arc.deployment.ArcProcessor#initialize" finished; 37 remaining
[DEBUG] [io.quarkus.builder] Dependency of "io.quarkus.deployment.steps.MainClassBuildStep#build" finished; 65 remaining
[DEBUG] [io.quarkus.builder] Dependency of "io.quarkus.deployment.steps.MainClassBuildStep#build" finished; 66 remaining
[DEBUG] [io.quarkus.builder] Dependency of "io.quarkus.arc.deployment.ArcProcessor#validate" finished; 12 remaining
[DEBUG] [io.quarkus.builder] Dependency of "io.quarkus.resteasy.server.common.deployment.ResteasyServerCommonProcessor#build" finished; 12 remaining
[DEBUG] [io.quarkus.builder] Dependency of "io.quarkus.deployment.steps.ConfigGenerationBuildStep#generateConfigClass" finished; 3 remaining
[DEBUG] [io.quarkus.builder] Finished step "io.quarkus.deployment.steps.DevServicesConfigBuildStep#setup" in 7 ms
[DEBUG] [io.quarkus.builder] Starting step "io.quarkus.arc.deployment.ConfigBuildStep#registerConfigRootsAsBeans"
[DEBUG] [io.quarkus.builder] Dependency of "io.quarkus.vertx.core.deployment.VertxCoreProcessor#build" finished; 2 remaining
[DEBUG] [io.quarkus.builder] Dependency of "io.quarkus.deployment.steps.NativeImageConfigBuildStep#build" finished; 5 remaining
[DEBUG] [io.quarkus.builder] Finished step "io.quarkus.arc.deployment.ConfigBuildStep#registerConfigRootsAsBeans" in 18 ms
[DEBUG] [io.quarkus.builder] Dependency of "io.quarkus.deployment.logging.LoggingResourceProcessor#setupLoggingRuntimeInit" finished; 3 remaining
[DEBUG] [io.quarkus.builder] Dependency of "io.quarkus.deployment.steps.ConfigGenerationBuildStep#runtimeDefaultsConfig" finished; 4 remaining
[DEBUG] [io.quarkus.builder] Dependency of "io.quarkus.arc.deployment.BeanArchiveProcessor#build" finished; 28 remaining
[DEBUG] [io.quarkus.builder] Finished step "io.quarkus.deployment.steps.ApplicationIndexBuildStep#build" in 64 ms
[DEBUG] [io.quarkus.builder] Dependency of "io.quarkus.deployment.logging.LoggingResourceProcessor#setupLoggingRuntimeInit" finished; 4 remaining
[DEBUG] [io.quarkus.builder] Dependency of "io.quarkus.deployment.logging.LoggingResourceProcessor#setupLoggingRuntimeInit" finished; 5 remaining
[DEBUG] [io.quarkus.builder] Starting step "io.quarkus.deployment.logging.LoggingResourceProcessor#setUpDefaultLogCleanupFilters"
[DEBUG] [io.quarkus.builder] Dependency of "io.quarkus.deployment.steps.ShutdownListenerBuildStep#setupShutdown" finished; 3 remaining
[DEBUG] [io.quarkus.builder] Dependency of "io.quarkus.arc.deployment.WrongAnnotationUsageProcessor#detect" finished; 3 remaining
[DEBUG] [io.quarkus.builder] Dependency of "io.quarkus.swaggerui.deployment.SwaggerUiProcessor#getSwaggerUiFinalDestination" finished; 3 remaining
[DEBUG] [io.quarkus.builder] Dependency of "io.quarkus.arc.deployment.LifecycleEventsBuildStep#startupEvent" finished; 11 remaining
[DEBUG] [io.quarkus.builder] Dependency of "io.quarkus.resteasy.common.deployment.ResteasyCommonProcessor#setupGzipProviders" finished; 0 remaining
[DEBUG] [io.quarkus.builder] Dependency of "io.quarkus.arc.deployment.SyntheticBeansProcessor#initRegular" finished; 14 remaining
[DEBUG] [io.quarkus.builder] Starting step "io.quarkus.resteasy.common.deployment.ResteasyCommonProcessor#setupGzipProviders"
[DEBUG] [io.quarkus.builder] Dependency of "io.quarkus.resteasy.common.deployment.ResteasyCommonProcessor#resteasyConfig" finished; 1 remaining
[DEBUG] [io.quarkus.builder] Finished step "io.quarkus.deployment.logging.LoggingResourceProcessor#setUpDefaultLogCleanupFilters" in 15 ms
[DEBUG] [io.quarkus.builder] Dependency of "io.quarkus.deployment.recording.AnnotationProxyBuildStep#build" finished; 0 remaining
[DEBUG] [io.quarkus.builder] Dependency of "io.quarkus.deployment.steps.BannerProcessor#recordBanner" finished; 1 remaining
[DEBUG] [io.quarkus.builder] Dependency of "io.quarkus.kafka.client.deployment.KafkaProcessor#checkBoostrapServers" finished; 1 remaining
[DEBUG] [io.quarkus.builder] Dependency of "io.quarkus.deployment.index.ApplicationArchiveBuildStep#build" finished; 3 remaining
[DEBUG] [io.quarkus.builder] Starting step "io.quarkus.deployment.recording.AnnotationProxyBuildStep#build"
[DEBUG] [io.quarkus.builder] Dependency of "io.quarkus.deployment.steps.ConfigGenerationBuildStep#runtimeDefaultsConfig" finished; 3 remaining
[DEBUG] [io.quarkus.builder] Dependency of "io.quarkus.micrometer.deployment.MicrometerProcessor#registerAdditionalBeans" finished; 1 remaining
[DEBUG] [io.quarkus.builder] Finished step "io.quarkus.resteasy.common.deployment.ResteasyCommonProcessor#setupGzipProviders" in 2 ms
[DEBUG] [io.quarkus.builder] Dependency of "io.quarkus.arc.deployment.SyntheticBeansProcessor#initStatic" finished; 14 remaining
[DEBUG] [io.quarkus.builder] Dependency of "io.quarkus.resteasy.common.deployment.ResteasyCommonProcessor#setupProviders" finished; 10 remaining
[DEBUG] [io.quarkus.builder] Dependency of "io.quarkus.micrometer.deployment.MicrometerProcessor#feature" finished; 0 remaining
[DEBUG] [io.quarkus.builder] Finished step "io.quarkus.deployment.recording.AnnotationProxyBuildStep#build" in 3 ms
[DEBUG] [io.quarkus.builder] Dependency of "io.quarkus.arc.deployment.ArcProcessor#initialize" finished; 36 remaining
[DEBUG] [io.quarkus.builder] Dependency of "io.quarkus.vertx.core.deployment.VertxCoreProcessor#eventLoopCount" finished; 1 remaining
[DEBUG] [io.quarkus.builder] Dependency of "io.quarkus.vertx.deployment.VertxProcessor#build" finished; 3 remaining
[DEBUG] [io.quarkus.builder] Starting step "io.quarkus.micrometer.deployment.MicrometerProcessor#feature"
[DEBUG] [io.quarkus.builder] Finished step "io.quarkus.micrometer.deployment.MicrometerProcessor#feature" in 3 ms
[DEBUG] [io.quarkus.builder] Dependency of "io.quarkus.resteasy.server.common.deployment.ResteasyServerCommonProcessor#processPathInterfaceImplementors" finished; 2 remaining
[DEBUG] [io.quarkus.builder] Dependency of "io.quarkus.arc.deployment.SyntheticBeansProcessor#initRuntime" finished; 14 remaining
[DEBUG] [io.quarkus.builder] Dependency of "io.quarkus.micrometer.deployment.export.PrometheusRegistryProcessor#createPrometheusRegistry" finished; 0 remaining
[DEBUG] [io.quarkus.builder] Dependency of "io.quarkus.deployment.steps.MainClassBuildStep#build" finished; 64 remaining
[DEBUG] [io.quarkus.builder] Dependency of "io.quarkus.vertx.core.deployment.VertxCoreProcessor#build" finished; 1 remaining
[DEBUG] [io.quarkus.builder] Starting step "io.quarkus.micrometer.deployment.export.PrometheusRegistryProcessor#createPrometheusRegistry"
[DEBUG] [io.quarkus.builder] Dependency of "io.quarkus.deployment.JniProcessor#setupJni" finished; 0 remaining
[DEBUG] [io.quarkus.builder] Finished step "io.quarkus.micrometer.deployment.export.PrometheusRegistryProcessor#createPrometheusRegistry" in 2 ms
[DEBUG] [io.quarkus.builder] Dependency of "io.quarkus.arc.deployment.LifecycleEventsBuildStep#startupEvent" finished; 10 remaining
[DEBUG] [io.quarkus.builder] Dependency of "io.quarkus.micrometer.deployment.MicrometerProcessor#configureRegistry" finished; 4 remaining
[DEBUG] [io.quarkus.builder] Starting step "io.quarkus.deployment.JniProcessor#setupJni"
[DEBUG] [io.quarkus.builder] Dependency of "io.quarkus.deployment.steps.ConfigGenerationBuildStep#generateConfigClass" finished; 2 remaining
[DEBUG] [io.quarkus.builder] Finished step "io.quarkus.deployment.JniProcessor#setupJni" in 2 ms
[DEBUG] [io.quarkus.builder] Dependency of "io.quarkus.arc.deployment.ArcProcessor#initialize" finished; 35 remaining
[DEBUG] [io.quarkus.builder] Dependency of "io.quarkus.deployment.logging.LoggingResourceProcessor#setupLoggingRuntimeInit" finished; 2 remaining
[DEBUG] [io.quarkus.builder] Dependency of "io.quarkus.deployment.pkg.steps.JarResultBuildStep#buildRunnerJar" finished; 25 remaining
[DEBUG] [io.quarkus.builder] Dependency of "io.quarkus.vertx.http.deployment.HttpSecurityProcessor#initFormAuth" finished; 1 remaining
[DEBUG] [io.quarkus.builder] Dependency of "io.quarkus.vertx.http.deployment.VertxHttpProcessor#finalizeRouter" finished; 13 remaining
[DEBUG] [io.quarkus.builder] Dependency of "io.quarkus.deployment.steps.ConfigGenerationBuildStep#checkForBuildTimeConfigChange" finished; 2 remaining
[DEBUG] [io.quarkus.builder] Dependency of "io.quarkus.smallrye.reactivemessaging.kafka.deployment.SmallRyeReactiveMessagingKafkaProcessor#reflectiveValueSerializerPayload" finished; 1 remaining
[DEBUG] [io.quarkus.builder] Dependency of "io.quarkus.vertx.http.deployment.VertxHttpProcessor#cors" finished; 1 remaining
[DEBUG] [io.quarkus.builder] Dependency of "io.quarkus.smallrye.openapi.deployment.SmallRyeOpenApiProcessor#handler" finished; 5 remaining
[DEBUG] [io.quarkus.builder] Dependency of "io.quarkus.arc.deployment.BeanArchiveProcessor#build" finished; 27 remaining
[DEBUG] [io.quarkus.builder] Dependency of "io.quarkus.deployment.steps.NativeImageConfigBuildStep#build" finished; 4 remaining
[DEBUG] [io.quarkus.builder] Dependency of "io.quarkus.smallrye.reactivemessaging.deployment.SmallRyeReactiveMessagingProcessor#enableHealth" finished; 0 remaining
[DEBUG] [io.quarkus.builder] Dependency of "io.quarkus.smallrye.health.deployment.SmallRyeHealthProcessor#registerHealthUiHandler" finished; 3 remaining
[DEBUG] [io.quarkus.builder] Dependency of "io.quarkus.deployment.steps.ThreadPoolSetup#createExecutor" finished; 1 remaining
[DEBUG] [io.quarkus.builder] Dependency of "io.quarkus.vertx.http.deployment.VertxHttpProcessor#openSocket" finished; 4 remaining
[DEBUG] [io.quarkus.builder] Starting step "io.quarkus.smallrye.reactivemessaging.deployment.SmallRyeReactiveMessagingProcessor#enableHealth"
[DEBUG] [io.quarkus.builder] Dependency of "io.quarkus.micrometer.deployment.MicrometerProcessor#createRootRegistry" finished; 1 remaining
[DEBUG] [io.quarkus.builder] Dependency of "io.quarkus.arc.deployment.ArcProcessor#initialize" finished; 34 remaining
[DEBUG] [io.quarkus.builder] Finished step "io.quarkus.smallrye.reactivemessaging.deployment.SmallRyeReactiveMessagingProcessor#enableHealth" in 4 ms
[DEBUG] [io.quarkus.builder] Dependency of "io.quarkus.smallrye.reactivemessaging.kafka.deployment.SmallRyeReactiveMessagingKafkaProcessor#defaultChannelConfiguration" finished; 1 remaining
[DEBUG] [io.quarkus.builder] Dependency of "io.quarkus.smallrye.health.deployment.SmallRyeHealthProcessor#healthCheck" finished; 2 remaining
[DEBUG] [io.quarkus.builder] Dependency of "io.quarkus.resteasy.server.common.deployment.ResteasyServerCommonProcessor#registerCompatibleAnnotationPrefixes" finished; 0 remaining
[DEBUG] [io.quarkus.builder] Starting step "io.quarkus.resteasy.server.common.deployment.ResteasyServerCommonProcessor#registerCompatibleAnnotationPrefixes"
[DEBUG] [io.quarkus.builder] Dependency of "io.quarkus.infinispan.client.deployment.InfinispanClientProcessor#build" finished; 1 remaining
[DEBUG] [io.quarkus.builder] Finished step "io.quarkus.resteasy.server.common.deployment.ResteasyServerCommonProcessor#registerCompatibleAnnotationPrefixes" in 0 ms
[DEBUG] [io.quarkus.builder] Dependency of "io.quarkus.vertx.core.deployment.VertxCoreProcessor#eventLoopCount" finished; 0 remaining
[DEBUG] [io.quarkus.builder] Dependency of "io.quarkus.resteasy.server.common.deployment.ResteasyServerCommonProcessor#build" finished; 11 remaining
[DEBUG] [io.quarkus.builder] Dependency of "io.quarkus.kafka.client.deployment.KafkaProcessor#loadSnappyIfEnabled" finished; 0 remaining
[DEBUG] [io.quarkus.builder] Starting step "io.quarkus.vertx.core.deployment.VertxCoreProcessor#eventLoopCount"
[DEBUG] [io.quarkus.builder] Dependency of "io.quarkus.deployment.SslProcessor#setupNativeSsl" finished; 0 remaining
[DEBUG] [io.quarkus.builder] Starting step "io.quarkus.kafka.client.deployment.KafkaProcessor#loadSnappyIfEnabled"
[DEBUG] [io.quarkus.builder] Starting step "io.quarkus.deployment.SslProcessor#setupNativeSsl"
[DEBUG] [io.quarkus.builder] Dependency of "io.quarkus.micrometer.deployment.MicrometerProcessor#configureRegistry" finished; 3 remaining
[DEBUG] [io.quarkus.builder] Finished step "io.quarkus.deployment.SslProcessor#setupNativeSsl" in 1 ms
[DEBUG] [io.quarkus.builder] Finished step "io.quarkus.vertx.core.deployment.VertxCoreProcessor#eventLoopCount" in 4 ms
[DEBUG] [io.quarkus.builder] Dependency of "io.quarkus.deployment.steps.NativeImageConfigBuildStep#build" finished; 3 remaining
[DEBUG] [io.quarkus.builder] Dependency of "io.quarkus.micrometer.deployment.MicrometerProcessor#processAnnotatedMetrics" finished; 0 remaining
[DEBUG] [io.quarkus.builder] Finished step "io.quarkus.kafka.client.deployment.KafkaProcessor#loadSnappyIfEnabled" in 4 ms
[DEBUG] [io.quarkus.builder] Dependency of "io.quarkus.deployment.steps.MainClassBuildStep#build" finished; 63 remaining
[DEBUG] [io.quarkus.builder] Dependency of "io.quarkus.vertx.http.deployment.VertxHttpProcessor#openSocket" finished; 3 remaining
[DEBUG] [io.quarkus.builder] Dependency of "io.quarkus.deployment.steps.MainClassBuildStep#build" finished; 62 remaining
[DEBUG] [io.quarkus.builder] Dependency of "io.quarkus.swaggerui.deployment.SwaggerUiProcessor#feature" finished; 0 remaining
[DEBUG] [io.quarkus.builder] Starting step "io.quarkus.micrometer.deployment.MicrometerProcessor#processAnnotatedMetrics"
[DEBUG] [io.quarkus.builder] Starting step "io.quarkus.swaggerui.deployment.SwaggerUiProcessor#feature"
[DEBUG] [io.quarkus.builder] Dependency of "io.quarkus.netty.deployment.NettyProcessor#build" finished; 0 remaining
[DEBUG] [io.quarkus.builder] Finished step "io.quarkus.swaggerui.deployment.SwaggerUiProcessor#feature" in 1 ms
[DEBUG] [io.quarkus.builder] Finished step "io.quarkus.micrometer.deployment.MicrometerProcessor#processAnnotatedMetrics" in 4 ms
[DEBUG] [io.quarkus.builder] Dependency of "io.quarkus.deployment.steps.MainClassBuildStep#build" finished; 61 remaining
[DEBUG] [io.quarkus.builder] Dependency of "io.quarkus.infinispan.client.deployment.InfinispanClientProcessor#ensureBeanLookupAvailable" finished; 0 remaining
[DEBUG] [io.quarkus.builder] Starting step "io.quarkus.netty.deployment.NettyProcessor#build"
[DEBUG] [io.quarkus.builder] Starting step "io.quarkus.infinispan.client.deployment.InfinispanClientProcessor#ensureBeanLookupAvailable"
[DEBUG] [io.quarkus.builder] Dependency of "io.quarkus.micrometer.deployment.MicrometerProcessor#metricsCapabilityPrometheusBuildItem" finished; 1 remaining
[DEBUG] [io.quarkus.builder] Dependency of "io.quarkus.arc.deployment.ArcProcessor#initialize" finished; 33 remaining
[DEBUG] [io.quarkus.builder] Dependency of "io.quarkus.resteasy.server.common.deployment.ResteasyServerCommonProcessor#build" finished; 10 remaining
[DEBUG] [io.quarkus.builder] Finished step "io.quarkus.infinispan.client.deployment.InfinispanClientProcessor#ensureBeanLookupAvailable" in 3 ms
[DEBUG] [io.quarkus.builder] Dependency of "io.quarkus.smallrye.health.deployment.SmallRyeHealthProcessor#brandingFiles" finished; 0 remaining
[DEBUG] [io.quarkus.builder] Dependency of "io.quarkus.netty.deployment.NettyProcessor#limitArenaSize" finished; 0 remaining
[DEBUG] [io.quarkus.builder] Dependency of "io.quarkus.infinispan.client.deployment.InfinispanClientProcessor#setup" finished; 2 remaining
[DEBUG] [io.quarkus.builder] Dependency of "io.quarkus.arc.deployment.ArcProcessor#validate" finished; 11 remaining
[DEBUG] [io.quarkus.builder] Dependency of "io.quarkus.arc.deployment.WrongAnnotationUsageProcessor#detect" finished; 2 remaining
[DEBUG] [io.quarkus.builder] Starting step "io.quarkus.netty.deployment.NettyProcessor#limitArenaSize"
[DEBUG] [io.quarkus.builder] Starting step "io.quarkus.smallrye.health.deployment.SmallRyeHealthProcessor#brandingFiles"
[DEBUG] [io.quarkus.builder] Finished step "io.quarkus.netty.deployment.NettyProcessor#limitArenaSize" in 3 ms
[DEBUG] [io.quarkus.builder] Dependency of "io.quarkus.deployment.pkg.steps.PackageTypeVerificationBuildStep#verify" finished; 0 remaining
[DEBUG] [io.quarkus.builder] Finished step "io.quarkus.smallrye.health.deployment.SmallRyeHealthProcessor#brandingFiles" in 4 ms
[DEBUG] [io.quarkus.builder] Dependency of "io.quarkus.deployment.dev.HotDeploymentConfigFileBuildStep#setupConfigFileHotDeployment" finished; 5 remaining
[DEBUG] [io.quarkus.builder] Dependency of "io.quarkus.deployment.steps.MainClassBuildStep#build" finished; 60 remaining
[DEBUG] [io.quarkus.builder] Starting step "io.quarkus.deployment.pkg.steps.PackageTypeVerificationBuildStep#verify"
[DEBUG] [io.quarkus.builder] Dependency of "io.quarkus.smallrye.health.deployment.SmallRyeHealthProcessor#healthCheck" finished; 1 remaining
[DEBUG] [io.quarkus.builder] Finished step "io.quarkus.deployment.pkg.steps.PackageTypeVerificationBuildStep#verify" in 3 ms
[DEBUG] [io.quarkus.builder] Dependency of "io.quarkus.arc.deployment.LifecycleEventsBuildStep#startupEvent" finished; 9 remaining
[DEBUG] [io.quarkus.builder] Dependency of "io.quarkus.vertx.http.deployment.HttpSecurityProcessor#builtins" finished; 0 remaining
[DEBUG] [io.quarkus.builder] Dependency of "io.quarkus.deployment.index.ApplicationArchiveBuildStep#addConfiguredIndexedDependencies" finished; 0 remaining
[DEBUG] [io.quarkus.builder] Starting step "io.quarkus.vertx.http.deployment.HttpSecurityProcessor#builtins"
[DEBUG] [io.quarkus.builder] Dependency of "io.quarkus.arc.deployment.BeanArchiveProcessor#build" finished; 26 remaining
[DEBUG] [io.quarkus.builder] Dependency of "io.quarkus.kafka.client.deployment.KafkaProcessor#addHealthCheck" finished; 0 remaining
[DEBUG] [io.quarkus.builder] Dependency of "io.quarkus.resteasy.deployment.ResteasyStandaloneBuildStep#boot" finished; 3 remaining
[DEBUG] [io.quarkus.builder] Starting step "io.quarkus.deployment.index.ApplicationArchiveBuildStep#addConfiguredIndexedDependencies"
[DEBUG] [io.quarkus.builder] Dependency of "io.quarkus.undertow.deployment.UndertowBuildStep#contextPath" finished; 2 remaining
[DEBUG] [io.quarkus.builder] Finished step "io.quarkus.vertx.http.deployment.HttpSecurityProcessor#builtins" in 3 ms
[DEBUG] [io.quarkus.builder] Dependency of "io.quarkus.vertx.http.deployment.HttpSecurityProcessor#setupAuthenticationMechanisms" finished; 2 remaining
[DEBUG] [io.quarkus.builder] Dependency of "io.quarkus.arc.deployment.ArcProcessor#initialize" finished; 32 remaining
[DEBUG] [io.quarkus.builder] Dependency of "io.quarkus.arc.deployment.BeanArchiveProcessor#build" finished; 25 remaining
[DEBUG] [io.quarkus.builder] Starting step "io.quarkus.kafka.client.deployment.KafkaProcessor#addHealthCheck"
[DEBUG] [io.quarkus.builder] Dependency of "io.quarkus.resteasy.common.deployment.ResteasyCommonProcessor#addStaticInitConfigSourceProvider" finished; 1 remaining
[DEBUG] [io.quarkus.builder] Finished step "io.quarkus.deployment.index.ApplicationArchiveBuildStep#addConfiguredIndexedDependencies" in 3 ms
[DEBUG] [io.quarkus.builder] Dependency of "io.quarkus.deployment.index.ApplicationArchiveBuildStep#build" finished; 2 remaining
[DEBUG] [io.quarkus.builder] Dependency of "io.quarkus.micrometer.deployment.binder.HttpBinderProcessor#enableHttpBinders" finished; 0 remaining
[DEBUG] [io.quarkus.builder] Finished step "io.quarkus.kafka.client.deployment.KafkaProcessor#addHealthCheck" in 5 ms
[DEBUG] [io.quarkus.builder] Dependency of "io.quarkus.smallrye.health.deployment.SmallRyeHealthProcessor#translateSmallRyeConfigValues" finished; 0 remaining
[DEBUG] [io.quarkus.builder] Starting step "io.quarkus.micrometer.deployment.binder.HttpBinderProcessor#enableHttpBinders"
[DEBUG] [io.quarkus.builder] Starting step "io.quarkus.smallrye.health.deployment.SmallRyeHealthProcessor#translateSmallRyeConfigValues"
[DEBUG] [io.quarkus.builder] Dependency of "io.quarkus.arc.deployment.ConfigBuildStep#validateConfigMappingsInjectionPoints" finished; 2 remaining
[DEBUG] [io.netty.util.ResourceLeakDetector] -D{}: {}
[DEBUG] [io.quarkus.builder] Dependency of "io.quarkus.smallrye.health.deployment.SmallRyeHealthProcessor#healthCheck" finished; 0 remaining
[DEBUG] [io.netty.util.ResourceLeakDetector] -D{}: {}
[DEBUG] [io.quarkus.builder] Dependency of "io.quarkus.deployment.pkg.steps.AppCDSBuildStep#build" finished; 2 remaining
[DEBUG] [io.quarkus.builder] Finished step "io.quarkus.smallrye.health.deployment.SmallRyeHealthProcessor#translateSmallRyeConfigValues" in 2 ms
[DEBUG] [io.quarkus.builder] Finished step "io.quarkus.micrometer.deployment.binder.HttpBinderProcessor#enableHttpBinders" in 7 ms
[DEBUG] [io.quarkus.builder] Dependency of "io.quarkus.swaggerui.deployment.SwaggerUiProcessor#getSwaggerUiFinalDestination" finished; 2 remaining
[DEBUG] [io.quarkus.builder] Starting step "io.quarkus.smallrye.health.deployment.SmallRyeHealthProcessor#healthCheck"
[DEBUG] [io.quarkus.builder] Dependency of "io.quarkus.arc.deployment.LifecycleEventsBuildStep#startupEvent" finished; 8 remaining
[DEBUG] [io.quarkus.builder] Dependency of "io.quarkus.arc.deployment.SyntheticBeansProcessor#initRegular" finished; 13 remaining
[DEBUG] [io.quarkus.builder] Dependency of "io.quarkus.arc.deployment.SyntheticBeansProcessor#initStatic" finished; 13 remaining
[DEBUG] [io.quarkus.builder] Dependency of "io.quarkus.arc.deployment.SyntheticBeansProcessor#initRuntime" finished; 13 remaining
[DEBUG] [io.quarkus.builder] Dependency of "io.quarkus.deployment.steps.MainClassBuildStep#build" finished; 59 remaining
[DEBUG] [io.quarkus.builder] Dependency of "io.quarkus.deployment.steps.MainClassBuildStep#build" finished; 58 remaining
[DEBUG] [io.quarkus.builder] Dependency of "io.quarkus.kafka.client.deployment.KafkaProcessor#build" finished; 2 remaining
[DEBUG] [io.quarkus.builder] Finished step "io.quarkus.smallrye.health.deployment.SmallRyeHealthProcessor#healthCheck" in 6 ms
[DEBUG] [io.quarkus.builder] Dependency of "io.quarkus.deployment.steps.ConfigGenerationBuildStep#checkForBuildTimeConfigChange" finished; 1 remaining
[DEBUG] [io.quarkus.builder] Dependency of "io.quarkus.arc.deployment.ArcProcessor#initialize" finished; 31 remaining
[DEBUG] [io.quarkus.builder] Dependency of "io.quarkus.deployment.steps.BannerProcessor#watchBannerChanges" finished; 0 remaining
[DEBUG] [io.quarkus.builder] Dependency of "io.quarkus.deployment.steps.ClassTransformingBuildStep#handleClassTransformation" finished; 7 remaining
[DEBUG] [io.quarkus.builder] Dependency of "io.quarkus.micrometer.deployment.export.PrometheusRegistryProcessor#createPrometheusRoute" finished; 1 remaining
[DEBUG] [io.quarkus.builder] Dependency of "io.quarkus.arc.deployment.ArcProcessor#initialize" finished; 30 remaining
[DEBUG] [io.quarkus.builder] Dependency of "io.quarkus.deployment.steps.ApplicationInfoBuildStep#create" finished; 0 remaining
[DEBUG] [io.quarkus.builder] Starting step "io.quarkus.deployment.steps.BannerProcessor#watchBannerChanges"
[DEBUG] [io.quarkus.builder] Dependency of "io.quarkus.arc.deployment.BeanArchiveProcessor#build" finished; 24 remaining
[DEBUG] [io.quarkus.builder] Finished step "io.quarkus.deployment.steps.BannerProcessor#watchBannerChanges" in 3 ms
[DEBUG] [io.quarkus.builder] Starting step "io.quarkus.deployment.steps.ApplicationInfoBuildStep#create"
[DEBUG] [io.quarkus.builder] Dependency of "io.quarkus.arc.deployment.ConfigBuildStep#validateConfigPropertiesInjectionPoints" finished; 2 remaining
[DEBUG] [io.quarkus.builder] Dependency of "io.quarkus.undertow.deployment.UndertowBuildStep#build" finished; 11 remaining
[DEBUG] [io.quarkus.builder] Dependency of "io.quarkus.smallrye.health.deployment.SmallRyeHealthProcessor#annotationTransformer" finished; 2 remaining
[DEBUG] [io.quarkus.builder] Dependency of "io.quarkus.deployment.steps.MainClassBuildStep#build" finished; 57 remaining
[DEBUG] [io.quarkus.builder] Dependency of "io.quarkus.swaggerui.deployment.SwaggerUiProcessor#registerSwaggerUiHandler" finished; 2 remaining
[DEBUG] [io.quarkus.builder] Dependency of "io.quarkus.deployment.steps.ShutdownListenerBuildStep#setupShutdown" finished; 2 remaining
[DEBUG] [io.quarkus.builder] Dependency of "io.quarkus.arc.deployment.BeanArchiveProcessor#build" finished; 23 remaining
[DEBUG] [io.quarkus.builder] Dependency of "io.quarkus.arc.deployment.AutoProducerMethodsProcessor#annotationTransformer" finished; 2 remaining
[DEBUG] [io.quarkus.builder] Dependency of "io.quarkus.vertx.http.deployment.HttpSecurityProcessor#initMtlsClientAuth" finished; 0 remaining
[DEBUG] [io.quarkus.builder] Finished step "io.quarkus.deployment.steps.ApplicationInfoBuildStep#create" in 3 ms
[DEBUG] [io.quarkus.builder] Dependency of "io.quarkus.deployment.dev.HotDeploymentConfigFileBuildStep#setupConfigFileHotDeployment" finished; 4 remaining
[DEBUG] [io.netty.util.internal.PlatformDependent0] -Dio.netty.noUnsafe: {}
[DEBUG] [io.quarkus.builder] Dependency of "io.quarkus.deployment.pkg.steps.JarResultBuildStep#buildRunnerJar" finished; 24 remaining
[DEBUG] [io.quarkus.builder] Starting step "io.quarkus.vertx.http.deployment.HttpSecurityProcessor#initMtlsClientAuth"
[DEBUG] [io.quarkus.builder] Dependency of "io.quarkus.resteasy.server.common.deployment.ResteasyServerCommonProcessor#beanDefiningAnnotations" finished; 0 remaining
[DEBUG] [io.quarkus.builder] Dependency of "io.quarkus.deployment.steps.MainClassBuildStep#build" finished; 56 remaining
[DEBUG] [io.netty.util.internal.PlatformDependent0] Java version: {}
[DEBUG] [io.quarkus.builder] Starting step "io.quarkus.resteasy.server.common.deployment.ResteasyServerCommonProcessor#beanDefiningAnnotations"
[DEBUG] [io.quarkus.builder] Dependency of "io.quarkus.smallrye.openapi.deployment.SmallRyeOpenApiProcessor#addSecurityFilter" finished; 1 remaining
[DEBUG] [io.quarkus.builder] Finished step "io.quarkus.vertx.http.deployment.HttpSecurityProcessor#initMtlsClientAuth" in 6 ms
[DEBUG] [io.quarkus.builder] Finished step "io.quarkus.resteasy.server.common.deployment.ResteasyServerCommonProcessor#beanDefiningAnnotations" in 2 ms
[DEBUG] [io.netty.util.internal.PlatformDependent0] sun.misc.Unsafe.theUnsafe: available
[DEBUG] [io.quarkus.builder] Dependency of "io.quarkus.arc.deployment.ArcProcessor#initialize" finished; 29 remaining
[DEBUG] [io.quarkus.builder] Dependency of "io.quarkus.arc.deployment.SyntheticBeansProcessor#initRegular" finished; 12 remaining
[DEBUG] [io.quarkus.builder] Dependency of "io.quarkus.arc.deployment.SyntheticBeansProcessor#initStatic" finished; 12 remaining
[DEBUG] [io.quarkus.builder] Dependency of "io.quarkus.arc.deployment.SyntheticBeansProcessor#initRuntime" finished; 12 remaining
[DEBUG] [io.quarkus.builder] Dependency of "io.quarkus.arc.deployment.configproperties.ConfigPropertiesBuildStep#produceConfigPropertiesMetadata" finished; 2 remaining
[DEBUG] [io.quarkus.builder] Dependency of "io.quarkus.vertx.http.deployment.HttpSecurityProcessor#initBasicAuth" finished; 0 remaining
[DEBUG] [io.quarkus.builder] Dependency of "io.quarkus.deployment.steps.MainClassBuildStep#build" finished; 55 remaining
[DEBUG] [io.quarkus.builder] Dependency of "io.quarkus.arc.deployment.BeanArchiveProcessor#build" finished; 22 remaining
[DEBUG] [io.netty.util.internal.PlatformDependent0] sun.misc.Unsafe.copyMemory: available
[DEBUG] [io.quarkus.builder] Starting step "io.quarkus.vertx.http.deployment.HttpSecurityProcessor#initBasicAuth"
[DEBUG] [io.quarkus.builder] Dependency of "io.quarkus.vertx.http.deployment.VertxHttpProcessor#httpRoot" finished; 0 remaining
[DEBUG] [io.netty.util.internal.PlatformDependent0] java.nio.Buffer.address: available
[DEBUG] [io.quarkus.builder] Starting step "io.quarkus.vertx.http.deployment.VertxHttpProcessor#httpRoot"
[DEBUG] [io.quarkus.builder] Dependency of "io.quarkus.smallrye.health.deployment.SmallRyeHealthProcessor#shutdownListener" finished; 0 remaining
[DEBUG] [io.quarkus.builder] Finished step "io.quarkus.vertx.http.deployment.VertxHttpProcessor#httpRoot" in 2 ms
[DEBUG] [io.quarkus.builder] Dependency of "io.quarkus.undertow.deployment.UndertowBuildStep#build" finished; 10 remaining
[DEBUG] [io.quarkus.builder] Dependency of "io.quarkus.vertx.http.deployment.VertxHttpProcessor#finalizeRouter" finished; 12 remaining
[DEBUG] [io.quarkus.builder] Dependency of "io.quarkus.resteasy.deployment.ResteasyServletProcessor#jaxrsConfig" finished; 1 remaining
[DEBUG] [io.netty.util.internal.PlatformDependent0] direct buffer constructor: unavailable
java.lang.UnsupportedOperationException: Reflective setAccessible(true) disabled
    at io.netty.util.internal.ReflectionUtil.trySetAccessible (ReflectionUtil.java:31)
    at io.netty.util.internal.PlatformDependent0$4.run (PlatformDependent0.java:253)
    at java.security.AccessController.doPrivileged (Native Method)
    at io.netty.util.internal.PlatformDependent0.<clinit> (PlatformDependent0.java:247)
    at io.netty.util.internal.PlatformDependent.isAndroid (PlatformDependent.java:294)
    at io.netty.util.internal.PlatformDependent.<clinit> (PlatformDependent.java:88)
    at io.netty.buffer.UnpooledByteBufAllocator.<clinit> (UnpooledByteBufAllocator.java:37)
    at io.netty.buffer.Unpooled.<clinit> (Unpooled.java:75)
    at io.netty.handler.codec.http.HttpObjectEncoder.<clinit> (HttpObjectEncoder.java:53)
    at java.lang.Class.forName0 (Native Method)
    at java.lang.Class.forName (Class.java:315)
    at io.quarkus.netty.deployment.NettyProcessor.build (NettyProcessor.java:111)
    at jdk.internal.reflect.NativeMethodAccessorImpl.invoke0 (Native Method)
    at jdk.internal.reflect.NativeMethodAccessorImpl.invoke (NativeMethodAccessorImpl.java:62)
    at jdk.internal.reflect.DelegatingMethodAccessorImpl.invoke (DelegatingMethodAccessorImpl.java:43)
    at java.lang.reflect.Method.invoke (Method.java:566)
    at io.quarkus.deployment.ExtensionLoader$2.execute (ExtensionLoader.java:821)
    at io.quarkus.builder.BuildContext.run (BuildContext.java:277)
    at org.jboss.threads.ContextHandler$1.runWith (ContextHandler.java:18)
    at org.jboss.threads.EnhancedQueueExecutor$Task.run (EnhancedQueueExecutor.java:2449)
    at org.jboss.threads.EnhancedQueueExecutor$ThreadBody.run (EnhancedQueueExecutor.java:1478)
    at java.lang.Thread.run (Thread.java:829)
    at org.jboss.threads.JBossThread.run (JBossThread.java:501)
[DEBUG] [io.quarkus.builder] Dependency of "io.quarkus.smallrye.openapi.deployment.SmallRyeOpenApiProcessor#build" finished; 5 remaining
[DEBUG] [io.quarkus.builder] Finished step "io.quarkus.vertx.http.deployment.HttpSecurityProcessor#initBasicAuth" in 5 ms
[DEBUG] [io.quarkus.builder] Dependency of "io.quarkus.vertx.http.deployment.VertxHttpProcessor#bodyHandler" finished; 0 remaining
[DEBUG] [io.quarkus.builder] Starting step "io.quarkus.smallrye.health.deployment.SmallRyeHealthProcessor#shutdownListener"
[DEBUG] [io.quarkus.builder] Starting step "io.quarkus.vertx.http.deployment.VertxHttpProcessor#bodyHandler"
[DEBUG] [io.quarkus.builder] Dependency of "io.quarkus.deployment.steps.DevModeBuildStep#watchChanges" finished; 0 remaining
[DEBUG] [io.quarkus.builder] Dependency of "io.quarkus.arc.deployment.SyntheticBeansProcessor#initRegular" finished; 11 remaining
[DEBUG] [io.quarkus.builder] Dependency of "io.quarkus.vertx.http.deployment.devmode.console.DevConsoleProcessor#setupConsole" finished; 1 remaining
[DEBUG] [io.netty.util.internal.PlatformDependent0] java.nio.Bits.unaligned: available, {}
[DEBUG] [io.quarkus.builder] Dependency of "io.quarkus.resteasy.deployment.ResteasyStandaloneBuildStep#staticInit" finished; 4 remaining
[DEBUG] [io.quarkus.builder] Dependency of "io.quarkus.arc.deployment.SyntheticBeansProcessor#initStatic" finished; 11 remaining
[DEBUG] [io.quarkus.builder] Starting step "io.quarkus.deployment.steps.DevModeBuildStep#watchChanges"
[DEBUG] [io.quarkus.builder] Dependency of "io.quarkus.vertx.http.deployment.HttpSecurityProcessor#setupAuthenticationMechanisms" finished; 1 remaining
[DEBUG] [io.quarkus.builder] Finished step "io.quarkus.smallrye.health.deployment.SmallRyeHealthProcessor#shutdownListener" in 17 ms
[DEBUG] [io.quarkus.builder] Finished step "io.quarkus.deployment.steps.DevModeBuildStep#watchChanges" in 5 ms
[DEBUG] [io.quarkus.builder] Dependency of "io.quarkus.deployment.dev.HotDeploymentConfigFileBuildStep#setupConfigFileHotDeployment" finished; 3 remaining
[DEBUG] [io.quarkus.builder] Dependency of "io.quarkus.deployment.steps.MainClassBuildStep#mainClassBuildStep" finished; 2 remaining
[DEBUG] [io.quarkus.builder] Dependency of "io.quarkus.arc.deployment.SyntheticBeansProcessor#initRuntime" finished; 11 remaining
[DEBUG] [io.netty.util.internal.PlatformDependent0] jdk.internal.misc.Unsafe.allocateUninitializedArray(int): unavailable
java.lang.IllegalAccessException: class io.netty.util.internal.PlatformDependent0$6 cannot access class jdk.internal.misc.Unsafe (in module java.base) because module java.base does not export jdk.internal.misc to unnamed module @22bafce4
    at jdk.internal.reflect.Reflection.newIllegalAccessException (Reflection.java:361)
    at java.lang.reflect.AccessibleObject.checkAccess (AccessibleObject.java:591)
    at java.lang.reflect.Method.invoke (Method.java:558)
    at io.netty.util.internal.PlatformDependent0$6.run (PlatformDependent0.java:375)
    at java.security.AccessController.doPrivileged (Native Method)
    at io.netty.util.internal.PlatformDependent0.<clinit> (PlatformDependent0.java:366)
    at io.netty.util.internal.PlatformDependent.isAndroid (PlatformDependent.java:294)
    at io.netty.util.internal.PlatformDependent.<clinit> (PlatformDependent.java:88)
    at io.netty.buffer.UnpooledByteBufAllocator.<clinit> (UnpooledByteBufAllocator.java:37)
    at io.netty.buffer.Unpooled.<clinit> (Unpooled.java:75)
    at io.netty.handler.codec.http.HttpObjectEncoder.<clinit> (HttpObjectEncoder.java:53)
    at java.lang.Class.forName0 (Native Method)
    at java.lang.Class.forName (Class.java:315)
    at io.quarkus.netty.deployment.NettyProcessor.build (NettyProcessor.java:111)
    at jdk.internal.reflect.NativeMethodAccessorImpl.invoke0 (Native Method)
    at jdk.internal.reflect.NativeMethodAccessorImpl.invoke (NativeMethodAccessorImpl.java:62)
    at jdk.internal.reflect.DelegatingMethodAccessorImpl.invoke (DelegatingMethodAccessorImpl.java:43)
    at java.lang.reflect.Method.invoke (Method.java:566)
    at io.quarkus.deployment.ExtensionLoader$2.execute (ExtensionLoader.java:821)
    at io.quarkus.builder.BuildContext.run (BuildContext.java:277)
    at org.jboss.threads.ContextHandler$1.runWith (ContextHandler.java:18)
    at org.jboss.threads.EnhancedQueueExecutor$Task.run (EnhancedQueueExecutor.java:2449)
    at org.jboss.threads.EnhancedQueueExecutor$ThreadBody.run (EnhancedQueueExecutor.java:1478)
    at java.lang.Thread.run (Thread.java:829)
    at org.jboss.threads.JBossThread.run (JBossThread.java:501)
[DEBUG] [io.quarkus.builder] Dependency of "io.quarkus.deployment.steps.MainClassBuildStep#build" finished; 54 remaining
[DEBUG] [io.quarkus.builder] Dependency of "io.quarkus.deployment.steps.ProfileBuildStep#watchProfileSpecificFile" finished; 0 remaining
[DEBUG] [io.quarkus.builder] Dependency of "io.quarkus.deployment.steps.ShutdownListenerBuildStep#setupShutdown" finished; 1 remaining
[DEBUG] [io.quarkus.builder] Starting step "io.quarkus.deployment.steps.ProfileBuildStep#watchProfileSpecificFile"
[DEBUG] [io.quarkus.builder] Dependency of "io.quarkus.deployment.steps.BannerProcessor#recordBanner" finished; 0 remaining
[DEBUG] [io.netty.util.internal.PlatformDependent0] java.nio.DirectByteBuffer.<init>(long, int): {}
[DEBUG] [io.quarkus.builder] Dependency of "io.quarkus.smallrye.openapi.deployment.SmallRyeOpenApiProcessor#handler" finished; 4 remaining
[DEBUG] [io.netty.util.internal.PlatformDependent] sun.misc.Unsafe: {}
[DEBUG] [io.quarkus.builder] Starting step "io.quarkus.deployment.steps.BannerProcessor#recordBanner"
[DEBUG] [io.quarkus.builder] Dependency of "io.quarkus.smallrye.reactivemessaging.deployment.SmallRyeReactiveMessagingProcessor#enableMetrics" finished; 1 remaining
[DEBUG] [io.quarkus.builder] Finished step "io.quarkus.deployment.steps.ProfileBuildStep#watchProfileSpecificFile" in 2 ms
[DEBUG] [io.quarkus.builder] Dependency of "io.quarkus.vertx.http.deployment.VertxHttpProcessor#frameworkRoot" finished; 0 remaining
[DEBUG] [io.quarkus.builder] Dependency of "io.quarkus.deployment.dev.HotDeploymentConfigFileBuildStep#setupConfigFileHotDeployment" finished; 2 remaining
[DEBUG] [io.quarkus.builder] Starting step "io.quarkus.vertx.http.deployment.VertxHttpProcessor#frameworkRoot"
[DEBUG] [io.quarkus.builder] Dependency of "io.quarkus.vertx.http.deployment.VertxHttpProcessor#cors" finished; 0 remaining
[DEBUG] [io.quarkus.builder] Finished step "io.quarkus.vertx.http.deployment.VertxHttpProcessor#frameworkRoot" in 2 ms
[DEBUG] [io.quarkus.builder] Starting step "io.quarkus.vertx.http.deployment.VertxHttpProcessor#cors"
[DEBUG] [io.quarkus.builder] Dependency of "io.quarkus.smallrye.openapi.deployment.SmallRyeOpenApiProcessor#handler" finished; 3 remaining
[DEBUG] [io.quarkus.builder] Dependency of "io.quarkus.smallrye.health.deployment.SmallRyeHealthProcessor#registerUiExtension" finished; 2 remaining
[DEBUG] [io.quarkus.builder] Dependency of "io.quarkus.micrometer.deployment.export.PrometheusRegistryProcessor#createPrometheusRoute" finished; 0 remaining
[DEBUG] [io.quarkus.builder] Finished step "io.quarkus.deployment.steps.BannerProcessor#recordBanner" in 10 ms
[DEBUG] [io.quarkus.builder] Dependency of "io.quarkus.smallrye.health.deployment.SmallRyeHealthProcessor#registerHealthUiHandler" finished; 2 remaining
[DEBUG] [io.quarkus.builder] Dependency of "io.quarkus.deployment.logging.LoggingResourceProcessor#setupLoggingRuntimeInit" finished; 1 remaining
[DEBUG] [io.quarkus.builder] Starting step "io.quarkus.micrometer.deployment.export.PrometheusRegistryProcessor#createPrometheusRoute"
[DEBUG] [io.quarkus.builder] Dependency of "io.quarkus.vertx.http.deployment.VertxHttpProcessor#finalizeRouter" finished; 11 remaining
[DEBUG] [io.quarkus.builder] Finished step "io.quarkus.vertx.http.deployment.VertxHttpProcessor#cors" in 3 ms
[DEBUG] [io.netty.util.internal.PlatformDependent] maxDirectMemory: {} bytes (maybe)
[DEBUG] [io.quarkus.builder] Dependency of "io.quarkus.micrometer.deployment.MicrometerProcessor#metricsCapabilityPrometheusBuildItem" finished; 0 remaining
[DEBUG] [io.quarkus.builder] Dependency of "io.quarkus.deployment.steps.MainClassBuildStep#build" finished; 53 remaining
[DEBUG] [io.quarkus.builder] Dependency of "io.quarkus.deployment.steps.ThreadPoolSetup#createExecutor" finished; 0 remaining
[DEBUG] [io.quarkus.builder] Starting step "io.quarkus.micrometer.deployment.MicrometerProcessor#metricsCapabilityPrometheusBuildItem"
[DEBUG] [io.quarkus.builder] Dependency of "io.quarkus.swaggerui.deployment.SwaggerUiProcessor#registerSwaggerUiHandler" finished; 1 remaining
[DEBUG] [io.netty.util.internal.PlatformDependent] -Dio.netty.tmpdir: {} (java.io.tmpdir)
[DEBUG] [io.quarkus.builder] Dependency of "io.quarkus.vertx.http.deployment.VertxHttpProcessor#finalizeRouter" finished; 10 remaining
[DEBUG] [io.netty.util.internal.PlatformDependent] -Dio.netty.bitMode: {} (sun.arch.data.model)
[DEBUG] [io.quarkus.builder] Dependency of "io.quarkus.vertx.http.deployment.devmode.console.DevConsoleProcessor#setupConsole" finished; 0 remaining
[DEBUG] [io.quarkus.builder] Finished step "io.quarkus.micrometer.deployment.MicrometerProcessor#metricsCapabilityPrometheusBuildItem" in 4 ms
[DEBUG] [io.quarkus.builder] Starting step "io.quarkus.deployment.steps.ThreadPoolSetup#createExecutor"
[DEBUG] [io.quarkus.builder] Dependency of "io.quarkus.vertx.http.deployment.VertxHttpProcessor#openSocket" finished; 2 remaining
[DEBUG] [io.quarkus.builder] Dependency of "io.quarkus.smallrye.reactivemessaging.deployment.SmallRyeReactiveMessagingProcessor#enableMetrics" finished; 0 remaining
[DEBUG] [io.quarkus.builder] Starting step "io.quarkus.vertx.http.deployment.devmode.console.DevConsoleProcessor#setupConsole"
[DEBUG] [io.quarkus.builder] Dependency of "io.quarkus.smallrye.openapi.deployment.SmallRyeOpenApiProcessor#handler" finished; 2 remaining
[DEBUG] [io.netty.util.internal.PlatformDependent] Platform: MacOS
[DEBUG] [io.quarkus.builder] Dependency of "io.quarkus.deployment.steps.MainClassBuildStep#build" finished; 52 remaining
[DEBUG] [io.quarkus.builder] Dependency of "io.quarkus.vertx.http.deployment.VertxHttpProcessor#initializeRouter" finished; 9 remaining
[DEBUG] [io.quarkus.builder] Finished step "io.quarkus.vertx.http.deployment.devmode.console.DevConsoleProcessor#setupConsole" in 4 ms
[DEBUG] [io.quarkus.builder] Dependency of "io.quarkus.restclient.deployment.RestClientProcessor#clientTracingFeature" finished; 1 remaining
[DEBUG] [io.quarkus.builder] Starting step "io.quarkus.smallrye.reactivemessaging.deployment.SmallRyeReactiveMessagingProcessor#enableMetrics"
[DEBUG] [io.quarkus.builder] Dependency of "io.quarkus.arc.deployment.ArcProcessor#generateResources" finished; 7 remaining
[DEBUG] [io.quarkus.micrometer.deployment.export.PrometheusRegistryProcessor] PROMETHEUS CONFIG: PrometheusConfigGroup{path='metrics,enabled=Optional.empty,defaultRegistry=true}
[DEBUG] [io.quarkus.builder] Dependency of "io.quarkus.resteasy.common.deployment.ResteasyCommonProcessor#registerJsonContextResolvers" finished; 2 remaining
[DEBUG] [io.quarkus.builder] Dependency of "io.quarkus.deployment.logging.LoggingResourceProcessor#registerMetrics" finished; 1 remaining
[DEBUG] [io.quarkus.builder] Dependency of "io.quarkus.arc.deployment.LifecycleEventsBuildStep#startupEvent" finished; 7 remaining
[DEBUG] [io.quarkus.builder] Dependency of "io.quarkus.smallrye.health.deployment.SmallRyeHealthProcessor#registerHealthUiHandler" finished; 1 remaining
[DEBUG] [io.quarkus.builder] Finished step "io.quarkus.deployment.steps.ThreadPoolSetup#createExecutor" in 13 ms
[DEBUG] [io.quarkus.builder] Dependency of "io.quarkus.resteasy.deployment.ResteasyStandaloneBuildStep#boot" finished; 2 remaining
[DEBUG] [io.quarkus.builder] Dependency of "io.quarkus.smallrye.context.deployment.SmallRyeContextPropagationProcessor#build" finished; 0 remaining
[DEBUG] [io.quarkus.builder] Dependency of "io.quarkus.vertx.http.deployment.VertxHttpProcessor#finalizeRouter" finished; 9 remaining
[DEBUG] [io.quarkus.builder] Dependency of "io.quarkus.deployment.steps.MainClassBuildStep#build" finished; 51 remaining
[DEBUG] [io.quarkus.builder] Dependency of "io.quarkus.undertow.deployment.UndertowBuildStep#boot" finished; 4 remaining
[DEBUG] [io.quarkus.builder] Dependency of "io.quarkus.mutiny.deployment.MutinyProcessor#runtimeInit" finished; 0 remaining
[DEBUG] [io.quarkus.builder] Dependency of "io.quarkus.arc.deployment.ArcProcessor#setupExecutor" finished; 0 remaining
[DEBUG] [io.netty.util.internal.PlatformDependent] -Dio.netty.maxDirectMemory: {} bytes
[DEBUG] [io.quarkus.builder] Starting step "io.quarkus.arc.deployment.ArcProcessor#setupExecutor"
[DEBUG] [io.quarkus.builder] Dependency of "io.quarkus.vertx.core.deployment.VertxCoreProcessor#build" finished; 0 remaining
[DEBUG] [io.quarkus.builder] Starting step "io.quarkus.mutiny.deployment.MutinyProcessor#runtimeInit"
[DEBUG] [io.quarkus.builder] Starting step "io.quarkus.smallrye.context.deployment.SmallRyeContextPropagationProcessor#build"
[DEBUG] [io.quarkus.builder] Finished step "io.quarkus.micrometer.deployment.export.PrometheusRegistryProcessor#createPrometheusRoute" in 38 ms
[DEBUG] [io.quarkus.builder] Dependency of "io.quarkus.deployment.steps.MainClassBuildStep#build" finished; 50 remaining
[DEBUG] [io.quarkus.builder] Dependency of "io.quarkus.vertx.http.deployment.VertxHttpProcessor#initializeRouter" finished; 8 remaining
[DEBUG] [io.quarkus.builder] Finished step "io.quarkus.smallrye.context.deployment.SmallRyeContextPropagationProcessor#build" in 32 ms
[DEBUG] [io.quarkus.builder] Dependency of "io.quarkus.smallrye.health.deployment.SmallRyeHealthProcessor#defineHealthRoutes" finished; 2 remaining
[DEBUG] [io.quarkus.smallrye-reactive-messaging.deployment.processor] Metrics Enabled: false; Using Micrometer: false
[DEBUG] [io.quarkus.builder] Dependency of "io.quarkus.resteasy.deployment.RestPathAnnotationProcessor#registerBeanClasses" finished; 1 remaining
[DEBUG] [io.quarkus.builder] Dependency of "io.quarkus.undertow.deployment.UndertowBuildStep#boot" finished; 5 remaining
[DEBUG] [io.quarkus.builder] Dependency of "io.quarkus.restclient.deployment.RestClientProcessor#processInterfaces" finished; 4 remaining
[DEBUG] [io.quarkus.builder] Finished step "io.quarkus.smallrye.reactivemessaging.deployment.SmallRyeReactiveMessagingProcessor#enableMetrics" in 58 ms
[DEBUG] [io.quarkus.builder] Dependency of "io.quarkus.swaggerui.deployment.SwaggerUiProcessor#getSwaggerUiFinalDestination" finished; 1 remaining
[DEBUG] [io.quarkus.builder] Dependency of "io.quarkus.arc.deployment.SyntheticBeansProcessor#initRegular" finished; 10 remaining
[DEBUG] [io.quarkus.builder] Finished step "io.quarkus.arc.deployment.ArcProcessor#setupExecutor" in 23 ms
[DEBUG] [io.quarkus.builder] Finished step "io.quarkus.mutiny.deployment.MutinyProcessor#runtimeInit" in 4 ms
[DEBUG] [io.quarkus.builder] Starting step "io.quarkus.vertx.core.deployment.VertxCoreProcessor#build"
[DEBUG] [io.netty.util.internal.PlatformDependent] -Dio.netty.uninitializedArrayAllocationThreshold: {}
[DEBUG] [io.quarkus.builder] Dependency of "io.quarkus.deployment.steps.MainClassBuildStep#build" finished; 48 remaining
[DEBUG] [io.quarkus.builder] Dependency of "io.quarkus.deployment.steps.MainClassBuildStep#build" finished; 49 remaining
[DEBUG] [io.quarkus.builder] Dependency of "io.quarkus.arc.deployment.SyntheticBeansProcessor#initStatic" finished; 10 remaining
[DEBUG] [io.quarkus.builder] Dependency of "io.quarkus.arc.deployment.ArcProcessor#initialize" finished; 28 remaining
[DEBUG] [io.quarkus.builder] Dependency of "io.quarkus.resteasy.deployment.RestPathAnnotationProcessor#findRestPaths" finished; 2 remaining
[DEBUG] [io.quarkus.builder] Dependency of "io.quarkus.arc.deployment.SplitPackageProcessor#splitPackageDetection" finished; 1 remaining
[DEBUG] [io.quarkus.builder] Dependency of "io.quarkus.arc.deployment.SyntheticBeansProcessor#initRuntime" finished; 10 remaining
[DEBUG] [io.quarkus.builder] Finished step "io.quarkus.vertx.core.deployment.VertxCoreProcessor#build" in 36 ms
[DEBUG] [io.netty.util.internal.CleanerJava9] java.nio.ByteBuffer.cleaner(): available
[DEBUG] [io.quarkus.builder] Dependency of "io.quarkus.vertx.http.deployment.VertxHttpProcessor#preinitializeRouter" finished; 0 remaining
[DEBUG] [io.quarkus.builder] Dependency of "io.quarkus.deployment.steps.MainClassBuildStep#build" finished; 47 remaining
[DEBUG] [io.quarkus.builder] Dependency of "io.quarkus.smallrye.health.deployment.SmallRyeHealthProcessor#registerUiExtension" finished; 1 remaining
[DEBUG] [io.quarkus.builder] Dependency of "io.quarkus.resteasy.deployment.ResteasyStandaloneBuildStep#boot" finished; 1 remaining
[DEBUG] [io.quarkus.builder] Starting step "io.quarkus.vertx.http.deployment.VertxHttpProcessor#preinitializeRouter"
[DEBUG] [io.netty.util.internal.PlatformDependent] -Dio.netty.noPreferDirect: {}
[DEBUG] [io.quarkus.builder] Dependency of "io.quarkus.arc.deployment.SyntheticBeansProcessor#initStatic" finished; 9 remaining
[DEBUG] [io.quarkus.builder] Dependency of "io.quarkus.vertx.http.deployment.VertxHttpProcessor#finalizeRouter" finished; 8 remaining
[DEBUG] [io.quarkus.builder] Dependency of "io.quarkus.vertx.http.deployment.HttpSecurityProcessor#initFormAuth" finished; 0 remaining
[DEBUG] [io.quarkus.builder] Dependency of "io.quarkus.arc.deployment.SyntheticBeansProcessor#initRuntime" finished; 9 remaining
[DEBUG] [io.quarkus.builder] Dependency of "io.quarkus.resteasy.common.deployment.ResteasyCommonProcessor#setupProviders" finished; 9 remaining
[DEBUG] [io.quarkus.builder] Starting step "io.quarkus.vertx.http.deployment.HttpSecurityProcessor#initFormAuth"
[DEBUG] [io.quarkus.builder] Dependency of "io.quarkus.resteasy.common.deployment.ResteasyCommonProcessor#setupResteasyInjection" finished; 1 remaining
[DEBUG] [io.quarkus.builder] Finished step "io.quarkus.vertx.http.deployment.VertxHttpProcessor#bodyHandler" in 134 ms
[DEBUG] [io.quarkus.builder] Dependency of "io.quarkus.vertx.http.deployment.VertxHttpProcessor#finalizeRouter" finished; 7 remaining
[DEBUG] [io.quarkus.builder] Dependency of "io.quarkus.deployment.steps.MainClassBuildStep#build" finished; 45 remaining
[DEBUG] [io.quarkus.builder] Dependency of "io.quarkus.deployment.steps.MainClassBuildStep#build" finished; 46 remaining
[DEBUG] [io.quarkus.builder] Dependency of "io.quarkus.smallrye.health.deployment.SmallRyeHealthProcessor#build" finished; 0 remaining
[DEBUG] [io.quarkus.builder] Finished step "io.quarkus.vertx.http.deployment.VertxHttpProcessor#preinitializeRouter" in 9 ms
[DEBUG] [io.quarkus.builder] Finished step "io.quarkus.vertx.http.deployment.HttpSecurityProcessor#initFormAuth" in 2 ms
[DEBUG] [io.quarkus.builder] Dependency of "io.quarkus.arc.deployment.SyntheticBeansProcessor#initRegular" finished; 9 remaining
[DEBUG] [io.netty.buffer.AbstractByteBuf] -D{}: {}
[DEBUG] [io.netty.buffer.AbstractByteBuf] -D{}: {}
[DEBUG] [io.quarkus.builder] Starting step "io.quarkus.smallrye.health.deployment.SmallRyeHealthProcessor#build"
[DEBUG] [io.quarkus.builder] Dependency of "io.quarkus.deployment.index.ApplicationArchiveBuildStep#build" finished; 1 remaining
[DEBUG] [io.quarkus.builder] Dependency of "io.quarkus.deployment.pkg.steps.JarResultBuildStep#outputTarget" finished; 0 remaining
[DEBUG] [io.quarkus.builder] Dependency of "io.quarkus.vertx.http.deployment.VertxHttpProcessor#initializeRouter" finished; 7 remaining
[DEBUG] [io.quarkus.builder] Dependency of "io.quarkus.deployment.pkg.steps.JarResultBuildStep#buildRunnerJar" finished; 23 remaining
[DEBUG] [io.quarkus.builder] Starting step "io.quarkus.deployment.pkg.steps.JarResultBuildStep#outputTarget"
[DEBUG] [io.netty.util.ResourceLeakDetectorFactory] Loaded default ResourceLeakDetector: {}
[DEBUG] [io.quarkus.builder] Dependency of "io.quarkus.arc.deployment.SyntheticBeansProcessor#initStatic" finished; 8 remaining
[DEBUG] [io.quarkus.builder] Dependency of "io.quarkus.arc.deployment.SyntheticBeansProcessor#initRegular" finished; 8 remaining
[DEBUG] [io.quarkus.builder] Finished step "io.quarkus.smallrye.health.deployment.SmallRyeHealthProcessor#build" in 12 ms
[DEBUG] [io.quarkus.builder] Dependency of "io.quarkus.arc.deployment.SyntheticBeansProcessor#initRuntime" finished; 8 remaining
[DEBUG] [io.quarkus.builder] Finished step "io.quarkus.deployment.pkg.steps.JarResultBuildStep#outputTarget" in 5 ms
[DEBUG] [io.quarkus.builder] Dependency of "io.quarkus.deployment.logging.LoggingResourceProcessor#registerMetrics" finished; 0 remaining
[DEBUG] [io.quarkus.builder] Dependency of "io.quarkus.arc.deployment.LifecycleEventsBuildStep#startupEvent" finished; 6 remaining
[DEBUG] [io.quarkus.builder] Dependency of "io.quarkus.arc.deployment.AutoInjectFieldProcessor#annotationTransformer" finished; 1 remaining
[DEBUG] [io.quarkus.builder] Starting step "io.quarkus.deployment.logging.LoggingResourceProcessor#registerMetrics"
[DEBUG] [io.quarkus.builder] Dependency of "io.quarkus.deployment.pkg.steps.FileSystemResourcesBuildStep#normalMode" finished; 0 remaining
[DEBUG] [io.quarkus.builder] Dependency of "io.quarkus.deployment.steps.MainClassBuildStep#build" finished; 43 remaining
[DEBUG] [io.quarkus.builder] Dependency of "io.quarkus.deployment.steps.MainClassBuildStep#build" finished; 44 remaining
[DEBUG] [io.quarkus.builder] Dependency of "io.quarkus.arc.deployment.SyntheticBeansProcessor#initStatic" finished; 7 remaining
[DEBUG] [io.quarkus.builder] Dependency of "io.quarkus.arc.deployment.SyntheticBeansProcessor#initRuntime" finished; 7 remaining
[DEBUG] [io.quarkus.builder] Dependency of "io.quarkus.deployment.steps.MainClassBuildStep#build" finished; 42 remaining
[DEBUG] [io.quarkus.builder] Dependency of "io.quarkus.arc.deployment.ArcProcessor#initialize" finished; 27 remaining
[DEBUG] [io.quarkus.builder] Dependency of "io.quarkus.vertx.http.deployment.VertxHttpProcessor#initializeRouter" finished; 6 remaining
[DEBUG] [io.quarkus.builder] Finished step "io.quarkus.deployment.logging.LoggingResourceProcessor#registerMetrics" in 5 ms
[DEBUG] [io.quarkus.builder] Starting step "io.quarkus.deployment.pkg.steps.FileSystemResourcesBuildStep#normalMode"
[DEBUG] [io.quarkus.builder] Dependency of "io.quarkus.deployment.pkg.steps.JarResultBuildStep#buildRunnerJar" finished; 22 remaining
[DEBUG] [io.quarkus.builder] Dependency of "io.quarkus.smallrye.openapi.deployment.SmallRyeOpenApiProcessor#build" finished; 4 remaining
[DEBUG] [io.quarkus.netty.deployment.NettyProcessor] Not registering Netty native kqueue classes as they were not found
[DEBUG] [io.quarkus.builder] Dependency of "io.quarkus.smallrye.reactivemessaging.deployment.SmallRyeReactiveMessagingProcessor#build" finished; 1 remaining
[DEBUG] [io.quarkus.builder] Dependency of "io.quarkus.smallrye.health.deployment.SmallRyeHealthProcessor#defineHealthRoutes" finished; 1 remaining
[DEBUG] [io.quarkus.builder] Dependency of "io.quarkus.arc.deployment.SyntheticBeansProcessor#initRegular" finished; 7 remaining
[DEBUG] [io.quarkus.builder] Dependency of "io.quarkus.restclient.deployment.RestClientProcessor#processInterfaces" finished; 3 remaining
[DEBUG] [io.quarkus.builder] Finished step "io.quarkus.netty.deployment.NettyProcessor#build" in 260 ms
[DEBUG] [io.quarkus.builder] Dependency of "io.quarkus.deployment.pkg.steps.AppCDSBuildStep#build" finished; 1 remaining
[DEBUG] [io.quarkus.builder] Finished step "io.quarkus.deployment.pkg.steps.FileSystemResourcesBuildStep#normalMode" in 7 ms
[DEBUG] [io.quarkus.builder] Dependency of "io.quarkus.micrometer.deployment.MicrometerProcessor#registerExtensionMetrics" finished; 1 remaining
[DEBUG] [io.quarkus.builder] Dependency of "io.quarkus.micrometer.deployment.MicrometerProcessor#configureRegistry" finished; 2 remaining
[DEBUG] [io.quarkus.builder] Dependency of "io.quarkus.deployment.logging.LoggingResourceProcessor#setupLoggingRuntimeInit" finished; 0 remaining
[DEBUG] [io.quarkus.builder] Dependency of "io.quarkus.arc.deployment.BeanArchiveProcessor#build" finished; 21 remaining
[DEBUG] [io.quarkus.builder] Starting step "io.quarkus.deployment.logging.LoggingResourceProcessor#setupLoggingRuntimeInit"
[DEBUG] [io.quarkus.builder] Dependency of "io.quarkus.deployment.steps.MainClassBuildStep#build" finished; 41 remaining
[DEBUG] [io.quarkus.builder] End step completed; 2 remaining
[DEBUG] [io.quarkus.builder] Dependency of "io.quarkus.deployment.steps.ReflectionDiagnosticProcessor#writeReflectionData" finished; 33 remaining
[DEBUG] [io.quarkus.builder] Dependency of "io.quarkus.deployment.steps.CurateOutcomeBuildStep#curateOutcome" finished; 0 remaining
[DEBUG] [io.quarkus.builder] Dependency of "io.quarkus.vertx.http.deployment.StaticResourcesProcessor#runtimeInit" finished; 2 remaining
[DEBUG] [io.quarkus.builder] Starting step "io.quarkus.deployment.steps.CurateOutcomeBuildStep#curateOutcome"
[DEBUG] [io.quarkus.builder] Dependency of "io.quarkus.deployment.steps.NativeImageConfigBuildStep#build" finished; 2 remaining
[DEBUG] [io.quarkus.builder] Finished step "io.quarkus.deployment.steps.CurateOutcomeBuildStep#curateOutcome" in 2 ms
[DEBUG] [io.quarkus.builder] Dependency of "io.quarkus.smallrye.health.deployment.SmallRyeHealthProcessor#registerUiExtension" finished; 0 remaining
[DEBUG] [io.quarkus.builder] Dependency of "io.quarkus.deployment.steps.CapabilityAggregationStep#aggregateCapabilities" finished; 1 remaining
[DEBUG] [io.quarkus.builder] Dependency of "io.quarkus.vertx.http.deployment.VertxHttpProcessor#finalizeRouter" finished; 6 remaining
[DEBUG] [io.quarkus.builder] Dependency of "org.kie.kogito.quarkus.processes.deployment.ProcessesAssetsProcessor#reflectionProcess" finished; 0 remaining
[DEBUG] [io.quarkus.builder] Starting step "io.quarkus.smallrye.health.deployment.SmallRyeHealthProcessor#registerUiExtension"
[DEBUG] [io.quarkus.builder] Starting step "org.kie.kogito.quarkus.processes.deployment.ProcessesAssetsProcessor#reflectionProcess"
[DEBUG] [io.quarkus.builder] Dependency of "io.quarkus.deployment.pkg.steps.JarResultBuildStep#buildRunnerJar" finished; 21 remaining
[DEBUG] [io.quarkus.builder] Dependency of "io.quarkus.vertx.deployment.VertxProcessor#build" finished; 2 remaining
[DEBUG] [io.quarkus.builder] Dependency of "org.kie.kogito.quarkus.processes.deployment.ProcessesAssetsProcessor#featureBuildItem" finished; 0 remaining
[DEBUG] [io.quarkus.builder] Finished step "org.kie.kogito.quarkus.processes.deployment.ProcessesAssetsProcessor#reflectionProcess" in 2 ms
[DEBUG] [io.quarkus.builder] Finished step "io.quarkus.smallrye.health.deployment.SmallRyeHealthProcessor#registerUiExtension" in 3 ms
[DEBUG] [io.quarkus.builder] Dependency of "io.quarkus.deployment.steps.ReflectionDiagnosticProcessor#writeReflectionData" finished; 32 remaining
[DEBUG] [io.quarkus.builder] Dependency of "org.kie.kogito.quarkus.common.deployment.KogitoAssetsProcessor#generateModel" finished; 2 remaining
[DEBUG] [io.quarkus.builder] Starting step "org.kie.kogito.quarkus.processes.deployment.ProcessesAssetsProcessor#featureBuildItem"
[DEBUG] [io.quarkus.builder] Dependency of "io.quarkus.netty.deployment.NettyProcessor#registerEventLoopBeans" finished; 0 remaining
[DEBUG] [io.quarkus.builder] Finished step "org.kie.kogito.quarkus.processes.deployment.ProcessesAssetsProcessor#featureBuildItem" in 7 ms
[DEBUG] [io.quarkus.builder] Dependency of "io.quarkus.deployment.steps.MainClassBuildStep#build" finished; 40 remaining
[DEBUG] [io.quarkus.builder] Dependency of "io.quarkus.deployment.index.ApplicationArchiveBuildStep#build" finished; 0 remaining
[DEBUG] [io.quarkus.builder] Dependency of "io.quarkus.deployment.steps.NativeImageAutoFeatureStep#generateNativeResourcesList" finished; 9 remaining
[DEBUG] [io.quarkus.builder] Dependency of "io.quarkus.deployment.pkg.steps.JarResultBuildStep#buildRunnerJar" finished; 20 remaining
[DEBUG] [io.quarkus.builder] Dependency of "io.quarkus.smallrye.health.deployment.SmallRyeHealthProcessor#registerHealthUiHandler" finished; 0 remaining
[DEBUG] [io.quarkus.builder] Starting step "io.quarkus.deployment.index.ApplicationArchiveBuildStep#build"
[DEBUG] [io.quarkus.builder] Dependency of "org.kie.kogito.quarkus.processes.deployment.ProcessesAssetsProcessor#additionalBeans" finished; 0 remaining
[DEBUG] [io.quarkus.builder] Starting step "io.quarkus.netty.deployment.NettyProcessor#registerEventLoopBeans"
[DEBUG] [io.quarkus.builder] Dependency of "io.quarkus.vertx.http.deployment.VertxHttpProcessor#openSocket" finished; 1 remaining
[DEBUG] [io.quarkus.builder] Finished step "io.quarkus.netty.deployment.NettyProcessor#registerEventLoopBeans" in 9 ms
[DEBUG] [io.quarkus.builder] Starting step "org.kie.kogito.quarkus.processes.deployment.ProcessesAssetsProcessor#additionalBeans"
[DEBUG] [io.quarkus.builder] Dependency of "org.kie.kogito.quarkus.processes.deployment.ProcessesAssetsProcessor#postGenerationProcessing" finished; 2 remaining
[DEBUG] [io.quarkus.builder] Starting step "io.quarkus.smallrye.health.deployment.SmallRyeHealthProcessor#registerHealthUiHandler"
[DEBUG] [io.quarkus.builder] Dependency of "io.quarkus.deployment.steps.CapabilityAggregationStep#provideCapabilities" finished; 0 remaining
[DEBUG] [io.quarkus.builder] Finished step "org.kie.kogito.quarkus.processes.deployment.ProcessesAssetsProcessor#additionalBeans" in 6 ms
[DEBUG] [io.quarkus.builder] Dependency of "io.quarkus.arc.deployment.SyntheticBeansProcessor#initRegular" finished; 6 remaining
[DEBUG] [io.quarkus.builder] Dependency of "io.quarkus.arc.deployment.SyntheticBeansProcessor#initStatic" finished; 6 remaining
[DEBUG] [io.quarkus.builder] Dependency of "io.quarkus.arc.deployment.SyntheticBeansProcessor#initRuntime" finished; 6 remaining
[DEBUG] [io.quarkus.builder] Dependency of "io.quarkus.deployment.steps.MainClassBuildStep#build" finished; 39 remaining
[DEBUG] [io.quarkus.deployment.index.ApplicationArchiveBuildStep] Indexing dependency: /Users/mouachani/.m2/repository/org/kie/kogito/kogito-quarkus-common/2.0.0-SNAPSHOT/kogito-quarkus-common-2.0.0-SNAPSHOT.jar
[DEBUG] [io.quarkus.builder] Dependency of "io.quarkus.arc.deployment.ArcProcessor#initialize" finished; 26 remaining
[DEBUG] [io.quarkus.builder] Finished step "io.quarkus.deployment.logging.LoggingResourceProcessor#setupLoggingRuntimeInit" in 39 ms
[DEBUG] [io.quarkus.builder] Starting step "io.quarkus.deployment.steps.CapabilityAggregationStep#provideCapabilities"
[DEBUG] [io.quarkus.builder] Dependency of "io.quarkus.deployment.steps.ClassTransformingBuildStep#handleClassTransformation" finished; 6 remaining
[DEBUG] [io.quarkus.builder] Dependency of "io.quarkus.swaggerui.deployment.SwaggerUiProcessor#getSwaggerUiFinalDestination" finished; 0 remaining
[DEBUG] [io.quarkus.builder] Finished step "io.quarkus.smallrye.health.deployment.SmallRyeHealthProcessor#registerHealthUiHandler" in 11 ms
[DEBUG] [io.quarkus.builder] Starting step "io.quarkus.swaggerui.deployment.SwaggerUiProcessor#getSwaggerUiFinalDestination"
[DEBUG] [io.quarkus.builder] Finished step "io.quarkus.deployment.steps.CapabilityAggregationStep#provideCapabilities" in 7 ms
[DEBUG] [io.quarkus.builder] Dependency of "io.quarkus.deployment.steps.MainClassBuildStep#build" finished; 38 remaining
[DEBUG] [io.quarkus.builder] Dependency of "io.quarkus.arc.deployment.BeanArchiveProcessor#build" finished; 20 remaining
[DEBUG] [io.quarkus.builder] Dependency of "io.quarkus.deployment.steps.ConfigGenerationBuildStep#checkForBuildTimeConfigChange" finished; 0 remaining
[DEBUG] [io.quarkus.builder] Dependency of "io.quarkus.deployment.steps.CapabilityAggregationStep#aggregateCapabilities" finished; 0 remaining
[DEBUG] [io.quarkus.builder] Dependency of "io.quarkus.deployment.steps.MainClassBuildStep#build" finished; 37 remaining
[DEBUG] [io.quarkus.builder] Starting step "io.quarkus.deployment.steps.CapabilityAggregationStep#aggregateCapabilities"
[DEBUG] [io.quarkus.builder] Starting step "io.quarkus.deployment.steps.ConfigGenerationBuildStep#checkForBuildTimeConfigChange"
[DEBUG] [io.quarkus.builder] Finished step "io.quarkus.deployment.steps.CapabilityAggregationStep#aggregateCapabilities" in 2 ms
[DEBUG] [io.quarkus.builder] Dependency of "io.quarkus.arc.deployment.configproperties.ConfigPropertiesBuildStep#setup" finished; 2 remaining
[DEBUG] [io.quarkus.builder] Dependency of "io.quarkus.vertx.http.deployment.VertxHttpProcessor#initializeRouter" finished; 5 remaining
[DEBUG] [io.quarkus.builder] Dependency of "io.quarkus.jackson.deployment.JacksonProcessor#unremovable" finished; 1 remaining
[DEBUG] [io.quarkus.builder] Dependency of "io.quarkus.micrometer.deployment.binder.HttpBinderProcessor#enableHttpServerSupport" finished; 0 remaining
[DEBUG] [io.quarkus.builder] Dependency of "io.quarkus.resteasy.common.deployment.ResteasyCommonProcessor#registerJsonContextResolvers" finished; 1 remaining
[DEBUG] [io.quarkus.deployment.index.ApplicationArchiveBuildStep] Indexing dependency: /Users/mouachani/.m2/repository/org/kie/kogito/kogito-quarkus-rules/2.0.0-SNAPSHOT/kogito-quarkus-rules-2.0.0-SNAPSHOT.jar
[DEBUG] [io.quarkus.builder] Starting step "io.quarkus.micrometer.deployment.binder.HttpBinderProcessor#enableHttpServerSupport"
[DEBUG] [io.quarkus.builder] Dependency of "io.quarkus.smallrye.openapi.deployment.SmallRyeOpenApiProcessor#build" finished; 3 remaining
[DEBUG] [io.quarkus.builder] Dependency of "org.kie.kogito.quarkus.common.deployment.KogitoAssetsProcessor#generateModel" finished; 1 remaining
[DEBUG] [io.quarkus.deployment.index.ApplicationArchiveBuildStep] Indexing dependency: /Users/mouachani/.m2/repository/org/kie/kogito/kogito-api-incubation-rules-services/2.0.0-SNAPSHOT/kogito-api-incubation-rules-services-2.0.0-SNAPSHOT.jar
[DEBUG] [io.quarkus.builder] Dependency of "io.quarkus.undertow.deployment.UndertowBuildStep#boot" finished; 3 remaining
[DEBUG] [io.quarkus.bootstrap.classloading.QuarkusClassLoader] Class javax.servlet.DispatcherType not found in parent first load from ClassRealm[plugin>io.quarkus:quarkus-maven-plugin:2.4.0.Final, parent: jdk.internal.loader.ClassLoaders$AppClassLoader@277050dc]
[DEBUG] [io.quarkus.deployment.index.ApplicationArchiveBuildStep] Indexing dependency: /Users/mouachani/.m2/repository/org/kie/kogito/kogito-api-incubation-rules/2.0.0-SNAPSHOT/kogito-api-incubation-rules-2.0.0-SNAPSHOT.jar
[DEBUG] [io.quarkus.builder] Dependency of "io.quarkus.resteasy.deployment.ResteasyBuiltinsProcessor#setUpSecurity" finished; 0 remaining
[DEBUG] [io.quarkus.builder] Finished step "io.quarkus.deployment.steps.ConfigGenerationBuildStep#checkForBuildTimeConfigChange" in 25 ms
[DEBUG] [io.quarkus.builder] Starting step "io.quarkus.resteasy.deployment.ResteasyBuiltinsProcessor#setUpSecurity"
[DEBUG] [io.quarkus.builder] Dependency of "io.quarkus.kafka.client.deployment.KafkaProcessor#checkBoostrapServers" finished; 0 remaining
[DEBUG] [io.quarkus.builder] Finished step "io.quarkus.micrometer.deployment.binder.HttpBinderProcessor#enableHttpServerSupport" in 15 ms
[DEBUG] [io.quarkus.builder] Dependency of "io.quarkus.undertow.deployment.UndertowBuildStep#build" finished; 9 remaining
[DEBUG] [io.quarkus.builder] Dependency of "io.quarkus.arc.deployment.ArcProcessor#initialize" finished; 25 remaining
[DEBUG] [io.quarkus.builder] Dependency of "io.quarkus.arc.deployment.BeanArchiveProcessor#build" finished; 19 remaining
[DEBUG] [io.quarkus.deployment.index.ApplicationArchiveBuildStep] Indexing dependency: /Users/mouachani/.m2/repository/org/kie/kogito/kogito-quarkus-decisions/2.0.0-SNAPSHOT/kogito-quarkus-decisions-2.0.0-SNAPSHOT.jar
[DEBUG] [io.quarkus.builder] Finished step "io.quarkus.resteasy.deployment.ResteasyBuiltinsProcessor#setUpSecurity" in 22 ms
[DEBUG] [io.quarkus.builder] Dependency of "io.quarkus.arc.deployment.ArcProcessor#initialize" finished; 24 remaining
[DEBUG] [io.quarkus.builder] Starting step "io.quarkus.kafka.client.deployment.KafkaProcessor#checkBoostrapServers"
[DEBUG] [io.quarkus.builder] Dependency of "io.quarkus.resteasy.deployment.ResteasyServletProcessor#build" finished; 3 remaining
[DEBUG] [io.quarkus.builder] Dependency of "io.quarkus.resteasy.deployment.ResteasyStandaloneBuildStep#staticInit" finished; 3 remaining
[DEBUG] [io.quarkus.builder] Dependency of "io.quarkus.deployment.steps.MainClassBuildStep#build" finished; 36 remaining
[DEBUG] [io.quarkus.builder] Dependency of "io.quarkus.resteasy.deployment.RestPathAnnotationProcessor#findRestPaths" finished; 1 remaining
[DEBUG] [io.quarkus.builder] Dependency of "io.quarkus.vertx.http.deployment.StaticResourcesProcessor#collectStaticResources" finished; 1 remaining
[DEBUG] [io.quarkus.builder] Finished step "io.quarkus.kafka.client.deployment.KafkaProcessor#checkBoostrapServers" in 32 ms
[DEBUG] [io.quarkus.builder] Dependency of "io.quarkus.resteasy.common.deployment.ResteasyCommonProcessor#setupProviders" finished; 8 remaining
[DEBUG] [io.quarkus.deployment.index.ApplicationArchiveBuildStep] Indexing dependency: /Users/mouachani/.m2/repository/org/kie/kogito/kogito-dmn/2.0.0-SNAPSHOT/kogito-dmn-2.0.0-SNAPSHOT.jar
[DEBUG] [io.quarkus.builder] Dependency of "io.quarkus.arc.deployment.BeanArchiveProcessor#build" finished; 18 remaining
[DEBUG] [io.quarkus.builder] Dependency of "io.quarkus.deployment.steps.MainClassBuildStep#build" finished; 35 remaining
[DEBUG] [io.quarkus.builder] Dependency of "io.quarkus.resteasy.deployment.RestPathAnnotationProcessor#registerBeanClasses" finished; 0 remaining
[DEBUG] [io.quarkus.builder] Dependency of "io.quarkus.smallrye.openapi.deployment.SmallRyeOpenApiProcessor#registerOpenApiSchemaClassesForReflection" finished; 1 remaining
[DEBUG] [io.quarkus.builder] Dependency of "io.quarkus.resteasy.common.deployment.ResteasyCommonProcessor#resteasyConfig" finished; 0 remaining
[DEBUG] [io.quarkus.builder] Starting step "io.quarkus.resteasy.deployment.RestPathAnnotationProcessor#registerBeanClasses"
[DEBUG] [io.quarkus.builder] Dependency of "io.quarkus.resteasy.common.deployment.ResteasyCommonProcessor#setupProviders" finished; 7 remaining
[DEBUG] [io.quarkus.builder] Starting step "io.quarkus.resteasy.common.deployment.ResteasyCommonProcessor#resteasyConfig"
[DEBUG] [io.quarkus.deployment.index.ApplicationArchiveBuildStep] Indexing dependency: /Users/mouachani/.m2/repository/org/kie/kogito/kogito-quarkus-predictions/2.0.0-SNAPSHOT/kogito-quarkus-predictions-2.0.0-SNAPSHOT.jar
[DEBUG] [io.quarkus.builder] Dependency of "io.quarkus.restclient.deployment.RestClientProcessor#clientTracingFeature" finished; 0 remaining
[DEBUG] [io.quarkus.builder] Finished step "io.quarkus.resteasy.deployment.RestPathAnnotationProcessor#registerBeanClasses" in 6 ms
[DEBUG] [io.quarkus.builder] Dependency of "io.quarkus.resteasy.common.deployment.ResteasyCommonProcessor#addStaticInitConfigSourceProvider" finished; 0 remaining
[DEBUG] [io.quarkus.builder] Starting step "io.quarkus.restclient.deployment.RestClientProcessor#clientTracingFeature"
[DEBUG] [io.quarkus.deployment.index.ApplicationArchiveBuildStep] Indexing dependency: /Users/mouachani/.m2/repository/org/kie/kogito/kogito-pmml/2.0.0-SNAPSHOT/kogito-pmml-2.0.0-SNAPSHOT.jar
[DEBUG] [io.quarkus.builder] Finished step "io.quarkus.resteasy.common.deployment.ResteasyCommonProcessor#resteasyConfig" in 3 ms
[DEBUG] [io.quarkus.builder] Finished step "io.quarkus.restclient.deployment.RestClientProcessor#clientTracingFeature" in 5 ms
[DEBUG] [io.quarkus.builder] Dependency of "io.quarkus.vertx.http.deployment.HttpSecurityProcessor#setupAuthenticationMechanisms" finished; 0 remaining
[DEBUG] [io.quarkus.builder] Starting step "io.quarkus.resteasy.common.deployment.ResteasyCommonProcessor#addStaticInitConfigSourceProvider"
[DEBUG] [io.quarkus.builder] Dependency of "io.quarkus.arc.deployment.ArcProcessor#initialize" finished; 23 remaining
[DEBUG] [io.quarkus.builder] Dependency of "io.quarkus.arc.deployment.BeanArchiveProcessor#build" finished; 17 remaining
[DEBUG] [io.quarkus.builder] Finished step "io.quarkus.resteasy.common.deployment.ResteasyCommonProcessor#addStaticInitConfigSourceProvider" in 9 ms
[DEBUG] [io.quarkus.builder] Dependency of "io.quarkus.deployment.steps.ReflectionDiagnosticProcessor#writeReflectionData" finished; 31 remaining
[DEBUG] [io.quarkus.builder] Dependency of "io.quarkus.deployment.steps.ConfigGenerationBuildStep#generateConfigClass" finished; 1 remaining
[DEBUG] [io.quarkus.builder] Dependency of "io.quarkus.arc.deployment.ArcProcessor#initialize" finished; 22 remaining
[DEBUG] [io.quarkus.builder] Starting step "io.quarkus.vertx.http.deployment.HttpSecurityProcessor#setupAuthenticationMechanisms"
[DEBUG] [io.quarkus.builder] Dependency of "io.quarkus.resteasy.common.deployment.ResteasyCommonProcessor#setupProviders" finished; 5 remaining
[DEBUG] [io.quarkus.builder] Dependency of "io.quarkus.resteasy.common.deployment.ResteasyCommonProcessor#setupProviders" finished; 6 remaining
[DEBUG] [io.quarkus.builder] Finished step "io.quarkus.vertx.http.deployment.HttpSecurityProcessor#setupAuthenticationMechanisms" in 15 ms
[DEBUG] [io.quarkus.builder] Dependency of "io.quarkus.restclient.deployment.RestClientProcessor#registerRestClientListenerForTracing" finished; 0 remaining
[DEBUG] [io.quarkus.builder] Finished step "io.quarkus.swaggerui.deployment.SwaggerUiProcessor#getSwaggerUiFinalDestination" in 115 ms
[DEBUG] [io.quarkus.builder] Starting step "io.quarkus.restclient.deployment.RestClientProcessor#registerRestClientListenerForTracing"
[DEBUG] [io.quarkus.builder] Dependency of "io.quarkus.undertow.deployment.UndertowBuildStep#integrateCdi" finished; 1 remaining
[DEBUG] [io.quarkus.builder] Dependency of "io.quarkus.vertx.http.deployment.VertxHttpProcessor#finalizeRouter" finished; 5 remaining
[DEBUG] [io.quarkus.builder] Dependency of "io.quarkus.resteasy.deployment.ResteasyBuiltinsProcessor#vertxProviders" finished; 0 remaining
[DEBUG] [io.quarkus.builder] Finished step "io.quarkus.restclient.deployment.RestClientProcessor#registerRestClientListenerForTracing" in 2 ms
[DEBUG] [io.quarkus.builder] Dependency of "io.quarkus.deployment.steps.ReflectionDiagnosticProcessor#writeReflectionData" finished; 30 remaining
[DEBUG] [io.quarkus.builder] Dependency of "io.quarkus.deployment.steps.NativeImageAutoFeatureStep#generateNativeResourcesList" finished; 8 remaining
[DEBUG] [io.quarkus.builder] Dependency of "io.quarkus.deployment.steps.NativeImageAutoFeatureStep#generateNativeResourcesList" finished; 7 remaining
[DEBUG] [io.quarkus.deployment.index.ApplicationArchiveBuildStep] Indexing dependency: /Users/mouachani/.m2/repository/io/smallrye/config/smallrye-config/2.5.1/smallrye-config-2.5.1.jar
[DEBUG] [io.quarkus.builder] Starting step "io.quarkus.resteasy.deployment.ResteasyBuiltinsProcessor#vertxProviders"
[DEBUG] [io.quarkus.builder] Dependency of "io.quarkus.kafka.client.deployment.KafkaProcessor#build" finished; 1 remaining
[DEBUG] [io.quarkus.builder] Dependency of "io.quarkus.restclient.deployment.RestClientProcessor#processInterfaces" finished; 2 remaining
[DEBUG] [io.quarkus.builder] Dependency of "io.quarkus.deployment.steps.MainClassBuildStep#build" finished; 34 remaining
[DEBUG] [io.quarkus.builder] Finished step "io.quarkus.resteasy.deployment.ResteasyBuiltinsProcessor#vertxProviders" in 9 ms
[DEBUG] [io.quarkus.builder] Dependency of "io.quarkus.deployment.pkg.steps.JarResultBuildStep#buildRunnerJar" finished; 19 remaining
[DEBUG] [io.quarkus.builder] Dependency of "io.quarkus.resteasy.common.deployment.ResteasyCommonProcessor#setupProviders" finished; 4 remaining
[DEBUG] [io.quarkus.builder] Dependency of "io.quarkus.arc.deployment.ArcProcessor#initialize" finished; 21 remaining
[DEBUG] [io.quarkus.builder] Dependency of "io.quarkus.swaggerui.deployment.SwaggerUiProcessor#registerSwaggerUiHandler" finished; 0 remaining
[DEBUG] [io.quarkus.builder] Dependency of "io.quarkus.smallrye.openapi.deployment.SmallRyeOpenApiProcessor#handler" finished; 1 remaining
[DEBUG] [io.quarkus.builder] Starting step "io.quarkus.swaggerui.deployment.SwaggerUiProcessor#registerSwaggerUiHandler"
[DEBUG] [io.quarkus.builder] Dependency of "io.quarkus.arc.deployment.BeanArchiveProcessor#build" finished; 16 remaining
[DEBUG] [io.quarkus.builder] Dependency of "io.quarkus.arc.deployment.ArcProcessor#generateResources" finished; 6 remaining
[DEBUG] [io.quarkus.builder] Finished step "io.quarkus.swaggerui.deployment.SwaggerUiProcessor#registerSwaggerUiHandler" in 6 ms
[DEBUG] [io.quarkus.builder] Dependency of "io.quarkus.deployment.steps.MainClassBuildStep#build" finished; 33 remaining
[DEBUG] [io.quarkus.builder] Dependency of "io.quarkus.vertx.http.deployment.VertxHttpProcessor#initializeRouter" finished; 4 remaining
[DEBUG] [io.quarkus.deployment.index.ApplicationArchiveBuildStep] Indexing dependency: /Users/mouachani/.m2/repository/io/smallrye/smallrye-context-propagation/1.2.2/smallrye-context-propagation-1.2.2.jar
[DEBUG] [io.quarkus.deployment.index.ApplicationArchiveBuildStep] Indexing dependency: /Users/mouachani/.m2/repository/io/smallrye/smallrye-context-propagation-api/1.2.2/smallrye-context-propagation-api-1.2.2.jar
[DEBUG] [io.quarkus.deployment.index.ApplicationArchiveBuildStep] Indexing dependency: /Users/mouachani/.m2/repository/io/smallrye/smallrye-context-propagation-storage/1.2.2/smallrye-context-propagation-storage-1.2.2.jar
[DEBUG] [io.quarkus.deployment.index.ApplicationArchiveBuildStep] Indexing dependency: /Users/mouachani/.m2/repository/io/smallrye/reactive/smallrye-mutiny-vertx-web/2.14.1/smallrye-mutiny-vertx-web-2.14.1.jar
[DEBUG] [io.quarkus.deployment.index.ApplicationArchiveBuildStep] Indexing dependency: /Users/mouachani/.m2/repository/io/smallrye/reactive/smallrye-mutiny-vertx-bridge-common/2.14.1/smallrye-mutiny-vertx-bridge-common-2.14.1.jar
[DEBUG] [io.quarkus.deployment.index.ApplicationArchiveBuildStep] Indexing dependency: /Users/mouachani/.m2/repository/org/kie/kogito/kogito-addons-quarkus-process-management/2.0.0-SNAPSHOT/kogito-addons-quarkus-process-management-2.0.0-SNAPSHOT.jar
[DEBUG] [io.quarkus.deployment.index.ApplicationArchiveBuildStep] Indexing dependency: /Users/mouachani/.m2/repository/org/kie/kogito/kogito-addons-quarkus-rest-exception-handler/2.0.0-SNAPSHOT/kogito-addons-quarkus-rest-exception-handler-2.0.0-SNAPSHOT.jar
[DEBUG] [io.quarkus.deployment.index.ApplicationArchiveBuildStep] Indexing dependency: /Users/mouachani/.m2/repository/org/kie/kogito/process-serialization-protobuf/2.0.0-SNAPSHOT/process-serialization-protobuf-2.0.0-SNAPSHOT.jar
[DEBUG] [io.quarkus.deployment.index.ApplicationArchiveBuildStep] Indexing dependency: /Users/mouachani/.m2/repository/io/smallrye/reactive/smallrye-mutiny-vertx-web-client/2.14.1/smallrye-mutiny-vertx-web-client-2.14.1.jar
[DEBUG] [io.quarkus.deployment.index.ApplicationArchiveBuildStep] Indexing dependency: /Users/mouachani/.m2/repository/io/smallrye/reactive/smallrye-mutiny-vertx-core/2.14.1/smallrye-mutiny-vertx-core-2.14.1.jar
[DEBUG] [io.quarkus.deployment.index.ApplicationArchiveBuildStep] Indexing dependency: /Users/mouachani/.m2/repository/io/smallrye/reactive/smallrye-mutiny-vertx-runtime/2.14.1/smallrye-mutiny-vertx-runtime-2.14.1.jar
[DEBUG] [io.quarkus.deployment.index.ApplicationArchiveBuildStep] Indexing dependency: /Users/mouachani/.m2/repository/io/smallrye/reactive/vertx-mutiny-generator/2.14.1/vertx-mutiny-generator-2.14.1.jar
[DEBUG] [io.quarkus.deployment.index.ApplicationArchiveBuildStep] Indexing dependency: /Users/mouachani/.m2/repository/io/smallrye/reactive/smallrye-mutiny-vertx-auth-common/2.14.1/smallrye-mutiny-vertx-auth-common-2.14.1.jar
[DEBUG] [io.quarkus.deployment.index.ApplicationArchiveBuildStep] Indexing dependency: /Users/mouachani/.m2/repository/io/smallrye/reactive/smallrye-mutiny-vertx-web-common/2.14.1/smallrye-mutiny-vertx-web-common-2.14.1.jar
[DEBUG] [io.quarkus.deployment.index.ApplicationArchiveBuildStep] Indexing dependency: /Users/mouachani/.m2/repository/org/kie/kogito/kogito-addons-quarkus-messaging/2.0.0-SNAPSHOT/kogito-addons-quarkus-messaging-2.0.0-SNAPSHOT.jar
[DEBUG] [io.quarkus.deployment.index.ApplicationArchiveBuildStep] Indexing dependency: /Users/mouachani/.m2/repository/org/kie/kogito/kogito-addons-quarkus-messaging-common/2.0.0-SNAPSHOT/kogito-addons-quarkus-messaging-common-2.0.0-SNAPSHOT.jar
[DEBUG] [io.quarkus.deployment.index.ApplicationArchiveBuildStep] Indexing dependency: /Users/mouachani/.m2/repository/org/kie/kogito/kogito-addons-quarkus-events-process/2.0.0-SNAPSHOT/kogito-addons-quarkus-events-process-2.0.0-SNAPSHOT.jar
[DEBUG] [io.quarkus.deployment.index.ApplicationArchiveBuildStep] Indexing dependency: /Users/mouachani/.m2/repository/io/smallrye/reactive/smallrye-reactive-messaging-provider/3.10.1/smallrye-reactive-messaging-provider-3.10.1.jar
[DEBUG] [io.quarkus.deployment.index.ApplicationArchiveBuildStep] Indexing dependency: /Users/mouachani/.m2/repository/io/smallrye/reactive/smallrye-reactive-converter-api/2.6.0/smallrye-reactive-converter-api-2.6.0.jar
[DEBUG] [io.quarkus.deployment.index.ApplicationArchiveBuildStep] Indexing dependency: /Users/mouachani/.m2/repository/io/smallrye/reactive/mutiny/1.1.2/mutiny-1.1.2.jar
[DEBUG] [io.quarkus.deployment.index.ApplicationArchiveBuildStep] Indexing dependency: /Users/mouachani/.m2/repository/io/smallrye/reactive/smallrye-reactive-messaging-kafka/3.10.1/smallrye-reactive-messaging-kafka-3.10.1.jar
[DEBUG] [io.quarkus.deployment.index.ApplicationArchiveBuildStep] Indexing dependency: /Users/mouachani/.m2/repository/io/smallrye/smallrye-health/3.1.1/smallrye-health-3.1.1.jar
[DEBUG] [io.quarkus.deployment.index.ApplicationArchiveBuildStep] Indexing dependency: /Users/mouachani/.m2/repository/io/smallrye/smallrye-health-provided-checks/3.1.1/smallrye-health-provided-checks-3.1.1.jar
[DEBUG] [io.quarkus.deployment.index.ApplicationArchiveBuildStep] Indexing dependency: /Users/mouachani/.m2/repository/com/github/ben-manes/caffeine/caffeine/2.9.2/caffeine-2.9.2.jar
[DEBUG] [io.quarkus.deployment.index.ApplicationArchiveBuildStep] Indexing dependency: /Users/mouachani/.m2/repository/org/kie/kogito/kogito-addons-persistence-infinispan/2.0.0-SNAPSHOT/kogito-addons-persistence-infinispan-2.0.0-SNAPSHOT.jar
[DEBUG] [io.quarkus.deployment.index.ApplicationArchiveBuildStep] Indexing dependency: /Users/mouachani/.m2/repository/org/kie/kogito/kogito-addons-quarkus-monitoring-prometheus/2.0.0-SNAPSHOT/kogito-addons-quarkus-monitoring-prometheus-2.0.0-SNAPSHOT.jar
[DEBUG] [io.quarkus.deployment.index.ApplicationArchiveBuildStep] Indexing dependency: /Users/mouachani/.m2/repository/org/kie/kogito/kogito-addons-monitoring-prometheus/2.0.0-SNAPSHOT/kogito-addons-monitoring-prometheus-2.0.0-SNAPSHOT.jar
[DEBUG] [io.quarkus.deployment.index.ApplicationArchiveBuildStep] Indexing dependency: /Users/mouachani/.m2/repository/org/kie/kogito/kogito-addons-quarkus-monitoring-core/2.0.0-SNAPSHOT/kogito-addons-quarkus-monitoring-core-2.0.0-SNAPSHOT.jar
[DEBUG] [io.quarkus.deployment.index.ApplicationArchiveBuildStep] Indexing dependency: /Users/mouachani/.m2/repository/org/jboss/resteasy/resteasy-client-microprofile-base/4.7.0.Final/resteasy-client-microprofile-base-4.7.0.Final.jar
[DEBUG] [io.quarkus.deployment.index.ApplicationArchiveBuildStep] Indexing dependency: /Users/mouachani/.m2/repository/org/jboss/resteasy/resteasy-cdi/4.7.0.Final/resteasy-cdi-4.7.0.Final.jar
[DEBUG] [io.quarkus.deployment.index.ApplicationArchiveBuildStep] Indexing dependency: /Users/mouachani/.m2/repository/org/apache/kafka/kafka-clients/2.8.1/kafka-clients-2.8.1.jar
[DEBUG] [io.quarkus.builder] Finished step "io.quarkus.deployment.index.ApplicationArchiveBuildStep#build" in 1023 ms
[DEBUG] [io.quarkus.builder] Dependency of "io.quarkus.undertow.deployment.UndertowBuildStep#registerUndertowHandlersConf" finished; 1 remaining
[DEBUG] [io.quarkus.builder] Dependency of "io.quarkus.deployment.steps.MainClassBuildStep#mainClassBuildStep" finished; 1 remaining
[DEBUG] [io.quarkus.builder] Dependency of "io.quarkus.arc.deployment.SplitPackageProcessor#splitPackageDetection" finished; 0 remaining
[DEBUG] [io.quarkus.builder] Dependency of "io.quarkus.infinispan.client.deployment.InfinispanClientProcessor#setup" finished; 1 remaining
[DEBUG] [io.quarkus.builder] Dependency of "io.quarkus.resteasy.deployment.ResteasyStandaloneBuildStep#staticInit" finished; 2 remaining
[DEBUG] [io.quarkus.builder] Dependency of "io.quarkus.deployment.pkg.steps.JarResultBuildStep#buildRunnerJar" finished; 18 remaining
[DEBUG] [io.quarkus.builder] Starting step "io.quarkus.arc.deployment.SplitPackageProcessor#splitPackageDetection"
[DEBUG] [io.quarkus.builder] Dependency of "io.quarkus.vertx.http.deployment.StaticResourcesProcessor#collectStaticResources" finished; 0 remaining
[DEBUG] [io.quarkus.builder] Dependency of "io.quarkus.deployment.steps.CombinedIndexBuildStep#build" finished; 0 remaining
[DEBUG] [io.quarkus.builder] Dependency of "io.quarkus.arc.deployment.ObserverValidationProcessor#validateApplicationObserver" finished; 1 remaining
[DEBUG] [io.quarkus.builder] Starting step "io.quarkus.vertx.http.deployment.StaticResourcesProcessor#collectStaticResources"
[DEBUG] [io.quarkus.builder] Dependency of "io.quarkus.undertow.deployment.WebXmlParsingBuildStep#createWebMetadata" finished; 0 remaining
[DEBUG] [io.quarkus.builder] Starting step "io.quarkus.deployment.steps.CombinedIndexBuildStep#build"
[DEBUG] [io.quarkus.builder] Starting step "io.quarkus.undertow.deployment.WebXmlParsingBuildStep#createWebMetadata"
[DEBUG] [io.quarkus.builder] Dependency of "io.quarkus.undertow.deployment.UndertowStaticResourcesBuildStep#scanStaticResources" finished; 0 remaining
[DEBUG] [io.quarkus.builder] Finished step "io.quarkus.vertx.http.deployment.StaticResourcesProcessor#collectStaticResources" in 3 ms
[DEBUG] [io.quarkus.builder] Dependency of "io.quarkus.vertx.http.deployment.StaticResourcesProcessor#runtimeInit" finished; 1 remaining
[DEBUG] [io.quarkus.builder] Dependency of "io.quarkus.vertx.http.deployment.StaticResourcesProcessor#staticInit" finished; 0 remaining
[DEBUG] [io.quarkus.builder] Starting step "io.quarkus.undertow.deployment.UndertowStaticResourcesBuildStep#scanStaticResources"
[DEBUG] [io.quarkus.builder] Dependency of "io.quarkus.arc.deployment.BeanArchiveProcessor#build" finished; 15 remaining
[DEBUG] [io.quarkus.builder] Finished step "io.quarkus.arc.deployment.SplitPackageProcessor#splitPackageDetection" in 8 ms
[DEBUG] [io.quarkus.builder] Dependency of "io.quarkus.arc.deployment.ArcProcessor#generateResources" finished; 5 remaining
[DEBUG] [io.quarkus.deployment.index] Index class: java.util.Collection
[DEBUG] [io.quarkus.builder] Dependency of "io.quarkus.deployment.steps.ClassTransformingBuildStep#handleClassTransformation" finished; 5 remaining
[DEBUG] [io.quarkus.builder] Starting step "io.quarkus.vertx.http.deployment.StaticResourcesProcessor#staticInit"
[DEBUG] [io.quarkus.deployment.index] Index class: java.lang.Object
[DEBUG] [io.quarkus.builder] Finished step "io.quarkus.undertow.deployment.UndertowStaticResourcesBuildStep#scanStaticResources" in 7 ms
[DEBUG] [io.quarkus.deployment.index] Index annotation: java.lang.Deprecated
[DEBUG] [io.quarkus.builder] Dependency of "io.quarkus.undertow.deployment.UndertowStaticResourcesBuildStep#nativeImageResources" finished; 0 remaining
[DEBUG] [io.quarkus.deployment.index] Index annotation: jdk.internal.HotSpotIntrinsicCandidate
[DEBUG] [io.quarkus.builder] Finished step "io.quarkus.vertx.http.deployment.StaticResourcesProcessor#staticInit" in 7 ms
[DEBUG] [io.quarkus.deployment.index] Index class: java.util.Map
[DEBUG] [io.quarkus.builder] Starting step "io.quarkus.undertow.deployment.UndertowStaticResourcesBuildStep#nativeImageResources"
[DEBUG] [io.quarkus.builder] Dependency of "io.quarkus.undertow.deployment.UndertowBuildStep#build" finished; 8 remaining
[DEBUG] [io.quarkus.builder] Dependency of "io.quarkus.deployment.pkg.steps.JarResultBuildStep#buildRunnerJar" finished; 17 remaining
[DEBUG] [io.quarkus.builder] Finished step "io.quarkus.undertow.deployment.UndertowStaticResourcesBuildStep#nativeImageResources" in 5 ms
[DEBUG] [io.quarkus.builder] Dependency of "io.quarkus.deployment.steps.NativeImageAutoFeatureStep#generateNativeResourcesList" finished; 6 remaining
[DEBUG] [io.quarkus.deployment.index] Index annotation: java.lang.SafeVarargs
[DEBUG] [io.quarkus.builder] Dependency of "io.quarkus.deployment.steps.MainClassBuildStep#build" finished; 32 remaining
[DEBUG] [io.quarkus.deployment.index] Index class: javax.security.auth.Subject
[DEBUG] [io.quarkus.deployment.index] Index class: javax.security.auth.login.AppConfigurationEntry
[DEBUG] [io.quarkus.deployment.index] Index class: javax.security.auth.login.AppConfigurationEntry$LoginModuleControlFlag
[DEBUG] [io.quarkus.deployment.index] Index class: javax.security.auth.spi.LoginModule
[DEBUG] [io.quarkus.builder] Finished step "io.quarkus.deployment.steps.CombinedIndexBuildStep#build" in 27 ms
[DEBUG] [io.quarkus.builder] Dependency of "io.quarkus.arc.deployment.configproperties.ConfigPropertiesBuildStep#setup" finished; 1 remaining
[DEBUG] [io.quarkus.builder] Dependency of "io.quarkus.arc.deployment.BuildTimeEnabledProcessor#ifBuildProfile" finished; 0 remaining
[DEBUG] [io.quarkus.builder] Dependency of "io.quarkus.jackson.deployment.JacksonProcessor#unremovable" finished; 0 remaining
[DEBUG] [io.quarkus.builder] Starting step "io.quarkus.arc.deployment.BuildTimeEnabledProcessor#ifBuildProfile"
[DEBUG] [io.quarkus.builder] Starting step "io.quarkus.jackson.deployment.JacksonProcessor#unremovable"
[DEBUG] [io.quarkus.builder] Dependency of "io.quarkus.undertow.deployment.UndertowBuildStep#servletContainerInitializer" finished; 0 remaining
[DEBUG] [io.quarkus.builder] Finished step "io.quarkus.arc.deployment.BuildTimeEnabledProcessor#ifBuildProfile" in 1 ms
[DEBUG] [io.quarkus.builder] Dependency of "io.quarkus.arc.deployment.BuildTimeEnabledProcessor#conditionTransformer" finished; 3 remaining
[DEBUG] [io.quarkus.builder] Dependency of "io.quarkus.undertow.deployment.UndertowBuildStep#registerUndertowHandlersConf" finished; 0 remaining
[DEBUG] [io.quarkus.builder] Starting step "io.quarkus.undertow.deployment.UndertowBuildStep#servletContainerInitializer"
[DEBUG] [io.quarkus.builder] Starting step "io.quarkus.undertow.deployment.UndertowBuildStep#registerUndertowHandlersConf"
[DEBUG] [io.quarkus.builder] Dependency of "io.quarkus.undertow.deployment.UndertowBuildStep#build" finished; 7 remaining
[DEBUG] [io.quarkus.builder] Dependency of "io.quarkus.resteasy.common.deployment.ResteasyCommonProcessor#registerJsonContextResolvers" finished; 0 remaining
[DEBUG] [io.quarkus.builder] Dependency of "io.quarkus.arc.deployment.BuildTimeEnabledProcessor#buildExclusions" finished; 3 remaining
[DEBUG] [io.quarkus.builder] Starting step "io.quarkus.resteasy.common.deployment.ResteasyCommonProcessor#registerJsonContextResolvers"
[DEBUG] [io.quarkus.builder] Dependency of "io.quarkus.arc.deployment.ConfigBuildStep#generateConfigClasses" finished; 0 remaining
[DEBUG] [io.quarkus.builder] Finished step "io.quarkus.undertow.deployment.UndertowBuildStep#registerUndertowHandlersConf" in 1 ms
[DEBUG] [io.quarkus.bootstrap.classloading.QuarkusClassLoader] Class javax.servlet.ServletContainerInitializer not found in parent first load from ClassRealm[plugin>io.quarkus:quarkus-maven-plugin:2.4.0.Final, parent: jdk.internal.loader.ClassLoaders$AppClassLoader@277050dc]
[DEBUG] [io.quarkus.builder] Finished step "io.quarkus.jackson.deployment.JacksonProcessor#unremovable" in 5 ms
[DEBUG] [io.quarkus.builder] Dependency of "io.quarkus.arc.deployment.ArcProcessor#validate" finished; 10 remaining
[DEBUG] [io.quarkus.builder] Finished step "io.quarkus.undertow.deployment.UndertowBuildStep#servletContainerInitializer" in 10 ms
[DEBUG] [io.quarkus.builder] Dependency of "io.quarkus.deployment.dev.HotDeploymentConfigFileBuildStep#setupConfigFileHotDeployment" finished; 1 remaining
[DEBUG] [io.quarkus.builder] Dependency of "io.quarkus.deployment.steps.NativeImageAutoFeatureStep#generateNativeResourcesList" finished; 5 remaining
[DEBUG] [io.quarkus.builder] Starting step "io.quarkus.arc.deployment.ConfigBuildStep#generateConfigClasses"
[DEBUG] [io.quarkus.builder] Dependency of "io.quarkus.arc.deployment.BuildTimeEnabledProcessor#unlessBuildProperty" finished; 0 remaining
[DEBUG] [io.quarkus.builder] Finished step "io.quarkus.resteasy.common.deployment.ResteasyCommonProcessor#registerJsonContextResolvers" in 2 ms
[DEBUG] [io.quarkus.builder] Dependency of "io.quarkus.arc.deployment.ArcProcessor#validate" finished; 9 remaining
[DEBUG] [io.quarkus.builder] Dependency of "io.quarkus.resteasy.server.common.deployment.ResteasyServerCommonProcessor#build" finished; 9 remaining
[DEBUG] [io.quarkus.builder] Finished step "io.quarkus.undertow.deployment.WebXmlParsingBuildStep#createWebMetadata" in 46 ms
[DEBUG] [io.quarkus.builder] Dependency of "io.quarkus.undertow.deployment.UndertowBuildStep#build" finished; 4 remaining
[DEBUG] [io.quarkus.builder] Dependency of "io.quarkus.undertow.deployment.UndertowBuildStep#contextPath" finished; 1 remaining
[DEBUG] [io.quarkus.builder] Dependency of "io.quarkus.resteasy.deployment.ResteasyServletProcessor#webXmlMapping" finished; 0 remaining
[DEBUG] [io.quarkus.builder] Dependency of "io.quarkus.arc.deployment.ArcProcessor#initialize" finished; 19 remaining
[DEBUG] [io.quarkus.builder] Dependency of "io.quarkus.arc.deployment.BeanArchiveProcessor#build" finished; 14 remaining
[DEBUG] [io.quarkus.builder] Dependency of "io.quarkus.arc.deployment.ArcProcessor#initialize" finished; 20 remaining
[DEBUG] [io.quarkus.builder] Dependency of "io.quarkus.resteasy.common.deployment.ResteasyCommonProcessor#setupProviders" finished; 3 remaining
[DEBUG] [io.quarkus.builder] Dependency of "io.quarkus.arc.deployment.BeanArchiveProcessor#build" finished; 13 remaining
[DEBUG] [io.quarkus.builder] Finished step "io.quarkus.arc.deployment.ConfigBuildStep#generateConfigClasses" in 8 ms
[DEBUG] [io.quarkus.builder] Dependency of "org.kie.kogito.quarkus.common.deployment.KogitoAssetsProcessor#generateModel" finished; 0 remaining
[DEBUG] [io.quarkus.builder] Dependency of "io.quarkus.undertow.deployment.UndertowBuildStep#boot" finished; 2 remaining
[DEBUG] [io.quarkus.builder] Starting step "io.quarkus.arc.deployment.BuildTimeEnabledProcessor#unlessBuildProperty"
[DEBUG] [io.quarkus.builder] Dependency of "io.quarkus.undertow.deployment.UndertowBuildStep#build" finished; 5 remaining
[DEBUG] [io.quarkus.builder] Finished step "io.quarkus.arc.deployment.BuildTimeEnabledProcessor#unlessBuildProperty" in 11 ms
[DEBUG] [io.quarkus.builder] Dependency of "io.quarkus.undertow.deployment.UndertowBuildStep#build" finished; 6 remaining
[DEBUG] [io.quarkus.builder] Dependency of "io.quarkus.arc.deployment.BuildTimeEnabledProcessor#conditionTransformer" finished; 2 remaining
[DEBUG] [io.quarkus.builder] Dependency of "io.quarkus.arc.deployment.BuildTimeEnabledProcessor#buildExclusions" finished; 2 remaining
[DEBUG] [io.quarkus.builder] Dependency of "io.quarkus.jackson.deployment.JacksonProcessor#autoRegisterModules" finished; 0 remaining
[DEBUG] [io.quarkus.builder] Starting step "org.kie.kogito.quarkus.common.deployment.KogitoAssetsProcessor#generateModel"
[DEBUG] [io.quarkus.builder] Dependency of "io.quarkus.arc.deployment.ConfigBuildStep#registerConfigPropertiesBean" finished; 2 remaining
[DEBUG] [io.quarkus.builder] Starting step "io.quarkus.resteasy.deployment.ResteasyServletProcessor#webXmlMapping"
[DEBUG] [io.quarkus.builder] Dependency of "io.quarkus.deployment.steps.ReflectionDiagnosticProcessor#writeReflectionData" finished; 29 remaining
[DEBUG] [io.quarkus.builder] Starting step "io.quarkus.jackson.deployment.JacksonProcessor#autoRegisterModules"
[DEBUG] [io.quarkus.builder] Dependency of "io.quarkus.deployment.steps.ReflectiveHierarchyStep#build" finished; 4 remaining
[DEBUG] [io.quarkus.builder] Dependency of "io.quarkus.resteasy.server.common.deployment.ResteasyServerCommonProcessor#build" finished; 8 remaining
[DEBUG] [io.quarkus.builder] Dependency of "io.quarkus.arc.deployment.ArcProcessor#initialize" finished; 18 remaining
[DEBUG] [io.quarkus.builder] Dependency of "io.quarkus.restclient.deployment.RestClientProcessor#registerProviderBeans" finished; 0 remaining
[DEBUG] [io.quarkus.builder] Dependency of "io.quarkus.arc.deployment.ConfigBuildStep#registerConfigMappingsBean" finished; 2 remaining
[DEBUG] [io.quarkus.builder] Finished step "io.quarkus.resteasy.deployment.ResteasyServletProcessor#webXmlMapping" in 12 ms
[DEBUG] [io.quarkus.builder] Dependency of "io.quarkus.arc.deployment.ConfigBuildStep#validateConfigPropertiesInjectionPoints" finished; 1 remaining
[DEBUG] [io.quarkus.builder] Starting step "io.quarkus.restclient.deployment.RestClientProcessor#registerProviderBeans"
[DEBUG] [io.quarkus.builder] Dependency of "io.quarkus.resteasy.server.common.deployment.ResteasyServerCommonProcessor#build" finished; 7 remaining
[DEBUG] [io.quarkus.builder] Dependency of "io.quarkus.deployment.logging.LoggingWithPanacheProcessor#process" finished; 0 remaining
[DEBUG] [io.quarkus.builder] Finished step "io.quarkus.jackson.deployment.JacksonProcessor#autoRegisterModules" in 6 ms
[DEBUG] [io.quarkus.builder] Dependency of "io.quarkus.arc.deployment.BeanArchiveProcessor#build" finished; 12 remaining
[DEBUG] [io.quarkus.builder] Dependency of "io.quarkus.jackson.deployment.JacksonProcessor#generateCustomizer" finished; 1 remaining
[DEBUG] [io.quarkus.builder] Starting step "io.quarkus.deployment.logging.LoggingWithPanacheProcessor#process"
[DEBUG] [io.quarkus.builder] Dependency of "io.quarkus.vertx.core.deployment.VertxCoreProcessor#registerVerticleClasses" finished; 0 remaining
[DEBUG] [io.quarkus.builder] Finished step "io.quarkus.restclient.deployment.RestClientProcessor#registerProviderBeans" in 2 ms
[DEBUG] [io.quarkus.builder] Dependency of "io.quarkus.deployment.pkg.steps.JarResultBuildStep#buildRunnerJar" finished; 16 remaining
[DEBUG] [io.quarkus.builder] Dependency of "io.quarkus.arc.deployment.ConfigBuildStep#validateConfigMappingsInjectionPoints" finished; 1 remaining
[DEBUG] [io.quarkus.builder] Dependency of "io.quarkus.resteasy.server.common.deployment.ResteasyServerCommonProcessor#build" finished; 6 remaining
[DEBUG] [io.quarkus.builder] Dependency of "io.quarkus.arc.deployment.ArcProcessor#initialize" finished; 17 remaining
[DEBUG] [io.quarkus.builder] Dependency of "io.quarkus.arc.deployment.BeanArchiveProcessor#build" finished; 11 remaining
[DEBUG] [io.quarkus.builder] Starting step "io.quarkus.vertx.core.deployment.VertxCoreProcessor#registerVerticleClasses"
[DEBUG] [io.quarkus.builder] Dependency of "io.quarkus.infinispan.client.deployment.InfinispanClientProcessor#setup" finished; 0 remaining
[DEBUG] [io.quarkus.builder] Finished step "io.quarkus.deployment.logging.LoggingWithPanacheProcessor#process" in 2 ms
[DEBUG] [io.quarkus.builder] Starting step "io.quarkus.infinispan.client.deployment.InfinispanClientProcessor#setup"
[DEBUG] [io.quarkus.builder] Dependency of "io.quarkus.arc.deployment.BuildTimeEnabledProcessor#unlessBuildProfile" finished; 0 remaining
[DEBUG] [io.quarkus.builder] Finished step "io.quarkus.vertx.core.deployment.VertxCoreProcessor#registerVerticleClasses" in 6 ms
[DEBUG] [io.quarkus.builder] Starting step "io.quarkus.arc.deployment.BuildTimeEnabledProcessor#unlessBuildProfile"
[DEBUG] [io.quarkus.builder] Dependency of "io.quarkus.arc.deployment.ConfigBuildStep#registerConfigMappingsBean" finished; 1 remaining
[DEBUG] [io.quarkus.builder] Dependency of "io.quarkus.caffeine.deployment.CaffeineProcessor#cacheLoaders" finished; 0 remaining
[DEBUG] [io.quarkus.builder] Dependency of "io.quarkus.deployment.steps.ClassTransformingBuildStep#handleClassTransformation" finished; 4 remaining
[DEBUG] [io.quarkus.builder] Starting step "io.quarkus.caffeine.deployment.CaffeineProcessor#cacheLoaders"
[DEBUG] [io.quarkus.builder] Dependency of "io.quarkus.smallrye.openapi.deployment.SmallRyeOpenApiProcessor#smallryeOpenApiIndex" finished; 1 remaining
[DEBUG] [io.quarkus.builder] Finished step "io.quarkus.arc.deployment.BuildTimeEnabledProcessor#unlessBuildProfile" in 1 ms
[DEBUG] [io.quarkus.builder] Dependency of "io.quarkus.arc.deployment.BuildTimeEnabledProcessor#conditionTransformer" finished; 1 remaining
[DEBUG] [io.quarkus.infinispan.client.deployment.InfinispanClientProcessor] There was no hotrod-client.properties file found - using defaults
[DEBUG] [io.quarkus.builder] Dependency of "io.quarkus.deployment.steps.ReflectionDiagnosticProcessor#writeReflectionData" finished; 28 remaining
[DEBUG] [io.quarkus.builder] Dependency of "io.quarkus.arc.deployment.BuildTimeEnabledProcessor#buildExclusions" finished; 1 remaining
[DEBUG] [io.quarkus.builder] Dependency of "io.quarkus.undertow.deployment.UndertowBuildStep#setupCapability" finished; 0 remaining
[DEBUG] [io.quarkus.builder] Finished step "io.quarkus.caffeine.deployment.CaffeineProcessor#cacheLoaders" in 2 ms
[DEBUG] [io.quarkus.builder] Starting step "io.quarkus.undertow.deployment.UndertowBuildStep#setupCapability"
[DEBUG] [io.quarkus.builder] Dependency of "io.quarkus.smallrye.reactivemessaging.kafka.deployment.SmallRyeReactiveMessagingKafkaProcessor#reflectiveValueSerializerPayload" finished; 0 remaining
[DEBUG] [io.quarkus.builder] Dependency of "io.quarkus.resteasy.server.common.deployment.ResteasyServerCommonProcessor#build" finished; 5 remaining
[DEBUG] [io.quarkus.builder] Starting step "io.quarkus.smallrye.reactivemessaging.kafka.deployment.SmallRyeReactiveMessagingKafkaProcessor#reflectiveValueSerializerPayload"
[DEBUG] [io.quarkus.builder] Dependency of "io.quarkus.arc.deployment.configproperties.ConfigPropertiesBuildStep#produceConfigPropertiesMetadata" finished; 1 remaining
[DEBUG] [io.quarkus.builder] Finished step "io.quarkus.undertow.deployment.UndertowBuildStep#setupCapability" in 2 ms
[DEBUG] [io.quarkus.builder] Dependency of "io.quarkus.deployment.steps.ReflectionDiagnosticProcessor#writeReflectionData" finished; 27 remaining
[DEBUG] [io.quarkus.builder] Dependency of "io.quarkus.deployment.steps.MainClassBuildStep#build" finished; 31 remaining
[DEBUG] [io.quarkus.builder] Dependency of "io.quarkus.micrometer.deployment.MicrometerProcessor#registerAdditionalBeans" finished; 0 remaining
[DEBUG] [io.quarkus.builder] Dependency of "io.quarkus.resteasy.common.deployment.ResteasyCommonProcessor#setupProviders" finished; 2 remaining
[DEBUG] [io.quarkus.builder] Starting step "io.quarkus.micrometer.deployment.MicrometerProcessor#registerAdditionalBeans"
[DEBUG] [io.quarkus.builder] Dependency of "io.quarkus.undertow.deployment.UndertowBuildStep#registerContext" finished; 1 remaining
[DEBUG] [io.quarkus.builder] Dependency of "io.quarkus.deployment.steps.RegisterForReflectionBuildStep#build" finished; 0 remaining
[INFO] Performed addonsConfig discovery, found: AddonsConfig{usePersistence=true, useTracing=false, useMonitoring=true, usePrometheusMonitoring=true, useCloudEvents=true, useExplainability=false, useProcessSVG=false, useEventDrivenDecisions=false, useEventDrivenRules=false}
[DEBUG] [io.quarkus.builder] Finished step "io.quarkus.micrometer.deployment.MicrometerProcessor#registerAdditionalBeans" in 3 ms
[DEBUG] [io.quarkus.builder] Starting step "io.quarkus.deployment.steps.RegisterForReflectionBuildStep#build"
[DEBUG] [io.quarkus.builder] Dependency of "io.quarkus.arc.deployment.ArcProcessor#quarkusApplication" finished; 0 remaining
[DEBUG] [io.quarkus.builder] Finished step "io.quarkus.deployment.steps.RegisterForReflectionBuildStep#build" in 3 ms
[DEBUG] [io.quarkus.builder] Dependency of "io.quarkus.deployment.steps.ReflectionDiagnosticProcessor#writeReflectionData" finished; 26 remaining
[DEBUG] [io.quarkus.builder] Dependency of "io.quarkus.deployment.steps.ReflectionDiagnosticProcessor#writeReflectionData" finished; 25 remaining
[DEBUG] [io.quarkus.builder] Starting step "io.quarkus.arc.deployment.ArcProcessor#quarkusApplication"
[DEBUG] [io.quarkus.builder] Dependency of "io.quarkus.resteasy.server.common.deployment.ResteasyServerCommonProcessor#processPathInterfaceImplementors" finished; 1 remaining
[DEBUG] [io.quarkus.builder] Finished step "io.quarkus.arc.deployment.ArcProcessor#quarkusApplication" in 5 ms
[DEBUG] [org.infinispan.protostream.impl.SerializationContextImpl] Registering proto files : [org/infinispan/protostream/message-wrapping.proto]
[DEBUG] [io.quarkus.builder] Dependency of "io.quarkus.arc.deployment.ArcProcessor#validate" finished; 8 remaining
[DEBUG] [io.quarkus.builder] Dependency of "io.quarkus.arc.deployment.ArcProcessor#initialize" finished; 16 remaining
[DEBUG] [io.quarkus.builder] Dependency of "io.quarkus.restclient.deployment.RestClientProcessor#registerProviders" finished; 2 remaining
[DEBUG] [io.quarkus.builder] Dependency of "io.quarkus.arc.deployment.BeanArchiveProcessor#build" finished; 10 remaining
[DEBUG] [io.quarkus.builder] Dependency of "io.quarkus.micrometer.deployment.MicrometerProcessor#configureRegistry" finished; 1 remaining
[DEBUG] [io.quarkus.builder] Finished step "io.quarkus.smallrye.reactivemessaging.kafka.deployment.SmallRyeReactiveMessagingKafkaProcessor#reflectiveValueSerializerPayload" in 26 ms
[DEBUG] [io.quarkus.builder] Dependency of "io.quarkus.deployment.steps.ReflectionDiagnosticProcessor#writeReflectionData" finished; 24 remaining
[DEBUG] [io.quarkus.builder] Dependency of "io.quarkus.undertow.deployment.UndertowBuildStep#contextPath" finished; 0 remaining
[DEBUG] [io.quarkus.builder] Dependency of "io.quarkus.arc.deployment.ArcProcessor#initialize" finished; 15 remaining
[DEBUG] [io.quarkus.builder] Starting step "io.quarkus.undertow.deployment.UndertowBuildStep#contextPath"
[DEBUG] [io.quarkus.builder] Dependency of "io.quarkus.undertow.deployment.UndertowBuildStep#customScope" finished; 0 remaining
[DEBUG] [io.quarkus.builder] Finished step "io.quarkus.undertow.deployment.UndertowBuildStep#contextPath" in 2 ms
[DEBUG] [io.quarkus.builder] Dependency of "io.quarkus.undertow.deployment.UndertowBuildStep#build" finished; 3 remaining
[DEBUG] [io.quarkus.builder] Dependency of "io.quarkus.arc.deployment.BeanArchiveProcessor#build" finished; 9 remaining
[DEBUG] [io.quarkus.builder] Dependency of "io.quarkus.undertow.deployment.UndertowBuildStep#boot" finished; 1 remaining
[DEBUG] [io.quarkus.builder] Dependency of "io.quarkus.jackson.deployment.JacksonProcessor#generateCustomizer" finished; 0 remaining
[DEBUG] [io.quarkus.builder] Dependency of "io.quarkus.deployment.steps.MainClassBuildStep#mainClassBuildStep" finished; 0 remaining
[DEBUG] [io.quarkus.builder] Starting step "io.quarkus.undertow.deployment.UndertowBuildStep#customScope"
[DEBUG] [io.quarkus.builder] Starting step "io.quarkus.deployment.steps.MainClassBuildStep#mainClassBuildStep"
[DEBUG] [io.quarkus.builder] Dependency of "io.quarkus.arc.deployment.ArcProcessor#initialize" finished; 14 remaining
[DEBUG] [io.quarkus.builder] Starting step "io.quarkus.jackson.deployment.JacksonProcessor#generateCustomizer"
[DEBUG] [io.quarkus.builder] Dependency of "io.quarkus.resteasy.deployment.ResteasyServletProcessor#build" finished; 2 remaining
[DEBUG] [io.quarkus.builder] Finished step "io.quarkus.deployment.steps.MainClassBuildStep#mainClassBuildStep" in 3 ms
[DEBUG] [io.quarkus.builder] Dependency of "io.quarkus.smallrye.reactivemessaging.kafka.deployment.SmallRyeReactiveMessagingKafkaProcessor#defaultChannelConfiguration" finished; 0 remaining
[DEBUG] [io.quarkus.builder] Dependency of "io.quarkus.deployment.ConstructorPropertiesProcessor#build" finished; 0 remaining
[DEBUG] [io.quarkus.builder] Finished step "io.quarkus.undertow.deployment.UndertowBuildStep#customScope" in 6 ms
[DEBUG] [io.quarkus.builder] Starting step "io.quarkus.deployment.ConstructorPropertiesProcessor#build"
[DEBUG] [io.quarkus.builder] Dependency of "io.quarkus.undertow.deployment.UndertowBuildStep#integrateCdi" finished; 0 remaining
[DEBUG] [io.quarkus.builder] Starting step "io.quarkus.smallrye.reactivemessaging.kafka.deployment.SmallRyeReactiveMessagingKafkaProcessor#defaultChannelConfiguration"
[DEBUG] [io.quarkus.builder] Finished step "io.quarkus.jackson.deployment.JacksonProcessor#generateCustomizer" in 5 ms
[DEBUG] [io.quarkus.builder] Dependency of "io.quarkus.deployment.pkg.steps.JarResultBuildStep#buildRunnerJar" finished; 15 remaining
[DEBUG] [io.quarkus.builder] Dependency of "io.quarkus.arc.deployment.BeanArchiveProcessor#build" finished; 8 remaining
[DEBUG] [org.infinispan.protostream.descriptors.FileDescriptor] Resolving dependencies of org/infinispan/protostream/message-wrapping.proto
[DEBUG] [io.quarkus.builder] Starting step "io.quarkus.undertow.deployment.UndertowBuildStep#integrateCdi"
[DEBUG] [io.quarkus.builder] Dependency of "io.quarkus.arc.deployment.ConfigBuildStep#registerConfigPropertiesBean" finished; 1 remaining
[DEBUG] [io.quarkus.builder] Finished step "io.quarkus.deployment.ConstructorPropertiesProcessor#build" in 1 ms
[DEBUG] [io.quarkus.builder] Dependency of "io.quarkus.deployment.steps.ReflectionDiagnosticProcessor#writeReflectionData" finished; 23 remaining
[DEBUG] [io.quarkus.builder] Dependency of "io.quarkus.arc.deployment.ArcProcessor#exposeCustomScopeNames" finished; 0 remaining
[DEBUG] [io.quarkus.builder] Finished step "io.quarkus.smallrye.reactivemessaging.kafka.deployment.SmallRyeReactiveMessagingKafkaProcessor#defaultChannelConfiguration" in 12 ms
[DEBUG] [io.quarkus.builder] Dependency of "io.quarkus.deployment.steps.ConfigGenerationBuildStep#runtimeDefaultsConfig" finished; 2 remaining
[DEBUG] [io.quarkus.bootstrap.classloading.QuarkusClassLoader] Class javax.servlet.http.HttpSessionListener not found in parent first load from ClassRealm[plugin>io.quarkus:quarkus-maven-plugin:2.4.0.Final, parent: jdk.internal.loader.ClassLoaders$AppClassLoader@277050dc]
[DEBUG] [io.quarkus.builder] Dependency of "io.quarkus.vertx.deployment.VertxProcessor#registerVerticleClasses" finished; 0 remaining
[DEBUG] [io.quarkus.builder] Finished step "io.quarkus.undertow.deployment.UndertowBuildStep#integrateCdi" in 12 ms
[DEBUG] [org.infinispan.protostream.descriptors.ResolutionContext] File resolved successfully : org/infinispan/protostream/message-wrapping.proto
[DEBUG] [io.quarkus.builder] Starting step "io.quarkus.arc.deployment.ArcProcessor#exposeCustomScopeNames"
[DEBUG] [io.quarkus.builder] Dependency of "io.quarkus.undertow.deployment.UndertowBuildStep#build" finished; 2 remaining
[DEBUG] [io.quarkus.builder] Dependency of "io.quarkus.arc.deployment.ArcProcessor#initialize" finished; 13 remaining
[DEBUG] [io.quarkus.builder] Starting step "io.quarkus.vertx.deployment.VertxProcessor#registerVerticleClasses"
[DEBUG] [io.quarkus.builder] Dependency of "io.quarkus.kafka.client.deployment.KafkaProcessor#build" finished; 0 remaining
[DEBUG] [io.quarkus.builder] Finished step "io.quarkus.vertx.deployment.VertxProcessor#registerVerticleClasses" in 4 ms
[DEBUG] [io.quarkus.builder] Dependency of "io.quarkus.arc.deployment.BeanArchiveProcessor#build" finished; 7 remaining
[DEBUG] [io.quarkus.builder] Finished step "io.quarkus.arc.deployment.ArcProcessor#exposeCustomScopeNames" in 6 ms
[DEBUG] [io.quarkus.builder] Dependency of "io.quarkus.deployment.steps.ReflectionDiagnosticProcessor#writeReflectionData" finished; 22 remaining
[DEBUG] [io.quarkus.builder] Starting step "io.quarkus.kafka.client.deployment.KafkaProcessor#build"
[DEBUG] [io.quarkus.builder] Dependency of "io.quarkus.jackson.deployment.JacksonProcessor#register" finished; 0 remaining
[DEBUG] [io.quarkus.infinispan.client.deployment.InfinispanClientProcessor]   /META-INF/kogito-types.proto
[DEBUG] [io.quarkus.builder] Dependency of "io.quarkus.arc.deployment.WrongAnnotationUsageProcessor#detect" finished; 1 remaining
[DEBUG] [io.quarkus.builder] Dependency of "org.kie.kogito.quarkus.processes.deployment.ProcessesAssetsProcessor#postGenerationProcessing" finished; 1 remaining
[DEBUG] [io.quarkus.builder] Dependency of "io.quarkus.undertow.deployment.UndertowBuildStep#servletContextBean" finished; 0 remaining
[DEBUG] [io.quarkus.builder] Starting step "io.quarkus.jackson.deployment.JacksonProcessor#register"
[DEBUG] [io.quarkus.builder] Dependency of "io.quarkus.restclient.deployment.RestClientProcessor#processInterfaces" finished; 1 remaining
[DEBUG] [io.quarkus.builder] Starting step "io.quarkus.undertow.deployment.UndertowBuildStep#servletContextBean"
[DEBUG] [io.quarkus.builder] Finished step "io.quarkus.kafka.client.deployment.KafkaProcessor#build" in 12 ms
[DEBUG] [io.quarkus.builder] Dependency of "io.quarkus.resteasy.server.common.deployment.ResteasyServerCommonProcessor#processPathInterfaceImplementors" finished; 0 remaining
[DEBUG] [io.quarkus.builder] Finished step "io.quarkus.infinispan.client.deployment.InfinispanClientProcessor#setup" in 91 ms
[DEBUG] [io.quarkus.builder] Dependency of "io.quarkus.deployment.steps.ReflectionDiagnosticProcessor#writeReflectionData" finished; 21 remaining
[DEBUG] [io.quarkus.builder] Dependency of "io.quarkus.deployment.steps.NativeImageAutoFeatureStep#generateNativeResourcesList" finished; 4 remaining
[DEBUG] [io.quarkus.builder] Dependency of "io.quarkus.arc.deployment.BuildTimeEnabledProcessor#ifBuildProperty" finished; 0 remaining
[DEBUG] [io.quarkus.builder] Finished step "io.quarkus.jackson.deployment.JacksonProcessor#register" in 5 ms
[DEBUG] [io.quarkus.builder] Starting step "io.quarkus.arc.deployment.BuildTimeEnabledProcessor#ifBuildProperty"
[DEBUG] [io.quarkus.builder] Dependency of "io.quarkus.arc.deployment.ArcProcessor#validate" finished; 7 remaining
[DEBUG] [io.quarkus.builder] Dependency of "io.quarkus.deployment.dev.HotDeploymentConfigFileBuildStep#setupConfigFileHotDeployment" finished; 0 remaining
[DEBUG] [io.quarkus.builder] Dependency of "io.quarkus.deployment.steps.ReflectionDiagnosticProcessor#writeReflectionData" finished; 19 remaining
[DEBUG] [io.quarkus.builder] Dependency of "io.quarkus.deployment.steps.MainClassBuildStep#build" finished; 30 remaining
[DEBUG] [io.quarkus.builder] Starting step "io.quarkus.resteasy.server.common.deployment.ResteasyServerCommonProcessor#processPathInterfaceImplementors"
[DEBUG] [io.quarkus.builder] Dependency of "io.quarkus.smallrye.health.deployment.SmallRyeHealthProcessor#annotationTransformer" finished; 1 remaining
[DEBUG] [io.quarkus.builder] Dependency of "io.quarkus.arc.deployment.StartupBuildSteps#addScope" finished; 0 remaining
[DEBUG] [io.quarkus.builder] Finished step "io.quarkus.resteasy.server.common.deployment.ResteasyServerCommonProcessor#processPathInterfaceImplementors" in 9 ms
[DEBUG] [io.quarkus.builder] Dependency of "io.quarkus.arc.deployment.ArcProcessor#validate" finished; 6 remaining
[DEBUG] [io.quarkus.builder] Dependency of "io.quarkus.deployment.steps.NativeImageConfigBuildStep#build" finished; 0 remaining
[DEBUG] [io.quarkus.builder] Dependency of "io.quarkus.arc.deployment.ArcProcessor#initialize" finished; 11 remaining
[DEBUG] [io.quarkus.builder] Dependency of "io.quarkus.infinispan.client.deployment.InfinispanClientProcessor#build" finished; 0 remaining
[DEBUG] [io.quarkus.builder] Dependency of "io.quarkus.arc.deployment.BeanArchiveProcessor#build" finished; 6 remaining
[DEBUG] [io.quarkus.builder] Starting step "io.quarkus.deployment.dev.HotDeploymentConfigFileBuildStep#setupConfigFileHotDeployment"
[DEBUG] [io.quarkus.arc.deployment.BuildTimeEnabledProcessor] Enabling org.drools.core.config.DefaultRuleEventListenerConfig produceRuleListener() since the property has not been set and 'enableIfMissing' is set to 'true'.
[DEBUG] [io.quarkus.builder] Dependency of "io.quarkus.deployment.steps.NativeImageConfigBuildStep#build" finished; 1 remaining
[DEBUG] Ignored non-mandatory org.drools.compiler.compiler.DecisionTableProvider service load error
java[DEBUG] [io.quarkus.builder] Dependency of "io.quarkus.deployment.steps.ReflectionDiagnosticProcessor#writeReflectionData" finished; 20 remaining
[DEBUG] [io.quarkus.builder] Dependency of "io.quarkus.deployment.steps.ReflectiveHierarchyStep#build" finished; 3 remaining
.[DEBUG] [io.quarkus.builder] Dependency of "io.quarkus.arc.deployment.ArcProcessor#initialize" finished; 10 remaining
[DEBUG] [io.quarkus.builder] Dependency of "io.quarkus.arc.deployment.BeanArchiveProcessor#build" finished; 5 remaining
l[DEBUG] [io.quarkus.arc.deployment.BuildTimeEnabledProcessor] Enabling org.kie.kogito.internal.process.event.KogitoProcessEventListener produceProcessListener() since the property has not been set and 'enableIfMissing' is set to 'true'.
ang.[DEBUG] [io.quarkus.builder] Finished step "io.quarkus.deployment.dev.HotDeploymentConfigFileBuildStep#setupConfigFileHotDeployment" in 8 ms
R[DEBUG] [io.quarkus.builder] Dependency of "io.quarkus.arc.deployment.LifecycleEventsBuildStep#startupEvent" finished; 5 remaining
unt[DEBUG] [io.quarkus.builder] Finished step "io.quarkus.undertow.deployment.UndertowBuildStep#servletContextBean" in 17 ms
[DEBUG] [io.quarkus.builder] Dependency of "io.quarkus.arc.deployment.SyntheticBeansProcessor#initRegular" finished; 5 remaining
[DEBUG] [io.quarkus.builder] Dependency of "io.quarkus.arc.deployment.SyntheticBeansProcessor#initStatic" finished; 5 remaining
[DEBUG] [io.quarkus.builder] Dependency of "io.quarkus.arc.deployment.SyntheticBeansProcessor#initRuntime" finished; 5 remaining
[DEBUG] [io.quarkus.builder] Dependency of "io.quarkus.deployment.steps.MainClassBuildStep#build" finished; 29 remaining
imeE[DEBUG] [io.quarkus.builder] Starting step "io.quarkus.infinispan.client.deployment.InfinispanClientProcessor#build"
xce[DEBUG] [io.quarkus.builder] Starting step "io.quarkus.deployment.steps.NativeImageConfigBuildStep#build"
p[DEBUG] [io.quarkus.builder] Dependency of "io.quarkus.arc.deployment.ArcProcessor#initialize" finished; 12 remaining
ti[DEBUG] [io.quarkus.builder] Starting step "io.quarkus.arc.deployment.StartupBuildSteps#addScope"
o[DEBUG] [io.quarkus.builder] Dependency of "io.quarkus.arc.deployment.AutoProducerMethodsProcessor#annotationTransformer" finished; 1 remaining
n[DEBUG] [io.quarkus.builder] Finished step "io.quarkus.arc.deployment.StartupBuildSteps#addScope" in 17 ms
[DEBUG] [io.quarkus.builder] Dependency of "io.quarkus.arc.deployment.AutoAddScopeProcessor#annotationTransformer" finished; 3 remaining
: [DEBUG] [io.quarkus.deployment.steps.NativeImageConfigBuildStep] Native SSL support enabled due to extensions [rest-client, infinispan-client] requiring it
ja[DEBUG] [io.quarkus.builder] Dependency of "io.quarkus.arc.deployment.BeanArchiveProcessor#build" finished; 4 remaining
va.[DEBUG] [io.quarkus.builder] Finished step "io.quarkus.arc.deployment.BuildTimeEnabledProcessor#ifBuildProperty" in 17 ms
lang[DEBUG] [io.quarkus.builder] Finished step "io.quarkus.deployment.steps.NativeImageConfigBuildStep#build" in 17 ms
[DEBUG] [io.quarkus.builder] Dependency of "io.quarkus.deployment.steps.MainClassBuildStep#build" finished; 28 remaining
.[DEBUG] [io.quarkus.infinispan.client.deployment.InfinispanClientProcessor] Applying micro profile configuration: InfinispanClientBuildTimeConfig{nearCacheMaxEntries=0}
Cla[DEBUG] [io.quarkus.builder] Dependency of "io.quarkus.resteasy.server.common.deployment.ResteasyServerCommonProcessor#build" finished; 4 remaining
s[DEBUG] [io.quarkus.builder] Dependency of "io.quarkus.arc.deployment.BuildTimeEnabledProcessor#conditionTransformer" finished; 0 remaining
s[DEBUG] [io.quarkus.builder] Finished step "io.quarkus.infinispan.client.deployment.InfinispanClientProcessor#build" in 20 ms
N[DEBUG] [io.quarkus.builder] Dependency of "io.quarkus.deployment.steps.MainClassBuildStep#build" finished; 27 remaining
[DEBUG] [io.quarkus.builder] Dependency of "io.quarkus.arc.deployment.ArcProcessor#generateResources" finished; 4 remaining
ot[DEBUG] [io.quarkus.builder] Dependency of "io.quarkus.arc.deployment.ArcProcessor#initialize" finished; 9 remaining
F[DEBUG] [io.quarkus.builder] Starting step "io.quarkus.arc.deployment.BuildTimeEnabledProcessor#conditionTransformer"
o[DEBUG] [io.quarkus.builder] Dependency of "io.quarkus.arc.deployment.BuildTimeEnabledProcessor#buildExclusions" finished; 0 remaining
und[DEBUG] [io.quarkus.builder] Finished step "io.quarkus.arc.deployment.BuildTimeEnabledProcessor#conditionTransformer" in 4 ms
Exce[DEBUG] [io.quarkus.builder] Dependency of "io.quarkus.arc.deployment.ArcProcessor#initialize" finished; 8 remaining
pti[DEBUG] [io.quarkus.builder] Dependency of "io.quarkus.smallrye.reactivemessaging.deployment.SmallRyeReactiveMessagingProcessor#transformBeanScope" finished; 1 remaining
o[DEBUG] [io.quarkus.builder] Starting step "io.quarkus.arc.deployment.BuildTimeEnabledProcessor#buildExclusions"
n[DEBUG] [io.quarkus.builder] Dependency of "io.quarkus.resteasy.server.common.deployment.ResteasyServerCommonProcessor#build" finished; 3 remaining
: o[DEBUG] [io.quarkus.builder] Dependency of "io.quarkus.arc.deployment.BeanArchiveProcessor#build" finished; 3 remaining
r[DEBUG] [io.quarkus.builder] Dependency of "io.quarkus.arc.deployment.AutoAddScopeProcessor#annotationTransformer" finished; 2 remaining
g.droo[DEBUG] [io.quarkus.builder] Finished step "io.quarkus.arc.deployment.BuildTimeEnabledProcessor#buildExclusions" in 6 ms
ls.dec[DEBUG] [io.quarkus.builder] Dependency of "io.quarkus.arc.deployment.configproperties.ConfigPropertiesBuildStep#produceConfigPropertiesMetadata" finished; 0 remaining
is[DEBUG] [io.quarkus.builder] Starting step "io.quarkus.arc.deployment.configproperties.ConfigPropertiesBuildStep#produceConfigPropertiesMetadata"
iontable.DecisionTableProviderImpl
    at org.drools.statics.SimpleInstanceCreator.instance (SimpleInstanceCreator.java:33)
    at org.drools.statics.StaticServiceRe[DEBUG] [io.quarkus.builder] Finished step "io.quarkus.arc.deployment.configproperties.ConfigPropertiesBuildStep#produceConfigPropertiesMetadata" in 2 ms
gis[DEBUG] [io.quarkus.builder] Dependency of "io.quarkus.arc.deployment.configproperties.ConfigPropertiesBuildStep#setup" finished; 0 remaining
try.registerSer[DEBUG] [io.quarkus.builder] Starting step "io.quarkus.arc.deployment.configproperties.ConfigPropertiesBuildStep#setup"
vice ([DEBUG] [io.quarkus.builder] Finished step "io.quarkus.arc.deployment.configproperties.ConfigPropertiesBuildStep#setup" in 1 ms
S[DEBUG] [io.quarkus.builder] Dependency of "io.quarkus.deployment.steps.ReflectionDiagnosticProcessor#writeReflectionData" finished; 18 remaining
t[DEBUG] [io.quarkus.builder] Dependency of "io.quarkus.deployment.pkg.steps.JarResultBuildStep#buildRunnerJar" finished; 14 remaining
aticSe[DEBUG] [io.quarkus.builder] Dependency of "io.quarkus.arc.deployment.ConfigBuildStep#validateConfigValues" finished; 2 remaining
rvice[DEBUG] [io.quarkus.builder] Dependency of "io.quarkus.deployment.steps.ConfigGenerationBuildStep#runtimeDefaultsConfig" finished; 1 remaining
Reg[DEBUG] [io.quarkus.builder] Dependency of "io.quarkus.arc.deployment.BeanArchiveProcessor#build" finished; 2 remaining
istry.java:81)
    at org.drools.statics.StaticServiceRegistry.wireServices (StaticServiceRegistry.java:60)
    at org.drools.statics.StaticServiceRegistry.<init> (StaticServiceRegistry.java:45)
    at org.drools.statics.StaticServiceRegistry.<clinit> (StaticServiceRegistry.java:38)
    at org.drools.statics.StaticServiceRegistrySupplier.get (StaticServiceRegistrySupplier.java:26)
    at org.drools.statics.StaticServiceRegistrySupplier.get (StaticServiceRegistrySupplier.java:22)
    at org.kie.api.internal.utils.ServiceRegistry$Impl.getServiceRegistry (ServiceRegistry.java:90)
    at org.kie.api.internal.utils.ServiceRegistry$ServiceRegistryHolder.<clinit> (ServiceRegistry.java:49)
    at org.kie.api.internal.utils.ServiceRegistry.getInstance (ServiceRegistry.java:41)
    at org.kie.api.internal.utils.ServiceRegistry.getService (ServiceRegistry.java:37)
    at org.drools.compiler.compiler.DecisionTableFactory.<clinit> (DecisionTableFactory.java:28)
    at org.kie.kogito.codegen.rules.IncrementalRuleCodegen.<init> (IncrementalRuleCodegen.java:125)
    at org.kie.kogito.codegen.rules.IncrementalRuleCodegen.ofResources (IncrementalRuleCodegen.java:107)
    at org.kie.kogito.codegen.rules.IncrementalRuleCodegen.ofCollectedResources (IncrementalRuleCodegen.java:92)
    at org.kie.kogito.codegen.rules.IncrementalRuleCodegenFactory.create (IncrementalRuleCodegenFactory.java:29)
    at org.kie.kogito.codegen.core.utils.ApplicationGeneratorDiscovery.lambda$loadGenerators$0 (ApplicationGeneratorDiscovery.java:60)
    at java.util.stream.ReferencePipeline$3$1.accept (ReferencePipeline.java:195)
    at java.util.Iterator.forEachRemaining (Iterator.java:133)
    at java.util.Spliterators$IteratorSpliterator.forEachRemaining (Spliterators.java:1801)
    at java.util.stream.AbstractPipeline.copyInto (AbstractPipeline.java:484)
    at java.util.stream.AbstractPipeline.wrapAndCopyInto (AbstractPipeline.java:474)
    at java.util.stream.ReduceOps$ReduceOp.evaluateSequential (ReduceOps.java:913)
    at java.util.stream.AbstractPipeline.evaluate (AbstractPipeline.java:234)
    at java.util.stream.ReferencePipeline.collect (ReferencePipeline.java:578)
    at org.kie.kogito.codegen.core.utils.ApplicationGeneratorDiscovery.loadGenerators (ApplicationGeneratorDiscovery.java:62)
    at org.kie.kogito.codegen.core.utils.ApplicationGeneratorDiscovery.discover (ApplicationGeneratorDiscovery.java:48)
    at org.kie.kogito.quarkus.common.deployment.KogitoAssetsProcessor.generateFiles (KogitoAssetsProcessor.java:132)
    at org.kie.kogito.quarkus.common.deployment.KogitoAssetsProcessor.generateModel (KogitoAssetsProcessor.java:82)
    at jdk.internal.reflect.NativeMethodAccessorImpl.invoke0 (Native Method)
    at jdk.internal.reflect.NativeMethodAccessorImpl.invoke (NativeMethodAccessorImpl.java:62)
    at jdk.internal.reflect.DelegatingMethodAccessorImpl.invoke (DelegatingMethodAccessorImpl.java:43)
    at java.lang.reflect.Method.invoke (Method.java:566)
    at io.quarkus.deployment.ExtensionLoader$2.execute (ExtensionLoader.java:821)
    at io.quarkus.builder.BuildContext.run (BuildContext.java:277)
    at org.jboss.threads.ContextHandler$1.runWith (ContextHandler.java:18)
    at org.jboss.threads.EnhancedQueueExecutor$Task.run (EnhancedQueueExecutor.java:2449)
    at org.jboss.threads.EnhancedQueueExecutor$ThreadBody.run (EnhancedQueueExecutor.java:1478)
    at java.lang.Thread.run (Thread.java:829)
    at org.jboss.threads.JBossThread.run (JBossThread.java:501)
Caused by: java.lang.ClassNotFoundException: org.drools.decisiontable.DecisionTableProviderImpl
    at org.codehaus.plexus.classworlds.strategy.SelfFirstStrategy.loadClass (SelfFirstStrategy.java:50)
    at org.codehaus.plexus.classworlds.realm.ClassRealm.unsynchronizedLoadClass (ClassRealm.java:271)
    at org.codehaus.plexus.classworlds.realm.ClassRealm.loadClass (ClassRealm.java:247)
    at org.codehaus.plexus.classworlds.realm.ClassRealm.loadClass (ClassRealm.java:239)
    at io.quarkus.bootstrap.classloading.QuarkusClassLoader.loadClass (QuarkusClassLoader.java:455)
    at io.quarkus.bootstrap.classloading.QuarkusClassLoader.loadClass (QuarkusClassLoader.java:405)
    at java.lang.Class.forName0 (Native Method)
    at java.lang.Class.forName (Class.java:315)
    at org.drools.statics.SimpleInstanceCreator.instance (SimpleInstanceCreator.java:31)
    at org.drools.statics.StaticServiceRegistry.registerService (StaticServiceRegistry.java:81)
    at org.drools.statics.StaticServiceRegistry.wireServices (StaticServiceRegistry.java:60)
    at org.drools.statics.StaticServiceRegistry.<init> (StaticServiceRegistry.java:45)
    at org.drools.statics.StaticServiceRegistry.<clinit> (StaticServiceRegistry.java:38)
    at org.drools.statics.StaticServiceRegistrySupplier.get (StaticServiceRegistrySupplier.java:26)
    at org.drools.statics.StaticServiceRegistrySupplier.get (StaticServiceRegistrySupplier.java:22)
    at org.kie.api.internal.utils.ServiceRegistry$Impl.getServiceRegistry (ServiceRegistry.java:90)
    at org.kie.api.internal.utils.ServiceRegistry$ServiceRegistryHolder.<clinit> (ServiceRegistry.java:49)
    at org.kie.api.internal.utils.ServiceRegistry.getInstance (ServiceRegistry.java:41)
    at org.kie.api.internal.utils.ServiceRegistry.getService (ServiceRegistry.java:37)
    at org.drools.compiler.compiler.DecisionTableFactory.<clinit> (DecisionTableFactory.java:28)
    at org.kie.kogito.codegen.rules.IncrementalRuleCodegen.<init> (IncrementalRuleCodegen.java:125)
    at org.kie.kogito.codegen.rules.IncrementalRuleCodegen.ofResources (IncrementalRuleCodegen.java:107)
    at org.kie.kogito.codegen.rules.IncrementalRuleCodegen.ofCollectedResources (IncrementalRuleCodegen.java:92)
    at org.kie.kogito.codegen.rules.IncrementalRuleCodegenFactory.create (IncrementalRuleCodegenFactory.java:29)
    at org.kie.kogito.codegen.core.utils.ApplicationGeneratorDiscovery.lambda$loadGenerators$0 (ApplicationGeneratorDiscovery.java:60)
    at java.util.stream.ReferencePipeline$3$1.accept (ReferencePipeline.java:195)
    at java.util.Iterator.forEachRemaining (Iterator.java:133)
    at java.util.Spliterators$IteratorSpliterator.forEachRemaining (Spliterators.java:1801)
    at java.util.stream.AbstractPipeline.copyInto (AbstractPipeline.java:484)
    at java.util.stream.AbstractPipeline.wrapAndCopyInto (AbstractPipeline.java:474)
    at java.util.stream.ReduceOps$ReduceOp.evaluateSequential (ReduceOps.java:913)
    at java.util.stream.AbstractPipeline.evaluate (AbstractPipeline.java:234)
    at java.util.stream.ReferencePipeline.collect (ReferencePipeline.java:578)
    at org.kie.kogito.codegen.core.utils.ApplicationGeneratorDiscovery.loadGenerators (ApplicationGeneratorDiscovery.java:62)
    at org.kie.kogito.codegen.core.utils.ApplicationGeneratorDiscovery.discover (ApplicationGeneratorDiscovery.java:48)
    at org.kie.kogito.quarkus.common.deployment.KogitoAssetsProcessor.generateFiles (KogitoAssetsProcessor.java:132)
    at org.kie.kogito.quarkus.common.deployment.KogitoAssetsProcessor.generateModel (KogitoAssetsProcessor.java:82)
    at jdk.internal.reflect.NativeMethodAccessorImpl.invoke0 (Native Method)
    at jdk.internal.reflect.NativeMethodAccessorImpl.invoke (NativeMethodAccessorImpl.java:62)
    at jdk.internal.reflect.DelegatingMethodAccessorImpl.invoke (DelegatingMethodAccessorImpl.java:43)
    at java.lang.reflect.Method.invoke (Method.java:566)
    at io.quarkus.deployment.ExtensionLoader$2.execute (ExtensionLoader.java:821)
    at io.quarkus.builder.BuildContext.run (BuildContext.java:277)
    at org.jboss.threads.ContextHandler$1.runWith (ContextHandler.java:18)
    at org.jboss.threads.EnhancedQueueExecutor$Task.run (EnhancedQueueExecutor.java:2449)
    at org.jboss.threads.EnhancedQueueExecutor$ThreadBody.run (EnhancedQueueExecutor.java:1478)
    at java.lang.Thread.run (Thread.java:829)
    at org.jboss.threads.JBossThread.run (JBossThread.java:501)
[DEBUG] Ignored non-mandatory org.drools.core.marshalling.impl.ProcessMarshallerFactoryService service load error
java.lang.RuntimeException: java.lang.ClassNotFoundException: org.jbpm.marshalling.impl.ProcessMarshallerFactoryServiceImpl
    at org.drools.statics.SimpleInstanceCreator.instance (SimpleInstanceCreator.java:33)
    at org.drools.statics.StaticServiceRegistry.registerService (StaticServiceRegistry.java:81)
    at org.drools.statics.StaticServiceRegistry.wireServices (StaticServiceRegistry.java:63)
    at org.drools.statics.StaticServiceRegistry.<init> (StaticServiceRegistry.java:45)
    at org.drools.statics.StaticServiceRegistry.<clinit> (StaticServiceRegistry.java:38)
    at org.drools.statics.StaticServiceRegistrySupplier.get (StaticServiceRegistrySupplier.java:26)
    at org.drools.statics.StaticServiceRegistrySupplier.get (StaticServiceRegistrySupplier.java:22)
    at org.kie.api.internal.utils.ServiceRegistry$Impl.getServiceRegistry (ServiceRegistry.java:90)
    at org.kie.api.internal.utils.ServiceRegistry$ServiceRegistryHolder.<clinit> (ServiceRegistry.java:49)
    at org.kie.api.internal.utils.ServiceRegistry.getInstance (ServiceRegistry.java:41)
    at org.kie.api.internal.utils.ServiceRegistry.getService (ServiceRegistry.java:37)
    at org.drools.compiler.compiler.DecisionTableFactory.<clinit> (DecisionTableFactory.java:28)
    at org.kie.kogito.codegen.rules.IncrementalRuleCodegen.<init> (IncrementalRuleCodegen.java:125)
    at org.kie.kogito.codegen.rules.IncrementalRuleCodegen.ofResources (IncrementalRuleCodegen.java:107)
    at org.kie.kogito.codegen.rules.IncrementalRuleCodegen.ofCollectedResources (IncrementalRuleCodegen.java:92)
    at org.kie.kogito.codegen.rules.IncrementalRuleCodegenFactory.create (IncrementalRuleCodegenFactory.java:29)
    at org.kie.kogito.codegen.core.utils.ApplicationGeneratorDiscovery.lambda$loadGenerators$0 (ApplicationGeneratorDiscovery.java:60)
    at java.util.stream.ReferencePipeline$3$1.accept (ReferencePipeline.java:195)
    at java.util.Iterator.forEachRemaining (Iterator.java:133)
    at java.util.Spliterators$IteratorSpliterator.forEachRemaining (Spliterators.java:1801)
    at java.util.stream.AbstractPipeline.copyInto (AbstractPipeline.java:484)
    at java.util.stream.AbstractPipeline.wrapAndCopyInto (AbstractPipeline.java:474)
    at java.util.stream.ReduceOps$ReduceOp.evaluateSequential (ReduceOps.java:913)
    at java.util.stream.AbstractPipeline.evaluate (AbstractPipeline.java:234)
    at java.util.stream.ReferencePipeline.collect (ReferencePipeline.java:578)
    at org.kie.kogito.codegen.core.utils.ApplicationGeneratorDiscovery.loadGenerators (ApplicationGeneratorDiscovery.java:62)
    at org.kie.kogito.codegen.core.utils.ApplicationGeneratorDiscovery.discover (ApplicationGeneratorDiscovery.java:48)
    at org.kie.kogito.quarkus.common.deployment.KogitoAssetsProcessor.generateFiles (KogitoAssetsProcessor.java:132)
    at org.kie.kogito.quarkus.common.deployment.KogitoAssetsProcessor.generateModel (KogitoAssetsProcessor.java:82)
    at jdk.internal.reflect.NativeMethodAccessorImpl.invoke0 (Native Method)
    at jdk.internal.reflect.NativeMethodAccessorImpl.invoke (NativeMethodAccessorImpl.java:62)
    at jdk.internal.reflect.DelegatingMethodAccessorImpl.invoke (DelegatingMethodAccessorImpl.java:43)
    at java.lang.reflect.Method.invoke (Method.java:566)
    at io.quarkus.deployment.ExtensionLoader$2.execute (ExtensionLoader.java:821)
    at io.quarkus.builder.BuildContext.run (BuildContext.java:277)
    at org.jboss.threads.ContextHandler$1.runWith (ContextHandler.java:18)
    at org.jboss.threads.EnhancedQueueExecutor$Task.run (EnhancedQueueExecutor.java:2449)
    at org.jboss.threads.EnhancedQueueExecutor$ThreadBody.run (EnhancedQueueExecutor.java:1478)
    at java.lang.Thread.run (Thread.java:829)
    at org.jboss.threads.JBossThread.run (JBossThread.java:501)
Caused by: java.lang.ClassNotFoundException: org.jbpm.marshalling.impl.ProcessMarshallerFactoryServiceImpl
    at org.codehaus.plexus.classworlds.strategy.SelfFirstStrategy.loadClass (SelfFirstStrategy.java:50)
    at org.codehaus.plexus.classworlds.realm.ClassRealm.unsynchronizedLoadClass (ClassRealm.java:271)
    at org.codehaus.plexus.classworlds.realm.ClassRealm.loadClass (ClassRealm.java:247)
    at org.codehaus.plexus.classworlds.realm.ClassRealm.loadClass (ClassRealm.java:239)
    at io.quarkus.bootstrap.classloading.QuarkusClassLoader.loadClass (QuarkusClassLoader.java:455)
    at io.quarkus.bootstrap.classloading.QuarkusClassLoader.loadClass (QuarkusClassLoader.java:405)
    at java.lang.Class.forName0 (Native Method)
    at java.lang.Class.forName (Class.java:315)
    at org.drools.statics.SimpleInstanceCreator.instance (SimpleInstanceCreator.java:31)
    at org.drools.statics.StaticServiceRegistry.registerService (StaticServiceRegistry.java:81)
    at org.drools.statics.StaticServiceRegistry.wireServices (StaticServiceRegistry.java:63)
    at org.drools.statics.StaticServiceRegistry.<init> (StaticServiceRegistry.java:45)
    at org.drools.statics.StaticServiceRegistry.<clinit> (StaticServiceRegistry.java:38)
    at org.drools.statics.StaticServiceRegistrySupplier.get (StaticServiceRegistrySupplier.java:26)
    at org.drools.statics.StaticServiceRegistrySupplier.get (StaticServiceRegistrySupplier.java:22)
    at org.kie.api.internal.utils.ServiceRegistry$Impl.getServiceRegistry (ServiceRegistry.java:90)
    at org.kie.api.internal.utils.ServiceRegistry$ServiceRegistryHolder.<clinit> (ServiceRegistry.java:49)
    at org.kie.api.internal.utils.ServiceRegistry.getInstance (ServiceRegistry.java:41)
    at org.kie.api.internal.utils.ServiceRegistry.getService (ServiceRegistry.java:37)
    at org.drools.compiler.compiler.DecisionTableFactory.<clinit> (DecisionTableFactory.java:28)
    at org.kie.kogito.codegen.rules.IncrementalRuleCodegen.<init> (IncrementalRuleCodegen.java:125)
    at org.kie.kogito.codegen.rules.IncrementalRuleCodegen.ofResources (IncrementalRuleCodegen.java:107)
    at org.kie.kogito.codegen.rules.IncrementalRuleCodegen.ofCollectedResources (IncrementalRuleCodegen.java:92)
    at org.kie.kogito.codegen.rules.IncrementalRuleCodegenFactory.create (IncrementalRuleCodegenFactory.java:29)
    at org.kie.kogito.codegen.core.utils.ApplicationGeneratorDiscovery.lambda$loadGenerators$0 (ApplicationGeneratorDiscovery.java:60)
    at java.util.stream.ReferencePipeline$3$1.accept (ReferencePipeline.java:195)
    at java.util.Iterator.forEachRemaining (Iterator.java:133)
    at java.util.Spliterators$IteratorSpliterator.forEachRemaining (Spliterators.java:1801)
    at java.util.stream.AbstractPipeline.copyInto (AbstractPipeline.java:484)
    at java.util.stream.AbstractPipeline.wrapAndCopyInto (AbstractPipeline.java:474)
    at java.util.stream.ReduceOps$ReduceOp.evaluateSequential (ReduceOps.java:913)
    at java.util.stream.AbstractPipeline.evaluate (AbstractPipeline.java:234)
    at java.util.stream.ReferencePipeline.collect (ReferencePipeline.java:578)
    at org.kie.kogito.codegen.core.utils.ApplicationGeneratorDiscovery.loadGenerators (ApplicationGeneratorDiscovery.java:62)
    at org.kie.kogito.codegen.core.utils.ApplicationGeneratorDiscovery.discover (ApplicationGeneratorDiscovery.java:48)
    at org.kie.kogito.quarkus.common.deployment.KogitoAssetsProcessor.generateFiles (KogitoAssetsProcessor.java:132)
    at org.kie.kogito.quarkus.common.deployment.KogitoAssetsProcessor.generateModel (KogitoAssetsProcessor.java:82)
    at jdk.internal.reflect.NativeMethodAccessorImpl.invoke0 (Native Method)
    at jdk.internal.reflect.NativeMethodAccessorImpl.invoke (NativeMethodAccessorImpl.java:62)
    at jdk.internal.reflect.DelegatingMethodAccessorImpl.invoke (DelegatingMethodAccessorImpl.java:43)
    at java.lang.reflect.Method.invoke (Method.java:566)
    at io.quarkus.deployment.ExtensionLoader$2.execute (ExtensionLoader.java:821)
    at io.quarkus.builder.BuildContext.run (BuildContext.java:277)
    at org.jboss.threads.ContextHandler$1.runWith (ContextHandler.java:18)
    at org.jboss.threads.EnhancedQueueExecutor$Task.run (EnhancedQueueExecutor.java:2449)
    at org.jboss.threads.EnhancedQueueExecutor$ThreadBody.run (EnhancedQueueExecutor.java:1478)
    at java.lang.Thread.run (Thread.java:829)
    at org.jboss.threads.JBossThread.run (JBossThread.java:501)
[DEBUG] Ignored non-mandatory org.kie.api.marshalling.KieMarshallers service load error
java.lang.RuntimeException: java.lang.ClassNotFoundException: org.drools.serialization.protobuf.MarshallerProviderImpl
    at org.drools.statics.SimpleInstanceCreator.instance (SimpleInstanceCreator.java:33)
    at org.drools.statics.StaticServiceRegistry.registerService (StaticServiceRegistry.java:81)
    at org.drools.statics.StaticServiceRegistry.wireServices (StaticServiceRegistry.java:75)
    at org.drools.statics.StaticServiceRegistry.<init> (StaticServiceRegistry.java:45)
    at org.drools.statics.StaticServiceRegistry.<clinit> (StaticServiceRegistry.java:38)
    at org.drools.statics.StaticServiceRegistrySupplier.get (StaticServiceRegistrySupplier.java:26)
    at org.drools.statics.StaticServiceRegistrySupplier.get (StaticServiceRegistrySupplier.java:22)
    at org.kie.api.internal.utils.ServiceRegistry$Impl.getServiceRegistry (ServiceRegistry.java:90)
    at org.kie.api.internal.utils.ServiceRegistry$ServiceRegistryHolder.<clinit> (ServiceRegistry.java:49)
    at org.kie.api.internal.utils.ServiceRegistry.getInstance (ServiceRegistry.java:41)
    at org.kie.api.internal.utils.ServiceRegistry.getService (ServiceRegistry.java:37)
    at org.drools.compiler.compiler.DecisionTableFactory.<clinit> (DecisionTableFactory.java:28)
    at org.kie.kogito.codegen.rules.IncrementalRuleCodegen.<init> (IncrementalRuleCodegen.java:125)
    at org.kie.kogito.codegen.rules.IncrementalRuleCodegen.ofResources (IncrementalRuleCodegen.java:107)
    at org.kie.kogito.codegen.rules.IncrementalRuleCodegen.ofCollectedResources (IncrementalRuleCodegen.java:92)
    at org.kie.kogito.codegen.rules.IncrementalRuleCodegenFactory.create (IncrementalRuleCodegenFactory.java:29)
    at org.kie.kogito.codegen.core.utils.ApplicationGeneratorDiscovery.lambda$loadGenerators$0 (ApplicationGeneratorDiscovery.java:60)
    at java.util.stream.ReferencePipeline$3$1.accept (ReferencePipeline.java:195)
    at java.util.Iterator.forEachRemaining (Iterator.java:133)
    at java.util.Spliterators$IteratorSpliterator.forEachRemaining (Spliterators.java:1801)
    at java.util.stream.AbstractPipeline.copyInto (AbstractPipeline.java:484)
    at java.util.stream.AbstractPipeline.wrapAndCopyInto (AbstractPipeline.java:474)
    at java.util.stream.ReduceOps$ReduceOp.evaluateSequential (ReduceOps.java:913)
    at java.util.stream.AbstractPipeline.evaluate (AbstractPipeline.java:234)
    at java.util.stream.ReferencePipeline.collect (ReferencePipeline.java:578)
    at org.kie.kogito.codegen.core.utils.ApplicationGeneratorDiscovery.loadGenerators (ApplicationGeneratorDiscovery.java:62)
    at org.kie.kogito.codegen.core.utils.ApplicationGeneratorDiscovery.discover (ApplicationGeneratorDiscovery.java:48)
    at org.kie.kogito.quarkus.common.deployment.KogitoAssetsProcessor.generateFiles (KogitoAssetsProcessor.java:132)
    at org.kie.kogito.quarkus.common.deployment.KogitoAssetsProcessor.generateModel (KogitoAssetsProcessor.java:82)
    at jdk.internal.reflect.NativeMethodAccessorImpl.invoke0 (Native Method)
    at jdk.internal.reflect.NativeMethodAccessorImpl.invoke (NativeMethodAccessorImpl.java:62)
    at jdk.internal.reflect.DelegatingMethodAccessorImpl.invoke (DelegatingMethodAccessorImpl.java:43)
    at java.lang.reflect.Method.invoke (Method.java:566)
    at io.quarkus.deployment.ExtensionLoader$2.execute (ExtensionLoader.java:821)
    at io.quarkus.builder.BuildContext.run (BuildContext.java:277)
    at org.jboss.threads.ContextHandler$1.runWith (ContextHandler.java:18)
    at org.jboss.threads.EnhancedQueueExecutor$Task.run (EnhancedQueueExecutor.java:2449)
    at org.jboss.threads.EnhancedQueueExecutor$ThreadBody.run (EnhancedQueueExecutor.java:1478)
    at java.lang.Thread.run (Thread.java:829)
    at org.jboss.threads.JBossThread.run (JBossThread.java:501)
Caused by: java.lang.ClassNotFoundException: org.drools.serialization.protobuf.MarshallerProviderImpl
    at org.codehaus.plexus.classworlds.strategy.SelfFirstStrategy.loadClass (SelfFirstStrategy.java:50)
    at org.codehaus.plexus.classworlds.realm.ClassRealm.unsynchronizedLoadClass (ClassRealm.java:271)
    at org.codehaus.plexus.classworlds.realm.ClassRealm.loadClass (ClassRealm.java:247)
    at org.codehaus.plexus.classworlds.realm.ClassRealm.loadClass (ClassRealm.java:239)
    at io.quarkus.bootstrap.classloading.QuarkusClassLoader.loadClass (QuarkusClassLoader.java:455)
    at io.quarkus.bootstrap.classloading.QuarkusClassLoader.loadClass (QuarkusClassLoader.java:405)
    at java.lang.Class.forName0 (Native Method)
    at java.lang.Class.forName (Class.java:315)
    at org.drools.statics.SimpleInstanceCreator.instance (SimpleInstanceCreator.java:31)
    at org.drools.statics.StaticServiceRegistry.registerService (StaticServiceRegistry.java:81)
    at org.drools.statics.StaticServiceRegistry.wireServices (StaticServiceRegistry.java:75)
    at org.drools.statics.StaticServiceRegistry.<init> (StaticServiceRegistry.java:45)
    at org.drools.statics.StaticServiceRegistry.<clinit> (StaticServiceRegistry.java:38)
    at org.drools.statics.StaticServiceRegistrySupplier.get (StaticServiceRegistrySupplier.java:26)
    at org.drools.statics.StaticServiceRegistrySupplier.get (StaticServiceRegistrySupplier.java:22)
    at org.kie.api.internal.utils.ServiceRegistry$Impl.getServiceRegistry (ServiceRegistry.java:90)
    at org.kie.api.internal.utils.ServiceRegistry$ServiceRegistryHolder.<clinit> (ServiceRegistry.java:49)
    at org.kie.api.internal.utils.ServiceRegistry.getInstance (ServiceRegistry.java:41)
    at org.kie.api.internal.utils.ServiceRegistry.getService (ServiceRegistry.java:37)
    at org.drools.compiler.compiler.DecisionTableFactory.<clinit> (DecisionTableFactory.java:28)
    at org.kie.kogito.codegen.rules.IncrementalRuleCodegen.<init> (IncrementalRuleCodegen.java:125)
    at org.kie.kogito.codegen.rules.IncrementalRuleCodegen.ofResources (IncrementalRuleCodegen.java:107)
    at org.kie.kogito.codegen.rules.IncrementalRuleCodegen.ofCollectedResources (IncrementalRuleCodegen.java:92)
    at org.kie.kogito.codegen.rules.IncrementalRuleCodegenFactory.create (IncrementalRuleCodegenFactory.java:29)
    at org.kie.kogito.codegen.core.utils.ApplicationGeneratorDiscovery.lambda$loadGenerators$0 (ApplicationGeneratorDiscovery.java:60)
    at java.util.stream.ReferencePipeline$3$1.accept (ReferencePipeline.java:195)
    at java.util.Iterator.forEachRemaining (Iterator.java:133)
    at java.util.Spliterators$IteratorSpliterator.forEachRemaining (Spliterators.java:1801)
    at java.util.stream.AbstractPipeline.copyInto (AbstractPipeline.java:484)
    at java.util.stream.AbstractPipeline.wrapAndCopyInto (AbstractPipeline.java:474)
    at java.util.stream.ReduceOps$ReduceOp.evaluateSequential (ReduceOps.java:913)
    at java.util.stream.AbstractPipeline.evaluate (AbstractPipeline.java:234)
    at java.util.stream.ReferencePipeline.collect (ReferencePipeline.java:578)
    at org.kie.kogito.codegen.core.utils.ApplicationGeneratorDiscovery.loadGenerators (ApplicationGeneratorDiscovery.java:62)
    at org.kie.kogito.codegen.core.utils.ApplicationGeneratorDiscovery.discover (ApplicationGeneratorDiscovery.java:48)
    at org.kie.kogito.quarkus.common.deployment.KogitoAssetsProcessor.generateFiles (KogitoAssetsProcessor.java:132)
    at org.kie.kogito.quarkus.common.deployment.KogitoAssetsProcessor.generateModel (KogitoAssetsProcessor.java:82)
    at jdk.internal.reflect.NativeMethodAccessorImpl.invoke0 (Native Method)
    at jdk.internal.reflect.NativeMethodAccessorImpl.invoke (NativeMethodAccessorImpl.java:62)
    at jdk.internal.reflect.DelegatingMethodAccessorImpl.invoke (DelegatingMethodAccessorImpl.java:43)
    at java.lang.reflect.Method.invoke (Method.java:566)
    at io.quarkus.deployment.ExtensionLoader$2.execute (ExtensionLoader.java:821)
    at io.quarkus.builder.BuildContext.run (BuildContext.java:277)
    at org.jboss.threads.ContextHandler$1.runWith (ContextHandler.java:18)
    at org.jboss.threads.EnhancedQueueExecutor$Task.run (EnhancedQueueExecutor.java:2449)
    at org.jboss.threads.EnhancedQueueExecutor$ThreadBody.run (EnhancedQueueExecutor.java:1478)
    at java.lang.Thread.run (Thread.java:829)
    at org.jboss.threads.JBossThread.run (JBossThread.java:501)
[DEBUG] Ignored non-mandatory org.drools.compiler.kie.builder.impl.CompilationCacheProvider service load error
java.lang.RuntimeException: java.lang.ClassNotFoundException: org.drools.serialization.protobuf.CompilationCacheProviderImpl
    at org.drools.statics.SimpleInstanceCreator.instance (SimpleInstanceCreator.java:33)
    at org.drools.statics.StaticServiceRegistry.registerService (StaticServiceRegistry.java:81)
    at org.drools.statics.StaticServiceRegistry.wireServices (StaticServiceRegistry.java:76)
    at org.drools.statics.StaticServiceRegistry.<init> (StaticServiceRegistry.java:45)
    at org.drools.statics.StaticServiceRegistry.<clinit> (StaticServiceRegistry.java:38)
    at org.drools.statics.StaticServiceRegistrySupplier.get (StaticServiceRegistrySupplier.java:26)
    at org.drools.statics.StaticServiceRegistrySupplier.get (StaticServiceRegistrySupplier.java:22)
    at org.kie.api.internal.utils.ServiceRegistry$Impl.getServiceRegistry (ServiceRegistry.java:90)
    at org.kie.api.internal.utils.ServiceRegistry$ServiceRegistryHolder.<clinit> (ServiceRegistry.java:49)
    at org.kie.api.internal.utils.ServiceRegistry.getInstance (ServiceRegistry.java:41)
    at org.kie.api.internal.utils.ServiceRegistry.getService (ServiceRegistry.java:37)
    at org.drools.compiler.compiler.DecisionTableFactory.<clinit> (DecisionTableFactory.java:28)
    at org.kie.kogito.codegen.rules.IncrementalRuleCodegen.<init> (IncrementalRuleCodegen.java:125)
    at org.kie.kogito.codegen.rules.IncrementalRuleCodegen.ofResources (IncrementalRuleCodegen.java:107)
    at org.kie.kogito.codegen.rules.IncrementalRuleCodegen.ofCollectedResources (IncrementalRuleCodegen.java:92)
    at org.kie.kogito.codegen.rules.IncrementalRuleCodegenFactory.create (IncrementalRuleCodegenFactory.java:29)
    at org.kie.kogito.codegen.core.utils.ApplicationGeneratorDiscovery.lambda$loadGenerators$0 (ApplicationGeneratorDiscovery.java:60)
    at java.util.stream.ReferencePipeline$3$1.accept (ReferencePipeline.java:195)
    at java.util.Iterator.forEachRemaining (Iterator.java:133)
    at java.util.Spliterators$IteratorSpliterator.forEachRemaining (Spliterators.java:1801)
    at java.util.stream.AbstractPipeline.copyInto (AbstractPipeline.java:484)
    at java.util.stream.AbstractPipeline.wrapAndCopyInto (AbstractPipeline.java:474)
    at java.util.stream.ReduceOps$ReduceOp.evaluateSequential (ReduceOps.java:913)
    at java.util.stream.AbstractPipeline.evaluate (AbstractPipeline.java:234)
    at java.util.stream.ReferencePipeline.collect (ReferencePipeline.java:578)
    at org.kie.kogito.codegen.core.utils.ApplicationGeneratorDiscovery.loadGenerators (ApplicationGeneratorDiscovery.java:62)
    at org.kie.kogito.codegen.core.utils.ApplicationGeneratorDiscovery.discover (ApplicationGeneratorDiscovery.java:48)
    at org.kie.kogito.quarkus.common.deployment.KogitoAssetsProcessor.generateFiles (KogitoAssetsProcessor.java:132)
    at org.kie.kogito.quarkus.common.deployment.KogitoAssetsProcessor.generateModel (KogitoAssetsProcessor.java:82)
    at jdk.internal.reflect.NativeMethodAccessorImpl.invoke0 (Native Method)
    at jdk.internal.reflect.NativeMethodAccessorImpl.invoke (NativeMethodAccessorImpl.java:62)
    at jdk.internal.reflect.DelegatingMethodAccessorImpl.invoke (DelegatingMethodAccessorImpl.java:43)
    at java.lang.reflect.Method.invoke (Method.java:566)
    at io.quarkus.deployment.ExtensionLoader$2.execute (ExtensionLoader.java:821)
    at io.quarkus.builder.BuildContext.run (BuildContext.java:277)
    at org.jboss.threads.ContextHandler$1.runWith (ContextHandler.java:18)
    at org.jboss.threads.EnhancedQueueExecutor$Task.run (EnhancedQueueExecutor.java:2449)
    at org.jboss.threads.EnhancedQueueExecutor$ThreadBody.run (EnhancedQueueExecutor.java:1478)
    at java.lang.Thread.run (Thread.java:829)
    at org.jboss.threads.JBossThread.run (JBossThread.java:501)
Caused by: java.lang.ClassNotFoundException: org.drools.serialization.protobuf.CompilationCacheProviderImpl
    at org.codehaus.plexus.classworlds.strategy.SelfFirstStrategy.loadClass (SelfFirstStrategy.java:50)
    at org.codehaus.plexus.classworlds.realm.ClassRealm.unsynchronizedLoadClass (ClassRealm.java:271)
    at org.codehaus.plexus.classworlds.realm.ClassRealm.loadClass (ClassRealm.java:247)
    at org.codehaus.plexus.classworlds.realm.ClassRealm.loadClass (ClassRealm.java:239)
    at io.quarkus.bootstrap.classloading.QuarkusClassLoader.loadClass (QuarkusClassLoader.java:455)
    at io.quarkus.bootstrap.classloading.QuarkusClassLoader.loadClass (QuarkusClassLoader.java:405)
    at java.lang.Class.forName0 (Native Method)
    at java.lang.Class.forName (Class.java:315)
    at org.drools.statics.SimpleInstanceCreator.instance (SimpleInstanceCreator.java:31)
    at org.drools.statics.StaticServiceRegistry.registerService (StaticServiceRegistry.java:81)
    at org.drools.statics.StaticServiceRegistry.wireServices (StaticServiceRegistry.java:76)
    at org.drools.statics.StaticServiceRegistry.<init> (StaticServiceRegistry.java:45)
    at org.drools.statics.StaticServiceRegistry.<clinit> (StaticServiceRegistry.java:38)
    at org.drools.statics.StaticServiceRegistrySupplier.get (StaticServiceRegistrySupplier.java:26)
    at org.drools.statics.StaticServiceRegistrySupplier.get (StaticServiceRegistrySupplier.java:22)
    at org.kie.api.internal.utils.ServiceRegistry$Impl.getServiceRegistry (ServiceRegistry.java:90)
    at org.kie.api.internal.utils.ServiceRegistry$ServiceRegistryHolder.<clinit> (ServiceRegistry.java:49)
    at org.kie.api.internal.utils.ServiceRegistry.getInstance (ServiceRegistry.java:41)
    at org.kie.api.internal.utils.ServiceRegistry.getService (ServiceRegistry.java:37)
    at org.drools.compiler.compiler.DecisionTableFactory.<clinit> (DecisionTableFactory.java:28)
    at org.kie.kogito.codegen.rules.IncrementalRuleCodegen.<init> (IncrementalRuleCodegen.java:125)
    at org.kie.kogito.codegen.rules.IncrementalRuleCodegen.ofResources (IncrementalRuleCodegen.java:107)
    at org.kie.kogito.codegen.rules.IncrementalRuleCodegen.ofCollectedResources (IncrementalRuleCodegen.java:92)
    at org.kie.kogito.codegen.rules.IncrementalRuleCodegenFactory.create (IncrementalRuleCodegenFactory.java:29)
    at org.kie.kogito.codegen.core.utils.ApplicationGeneratorDiscovery.lambda$loadGenerators$0 (ApplicationGeneratorDiscovery.java:60)
    at java.util.stream.ReferencePipeline$3$1.accept (ReferencePipeline.java:195)
    at java.util.Iterator.forEachRemaining (Iterator.java:133)
    at java.util.Spliterators$IteratorSpliterator.forEachRemaining (Spliterators.java:1801)
    at java.util.stream.AbstractPipeline.copyInto (AbstractPipeline.java:484)
    at java.util.stream.AbstractPipeline.wrapAndCopyInto (AbstractPipeline.java:474)
    at java.util.stream.ReduceOps$ReduceOp.evaluateSequential (ReduceOps.java:913)
    at java.util.stream.AbstractPipeline.evaluate (AbstractPipeline.java:234)
    at java.util.stream.ReferencePipeline.collect (ReferencePipeline.java:578)
    at org.kie.kogito.codegen.core.utils.ApplicationGeneratorDiscovery.loadGenerators (ApplicationGeneratorDiscovery.java:62)
    at org.kie.kogito.codegen.core.utils.ApplicationGeneratorDiscovery.discover (ApplicationGeneratorDiscovery.java:48)
    at org.kie.kogito.quarkus.common.deployment.KogitoAssetsProcessor.generateFiles (KogitoAssetsProcessor.java:132)
    at org.kie.kogito.quarkus.common.deployment.KogitoAssetsProcessor.generateModel (KogitoAssetsProcessor.java:82)
    at jdk.internal.reflect.NativeMethodAccessorImpl.invoke0 (Native Method)
    at jdk.internal.reflect.NativeMethodAccessorImpl.invoke (NativeMethodAccessorImpl.java:62)
    at jdk.internal.reflect.DelegatingMethodAccessorImpl.invoke (DelegatingMethodAccessorImpl.java:43)
    at java.lang.reflect.Method.invoke (Method.java:566)
    at io.quarkus.deployment.ExtensionLoader$2.execute (ExtensionLoader.java:821)
    at io.quarkus.builder.BuildContext.run (BuildContext.java:277)
    at org.jboss.threads.ContextHandler$1.runWith (ContextHandler.java:18)
    at org.jboss.threads.EnhancedQueueExecutor$Task.run (EnhancedQueueExecutor.java:2449)
    at org.jboss.threads.EnhancedQueueExecutor$ThreadBody.run (EnhancedQueueExecutor.java:1478)
    at java.lang.Thread.run (Thread.java:829)
    at org.jboss.threads.JBossThread.run (JBossThread.java:501)
[DEBUG] Node Info: id:_E2B337F0-8B99-4C59-BF59-310BA626D045_ServiceOperation name:initt1 
Parser message: (null: 85, 124): cvc-complex-type.2.4.b : Le contenu de l'élément 'bpmn2:operation' n'est pas complet. L'un des éléments '{"http://www.omg.org/spec/BPMN/20100524/MODEL":documentation, "http://www.omg.org/spec/BPMN/20100524/MODEL":extensionElements, "http://www.omg.org/spec/BPMN/20100524/MODEL":inMessageRef}' est attendu.
[DEBUG] Node Info: id:_40362C77-3311-4682-B4D7-2409C7E87150_ServiceOperation name:initt2 
Parser message: (null: 88, 124): cvc-complex-type.2.4.b : Le contenu de l'élément 'bpmn2:operation' n'est pas complet. L'un des éléments '{"http://www.omg.org/spec/BPMN/20100524/MODEL":documentation, "http://www.omg.org/spec/BPMN/20100524/MODEL":extensionElements, "http://www.omg.org/spec/BPMN/20100524/MODEL":inMessageRef}' est attendu.
[DEBUG] Node Info: id:_9F4A3332-C2B0-4FFE-AAF4-02EC58182201_ServiceOperation name:initt3 
Parser message: (null: 91, 124): cvc-complex-type.2.4.b : Le contenu de l'élément 'bpmn2:operation' n'est pas complet. L'un des éléments '{"http://www.omg.org/spec/BPMN/20100524/MODEL":documentation, "http://www.omg.org/spec/BPMN/20100524/MODEL":extensionElements, "http://www.omg.org/spec/BPMN/20100524/MODEL":inMessageRef}' est attendu.
[DEBUG] Process Info: id:imsa_process, pkg:fr.msa, name:imsa-prcoess, version:1.0 
Node Info: id: name: 
Parser message: (null: 711, 24): Ignoring <outputSet> element: <outputSet> elements should not be used on start or other catch events.
[INFO] Generator discovery performed, found [openapispecs, processes, rules, decisions, predictions]
[INFO] Skipping generator 'openapispecs' because disabled
[INFO] Skipping generator 'decisions' because disabled
[INFO] Skipping generator 'predictions' because disabled
[WARNING] There is no mapping for these triggers [TriggerMetaData [name=initt2KO, type=ConsumeMessage, dataType=String, modelRef=initt2, ownerId=5], TriggerMetaData [name=initt2OK, type=ConsumeMessage, dataType=String, modelRef=initt2, ownerId=7], TriggerMetaData [name=initt1KO, type=ConsumeMessage, dataType=String, modelRef=initt1, ownerId=10], TriggerMetaData [name=initt1OK, type=ConsumeMessage, dataType=String, modelRef=initt1, ownerId=12], TriggerMetaData [name=end, type=ProduceMessage, dataType=String, modelRef=notif, ownerId=13], TriggerMetaData [name=msaReq, type=ConsumeMessage, dataType=fr.msa.imsa.model.Dossier, modelRef=dossier, ownerId=25]], using default
[WARNING] There's already a generated file named fr/msa/Imsa_processModel.java to be compiled. Ignoring.
[DEBUG] Selected compiler ECLIPSE [drools.dialect.java.compiler:null, hasEclipseCompiler:true]
[DEBUG] Selected compiler ECLIPSE [drools.dialect.java.compiler:null, hasEclipseCompiler:true]
[DEBUG] Selected compiler ECLIPSE [drools.dialect.java.compiler:null, hasEclipseCompiler:true]
[DEBUG] =====
[DEBUG] SOURCE MODEL: fr/msa/Imsa_process_19_TaskModel.java
[DEBUG] =====
[DEBUG] /*
 * Copyright 2021 Red Hat, Inc. and/or its affiliates.
 *
 * Licensed under the Apache License, Version 2.0 (the "License");
 * you may not use this file except in compliance with the License.
 * You may obtain a copy of the License at
 *
 *       http://www.apache.org/licenses/LICENSE-2.0
 *
 * Unless required by applicable law or agreed to in writing, software
 * distributed under the License is distributed on an "AS IS" BASIS,
 * WITHOUT WARRANTIES OR CONDITIONS OF ANY KIND, either express or implied.
 * See the License for the specific language governing permissions and
 * limitations under the License.
 */
package fr.msa;

import org.kie.kogito.process.workitem.TaskModel;

public class Imsa_process_19_TaskModel implements TaskModel<fr.msa.Imsa_process_19_TaskInput, fr.msa.Imsa_process_19_TaskOutput> {

    private String id;

    private String name;

    private int state;

    private String phase;

    private String phaseStatus;

    private fr.msa.Imsa_process_19_TaskInput parameters;

    private fr.msa.Imsa_process_19_TaskOutput results;

    public void setId(String id) {
        this.id = id;
    }

    public String getId() {
        return id;
    }

    public void setName(String name) {
        this.name = name;
    }

    public String getName() {
        return name;
    }

    public int getState() {
        return state;
    }

    public void setState(int state) {
        this.state = state;
    }

    public String getPhase() {
        return phase;
    }

    public void setPhase(String phase) {
        this.phase = phase;
    }

    public String getPhaseStatus() {
        return phaseStatus;
    }

    public void setPhaseStatus(String phaseStatus) {
        this.phaseStatus = phaseStatus;
    }

    public fr.msa.Imsa_process_19_TaskInput getParameters() {
        return parameters;
    }

    public void setParameters(fr.msa.Imsa_process_19_TaskInput parameters) {
        this.parameters = parameters;
    }

    public fr.msa.Imsa_process_19_TaskOutput getResults() {
        return results;
    }

    public void setParams(fr.msa.Imsa_process_19_TaskOutput results) {
        this.results = results;
    }

    public static fr.msa.Imsa_process_19_TaskModel from(org.kie.kogito.process.WorkItem workItem) {
        fr.msa.Imsa_process_19_TaskModel taskModel = new fr.msa.Imsa_process_19_TaskModel();
        taskModel.id = workItem.getId();
        taskModel.name = workItem.getName();
        taskModel.state = workItem.getState();
        taskModel.phaseStatus = workItem.getPhaseStatus();
        taskModel.phase = workItem.getPhase();
        taskModel.parameters = fr.msa.Imsa_process_19_TaskInput.fromMap(workItem.getParameters());
        taskModel.results = fr.msa.Imsa_process_19_TaskOutput.fromMap(workItem.getResults());
        return taskModel;
    }
}
// Task model for user task 'Controle dossier' in process 'imsa_process'

[DEBUG] =====
[DEBUG] =====
[DEBUG] SOURCE MODEL: fr/msa/Imsa_process_14_TaskModel.java
[DEBUG] =====
[DEBUG] /*
 * Copyright 2021 Red Hat, Inc. and/or its affiliates.
 *
 * Licensed under the Apache License, Version 2.0 (the "License");
 * you may not use this file except in compliance with the License.
 * You may obtain a copy of the License at
 *
 *       http://www.apache.org/licenses/LICENSE-2.0
 *
 * Unless required by applicable law or agreed to in writing, software
 * distributed under the License is distributed on an "AS IS" BASIS,
 * WITHOUT WARRANTIES OR CONDITIONS OF ANY KIND, either express or implied.
 * See the License for the specific language governing permissions and
 * limitations under the License.
 */
package fr.msa;

import org.kie.kogito.process.workitem.TaskModel;

public class Imsa_process_14_TaskModel implements TaskModel<fr.msa.Imsa_process_14_TaskInput, fr.msa.Imsa_process_14_TaskOutput> {

    private String id;

    private String name;

    private int state;

    private String phase;

    private String phaseStatus;

    private fr.msa.Imsa_process_14_TaskInput parameters;

    private fr.msa.Imsa_process_14_TaskOutput results;

    public void setId(String id) {
        this.id = id;
    }

    public String getId() {
        return id;
    }

    public void setName(String name) {
        this.name = name;
    }

    public String getName() {
        return name;
    }

    public int getState() {
        return state;
    }

    public void setState(int state) {
        this.state = state;
    }

    public String getPhase() {
        return phase;
    }

    public void setPhase(String phase) {
        this.phase = phase;
    }

    public String getPhaseStatus() {
        return phaseStatus;
    }

    public void setPhaseStatus(String phaseStatus) {
        this.phaseStatus = phaseStatus;
    }

    public fr.msa.Imsa_process_14_TaskInput getParameters() {
        return parameters;
    }

    public void setParameters(fr.msa.Imsa_process_14_TaskInput parameters) {
        this.parameters = parameters;
    }

    public fr.msa.Imsa_process_14_TaskOutput getResults() {
        return results;
    }

    public void setParams(fr.msa.Imsa_process_14_TaskOutput results) {
        this.results = results;
    }

    public static fr.msa.Imsa_process_14_TaskModel from(org.kie.kogito.process.WorkItem workItem) {
        fr.msa.Imsa_process_14_TaskModel taskModel = new fr.msa.Imsa_process_14_TaskModel();
        taskModel.id = workItem.getId();
        taskModel.name = workItem.getName();
        taskModel.state = workItem.getState();
        taskModel.phaseStatus = workItem.getPhaseStatus();
        taskModel.phase = workItem.getPhase();
        taskModel.parameters = fr.msa.Imsa_process_14_TaskInput.fromMap(workItem.getParameters());
        taskModel.results = fr.msa.Imsa_process_14_TaskOutput.fromMap(workItem.getResults());
        return taskModel;
    }
}
// Task model for user task 'New notif' in process 'imsa_process'

[DEBUG] =====
[DEBUG] =====
[DEBUG] SOURCE MODEL: fr/msa/Imsa_process_TaskModelFactory.java
[DEBUG] =====
[DEBUG] /*
 * Copyright 2021 Red Hat, Inc. and/or its affiliates.
 *
 * Licensed under the Apache License, Version 2.0 (the "License");
 * you may not use this file except in compliance with the License.
 * You may obtain a copy of the License at
 *
 *       http://www.apache.org/licenses/LICENSE-2.0
 *
 * Unless required by applicable law or agreed to in writing, software
 * distributed under the License is distributed on an "AS IS" BASIS,
 * WITHOUT WARRANTIES OR CONDITIONS OF ANY KIND, either express or implied.
 * See the License for the specific language governing permissions and
 * limitations under the License.
 */
package fr.msa;

import org.kie.kogito.process.workitem.TaskModel;

public class Imsa_process_TaskModelFactory {

    public static TaskModel from(org.kie.kogito.process.WorkItem workItem) {
        switch(workItem.getNodeId()) {
            case "19":
                return Imsa_process_19_TaskModel.from(workItem);
            case "16":
                return Imsa_process_16_TaskModel.from(workItem);
            case "14":
                return Imsa_process_14_TaskModel.from(workItem);
            default:
                throw new IllegalArgumentException("Invalid task name for work item " + workItem);
        }
    }
}

[DEBUG] =====
[DEBUG] =====
[DEBUG] SOURCE MODEL: fr/msa/Imsa_process_14_TaskOutput.java
[DEBUG] =====
[DEBUG] /*
 * Copyright 2019 Red Hat, Inc. and/or its affiliates.
 *
 * Licensed under the Apache License, Version 2.0 (the "License");
 * you may not use this file except in compliance with the License.
 * You may obtain a copy of the License at
 *
 *       http://www.apache.org/licenses/LICENSE-2.0
 *
 * Unless required by applicable law or agreed to in writing, software
 * distributed under the License is distributed on an "AS IS" BASIS,
 * WITHOUT WARRANTIES OR CONDITIONS OF ANY KIND, either express or implied.
 * See the License for the specific language governing permissions and
 * limitations under the License.
 */
package fr.msa;

import java.util.HashMap;
import java.util.Map;
import org.kie.kogito.MapOutput;
import org.kie.kogito.UserTask;
import org.kie.kogito.UserTaskParam.ParamType;
import org.kie.kogito.UserTaskParam;

@UserTask(taskName = "Task", processName = "imsa_process")
public class Imsa_process_14_TaskOutput implements MapOutput {

    @Override
    public Map<String, Object> toMap() {
        Map<String, Object> params = new HashMap<>();
        params.put("newNotif", this.newNotif);
        return params;
    }

    public static Imsa_process_14_TaskOutput fromMap(Map<String, Object> params) {
        fr.msa.Imsa_process_14_TaskOutput result = new Imsa_process_14_TaskOutput();
        result.newNotif = (java.lang.Boolean) params.get("newNotif");
        return result;
    }

    @UserTaskParam(value = ParamType.OUTPUT)
    private java.lang.Boolean newNotif;

    public java.lang.Boolean getNewNotif() {
        return newNotif;
    }

    public void setNewNotif(java.lang.Boolean newNotif) {
        this.newNotif = newNotif;
    }
}
// Task output for user task 'New notif' in process 'imsa_process'

[DEBUG] =====
[DEBUG] =====
[DEBUG] SOURCE REST: fr/msa/Imsa_processResource.java
[DEBUG] =====
[DEBUG] /*
 * Copyright 2021 Red Hat, Inc. and/or its affiliates.
 *
 * Licensed under the Apache License, Version 2.0 (the "License");
 * you may not use this file except in compliance with the License.
 * You may obtain a copy of the License at
 *
 *       http://www.apache.org/licenses/LICENSE-2.0
 *
 * Unless required by applicable law or agreed to in writing, software
 * distributed under the License is distributed on an "AS IS" BASIS,
 * WITHOUT WARRANTIES OR CONDITIONS OF ANY KIND, either express or implied.
 * See the License for the specific language governing permissions and
 * limitations under the License.
 */
package fr.msa;

import java.util.Collection;
import java.util.List;
import java.util.Map;
import java.util.Optional;
import java.util.stream.Collectors;
import javax.inject.Inject;
import javax.ws.rs.Consumes;
import javax.ws.rs.Consumes;
import javax.ws.rs.DELETE;
import javax.ws.rs.GET;
import javax.ws.rs.NotFoundException;
import javax.ws.rs.PATCH;
import javax.ws.rs.POST;
import javax.ws.rs.PUT;
import javax.ws.rs.Path;
import javax.ws.rs.DefaultValue;
import javax.ws.rs.PathParam;
import javax.ws.rs.QueryParam;
import javax.ws.rs.Produces;
import javax.ws.rs.core.Context;
import javax.ws.rs.core.HttpHeaders;
import javax.ws.rs.core.MediaType;
import javax.ws.rs.core.Response;
import javax.ws.rs.core.UriBuilder;
import javax.ws.rs.core.UriInfo;
import javax.ws.rs.core.Response.Status;
import org.jbpm.util.JsonSchemaUtil;
import org.kie.kogito.process.Process;
import org.kie.kogito.process.ProcessInstance;
import org.kie.kogito.process.WorkItem;
import org.kie.kogito.process.ProcessService;
import org.kie.kogito.process.workitem.Attachment;
import org.kie.kogito.process.workitem.AttachmentInfo;
import org.kie.kogito.process.workitem.Comment;
import org.kie.kogito.process.workitem.Policies;
import org.kie.kogito.process.workitem.TaskModel;
import org.kie.kogito.auth.IdentityProvider;

@Path("/imsa_process")
@javax.enterprise.context.ApplicationScoped()
public class Imsa_processResource {

    @javax.inject.Inject()
    @javax.inject.Named("imsa_process")
    Process<Imsa_processModel> process;

    @Inject
    ProcessService processService;

    @GET
    @Produces(MediaType.APPLICATION_JSON)
    public List<Imsa_processModelOutput> getResources_imsa_process() {
        return processService.getProcessInstanceOutput(process);
    }

    @GET
    @Path("/{id}")
    @Produces(MediaType.APPLICATION_JSON)
    public Imsa_processModelOutput getResource_imsa_process(@PathParam("id") String id) {
        return processService.findById(process, id).orElseThrow(NotFoundException::new);
    }

    @DELETE
    @Path("/{id}")
    @Produces(MediaType.APPLICATION_JSON)
    public Imsa_processModelOutput deleteResource_imsa_process(@PathParam("id") final String id) {
        return processService.delete(process, id).orElseThrow(NotFoundException::new);
    }

    @PUT
    @Path("/{id}")
    @Consumes(MediaType.APPLICATION_JSON)
    @Produces(MediaType.APPLICATION_JSON)
    public Imsa_processModelOutput updateModel_imsa_process(@PathParam("id") String id, Imsa_processModel resource) {
        return processService.update(process, id, resource).orElseThrow(NotFoundException::new);
    }

    @GET
    @Path("/{id}/tasks")
    @Produces(MediaType.APPLICATION_JSON)
    public List<TaskModel> getTasks_imsa_process(@PathParam("id") String id, @QueryParam("user") final String user, @QueryParam("group") final List<String> groups) {
        return processService.getTasks(process, id, user, groups).orElseThrow(NotFoundException::new).stream().map(fr.msa.Imsa_process_TaskModelFactory::from).collect(Collectors.toList());
    }

    @POST
    @Path("/{id}/Task/{taskId}")
    @Consumes(MediaType.APPLICATION_JSON)
    @Produces(MediaType.APPLICATION_JSON)
    public Imsa_processModelOutput completeTask_Task_0(@PathParam("id") final String id, @PathParam("taskId") final String taskId, @QueryParam("phase") @DefaultValue("complete") final String phase, @QueryParam("user") final String user, @QueryParam("group") final List<String> groups, final fr.msa.Imsa_process_14_TaskOutput model) {
        return processService.completeTask(process, id, taskId, phase, user, groups, model).orElseThrow(NotFoundException::new);
    }

    @PUT
    @Path("/{id}/Task/{taskId}")
    @Consumes(MediaType.APPLICATION_JSON)
    public fr.msa.Imsa_process_14_TaskOutput saveTask_Task_0(@PathParam("id") final String id, @PathParam("taskId") final String taskId, @QueryParam("user") final String user, @QueryParam("group") final List<String> groups, final fr.msa.Imsa_process_14_TaskOutput model) {
        return processService.saveTask(process, id, taskId, user, groups, model, fr.msa.Imsa_process_14_TaskOutput::fromMap).orElseThrow(NotFoundException::new);
    }

    @POST
    @Path("/{id}/Task/{taskId}/phases/{phase}")
    @Consumes(MediaType.APPLICATION_JSON)
    @Produces(MediaType.APPLICATION_JSON)
    public Imsa_processModelOutput taskTransition_Task_0(@PathParam("id") final String id, @PathParam("taskId") final String taskId, @PathParam("phase") final String phase, @QueryParam("user") final String user, @QueryParam("group") final List<String> groups, final fr.msa.Imsa_process_14_TaskOutput model) {
        return processService.taskTransition(process, id, taskId, phase, user, groups, model).orElseThrow(NotFoundException::new);
    }

    @GET
    @Path("/{id}/Task/{taskId}")
    @Produces(MediaType.APPLICATION_JSON)
    public fr.msa.Imsa_process_14_TaskModel getTask_Task_0(@PathParam("id") String id, @PathParam("taskId") String taskId, @QueryParam("user") final String user, @QueryParam("group") final List<String> groups) {
        return processService.getTask(process, id, taskId, user, groups, fr.msa.Imsa_process_14_TaskModel::from).orElseThrow(NotFoundException::new);
    }

    @DELETE
    @Path("/{id}/Task/{taskId}")
    @Produces(MediaType.APPLICATION_JSON)
    public Imsa_processModelOutput abortTask_Task_0(@PathParam("id") final String id, @PathParam("taskId") final String taskId, @QueryParam("phase") @DefaultValue("abort") final String phase, @QueryParam("user") final String user, @QueryParam("group") final List<String> groups) {
        return processService.abortTask(process, id, taskId, phase, user, groups).orElseThrow(() -> new NotFoundException());
    }

    @GET
    @Path("Task/schema")
    @Produces(MediaType.APPLICATION_JSON)
    public Map<String, Object> getSchema_Task_0() {
        return JsonSchemaUtil.load(this.getClass().getClassLoader(), process.id(), "Task");
    }

    @GET
    @Path("/{id}/Task/{taskId}/schema")
    @Produces(MediaType.APPLICATION_JSON)
    public Map<String, Object> getSchemaAndPhases_Task_0(@PathParam("id") final String id, @PathParam("taskId") final String taskId, @QueryParam("user") final String user, @QueryParam("group") final List<String> groups) {
        return processService.getSchemaAndPhases(process, id, taskId, "Task", user, groups);
    }

    @POST
    @Path("/{id}/Task/{taskId}/comments")
    @Consumes(MediaType.TEXT_PLAIN)
    @Produces(MediaType.APPLICATION_JSON)
    public Response addComment_Task_0(@PathParam("id") final String id, @PathParam("taskId") final String taskId, @QueryParam("user") final String user, @QueryParam("group") final List<String> groups, String commentInfo, @Context UriInfo uriInfo) {
        return processService.addComment(process, id, taskId, user, groups, commentInfo).map(comment -> Response.created(uriInfo.getAbsolutePathBuilder().path(comment.getId().toString()).build()).entity(comment).build()).orElseThrow(NotFoundException::new);
    }

    @PUT
    @Path("/{id}/Task/{taskId}/comments/{commentId}")
    @Consumes(MediaType.TEXT_PLAIN)
    @Produces(MediaType.APPLICATION_JSON)
    public Comment updateComment_Task_0(@PathParam("id") final String id, @PathParam("taskId") final String taskId, @PathParam("commentId") final String commentId, @QueryParam("user") final String user, @QueryParam("group") final List<String> groups, String comment) {
        return processService.updateComment(process, id, taskId, commentId, user, groups, comment).orElseThrow(NotFoundException::new);
    }

    @DELETE
    @Path("/{id}/Task/{taskId}/comments/{commentId}")
    public Response deleteComment_Task_0(@PathParam("id") final String id, @PathParam("taskId") final String taskId, @PathParam("commentId") final String commentId, @QueryParam("user") final String user, @QueryParam("group") final List<String> groups) {
        return processService.deleteComment(process, id, taskId, commentId, user, groups).map(removed -> (removed ? Response.ok() : Response.status(Status.NOT_FOUND)).build()).orElseThrow(NotFoundException::new);
    }

    @POST
    @Path("/{id}/Task/{taskId}/attachments")
    @Consumes(MediaType.APPLICATION_JSON)
    @Produces(MediaType.APPLICATION_JSON)
    public Response addAttachment_Task_0(@PathParam("id") final String id, @PathParam("taskId") final String taskId, @QueryParam("user") final String user, @QueryParam("group") final List<String> groups, AttachmentInfo attachmentInfo, @Context UriInfo uriInfo) {
        return processService.addAttachment(process, id, taskId, user, groups, attachmentInfo).map(attachment -> Response.created(uriInfo.getAbsolutePathBuilder().path(attachment.getId().toString()).build()).entity(attachment).build()).orElseThrow(NotFoundException::new);
    }

    @PUT
    @Path("/{id}/Task/{taskId}/attachments/{attachmentId}")
    @Consumes(MediaType.APPLICATION_JSON)
    @Produces(MediaType.APPLICATION_JSON)
    public Attachment updateAttachment_Task_0(@PathParam("id") final String id, @PathParam("taskId") final String taskId, @PathParam("attachmentId") final String attachmentId, @QueryParam("user") final String user, @QueryParam("group") final List<String> groups, AttachmentInfo attachment) {
        return processService.updateAttachment(process, id, taskId, attachmentId, user, groups, attachment).orElseThrow(NotFoundException::new);
    }

    @DELETE
    @Path("/{id}/Task/{taskId}/attachments/{attachmentId}")
    public Response deleteAttachment_Task_0(@PathParam("id") final String id, @PathParam("taskId") final String taskId, @PathParam("attachmentId") final String attachmentId, @QueryParam("user") final String user, @QueryParam("group") final List<String> groups) {
        return processService.deleteAttachment(process, id, taskId, attachmentId, user, groups).map(removed -> (removed ? Response.ok() : Response.status(Status.NOT_FOUND)).build()).orElseThrow(NotFoundException::new);
    }

    @GET
    @Path("/{id}/Task/{taskId}/attachments/{attachmentId}")
    @Produces(MediaType.APPLICATION_JSON)
    public Attachment getAttachment_Task_0(@PathParam("id") final String id, @PathParam("taskId") final String taskId, @PathParam("attachmentId") final String attachmentId, @QueryParam("user") final String user, @QueryParam("group") final List<String> groups) {
        return processService.getAttachment(process, id, taskId, attachmentId, user, groups).orElseThrow(() -> new NotFoundException("Attachment " + attachmentId + " not found"));
    }

    @GET
    @Path("/{id}/Task/{taskId}/attachments")
    @Produces(MediaType.APPLICATION_JSON)
    public Collection<Attachment> getAttachments_Task_0(@PathParam("id") final String id, @PathParam("taskId") final String taskId, @QueryParam("user") final String user, @QueryParam("group") final List<String> groups) {
        return processService.getAttachments(process, id, taskId, user, groups).orElseThrow(NotFoundException::new);
    }

    @GET
    @Path("/{id}/Task/{taskId}/comments/{commentId}")
    @Produces(MediaType.APPLICATION_JSON)
    public Comment getComment_Task_0(@PathParam("id") final String id, @PathParam("taskId") final String taskId, @PathParam("commentId") final String commentId, @QueryParam("user") final String user, @QueryParam("group") final List<String> groups) {
        return processService.getComment(process, id, taskId, commentId, user, groups).orElseThrow(() -> new NotFoundException("Comment " + commentId + " not found"));
    }

    @GET
    @Path("/{id}/Task/{taskId}/comments")
    @Produces(MediaType.APPLICATION_JSON)
    public Collection<Comment> getComments_Task_0(@PathParam("id") final String id, @PathParam("taskId") final String taskId, @QueryParam("user") final String user, @QueryParam("group") final List<String> groups) {
        return processService.getComments(process, id, taskId, user, groups).orElseThrow(NotFoundException::new);
    }

    @POST
    @Path("/{id}/Task/{taskId}")
    @Consumes(MediaType.APPLICATION_JSON)
    @Produces(MediaType.APPLICATION_JSON)
    public Imsa_processModelOutput completeTask_Task_1(@PathParam("id") final String id, @PathParam("taskId") final String taskId, @QueryParam("phase") @DefaultValue("complete") final String phase, @QueryParam("user") final String user, @QueryParam("group") final List<String> groups, final fr.msa.Imsa_process_16_TaskOutput model) {
        return processService.completeTask(process, id, taskId, phase, user, groups, model).orElseThrow(NotFoundException::new);
    }

    @PUT
    @Path("/{id}/Task/{taskId}")
    @Consumes(MediaType.APPLICATION_JSON)
    public fr.msa.Imsa_process_16_TaskOutput saveTask_Task_1(@PathParam("id") final String id, @PathParam("taskId") final String taskId, @QueryParam("user") final String user, @QueryParam("group") final List<String> groups, final fr.msa.Imsa_process_16_TaskOutput model) {
        return processService.saveTask(process, id, taskId, user, groups, model, fr.msa.Imsa_process_16_TaskOutput::fromMap).orElseThrow(NotFoundException::new);
    }

    @POST
    @Path("/{id}/Task/{taskId}/phases/{phase}")
    @Consumes(MediaType.APPLICATION_JSON)
    @Produces(MediaType.APPLICATION_JSON)
    public Imsa_processModelOutput taskTransition_Task_1(@PathParam("id") final String id, @PathParam("taskId") final String taskId, @PathParam("phase") final String phase, @QueryParam("user") final String user, @QueryParam("group") final List<String> groups, final fr.msa.Imsa_process_16_TaskOutput model) {
        return processService.taskTransition(process, id, taskId, phase, user, groups, model).orElseThrow(NotFoundException::new);
    }

    @GET
    @Path("/{id}/Task/{taskId}")
    @Produces(MediaType.APPLICATION_JSON)
    public fr.msa.Imsa_process_16_TaskModel getTask_Task_1(@PathParam("id") String id, @PathParam("taskId") String taskId, @QueryParam("user") final String user, @QueryParam("group") final List<String> groups) {
        return processService.getTask(process, id, taskId, user, groups, fr.msa.Imsa_process_16_TaskModel::from).orElseThrow(NotFoundException::new);
    }

    @DELETE
    @Path("/{id}/Task/{taskId}")
    @Produces(MediaType.APPLICATION_JSON)
    public Imsa_processModelOutput abortTask_Task_1(@PathParam("id") final String id, @PathParam("taskId") final String taskId, @QueryParam("phase") @DefaultValue("abort") final String phase, @QueryParam("user") final String user, @QueryParam("group") final List<String> groups) {
        return processService.abortTask(process, id, taskId, phase, user, groups).orElseThrow(() -> new NotFoundException());
    }

    @GET
    @Path("Task/schema")
    @Produces(MediaType.APPLICATION_JSON)
    public Map<String, Object> getSchema_Task_1() {
        return JsonSchemaUtil.load(this.getClass().getClassLoader(), process.id(), "Task");
    }

    @GET
    @Path("/{id}/Task/{taskId}/schema")
    @Produces(MediaType.APPLICATION_JSON)
    public Map<String, Object> getSchemaAndPhases_Task_1(@PathParam("id") final String id, @PathParam("taskId") final String taskId, @QueryParam("user") final String user, @QueryParam("group") final List<String> groups) {
        return processService.getSchemaAndPhases(process, id, taskId, "Task", user, groups);
    }

    @POST
    @Path("/{id}/Task/{taskId}/comments")
    @Consumes(MediaType.TEXT_PLAIN)
    @Produces(MediaType.APPLICATION_JSON)
    public Response addComment_Task_1(@PathParam("id") final String id, @PathParam("taskId") final String taskId, @QueryParam("user") final String user, @QueryParam("group") final List<String> groups, String commentInfo, @Context UriInfo uriInfo) {
        return processService.addComment(process, id, taskId, user, groups, commentInfo).map(comment -> Response.created(uriInfo.getAbsolutePathBuilder().path(comment.getId().toString()).build()).entity(comment).build()).orElseThrow(NotFoundException::new);
    }

    @PUT
    @Path("/{id}/Task/{taskId}/comments/{commentId}")
    @Consumes(MediaType.TEXT_PLAIN)
    @Produces(MediaType.APPLICATION_JSON)
    public Comment updateComment_Task_1(@PathParam("id") final String id, @PathParam("taskId") final String taskId, @PathParam("commentId") final String commentId, @QueryParam("user") final String user, @QueryParam("group") final List<String> groups, String comment) {
        return processService.updateComment(process, id, taskId, commentId, user, groups, comment).orElseThrow(NotFoundException::new);
    }

    @DELETE
    @Path("/{id}/Task/{taskId}/comments/{commentId}")
    public Response deleteComment_Task_1(@PathParam("id") final String id, @PathParam("taskId") final String taskId, @PathParam("commentId") final String commentId, @QueryParam("user") final String user, @QueryParam("group") final List<String> groups) {
        return processService.deleteComment(process, id, taskId, commentId, user, groups).map(removed -> (removed ? Response.ok() : Response.status(Status.NOT_FOUND)).build()).orElseThrow(NotFoundException::new);
    }

    @POST
    @Path("/{id}/Task/{taskId}/attachments")
    @Consumes(MediaType.APPLICATION_JSON)
    @Produces(MediaType.APPLICATION_JSON)
    public Response addAttachment_Task_1(@PathParam("id") final String id, @PathParam("taskId") final String taskId, @QueryParam("user") final String user, @QueryParam("group") final List<String> groups, AttachmentInfo attachmentInfo, @Context UriInfo uriInfo) {
        return processService.addAttachment(process, id, taskId, user, groups, attachmentInfo).map(attachment -> Response.created(uriInfo.getAbsolutePathBuilder().path(attachment.getId().toString()).build()).entity(attachment).build()).orElseThrow(NotFoundException::new);
    }

    @PUT
    @Path("/{id}/Task/{taskId}/attachments/{attachmentId}")
    @Consumes(MediaType.APPLICATION_JSON)
    @Produces(MediaType.APPLICATION_JSON)
    public Attachment updateAttachment_Task_1(@PathParam("id") final String id, @PathParam("taskId") final String taskId, @PathParam("attachmentId") final String attachmentId, @QueryParam("user") final String user, @QueryParam("group") final List<String> groups, AttachmentInfo attachment) {
        return processService.updateAttachment(process, id, taskId, attachmentId, user, groups, attachment).orElseThrow(NotFoundException::new);
    }

    @DELETE
    @Path("/{id}/Task/{taskId}/attachments/{attachmentId}")
    public Response deleteAttachment_Task_1(@PathParam("id") final String id, @PathParam("taskId") final String taskId, @PathParam("attachmentId") final String attachmentId, @QueryParam("user") final String user, @QueryParam("group") final List<String> groups) {
        return processService.deleteAttachment(process, id, taskId, attachmentId, user, groups).map(removed -> (removed ? Response.ok() : Response.status(Status.NOT_FOUND)).build()).orElseThrow(NotFoundException::new);
    }

    @GET
    @Path("/{id}/Task/{taskId}/attachments/{attachmentId}")
    @Produces(MediaType.APPLICATION_JSON)
    public Attachment getAttachment_Task_1(@PathParam("id") final String id, @PathParam("taskId") final String taskId, @PathParam("attachmentId") final String attachmentId, @QueryParam("user") final String user, @QueryParam("group") final List<String> groups) {
        return processService.getAttachment(process, id, taskId, attachmentId, user, groups).orElseThrow(() -> new NotFoundException("Attachment " + attachmentId + " not found"));
    }

    @GET
    @Path("/{id}/Task/{taskId}/attachments")
    @Produces(MediaType.APPLICATION_JSON)
    public Collection<Attachment> getAttachments_Task_1(@PathParam("id") final String id, @PathParam("taskId") final String taskId, @QueryParam("user") final String user, @QueryParam("group") final List<String> groups) {
        return processService.getAttachments(process, id, taskId, user, groups).orElseThrow(NotFoundException::new);
    }

    @GET
    @Path("/{id}/Task/{taskId}/comments/{commentId}")
    @Produces(MediaType.APPLICATION_JSON)
    public Comment getComment_Task_1(@PathParam("id") final String id, @PathParam("taskId") final String taskId, @PathParam("commentId") final String commentId, @QueryParam("user") final String user, @QueryParam("group") final List<String> groups) {
        return processService.getComment(process, id, taskId, commentId, user, groups).orElseThrow(() -> new NotFoundException("Comment " + commentId + " not found"));
    }

    @GET
    @Path("/{id}/Task/{taskId}/comments")
    @Produces(MediaType.APPLICATION_JSON)
    public Collection<Comment> getComments_Task_1(@PathParam("id") final String id, @PathParam("taskId") final String taskId, @QueryParam("user") final String user, @QueryParam("group") final List<String> groups) {
        return processService.getComments(process, id, taskId, user, groups).orElseThrow(NotFoundException::new);
    }

    @POST
    @Path("/{id}/controle-dossier/{taskId}")
    @Consumes(MediaType.APPLICATION_JSON)
    @Produces(MediaType.APPLICATION_JSON)
    public Imsa_processModelOutput completeTask_controle-dossier_2(@PathParam("id") final String id, @PathParam("taskId") final String taskId, @QueryParam("phase") @DefaultValue("complete") final String phase, @QueryParam("user") final String user, @QueryParam("group") final List<String> groups, final fr.msa.Imsa_process_19_TaskOutput model) {
        return processService.completeTask(process, id, taskId, phase, user, groups, model).orElseThrow(NotFoundException::new);
    }

    @PUT
    @Path("/{id}/controle-dossier/{taskId}")
    @Consumes(MediaType.APPLICATION_JSON)
    public fr.msa.Imsa_process_19_TaskOutput saveTask_controle-dossier_2(@PathParam("id") final String id, @PathParam("taskId") final String taskId, @QueryParam("user") final String user, @QueryParam("group") final List<String> groups, final fr.msa.Imsa_process_19_TaskOutput model) {
        return processService.saveTask(process, id, taskId, user, groups, model, fr.msa.Imsa_process_19_TaskOutput::fromMap).orElseThrow(NotFoundException::new);
    }

    @POST
    @Path("/{id}/controle-dossier/{taskId}/phases/{phase}")
    @Consumes(MediaType.APPLICATION_JSON)
    @Produces(MediaType.APPLICATION_JSON)
    public Imsa_processModelOutput taskTransition_controle-dossier_2(@PathParam("id") final String id, @PathParam("taskId") final String taskId, @PathParam("phase") final String phase, @QueryParam("user") final String user, @QueryParam("group") final List<String> groups, final fr.msa.Imsa_process_19_TaskOutput model) {
        return processService.taskTransition(process, id, taskId, phase, user, groups, model).orElseThrow(NotFoundException::new);
    }

    @GET
    @Path("/{id}/controle-dossier/{taskId}")
    @Produces(MediaType.APPLICATION_JSON)
    public fr.msa.Imsa_process_19_TaskModel getTask_controle-dossier_2(@PathParam("id") String id, @PathParam("taskId") String taskId, @QueryParam("user") final String user, @QueryParam("group") final List<String> groups) {
        return processService.getTask(process, id, taskId, user, groups, fr.msa.Imsa_process_19_TaskModel::from).orElseThrow(NotFoundException::new);
    }

    @DELETE
    @Path("/{id}/controle-dossier/{taskId}")
    @Produces(MediaType.APPLICATION_JSON)
    public Imsa_processModelOutput abortTask_controle-dossier_2(@PathParam("id") final String id, @PathParam("taskId") final String taskId, @QueryParam("phase") @DefaultValue("abort") final String phase, @QueryParam("user") final String user, @QueryParam("group") final List<String> groups) {
        return processService.abortTask(process, id, taskId, phase, user, groups).orElseThrow(() -> new NotFoundException());
    }

    @GET
    @Path("controle-dossier/schema")
    @Produces(MediaType.APPLICATION_JSON)
    public Map<String, Object> getSchema_controle-dossier_2() {
        return JsonSchemaUtil.load(this.getClass().getClassLoader(), process.id(), "controle-dossier");
    }

    @GET
    @Path("/{id}/controle-dossier/{taskId}/schema")
    @Produces(MediaType.APPLICATION_JSON)
    public Map<String, Object> getSchemaAndPhases_controle-dossier_2(@PathParam("id") final String id, @PathParam("taskId") final String taskId, @QueryParam("user") final String user, @QueryParam("group") final List<String> groups) {
        return processService.getSchemaAndPhases(process, id, taskId, "controle-dossier", user, groups);
    }

    @POST
    @Path("/{id}/controle-dossier/{taskId}/comments")
    @Consumes(MediaType.TEXT_PLAIN)
    @Produces(MediaType.APPLICATION_JSON)
    public Response addComment_controle-dossier_2(@PathParam("id") final String id, @PathParam("taskId") final String taskId, @QueryParam("user") final String user, @QueryParam("group") final List<String> groups, String commentInfo, @Context UriInfo uriInfo) {
        return processService.addComment(process, id, taskId, user, groups, commentInfo).map(comment -> Response.created(uriInfo.getAbsolutePathBuilder().path(comment.getId().toString()).build()).entity(comment).build()).orElseThrow(NotFoundException::new);
    }

    @PUT
    @Path("/{id}/controle-dossier/{taskId}/comments/{commentId}")
    @Consumes(MediaType.TEXT_PLAIN)
    @Produces(MediaType.APPLICATION_JSON)
    public Comment updateComment_controle-dossier_2(@PathParam("id") final String id, @PathParam("taskId") final String taskId, @PathParam("commentId") final String commentId, @QueryParam("user") final String user, @QueryParam("group") final List<String> groups, String comment) {
        return processService.updateComment(process, id, taskId, commentId, user, groups, comment).orElseThrow(NotFoundException::new);
    }

    @DELETE
    @Path("/{id}/controle-dossier/{taskId}/comments/{commentId}")
    public Response deleteComment_controle-dossier_2(@PathParam("id") final String id, @PathParam("taskId") final String taskId, @PathParam("commentId") final String commentId, @QueryParam("user") final String user, @QueryParam("group") final List<String> groups) {
        return processService.deleteComment(process, id, taskId, commentId, user, groups).map(removed -> (removed ? Response.ok() : Response.status(Status.NOT_FOUND)).build()).orElseThrow(NotFoundException::new);
    }

    @POST
    @Path("/{id}/controle-dossier/{taskId}/attachments")
    @Consumes(MediaType.APPLICATION_JSON)
    @Produces(MediaType.APPLICATION_JSON)
    public Response addAttachment_controle-dossier_2(@PathParam("id") final String id, @PathParam("taskId") final String taskId, @QueryParam("user") final String user, @QueryParam("group") final List<String> groups, AttachmentInfo attachmentInfo, @Context UriInfo uriInfo) {
        return processService.addAttachment(process, id, taskId, user, groups, attachmentInfo).map(attachment -> Response.created(uriInfo.getAbsolutePathBuilder().path(attachment.getId().toString()).build()).entity(attachment).build()).orElseThrow(NotFoundException::new);
    }

    @PUT
    @Path("/{id}/controle-dossier/{taskId}/attachments/{attachmentId}")
    @Consumes(MediaType.APPLICATION_JSON)
    @Produces(MediaType.APPLICATION_JSON)
    public Attachment updateAttachment_controle-dossier_2(@PathParam("id") final String id, @PathParam("taskId") final String taskId, @PathParam("attachmentId") final String attachmentId, @QueryParam("user") final String user, @QueryParam("group") final List<String> groups, AttachmentInfo attachment) {
        return processService.updateAttachment(process, id, taskId, attachmentId, user, groups, attachment).orElseThrow(NotFoundException::new);
    }

    @DELETE
    @Path("/{id}/controle-dossier/{taskId}/attachments/{attachmentId}")
    public Response deleteAttachment_controle-dossier_2(@PathParam("id") final String id, @PathParam("taskId") final String taskId, @PathParam("attachmentId") final String attachmentId, @QueryParam("user") final String user, @QueryParam("group") final List<String> groups) {
        return processService.deleteAttachment(process, id, taskId, attachmentId, user, groups).map(removed -> (removed ? Response.ok() : Response.status(Status.NOT_FOUND)).build()).orElseThrow(NotFoundException::new);
    }

    @GET
    @Path("/{id}/controle-dossier/{taskId}/attachments/{attachmentId}")
    @Produces(MediaType.APPLICATION_JSON)
    public Attachment getAttachment_controle-dossier_2(@PathParam("id") final String id, @PathParam("taskId") final String taskId, @PathParam("attachmentId") final String attachmentId, @QueryParam("user") final String user, @QueryParam("group") final List<String> groups) {
        return processService.getAttachment(process, id, taskId, attachmentId, user, groups).orElseThrow(() -> new NotFoundException("Attachment " + attachmentId + " not found"));
    }

    @GET
    @Path("/{id}/controle-dossier/{taskId}/attachments")
    @Produces(MediaType.APPLICATION_JSON)
    public Collection<Attachment> getAttachments_controle-dossier_2(@PathParam("id") final String id, @PathParam("taskId") final String taskId, @QueryParam("user") final String user, @QueryParam("group") final List<String> groups) {
        return processService.getAttachments(process, id, taskId, user, groups).orElseThrow(NotFoundException::new);
    }

    @GET
    @Path("/{id}/controle-dossier/{taskId}/comments/{commentId}")
    @Produces(MediaType.APPLICATION_JSON)
    public Comment getComment_controle-dossier_2(@PathParam("id") final String id, @PathParam("taskId") final String taskId, @PathParam("commentId") final String commentId, @QueryParam("user") final String user, @QueryParam("group") final List<String> groups) {
        return processService.getComment(process, id, taskId, commentId, user, groups).orElseThrow(() -> new NotFoundException("Comment " + commentId + " not found"));
    }

    @GET
    @Path("/{id}/controle-dossier/{taskId}/comments")
    @Produces(MediaType.APPLICATION_JSON)
    public Collection<Comment> getComments_controle-dossier_2(@PathParam("id") final String id, @PathParam("taskId") final String taskId, @QueryParam("user") final String user, @QueryParam("group") final List<String> groups) {
        return processService.getComments(process, id, taskId, user, groups).orElseThrow(NotFoundException::new);
    }
}

[DEBUG] =====
[DEBUG] =====
[DEBUG] SOURCE SOURCE: org/kie/kogito/handlers/TacheServices_initt1_20_Handler.java
[DEBUG] =====
[DEBUG] package org.kie.kogito.handlers;

import org.kie.kogito.process.workitem.WorkItemExecutionException;

@javax.enterprise.context.ApplicationScoped()
public class TacheServices_initt1_20_Handler implements org.kie.kogito.internal.process.runtime.KogitoWorkItemHandler {

    fr.msa.imsa.services.TacheServices service;

    public TacheServices_initt1_20_Handler() {
        this(new fr.msa.imsa.services.TacheServices());
    }

    @javax.inject.Inject()
    public TacheServices_initt1_20_Handler(fr.msa.imsa.services.TacheServices service) {
        this.service = service;
    }

    public void executeWorkItem(org.kie.kogito.internal.process.runtime.KogitoWorkItem workItem, org.kie.kogito.internal.process.runtime.KogitoWorkItemManager workItemManager) {
        java.lang.Object result;
        result = service.initt1((java.lang.String) workItem.getParameter("numsecu"), (java.lang.String) workItem.getParameter("id"));
        workItemManager.completeWorkItem(workItem.getStringId(), java.util.Collections.singletonMap("Result", result));
    }

    public void abortWorkItem(org.kie.kogito.internal.process.runtime.KogitoWorkItem workItem, org.kie.kogito.internal.process.runtime.KogitoWorkItemManager workItemManager) {
    }

    public String getName() {
        return "fr.msa.imsa.services.TacheServices_initt1_20_Handler";
    }
}

[DEBUG] =====
[DEBUG] =====
[DEBUG] RESOURCE DASHBOARD: META-INF/resources/monitoring/dashboards/operational-dashboard-imsa-process-kogito_1.0.0-SNAPSHOT-Global.json
[DEBUG] =====
[DEBUG] {"id":"-915704429","uid":"266b8f87-250e-4b63-8d43-a17d20ac6ab3","title":"imsa-process-kogito_1.0.0-SNAPSHOT - Global - Operational Dashboard","tags":[],"style":"dark","timezone":"","editable":true,"hideControls":false,"graphTooltip":0,"panels":[{"type":"stat","title":"Global instances started","gridPos":{"x":0,"y":0,"w":12,"h":8},"id":1,"pluginVersion":"6.6.1","targets":[{"expr":"sum(kogito_process_instance_started_total)","format":"time_series","intervalFactor":1,"refId":"A","instant":true}],"links":[],"options":{"colorMode":"value","fieldOptions":{"calcs":["last"],"defaults":{"mappings":[],"thresholds":{"mode":"absolute","steps":[{"color":"green"}]}},"overrides":[],"values":false},"graphMode":"area","justifyMode":"auto","orientation":"auto"}},{"type":"stat","title":"Global running instances","gridPos":{"x":12,"y":0,"w":12,"h":8},"id":2,"pluginVersion":"6.6.1","targets":[{"expr":"sum(kogito_process_instance_running_total)","format":"time_series","intervalFactor":1,"refId":"A","instant":true}],"links":[],"options":{"colorMode":"value","fieldOptions":{"calcs":["last"],"defaults":{"mappings":[],"thresholds":{"mode":"absolute","steps":[{"color":"green"}]}},"overrides":[],"values":false},"graphMode":"area","justifyMode":"auto","orientation":"auto"}},{"type":"stat","title":"Global completed instances","gridPos":{"x":0,"y":8,"w":12,"h":8},"id":3,"pluginVersion":"6.6.1","targets":[{"expr":"sum(kogito_process_instance_completed_total)","format":"time_series","intervalFactor":1,"refId":"A","instant":true}],"links":[],"options":{"colorMode":"value","fieldOptions":{"calcs":["last"],"defaults":{"mappings":[],"thresholds":{"mode":"absolute","steps":[{"color":"green"}]}},"overrides":[],"values":false},"graphMode":"area","justifyMode":"auto","orientation":"auto"}},{"type":"stat","title":"Global SLA violated instances","gridPos":{"x":12,"y":8,"w":12,"h":8},"id":4,"pluginVersion":"6.6.1","targets":[{"expr":"sum(kogito_process_instance_sla_violated_total)","format":"time_series","intervalFactor":1,"refId":"A","instant":true}],"links":[],"options":{"colorMode":"value","fieldOptions":{"calcs":["last"],"defaults":{"mappings":[],"thresholds":{"mode":"absolute","steps":[{"color":"green"}]}},"overrides":[],"values":false},"graphMode":"area","justifyMode":"auto","orientation":"auto"}},{"type":"graph","title":"Global process execution time","gridPos":{"x":0,"y":16,"w":12,"h":8},"id":5,"pluginVersion":"6.6.1","targets":[{"expr":"avg_over_time(kogito_process_instance_duration_seconds_sum[1m])/avg_over_time(kogito_process_instance_duration_seconds_count[1m])","format":"time_series","intervalFactor":1,"refId":"A","instant":false,"legendFormat":"{{artifact_id}}"}],"links":[],"bars":false,"dashes":false,"fill":1,"fillGradient":0,"hiddenSeries":false,"linewidth":1,"pointradius":2,"points":false,"percentage":false,"renderer":"flot","spaceLength":10,"stack":false,"steppedLine":false,"lines":true,"aliasColors":{},"dashLength":0,"legend":{"alignAsTable":true,"avg":true,"current":true,"hideEmpty":false,"hideZero":false,"legend":false,"max":true,"min":true,"rightSide":false,"show":true,"total":false,"values":true},"nullPointMode":"null","seriesOverrides":[],"thresholds":[],"timeRegions":[],"tooltip":{"shared":true,"sort":0,"value_type":"individual","show":false,"showHistogram":false},"xaxis":{"mode":"time","show":true,"values":[]},"yaxes":[{"format":"s","logBase":1,"show":true,"label":""},{"format":"short","logBase":1,"show":false,"label":""}],"yaxis":{"align":false},"options":{"dataLinks":[]}}],"time":{"from":"now-3h","to":"now"},"timepicker":{"time_options":["5m","15m","1h","6h","12h","24h","2d","7d","30d"],"refresh_intervals":["5s","10s","30s","1m","5m","15m","30m","1h","2h","1d"],"now":false,"notice":false,"enable":false,"collapse":false},"templating":{"enable":false,"list":[]},"refresh":"10s","schemaVersion":22,"version":1,"links":[],"annotations":{"list":[{"builtIn":1,"datasource":"-- Grafana --","enable":true,"hide":true,"iconColor":"rgba(0, 211, 255, 1)","name":"Annotations & Alerts","type":"dashboard"}]}}
[DEBUG] =====
[DEBUG] =====
[DEBUG] SOURCE MESSAGE_CONSUMER: fr/msa/Imsa_processMessageConsumer_5.java
[DEBUG] =====
[DEBUG] /*
 * Copyright 2021 Red Hat, Inc. and/or its affiliates.
 *
 * Licensed under the Apache License, Version 2.0 (the "License");
 * you may not use this file except in compliance with the License.
 * You may obtain a copy of the License at
 *
 *       http://www.apache.org/licenses/LICENSE-2.0
 *
 * Unless required by applicable law or agreed to in writing, software
 * distributed under the License is distributed on an "AS IS" BASIS,
 * WITHOUT WARRANTIES OR CONDITIONS OF ANY KIND, either express or implied.
 * See the License for the specific language governing permissions and
 * limitations under the License.
 */
package fr.msa;

import java.util.concurrent.ExecutorService;
import javax.inject.Inject;
import javax.inject.Named;
import org.kie.kogito.Application;
import org.kie.kogito.conf.ConfigBean;
import org.kie.kogito.event.EventConverter;
import org.kie.kogito.event.EventReceiver;
import org.kie.kogito.event.KogitoEventExecutor;
import org.kie.kogito.event.impl.DefaultEventConsumerFactory;
import org.kie.kogito.process.Process;
import org.kie.kogito.process.ProcessService;
import org.kie.kogito.services.event.impl.AbstractMessageConsumer;

@io.quarkus.runtime.Startup
public class Imsa_processMessageConsumer_5 extends AbstractMessageConsumer<Imsa_processModel, String, Imsa_processMessageDataEvent_5> {

    @Inject
    Application application;

    @Inject
    EventConverter<String> eventConverter;

    @Inject
    @Named("imsa_process")
    Process<Imsa_processModel> process;

    @Inject
    ConfigBean configBean;

    @Inject
    @Named("kogito_incoming_stream_eventReceiver")
    EventReceiver eventReceiver;

    @Inject
    @javax.inject.Named(KogitoEventExecutor.BEAN_NAME)
    ExecutorService executorService;

    @Inject
    ProcessService processService;

    @javax.annotation.PostConstruct
    void init() {
        init(application, process, "initt2KO", new DefaultEventConsumerFactory(), eventReceiver, String.class, Imsa_processMessageDataEvent_5.class, configBean.useCloudEvents(), processService, executorService, eventConverter);
    }

    protected Imsa_processModel eventToModel(String event) {
        Imsa_processModel model = new Imsa_processModel();
        model.setInitt2(event);
        return model;
    }
}

[DEBUG] =====
[DEBUG] =====
[DEBUG] SOURCE MODEL: fr/msa/Imsa_processModelInput.java
[DEBUG] =====
[DEBUG] /*
 * Copyright 2020 Red Hat, Inc. and/or its affiliates.
 *
 * Licensed under the Apache License, Version 2.0 (the "License");
 * you may not use this file except in compliance with the License.
 * You may obtain a copy of the License at
 *
 *       http://www.apache.org/licenses/LICENSE-2.0
 *
 * Unless required by applicable law or agreed to in writing, software
 * distributed under the License is distributed on an "AS IS" BASIS,
 * WITHOUT WARRANTIES OR CONDITIONS OF ANY KIND, either express or implied.
 * See the License for the specific language governing permissions and
 * limitations under the License.
 */
package fr.msa;

import org.kie.kogito.MapInput;
import org.kie.kogito.MapInputId;
import org.kie.kogito.MapOutput;
import java.util.Map;
import java.util.HashMap;
import org.kie.kogito.MappableToModel;
import org.kie.kogito.Model;

@org.kie.kogito.codegen.Generated(value = "kogito-codegen", reference = "imsa_process", name = "Imsa_process", hidden = true)
public class Imsa_processModelInput implements Model, MapInput, MapInputId, MapOutput, MappableToModel<Imsa_processModel> {

    @org.kie.kogito.codegen.VariableInfo(tags = "")
    @com.fasterxml.jackson.annotation.JsonProperty(value = "numsecu")
    @javax.validation.Valid()
    private java.lang.String numsecu;

    public java.lang.String getNumsecu() {
        return numsecu;
    }

    public void setNumsecu(java.lang.String numsecu) {
        this.numsecu = numsecu;
    }

    @org.kie.kogito.codegen.VariableInfo(tags = "")
    @com.fasterxml.jackson.annotation.JsonProperty(value = "result")
    @javax.validation.Valid()
    private java.lang.String result;

    public java.lang.String getResult() {
        return result;
    }

    public void setResult(java.lang.String result) {
        this.result = result;
    }

    @org.kie.kogito.codegen.VariableInfo(tags = "")
    @com.fasterxml.jackson.annotation.JsonProperty(value = "initt1")
    @javax.validation.Valid()
    private java.lang.String initt1;

    public java.lang.String getInitt1() {
        return initt1;
    }

    public void setInitt1(java.lang.String initt1) {
        this.initt1 = initt1;
    }

    @org.kie.kogito.codegen.VariableInfo(tags = "")
    @com.fasterxml.jackson.annotation.JsonProperty(value = "processInstanceId")
    @javax.validation.Valid()
    private java.lang.String processInstanceId;

    public java.lang.String getProcessInstanceId() {
        return processInstanceId;
    }

    public void setProcessInstanceId(java.lang.String processInstanceId) {
        this.processInstanceId = processInstanceId;
    }

    @org.kie.kogito.codegen.VariableInfo(tags = "")
    @com.fasterxml.jackson.annotation.JsonProperty(value = "initt2")
    @javax.validation.Valid()
    private java.lang.String initt2;

    public java.lang.String getInitt2() {
        return initt2;
    }

    public void setInitt2(java.lang.String initt2) {
        this.initt2 = initt2;
    }

    @org.kie.kogito.codegen.VariableInfo(tags = "")
    @com.fasterxml.jackson.annotation.JsonProperty(value = "notif")
    @javax.validation.Valid()
    private java.lang.String notif;

    public java.lang.String getNotif() {
        return notif;
    }

    public void setNotif(java.lang.String notif) {
        this.notif = notif;
    }

    @org.kie.kogito.codegen.VariableInfo(tags = "")
    @com.fasterxml.jackson.annotation.JsonProperty(value = "controleDossier")
    @javax.validation.Valid()
    private java.lang.Boolean controleDossier;

    public java.lang.Boolean getControleDossier() {
        return controleDossier;
    }

    public void setControleDossier(java.lang.Boolean controleDossier) {
        this.controleDossier = controleDossier;
    }

    @org.kie.kogito.codegen.VariableInfo(tags = "")
    @com.fasterxml.jackson.annotation.JsonProperty(value = "initt3")
    @javax.validation.Valid()
    private java.lang.String initt3;

    public java.lang.String getInitt3() {
        return initt3;
    }

    public void setInitt3(java.lang.String initt3) {
        this.initt3 = initt3;
    }

    @org.kie.kogito.codegen.VariableInfo(tags = "")
    @com.fasterxml.jackson.annotation.JsonProperty(value = "newNotif")
    @javax.validation.Valid()
    private java.lang.Boolean newNotif;

    public java.lang.Boolean getNewNotif() {
        return newNotif;
    }

    public void setNewNotif(java.lang.Boolean newNotif) {
        this.newNotif = newNotif;
    }

    @org.kie.kogito.codegen.VariableInfo(tags = "")
    @com.fasterxml.jackson.annotation.JsonProperty(value = "dossier")
    @javax.validation.Valid()
    private fr.msa.imsa.model.Dossier dossier;

    public fr.msa.imsa.model.Dossier getDossier() {
        return dossier;
    }

    public void setDossier(fr.msa.imsa.model.Dossier dossier) {
        this.dossier = dossier;
    }

    @org.kie.kogito.codegen.VariableInfo(tags = "")
    @com.fasterxml.jackson.annotation.JsonProperty(value = "typeDemarrage")
    @javax.validation.Valid()
    private java.lang.String typeDemarrage;

    public java.lang.String getTypeDemarrage() {
        return typeDemarrage;
    }

    public void setTypeDemarrage(java.lang.String typeDemarrage) {
        this.typeDemarrage = typeDemarrage;
    }

    @org.kie.kogito.codegen.VariableInfo(tags = "")
    @com.fasterxml.jackson.annotation.JsonProperty(value = "controleNotif")
    @javax.validation.Valid()
    private java.lang.Boolean controleNotif;

    public java.lang.Boolean getControleNotif() {
        return controleNotif;
    }

    public void setControleNotif(java.lang.Boolean controleNotif) {
        this.controleNotif = controleNotif;
    }

    @Override()
    public Imsa_processModel toModel() {
        Imsa_processModel result = new Imsa_processModel();
        result.setNumsecu(getNumsecu());
        result.setResult(getResult());
        result.setInitt1(getInitt1());
        result.setProcessInstanceId(getProcessInstanceId());
        result.setInitt2(getInitt2());
        result.setNotif(getNotif());
        result.setControleDossier(getControleDossier());
        result.setInitt3(getInitt3());
        result.setNewNotif(getNewNotif());
        result.setDossier(getDossier());
        result.setTypeDemarrage(getTypeDemarrage());
        result.setControleNotif(getControleNotif());
        return result;
    }
}

[DEBUG] =====
[DEBUG] =====
[DEBUG] SOURCE SOURCE: fr/msa/Imsa_processMessageDataEvent_12.java
[DEBUG] =====
[DEBUG] /*
 * Copyright 2021 Red Hat, Inc. and/or its affiliates.
 *
 * Licensed under the Apache License, Version 2.0 (the "License");
 * you may not use this file except in compliance with the License.
 * You may obtain a copy of the License at
 *
 *       http://www.apache.org/licenses/LICENSE-2.0
 *
 * Unless required by applicable law or agreed to in writing, software
 * distributed under the License is distributed on an "AS IS" BASIS,
 * WITHOUT WARRANTIES OR CONDITIONS OF ANY KIND, either express or implied.
 * See the License for the specific language governing permissions and
 * limitations under the License.
 */
package fr.msa;

import org.kie.kogito.services.event.AbstractProcessDataEvent;

public class Imsa_processMessageDataEvent_12 extends AbstractProcessDataEvent<String> {

    public Imsa_processMessageDataEvent_12() {
    }

    public Imsa_processMessageDataEvent_12(String source, String body, String kogitoProcessinstanceId, String kogitoParentProcessinstanceId, String kogitoRootProcessinstanceId, String kogitoProcessId, String kogitoRootProcessId, String kogitoProcessinstanceState, String kogitoReferenceId) {
        this("Imsa_processMessageDataEvent_12", source, body, kogitoProcessinstanceId, kogitoParentProcessinstanceId, kogitoRootProcessinstanceId, kogitoProcessId, kogitoRootProcessId, kogitoProcessinstanceState, kogitoReferenceId);
    }

    public Imsa_processMessageDataEvent_12(String type, String source, String body, String kogitoProcessinstanceId, String kogitoParentProcessinstanceId, String kogitoRootProcessinstanceId, String kogitoProcessId, String kogitoRootProcessId, String kogitoProcessinstanceState, String kogitoReferenceId) {
        super(type, source, body, kogitoProcessinstanceId, kogitoParentProcessinstanceId, kogitoRootProcessinstanceId, kogitoProcessId, kogitoRootProcessId, kogitoProcessinstanceState, null, kogitoReferenceId);
    }
}

[DEBUG] =====
[DEBUG] =====
[DEBUG] SOURCE SOURCE: fr/msa/Imsa_processMessageDataEvent_25.java
[DEBUG] =====
[DEBUG] /*
 * Copyright 2021 Red Hat, Inc. and/or its affiliates.
 *
 * Licensed under the Apache License, Version 2.0 (the "License");
 * you may not use this file except in compliance with the License.
 * You may obtain a copy of the License at
 *
 *       http://www.apache.org/licenses/LICENSE-2.0
 *
 * Unless required by applicable law or agreed to in writing, software
 * distributed under the License is distributed on an "AS IS" BASIS,
 * WITHOUT WARRANTIES OR CONDITIONS OF ANY KIND, either express or implied.
 * See the License for the specific language governing permissions and
 * limitations under the License.
 */
package fr.msa;

import org.kie.kogito.services.event.AbstractProcessDataEvent;

public class Imsa_processMessageDataEvent_25 extends AbstractProcessDataEvent<fr.msa.imsa.model.Dossier> {

    public Imsa_processMessageDataEvent_25() {
    }

    public Imsa_processMessageDataEvent_25(String source, fr.msa.imsa.model.Dossier body, String kogitoProcessinstanceId, String kogitoParentProcessinstanceId, String kogitoRootProcessinstanceId, String kogitoProcessId, String kogitoRootProcessId, String kogitoProcessinstanceState, String kogitoReferenceId) {
        this("Imsa_processMessageDataEvent_25", source, body, kogitoProcessinstanceId, kogitoParentProcessinstanceId, kogitoRootProcessinstanceId, kogitoProcessId, kogitoRootProcessId, kogitoProcessinstanceState, kogitoReferenceId);
    }

    public Imsa_processMessageDataEvent_25(String type, String source, fr.msa.imsa.model.Dossier body, String kogitoProcessinstanceId, String kogitoParentProcessinstanceId, String kogitoRootProcessinstanceId, String kogitoProcessId, String kogitoRootProcessId, String kogitoProcessinstanceState, String kogitoReferenceId) {
        super(type, source, body, kogitoProcessinstanceId, kogitoParentProcessinstanceId, kogitoRootProcessinstanceId, kogitoProcessId, kogitoRootProcessId, kogitoProcessinstanceState, null, kogitoReferenceId);
    }
}

[DEBUG] =====
[DEBUG] =====
[DEBUG] SOURCE REST: org/kie/kogito/app/ProcessCloudEventMetaFactory.java
[DEBUG] =====
[DEBUG] package org.kie.kogito.app;

import org.kie.kogito.event.CloudEventMeta;

public class ProcessCloudEventMetaFactory {

    @javax.enterprise.inject.Produces()
    public CloudEventMeta buildCloudEventMeta_CONSUMED_initt2KO() {
        return new CloudEventMeta("initt2KO", "", org.kie.kogito.event.EventKind.CONSUMED);
    }

    @javax.enterprise.inject.Produces()
    public CloudEventMeta buildCloudEventMeta_CONSUMED_initt2OK() {
        return new CloudEventMeta("initt2OK", "", org.kie.kogito.event.EventKind.CONSUMED);
    }

    @javax.enterprise.inject.Produces()
    public CloudEventMeta buildCloudEventMeta_CONSUMED_initt1KO() {
        return new CloudEventMeta("initt1KO", "", org.kie.kogito.event.EventKind.CONSUMED);
    }

    @javax.enterprise.inject.Produces()
    public CloudEventMeta buildCloudEventMeta_CONSUMED_initt1OK() {
        return new CloudEventMeta("initt1OK", "", org.kie.kogito.event.EventKind.CONSUMED);
    }

    @javax.enterprise.inject.Produces()
    public CloudEventMeta buildCloudEventMeta_PRODUCED_end() {
        return new CloudEventMeta("process.imsa_process.end", "/process/imsa_process", org.kie.kogito.event.EventKind.PRODUCED);
    }

    @javax.enterprise.inject.Produces()
    public CloudEventMeta buildCloudEventMeta_CONSUMED_msaReq() {
        return new CloudEventMeta("msaReq", "", org.kie.kogito.event.EventKind.CONSUMED);
    }
}

[DEBUG] =====
[DEBUG] =====
[DEBUG] SOURCE SOURCE: org/kie/kogito/handlers/TacheServices_initt2_17_Handler.java
[DEBUG] =====
[DEBUG] package org.kie.kogito.handlers;

import org.kie.kogito.process.workitem.WorkItemExecutionException;

@javax.enterprise.context.ApplicationScoped()
public class TacheServices_initt2_17_Handler implements org.kie.kogito.internal.process.runtime.KogitoWorkItemHandler {

    fr.msa.imsa.services.TacheServices service;

    public TacheServices_initt2_17_Handler() {
        this(new fr.msa.imsa.services.TacheServices());
    }

    @javax.inject.Inject()
    public TacheServices_initt2_17_Handler(fr.msa.imsa.services.TacheServices service) {
        this.service = service;
    }

    public void executeWorkItem(org.kie.kogito.internal.process.runtime.KogitoWorkItem workItem, org.kie.kogito.internal.process.runtime.KogitoWorkItemManager workItemManager) {
        service.initt2((java.lang.String) workItem.getParameter("numsecu"), (java.lang.String) workItem.getParameter("id"));
        workItemManager.completeWorkItem(workItem.getStringId(), java.util.Collections.emptyMap());
    }

    public void abortWorkItem(org.kie.kogito.internal.process.runtime.KogitoWorkItem workItem, org.kie.kogito.internal.process.runtime.KogitoWorkItemManager workItemManager) {
    }

    public String getName() {
        return "fr.msa.imsa.services.TacheServices_initt2_17_Handler";
    }
}

[DEBUG] =====
[DEBUG] =====
[DEBUG] SOURCE MODEL: fr/msa/Imsa_process_19_TaskInput.java
[DEBUG] =====
[DEBUG] /*
 * Copyright 2019 Red Hat, Inc. and/or its affiliates.
 *
 * Licensed under the Apache License, Version 2.0 (the "License");
 * you may not use this file except in compliance with the License.
 * You may obtain a copy of the License at
 *
 *       http://www.apache.org/licenses/LICENSE-2.0
 *
 * Unless required by applicable law or agreed to in writing, software
 * distributed under the License is distributed on an "AS IS" BASIS,
 * WITHOUT WARRANTIES OR CONDITIONS OF ANY KIND, either express or implied.
 * See the License for the specific language governing permissions and
 * limitations under the License.
 */
package fr.msa;

import java.util.Map;
import org.kie.kogito.UserTask;
import org.kie.kogito.UserTaskParam.ParamType;
import org.kie.kogito.UserTaskParam;

@UserTask(taskName = "controle-dossier", processName = "imsa_process")
public class Imsa_process_19_TaskInput {

    public static Imsa_process_19_TaskInput fromMap(Map<String, Object> params) {
        Imsa_process_19_TaskInput item = new Imsa_process_19_TaskInput();
        item.numsecu = (java.lang.String) params.get("numsecu");
        item.initt1 = (java.lang.String) params.get("initt1");
        item.controleDossier = (java.lang.Boolean) params.get("controleDossier");
        return item;
    }

    @UserTaskParam(value = ParamType.INPUT)
    private java.lang.String numsecu;

    public java.lang.String getNumsecu() {
        return numsecu;
    }

    public void setNumsecu(java.lang.String numsecu) {
        this.numsecu = numsecu;
    }

    @UserTaskParam(value = ParamType.INPUT)
    private java.lang.String initt1;

    public java.lang.String getInitt1() {
        return initt1;
    }

    public void setInitt1(java.lang.String initt1) {
        this.initt1 = initt1;
    }

    @UserTaskParam(value = ParamType.INPUT)
    private java.lang.Boolean controleDossier;

    public java.lang.Boolean getControleDossier() {
        return controleDossier;
    }

    public void setControleDossier(java.lang.Boolean controleDossier) {
        this.controleDossier = controleDossier;
    }
}
// Task input for user task 'Controle dossier' in process 'imsa_process'

[DEBUG] =====
[DEBUG] =====
[DEBUG] SOURCE MESSAGE_CONSUMER: fr/msa/Imsa_processMessageConsumer_7.java
[DEBUG] =====
[DEBUG] /*
 * Copyright 2021 Red Hat, Inc. and/or its affiliates.
 *
 * Licensed under the Apache License, Version 2.0 (the "License");
 * you may not use this file except in compliance with the License.
 * You may obtain a copy of the License at
 *
 *       http://www.apache.org/licenses/LICENSE-2.0
 *
 * Unless required by applicable law or agreed to in writing, software
 * distributed under the License is distributed on an "AS IS" BASIS,
 * WITHOUT WARRANTIES OR CONDITIONS OF ANY KIND, either express or implied.
 * See the License for the specific language governing permissions and
 * limitations under the License.
 */
package fr.msa;

import java.util.concurrent.ExecutorService;
import javax.inject.Inject;
import javax.inject.Named;
import org.kie.kogito.Application;
import org.kie.kogito.conf.ConfigBean;
import org.kie.kogito.event.EventConverter;
import org.kie.kogito.event.EventReceiver;
import org.kie.kogito.event.KogitoEventExecutor;
import org.kie.kogito.event.impl.DefaultEventConsumerFactory;
import org.kie.kogito.process.Process;
import org.kie.kogito.process.ProcessService;
import org.kie.kogito.services.event.impl.AbstractMessageConsumer;

@io.quarkus.runtime.Startup
public class Imsa_processMessageConsumer_7 extends AbstractMessageConsumer<Imsa_processModel, String, Imsa_processMessageDataEvent_7> {

    @Inject
    Application application;

    @Inject
    EventConverter<String> eventConverter;

    @Inject
    @Named("imsa_process")
    Process<Imsa_processModel> process;

    @Inject
    ConfigBean configBean;

    @Inject
    @Named("kogito_incoming_stream_eventReceiver")
    EventReceiver eventReceiver;

    @Inject
    @javax.inject.Named(KogitoEventExecutor.BEAN_NAME)
    ExecutorService executorService;

    @Inject
    ProcessService processService;

    @javax.annotation.PostConstruct
    void init() {
        init(application, process, "initt2OK", new DefaultEventConsumerFactory(), eventReceiver, String.class, Imsa_processMessageDataEvent_7.class, configBean.useCloudEvents(), processService, executorService, eventConverter);
    }

    protected Imsa_processModel eventToModel(String event) {
        Imsa_processModel model = new Imsa_processModel();
        model.setInitt2(event);
        return model;
    }
}

[DEBUG] =====
[DEBUG] =====
[DEBUG] SOURCE MESSAGE_CONSUMER: fr/msa/Imsa_processMessageConsumer_12.java
[DEBUG] =====
[DEBUG] /*
 * Copyright 2021 Red Hat, Inc. and/or its affiliates.
 *
 * Licensed under the Apache License, Version 2.0 (the "License");
 * you may not use this file except in compliance with the License.
 * You may obtain a copy of the License at
 *
 *       http://www.apache.org/licenses/LICENSE-2.0
 *
 * Unless required by applicable law or agreed to in writing, software
 * distributed under the License is distributed on an "AS IS" BASIS,
 * WITHOUT WARRANTIES OR CONDITIONS OF ANY KIND, either express or implied.
 * See the License for the specific language governing permissions and
 * limitations under the License.
 */
package fr.msa;

import java.util.concurrent.ExecutorService;
import javax.inject.Inject;
import javax.inject.Named;
import org.kie.kogito.Application;
import org.kie.kogito.conf.ConfigBean;
import org.kie.kogito.event.EventConverter;
import org.kie.kogito.event.EventReceiver;
import org.kie.kogito.event.KogitoEventExecutor;
import org.kie.kogito.event.impl.DefaultEventConsumerFactory;
import org.kie.kogito.process.Process;
import org.kie.kogito.process.ProcessService;
import org.kie.kogito.services.event.impl.AbstractMessageConsumer;

@io.quarkus.runtime.Startup
public class Imsa_processMessageConsumer_12 extends AbstractMessageConsumer<Imsa_processModel, String, Imsa_processMessageDataEvent_12> {

    @Inject
    Application application;

    @Inject
    EventConverter<String> eventConverter;

    @Inject
    @Named("imsa_process")
    Process<Imsa_processModel> process;

    @Inject
    ConfigBean configBean;

    @Inject
    @Named("kogito_incoming_stream_eventReceiver")
    EventReceiver eventReceiver;

    @Inject
    @javax.inject.Named(KogitoEventExecutor.BEAN_NAME)
    ExecutorService executorService;

    @Inject
    ProcessService processService;

    @javax.annotation.PostConstruct
    void init() {
        init(application, process, "initt1OK", new DefaultEventConsumerFactory(), eventReceiver, String.class, Imsa_processMessageDataEvent_12.class, configBean.useCloudEvents(), processService, executorService, eventConverter);
    }

    protected Imsa_processModel eventToModel(String event) {
        Imsa_processModel model = new Imsa_processModel();
        model.setInitt1(event);
        return model;
    }
}

[DEBUG] =====
[DEBUG] =====
[DEBUG] SOURCE MODEL: fr/msa/Imsa_process_16_TaskModel.java
[DEBUG] =====
[DEBUG] /*
 * Copyright 2021 Red Hat, Inc. and/or its affiliates.
 *
 * Licensed under the Apache License, Version 2.0 (the "License");
 * you may not use this file except in compliance with the License.
 * You may obtain a copy of the License at
 *
 *       http://www.apache.org/licenses/LICENSE-2.0
 *
 * Unless required by applicable law or agreed to in writing, software
 * distributed under the License is distributed on an "AS IS" BASIS,
 * WITHOUT WARRANTIES OR CONDITIONS OF ANY KIND, either express or implied.
 * See the License for the specific language governing permissions and
 * limitations under the License.
 */
package fr.msa;

import org.kie.kogito.process.workitem.TaskModel;

public class Imsa_process_16_TaskModel implements TaskModel<fr.msa.Imsa_process_16_TaskInput, fr.msa.Imsa_process_16_TaskOutput> {

    private String id;

    private String name;

    private int state;

    private String phase;

    private String phaseStatus;

    private fr.msa.Imsa_process_16_TaskInput parameters;

    private fr.msa.Imsa_process_16_TaskOutput results;

    public void setId(String id) {
        this.id = id;
    }

    public String getId() {
        return id;
    }

    public void setName(String name) {
        this.name = name;
    }

    public String getName() {
        return name;
    }

    public int getState() {
        return state;
    }

    public void setState(int state) {
        this.state = state;
    }

    public String getPhase() {
        return phase;
    }

    public void setPhase(String phase) {
        this.phase = phase;
    }

    public String getPhaseStatus() {
        return phaseStatus;
    }

    public void setPhaseStatus(String phaseStatus) {
        this.phaseStatus = phaseStatus;
    }

    public fr.msa.Imsa_process_16_TaskInput getParameters() {
        return parameters;
    }

    public void setParameters(fr.msa.Imsa_process_16_TaskInput parameters) {
        this.parameters = parameters;
    }

    public fr.msa.Imsa_process_16_TaskOutput getResults() {
        return results;
    }

    public void setParams(fr.msa.Imsa_process_16_TaskOutput results) {
        this.results = results;
    }

    public static fr.msa.Imsa_process_16_TaskModel from(org.kie.kogito.process.WorkItem workItem) {
        fr.msa.Imsa_process_16_TaskModel taskModel = new fr.msa.Imsa_process_16_TaskModel();
        taskModel.id = workItem.getId();
        taskModel.name = workItem.getName();
        taskModel.state = workItem.getState();
        taskModel.phaseStatus = workItem.getPhaseStatus();
        taskModel.phase = workItem.getPhase();
        taskModel.parameters = fr.msa.Imsa_process_16_TaskInput.fromMap(workItem.getParameters());
        taskModel.results = fr.msa.Imsa_process_16_TaskOutput.fromMap(workItem.getResults());
        return taskModel;
    }
}
// Task model for user task 'Controle notif' in process 'imsa_process'

[DEBUG] =====
[DEBUG] =====
[DEBUG] RESOURCE DASHBOARD: META-INF/resources/monitoring/dashboards/operational-dashboard-imsa-process-kogito_1.0.0-SNAPSHOT-imsa_process.json
[DEBUG] =====
[DEBUG] {"id":"-594457087","uid":"d519335d-8295-474d-9c1a-1307d46a2256","title":"imsa-process-kogito_1.0.0-SNAPSHOT - imsa_process - Operational Dashboard","tags":[],"style":"dark","timezone":"","editable":true,"hideControls":false,"graphTooltip":0,"panels":[{"type":"stat","title":"imsa_process instances started","gridPos":{"x":0,"y":0,"w":12,"h":8},"id":1,"pluginVersion":"6.6.1","targets":[{"expr":"sum(kogito_process_instance_started_total{process_id='imsa_process'})","format":"time_series","intervalFactor":1,"refId":"A","instant":true}],"links":[],"options":{"colorMode":"value","fieldOptions":{"calcs":["last"],"defaults":{"mappings":[],"thresholds":{"mode":"absolute","steps":[{"color":"green"}]}},"overrides":[],"values":false},"graphMode":"area","justifyMode":"auto","orientation":"auto"}},{"type":"stat","title":"imsa_process running instances","gridPos":{"x":12,"y":0,"w":12,"h":8},"id":2,"pluginVersion":"6.6.1","targets":[{"expr":"sum(kogito_process_instance_running_total{process_id='imsa_process'})","format":"time_series","intervalFactor":1,"refId":"A","instant":true}],"links":[],"options":{"colorMode":"value","fieldOptions":{"calcs":["last"],"defaults":{"mappings":[],"thresholds":{"mode":"absolute","steps":[{"color":"green"}]}},"overrides":[],"values":false},"graphMode":"area","justifyMode":"auto","orientation":"auto"}},{"type":"stat","title":"imsa_process completed instances","gridPos":{"x":0,"y":8,"w":12,"h":8},"id":3,"pluginVersion":"6.6.1","targets":[{"expr":"sum(kogito_process_instance_completed_total{process_id='imsa_process'})","format":"time_series","intervalFactor":1,"refId":"A","instant":true}],"links":[],"options":{"colorMode":"value","fieldOptions":{"calcs":["last"],"defaults":{"mappings":[],"thresholds":{"mode":"absolute","steps":[{"color":"green"}]}},"overrides":[],"values":false},"graphMode":"area","justifyMode":"auto","orientation":"auto"}},{"type":"stat","title":"imsa_process SLA violated instances","gridPos":{"x":12,"y":8,"w":12,"h":8},"id":4,"pluginVersion":"6.6.1","targets":[{"expr":"sum(kogito_process_instance_sla_violated_total{process_id='imsa_process'})","format":"time_series","intervalFactor":1,"refId":"A","instant":true}],"links":[],"options":{"colorMode":"value","fieldOptions":{"calcs":["last"],"defaults":{"mappings":[],"thresholds":{"mode":"absolute","steps":[{"color":"green"}]}},"overrides":[],"values":false},"graphMode":"area","justifyMode":"auto","orientation":"auto"}},{"type":"graph","title":"imsa_process process execution time","gridPos":{"x":0,"y":16,"w":12,"h":8},"id":5,"pluginVersion":"6.6.1","targets":[{"expr":"avg_over_time(kogito_process_instance_duration_seconds_sum{process_id='imsa_process'}[1m])/avg_over_time(kogito_process_instance_duration_seconds_count{process_id='imsa_process'}[1m])","format":"time_series","intervalFactor":1,"refId":"A","instant":false,"legendFormat":"{{process_id}}"}],"links":[],"bars":false,"dashes":false,"fill":1,"fillGradient":0,"hiddenSeries":false,"linewidth":1,"pointradius":2,"points":false,"percentage":false,"renderer":"flot","spaceLength":10,"stack":false,"steppedLine":false,"lines":true,"aliasColors":{},"dashLength":0,"legend":{"alignAsTable":true,"avg":true,"current":true,"hideEmpty":false,"hideZero":false,"legend":false,"max":true,"min":true,"rightSide":false,"show":true,"total":false,"values":true},"nullPointMode":"null","seriesOverrides":[],"thresholds":[],"timeRegions":[],"tooltip":{"shared":true,"sort":0,"value_type":"individual","show":false,"showHistogram":false},"xaxis":{"mode":"time","show":true,"values":[]},"yaxes":[{"format":"s","logBase":1,"show":true,"label":""},{"format":"short","logBase":1,"show":false,"label":""}],"yaxis":{"align":false},"options":{"dataLinks":[]}}],"time":{"from":"now-3h","to":"now"},"timepicker":{"time_options":["5m","15m","1h","6h","12h","24h","2d","7d","30d"],"refresh_intervals":["5s","10s","30s","1m","5m","15m","30m","1h","2h","1d"],"now":false,"notice":false,"enable":false,"collapse":false},"templating":{"enable":false,"list":[]},"refresh":"10s","schemaVersion":22,"version":1,"links":[],"annotations":{"list":[{"builtIn":1,"datasource":"-- Grafana --","enable":true,"hide":true,"iconColor":"rgba(0, 211, 255, 1)","name":"Annotations & Alerts","type":"dashboard"}]}}
[DEBUG] =====
[DEBUG] =====
[DEBUG] SOURCE PROCESS_INSTANCE: fr/msa/Imsa_processProcessInstance.java
[DEBUG] =====
[DEBUG] package fr.msa;

public class Imsa_processProcessInstance extends org.kie.kogito.process.impl.AbstractProcessInstance<Imsa_processModel> {

    public Imsa_processProcessInstance(fr.msa.Imsa_processProcess process, Imsa_processModel value, org.kie.api.runtime.process.ProcessRuntime processRuntime) {
        super(process, value, processRuntime);
    }

    public Imsa_processProcessInstance(fr.msa.Imsa_processProcess process, Imsa_processModel value, java.lang.String businessKey, org.kie.api.runtime.process.ProcessRuntime processRuntime) {
        super(process, value, businessKey, processRuntime);
    }

    public Imsa_processProcessInstance(fr.msa.Imsa_processProcess process, Imsa_processModel value, org.kie.api.runtime.process.ProcessRuntime processRuntime, org.kie.api.runtime.process.WorkflowProcessInstance wpi) {
        super(process, value, processRuntime, wpi);
    }

    public Imsa_processProcessInstance(fr.msa.Imsa_processProcess process, Imsa_processModel value, org.kie.api.runtime.process.WorkflowProcessInstance wpi) {
        super(process, value, wpi);
    }

    protected java.util.Map<String, Object> bind(Imsa_processModel variables) {
        return variables.toMap();
    }

    protected void unbind(Imsa_processModel variables, java.util.Map<String, Object> vmap) {
        variables.fromMap(this.id(), vmap);
    }
}

[DEBUG] =====
[DEBUG] =====
[DEBUG] SOURCE SOURCE: fr/msa/Imsa_processMessageDataEvent_10.java
[DEBUG] =====
[DEBUG] /*
 * Copyright 2021 Red Hat, Inc. and/or its affiliates.
 *
 * Licensed under the Apache License, Version 2.0 (the "License");
 * you may not use this file except in compliance with the License.
 * You may obtain a copy of the License at
 *
 *       http://www.apache.org/licenses/LICENSE-2.0
 *
 * Unless required by applicable law or agreed to in writing, software
 * distributed under the License is distributed on an "AS IS" BASIS,
 * WITHOUT WARRANTIES OR CONDITIONS OF ANY KIND, either express or implied.
 * See the License for the specific language governing permissions and
 * limitations under the License.
 */
package fr.msa;

import org.kie.kogito.services.event.AbstractProcessDataEvent;

public class Imsa_processMessageDataEvent_10 extends AbstractProcessDataEvent<String> {

    public Imsa_processMessageDataEvent_10() {
    }

    public Imsa_processMessageDataEvent_10(String source, String body, String kogitoProcessinstanceId, String kogitoParentProcessinstanceId, String kogitoRootProcessinstanceId, String kogitoProcessId, String kogitoRootProcessId, String kogitoProcessinstanceState, String kogitoReferenceId) {
        this("Imsa_processMessageDataEvent_10", source, body, kogitoProcessinstanceId, kogitoParentProcessinstanceId, kogitoRootProcessinstanceId, kogitoProcessId, kogitoRootProcessId, kogitoProcessinstanceState, kogitoReferenceId);
    }

    public Imsa_processMessageDataEvent_10(String type, String source, String body, String kogitoProcessinstanceId, String kogitoParentProcessinstanceId, String kogitoRootProcessinstanceId, String kogitoProcessId, String kogitoRootProcessId, String kogitoProcessinstanceState, String kogitoReferenceId) {
        super(type, source, body, kogitoProcessinstanceId, kogitoParentProcessinstanceId, kogitoRootProcessinstanceId, kogitoProcessId, kogitoRootProcessId, kogitoProcessinstanceState, null, kogitoReferenceId);
    }
}

[DEBUG] =====
[DEBUG] =====
[DEBUG] SOURCE MODEL: fr/msa/Imsa_processModel.java
[DEBUG] =====
[DEBUG] /*
 * Copyright 2019 Red Hat, Inc. and/or its affiliates.
 *
 * Licensed under the Apache License, Version 2.0 (the "License");
 * you may not use this file except in compliance with the License.
 * You may obtain a copy of the License at
 *
 *       http://www.apache.org/licenses/LICENSE-2.0
 *
 * Unless required by applicable law or agreed to in writing, software
 * distributed under the License is distributed on an "AS IS" BASIS,
 * WITHOUT WARRANTIES OR CONDITIONS OF ANY KIND, either express or implied.
 * See the License for the specific language governing permissions and
 * limitations under the License.
 */
package fr.msa;

import org.kie.kogito.MapInput;
import org.kie.kogito.MapInputId;
import org.kie.kogito.MapOutput;
import java.util.Map;
import java.util.HashMap;
import org.kie.kogito.MappableToModel;
import org.kie.kogito.Model;

@org.kie.kogito.codegen.Generated(value = "kogito-codegen", reference = "imsa_process", name = "Imsa_process", hidden = false)
public class Imsa_processModel implements org.kie.kogito.Model, MapInput, MapInputId, MapOutput, MappableToModel<Imsa_processModelOutput> {

    private String id;

    public void setId(String id) {
        this.id = id;
    }

    public String getId() {
        return this.id;
    }

    @org.kie.kogito.codegen.VariableInfo(tags = "")
    @com.fasterxml.jackson.annotation.JsonProperty(value = "numsecu")
    @javax.validation.Valid()
    private java.lang.String numsecu;

    public java.lang.String getNumsecu() {
        return numsecu;
    }

    public void setNumsecu(java.lang.String numsecu) {
        this.numsecu = numsecu;
    }

    @org.kie.kogito.codegen.VariableInfo(tags = "")
    @com.fasterxml.jackson.annotation.JsonProperty(value = "result")
    @javax.validation.Valid()
    private java.lang.String result;

    public java.lang.String getResult() {
        return result;
    }

    public void setResult(java.lang.String result) {
        this.result = result;
    }

    @org.kie.kogito.codegen.VariableInfo(tags = "")
    @com.fasterxml.jackson.annotation.JsonProperty(value = "initt1")
    @javax.validation.Valid()
    private java.lang.String initt1;

    public java.lang.String getInitt1() {
        return initt1;
    }

    public void setInitt1(java.lang.String initt1) {
        this.initt1 = initt1;
    }

    @org.kie.kogito.codegen.VariableInfo(tags = "")
    @com.fasterxml.jackson.annotation.JsonProperty(value = "processInstanceId")
    @javax.validation.Valid()
    private java.lang.String processInstanceId;

    public java.lang.String getProcessInstanceId() {
        return processInstanceId;
    }

    public void setProcessInstanceId(java.lang.String processInstanceId) {
        this.processInstanceId = processInstanceId;
    }

    @org.kie.kogito.codegen.VariableInfo(tags = "")
    @com.fasterxml.jackson.annotation.JsonProperty(value = "initt2")
    @javax.validation.Valid()
    private java.lang.String initt2;

    public java.lang.String getInitt2() {
        return initt2;
    }

    public void setInitt2(java.lang.String initt2) {
        this.initt2 = initt2;
    }

    @org.kie.kogito.codegen.VariableInfo(tags = "")
    @com.fasterxml.jackson.annotation.JsonProperty(value = "notif")
    @javax.validation.Valid()
    private java.lang.String notif;

    public java.lang.String getNotif() {
        return notif;
    }

    public void setNotif(java.lang.String notif) {
        this.notif = notif;
    }

    @org.kie.kogito.codegen.VariableInfo(tags = "")
    @com.fasterxml.jackson.annotation.JsonProperty(value = "controleDossier")
    @javax.validation.Valid()
    private java.lang.Boolean controleDossier;

    public java.lang.Boolean getControleDossier() {
        return controleDossier;
    }

    public void setControleDossier(java.lang.Boolean controleDossier) {
        this.controleDossier = controleDossier;
    }

    @org.kie.kogito.codegen.VariableInfo(tags = "")
    @com.fasterxml.jackson.annotation.JsonProperty(value = "initt3")
    @javax.validation.Valid()
    private java.lang.String initt3;

    public java.lang.String getInitt3() {
        return initt3;
    }

    public void setInitt3(java.lang.String initt3) {
        this.initt3 = initt3;
    }

    @org.kie.kogito.codegen.VariableInfo(tags = "")
    @com.fasterxml.jackson.annotation.JsonProperty(value = "newNotif")
    @javax.validation.Valid()
    private java.lang.Boolean newNotif;

    public java.lang.Boolean getNewNotif() {
        return newNotif;
    }

    public void setNewNotif(java.lang.Boolean newNotif) {
        this.newNotif = newNotif;
    }

    @org.kie.kogito.codegen.VariableInfo(tags = "")
    @com.fasterxml.jackson.annotation.JsonProperty(value = "dossier")
    @javax.validation.Valid()
    private fr.msa.imsa.model.Dossier dossier;

    public fr.msa.imsa.model.Dossier getDossier() {
        return dossier;
    }

    public void setDossier(fr.msa.imsa.model.Dossier dossier) {
        this.dossier = dossier;
    }

    @org.kie.kogito.codegen.VariableInfo(tags = "")
    @com.fasterxml.jackson.annotation.JsonProperty(value = "typeDemarrage")
    @javax.validation.Valid()
    private java.lang.String typeDemarrage;

    public java.lang.String getTypeDemarrage() {
        return typeDemarrage;
    }

    public void setTypeDemarrage(java.lang.String typeDemarrage) {
        this.typeDemarrage = typeDemarrage;
    }

    @org.kie.kogito.codegen.VariableInfo(tags = "")
    @com.fasterxml.jackson.annotation.JsonProperty(value = "controleNotif")
    @javax.validation.Valid()
    private java.lang.Boolean controleNotif;

    public java.lang.Boolean getControleNotif() {
        return controleNotif;
    }

    public void setControleNotif(java.lang.Boolean controleNotif) {
        this.controleNotif = controleNotif;
    }

    @Override()
    public Imsa_processModelOutput toModel() {
        Imsa_processModelOutput result = new Imsa_processModelOutput();
        result.setId(getId());
        result.setNumsecu(getNumsecu());
        result.setResult(getResult());
        result.setInitt1(getInitt1());
        result.setProcessInstanceId(getProcessInstanceId());
        result.setInitt2(getInitt2());
        result.setNotif(getNotif());
        result.setControleDossier(getControleDossier());
        result.setInitt3(getInitt3());
        result.setNewNotif(getNewNotif());
        result.setDossier(getDossier());
        result.setTypeDemarrage(getTypeDemarrage());
        result.setControleNotif(getControleNotif());
        return result;
    }
}

[DEBUG] =====
[DEBUG] =====
[DEBUG] SOURCE MESSAGE_CONSUMER: fr/msa/Imsa_processMessageConsumer_25.java
[DEBUG] =====
[DEBUG] /*
 * Copyright 2021 Red Hat, Inc. and/or its affiliates.
 *
 * Licensed under the Apache License, Version 2.0 (the "License");
 * you may not use this file except in compliance with the License.
 * You may obtain a copy of the License at
 *
 *       http://www.apache.org/licenses/LICENSE-2.0
 *
 * Unless required by applicable law or agreed to in writing, software
 * distributed under the License is distributed on an "AS IS" BASIS,
 * WITHOUT WARRANTIES OR CONDITIONS OF ANY KIND, either express or implied.
 * See the License for the specific language governing permissions and
 * limitations under the License.
 */
package fr.msa;

import java.util.concurrent.ExecutorService;
import javax.inject.Inject;
import javax.inject.Named;
import org.kie.kogito.Application;
import org.kie.kogito.conf.ConfigBean;
import org.kie.kogito.event.EventConverter;
import org.kie.kogito.event.EventReceiver;
import org.kie.kogito.event.KogitoEventExecutor;
import org.kie.kogito.event.impl.DefaultEventConsumerFactory;
import org.kie.kogito.process.Process;
import org.kie.kogito.process.ProcessService;
import org.kie.kogito.services.event.impl.AbstractMessageConsumer;

@io.quarkus.runtime.Startup
public class Imsa_processMessageConsumer_25 extends AbstractMessageConsumer<Imsa_processModel, fr.msa.imsa.model.Dossier, Imsa_processMessageDataEvent_25> {

    @Inject
    Application application;

    @Inject
    EventConverter<String> eventConverter;

    @Inject
    @Named("imsa_process")
    Process<Imsa_processModel> process;

    @Inject
    ConfigBean configBean;

    @Inject
    @Named("kogito_incoming_stream_eventReceiver")
    EventReceiver eventReceiver;

    @Inject
    @javax.inject.Named(KogitoEventExecutor.BEAN_NAME)
    ExecutorService executorService;

    @Inject
    ProcessService processService;

    @javax.annotation.PostConstruct
    void init() {
        init(application, process, "msaReq", new DefaultEventConsumerFactory(), eventReceiver, fr.msa.imsa.model.Dossier.class, Imsa_processMessageDataEvent_25.class, configBean.useCloudEvents(), processService, executorService, eventConverter);
    }

    protected Imsa_processModel eventToModel(fr.msa.imsa.model.Dossier event) {
        Imsa_processModel model = new Imsa_processModel();
        model.setDossier(event);
        return model;
    }
}

[DEBUG] =====
[DEBUG] =====
[DEBUG] SOURCE SOURCE: fr/msa/Imsa_processMessageDataEvent_13.java
[DEBUG] =====
[DEBUG] /*
 * Copyright 2021 Red Hat, Inc. and/or its affiliates.
 *
 * Licensed under the Apache License, Version 2.0 (the "License");
 * you may not use this file except in compliance with the License.
 * You may obtain a copy of the License at
 *
 *       http://www.apache.org/licenses/LICENSE-2.0
 *
 * Unless required by applicable law or agreed to in writing, software
 * distributed under the License is distributed on an "AS IS" BASIS,
 * WITHOUT WARRANTIES OR CONDITIONS OF ANY KIND, either express or implied.
 * See the License for the specific language governing permissions and
 * limitations under the License.
 */
package fr.msa;

import org.kie.kogito.services.event.AbstractProcessDataEvent;

public class Imsa_processMessageDataEvent_13 extends AbstractProcessDataEvent<String> {

    public Imsa_processMessageDataEvent_13() {
    }

    public Imsa_processMessageDataEvent_13(String source, String body, String kogitoProcessinstanceId, String kogitoParentProcessinstanceId, String kogitoRootProcessinstanceId, String kogitoProcessId, String kogitoRootProcessId, String kogitoProcessinstanceState, String kogitoReferenceId) {
        this("Imsa_processMessageDataEvent_13", source, body, kogitoProcessinstanceId, kogitoParentProcessinstanceId, kogitoRootProcessinstanceId, kogitoProcessId, kogitoRootProcessId, kogitoProcessinstanceState, kogitoReferenceId);
    }

    public Imsa_processMessageDataEvent_13(String type, String source, String body, String kogitoProcessinstanceId, String kogitoParentProcessinstanceId, String kogitoRootProcessinstanceId, String kogitoProcessId, String kogitoRootProcessId, String kogitoProcessinstanceState, String kogitoReferenceId) {
        super(type, source, body, kogitoProcessinstanceId, kogitoParentProcessinstanceId, kogitoRootProcessinstanceId, kogitoProcessId, kogitoRootProcessId, kogitoProcessinstanceState, null, kogitoReferenceId);
    }
}

[DEBUG] =====
[DEBUG] =====
[DEBUG] SOURCE PROCESS: fr/msa/Imsa_processProcess.java
[DEBUG] =====
[DEBUG] package fr.msa;

import org.jbpm.process.core.datatype.impl.type.ObjectDataType;
import org.jbpm.ruleflow.core.RuleFlowProcessFactory;
import org.drools.core.util.KieFunctions;

@javax.enterprise.context.ApplicationScoped()
@javax.inject.Named("imsa_process")
@io.quarkus.runtime.Startup()
public class Imsa_processProcess extends org.kie.kogito.process.impl.AbstractProcess<fr.msa.Imsa_processModel> {

    @javax.inject.Inject()
    fr.msa.Imsa_processMessageProducer_13 producer_13;

    public Imsa_processProcess(org.kie.kogito.app.Application app, org.kie.kogito.process.ProcessInstancesFactory factory) {
        this(app, factory, new org.kie.kogito.handlers.TacheServices_initt3_15_Handler(), new org.kie.kogito.handlers.TacheServices_initt1_20_Handler(), new org.kie.kogito.handlers.TacheServices_initt2_17_Handler());
    }

    @javax.inject.Inject()
    public Imsa_processProcess(org.kie.kogito.app.Application app, org.kie.kogito.process.ProcessInstancesFactory factory, org.kie.kogito.handlers.TacheServices_initt3_15_Handler tacheServices_initt3_15_Handler, org.kie.kogito.handlers.TacheServices_initt1_20_Handler tacheServices_initt1_20_Handler, org.kie.kogito.handlers.TacheServices_initt2_17_Handler tacheServices_initt2_17_Handler) {
        super(app, java.util.Arrays.asList(tacheServices_initt3_15_Handler, tacheServices_initt1_20_Handler, tacheServices_initt2_17_Handler), factory);
        activate();
    }

    public Imsa_processProcess() {
    }

    @Override()
    public fr.msa.Imsa_processProcessInstance createInstance(fr.msa.Imsa_processModel value) {
        return new fr.msa.Imsa_processProcessInstance(this, value, this.createProcessRuntime());
    }

    public fr.msa.Imsa_processProcessInstance createInstance(java.lang.String businessKey, fr.msa.Imsa_processModel value) {
        return new fr.msa.Imsa_processProcessInstance(this, value, businessKey, this.createProcessRuntime());
    }

    @Override()
    public fr.msa.Imsa_processModel createModel() {
        return new fr.msa.Imsa_processModel();
    }

    public fr.msa.Imsa_processProcessInstance createInstance(org.kie.kogito.Model value) {
        return this.createInstance((fr.msa.Imsa_processModel) value);
    }

    public fr.msa.Imsa_processProcessInstance createInstance(java.lang.String businessKey, org.kie.kogito.Model value) {
        return this.createInstance(businessKey, (fr.msa.Imsa_processModel) value);
    }

    public fr.msa.Imsa_processProcessInstance createInstance(org.kie.api.runtime.process.WorkflowProcessInstance wpi) {
        return new fr.msa.Imsa_processProcessInstance(this, this.createModel(), this.createProcessRuntime(), wpi);
    }

    public fr.msa.Imsa_processProcessInstance createReadOnlyInstance(org.kie.api.runtime.process.WorkflowProcessInstance wpi) {
        return new fr.msa.Imsa_processProcessInstance(this, this.createModel(), wpi);
    }

    public org.kie.api.definition.process.Process process() {
        RuleFlowProcessFactory factory = RuleFlowProcessFactory.createProcess("imsa_process");
        factory.variable("numsecu", new ObjectDataType("java.lang.String", fr.msa.Imsa_processProcess.class.getClassLoader()), "customTags", null);
        factory.variable("initt1", new ObjectDataType("java.lang.String", fr.msa.Imsa_processProcess.class.getClassLoader()), "customTags", null);
        factory.variable("initt2", new ObjectDataType("java.lang.String", fr.msa.Imsa_processProcess.class.getClassLoader()), "customTags", null);
        factory.variable("initt3", new ObjectDataType("java.lang.String", fr.msa.Imsa_processProcess.class.getClassLoader()), "customTags", null);
        factory.variable("notif", new ObjectDataType("java.lang.String", fr.msa.Imsa_processProcess.class.getClassLoader()), "customTags", null);
        factory.variable("typeDemarrage", new ObjectDataType("java.lang.String", fr.msa.Imsa_processProcess.class.getClassLoader()), "customTags", null);
        factory.variable("result", new ObjectDataType("java.lang.String", fr.msa.Imsa_processProcess.class.getClassLoader()), "customTags", null);
        factory.variable("controleDossier", new ObjectDataType("java.lang.Boolean", fr.msa.Imsa_processProcess.class.getClassLoader()), "customTags", null);
        factory.variable("controleNotif", new ObjectDataType("java.lang.Boolean", fr.msa.Imsa_processProcess.class.getClassLoader()), "customTags", null);
        factory.variable("newNotif", new ObjectDataType("java.lang.Boolean", fr.msa.Imsa_processProcess.class.getClassLoader()), "customTags", null);
        factory.variable("processInstanceId", new ObjectDataType("java.lang.String", fr.msa.Imsa_processProcess.class.getClassLoader()), "customTags", null);
        factory.variable("dossier", new ObjectDataType("fr.msa.imsa.model.Dossier", fr.msa.Imsa_processProcess.class.getClassLoader()), "customTags", null);
        factory.name("imsa-prcoess");
        factory.packageName("fr.msa");
        factory.dynamic(false);
        factory.version("1.0");
        factory.visibility("Public");
        factory.metaData("TargetNamespace", "http://www.omg.org/bpmn20");
        factory.imports("fr.msa.imsa.model.Dossier");
        org.jbpm.ruleflow.core.factory.SplitFactory<?> splitNode1 = factory.splitNode(1);
        splitNode1.name("Split");
        splitNode1.type(2);
        splitNode1.metaData("UniqueId", "_F0F5FC71-160C-4399-B9D9-3AD122AA8765");
        splitNode1.metaData("x", 2688);
        splitNode1.metaData("width", 56);
        splitNode1.metaData("y", 344);
        splitNode1.metaData("Default", "_66949542-B9BE-4F24-85D7-65CE56792214");
        splitNode1.metaData("height", 56);
        splitNode1.constraint(3, "_3C149D95-84CC-41AC-BAC5-818D21FBB87D", "DROOLS_DEFAULT", "java", kcontext -> {
            java.lang.String numsecu = (java.lang.String) kcontext.getVariable("numsecu");
            java.lang.String initt1 = (java.lang.String) kcontext.getVariable("initt1");
            java.lang.String initt2 = (java.lang.String) kcontext.getVariable("initt2");
            java.lang.String initt3 = (java.lang.String) kcontext.getVariable("initt3");
            java.lang.String notif = (java.lang.String) kcontext.getVariable("notif");
            java.lang.String typeDemarrage = (java.lang.String) kcontext.getVariable("typeDemarrage");
            java.lang.String result = (java.lang.String) kcontext.getVariable("result");
            java.lang.Boolean controleDossier = (java.lang.Boolean) kcontext.getVariable("controleDossier");
            java.lang.Boolean controleNotif = (java.lang.Boolean) kcontext.getVariable("controleNotif");
            java.lang.Boolean newNotif = (java.lang.Boolean) kcontext.getVariable("newNotif");
            java.lang.String processInstanceId = (java.lang.String) kcontext.getVariable("processInstanceId");
            fr.msa.imsa.model.Dossier dossier = (fr.msa.imsa.model.Dossier) kcontext.getVariable("dossier");
            return !KieFunctions.isTrue(controleNotif);
        }, 0);
        splitNode1.constraint(15, "_66949542-B9BE-4F24-85D7-65CE56792214", "DROOLS_DEFAULT", "java", kcontext -> {
            java.lang.String numsecu = (java.lang.String) kcontext.getVariable("numsecu");
            java.lang.String initt1 = (java.lang.String) kcontext.getVariable("initt1");
            java.lang.String initt2 = (java.lang.String) kcontext.getVariable("initt2");
            java.lang.String initt3 = (java.lang.String) kcontext.getVariable("initt3");
            java.lang.String notif = (java.lang.String) kcontext.getVariable("notif");
            java.lang.String typeDemarrage = (java.lang.String) kcontext.getVariable("typeDemarrage");
            java.lang.String result = (java.lang.String) kcontext.getVariable("result");
            java.lang.Boolean controleDossier = (java.lang.Boolean) kcontext.getVariable("controleDossier");
            java.lang.Boolean controleNotif = (java.lang.Boolean) kcontext.getVariable("controleNotif");
            java.lang.Boolean newNotif = (java.lang.Boolean) kcontext.getVariable("newNotif");
            java.lang.String processInstanceId = (java.lang.String) kcontext.getVariable("processInstanceId");
            fr.msa.imsa.model.Dossier dossier = (fr.msa.imsa.model.Dossier) kcontext.getVariable("dossier");
            return KieFunctions.isTrue(controleNotif);
        }, 0);
        splitNode1.done();
        org.jbpm.ruleflow.core.factory.ActionNodeFactory<?> actionNode2 = factory.actionNode(2);
        actionNode2.name("init parameter");
        actionNode2.action(kcontext -> {
            java.lang.String numsecu = (java.lang.String) kcontext.getVariable("numsecu");
            java.lang.String typeDemarrage = (java.lang.String) kcontext.getVariable("typeDemarrage");
            java.lang.String processInstanceId = (java.lang.String) kcontext.getVariable("processInstanceId");
            fr.msa.imsa.model.Dossier dossier = (fr.msa.imsa.model.Dossier) kcontext.getVariable("dossier");
            kcontext.setVariable("numsecu", dossier.getNumsecu());
            kcontext.setVariable("typeDemarrage", dossier.getTypeDemarrage());
            processInstanceId = kcontext.getProcessInstance().getStringId();
            kcontext.setVariable("processInstanceId", processInstanceId);
        });
        actionNode2.metaData("UniqueId", "_4F3022B4-CF17-43E4-A6CC-03B2091D70AB");
        actionNode2.metaData("elementname", "init parameter");
        actionNode2.metaData("NodeType", "ScriptTask");
        actionNode2.metaData("x", 348);
        actionNode2.metaData("width", 154);
        actionNode2.metaData("y", 308);
        actionNode2.metaData("height", 102);
        actionNode2.done();
        org.jbpm.ruleflow.core.factory.EndNodeFactory<?> endNode3 = factory.endNode(3);
        endNode3.name("End");
        endNode3.terminate(false);
        endNode3.metaData("UniqueId", "_A2CB1484-6609-45A4-A3E5-1E1904CD9502");
        endNode3.metaData("x", 2832);
        endNode3.metaData("width", 56);
        endNode3.metaData("y", 529);
        endNode3.metaData("height", 56);
        endNode3.done();
        org.jbpm.ruleflow.core.factory.EndNodeFactory<?> endNode4 = factory.endNode(4);
        endNode4.name("End");
        endNode4.terminate(false);
        endNode4.metaData("UniqueId", "_A1C07312-EBBD-4913-A574-11AC8E1ACA1B");
        endNode4.metaData("x", 2435);
        endNode4.metaData("width", 56);
        endNode4.metaData("y", 534);
        endNode4.metaData("height", 56);
        endNode4.done();
        org.jbpm.ruleflow.core.factory.EventNodeFactory<?> eventNode5 = factory.eventNode(5);
        eventNode5.name("T2 KO");
        eventNode5.eventType("Message-initt2KO");
        eventNode5.variableName("initt2");
        eventNode5.metaData("UniqueId", "_20CE9497-C761-4FD8-86FB-6E2D11F1E136");
        eventNode5.metaData("elementname", "T2 KO");
        eventNode5.metaData("TriggerType", "ConsumeMessage");
        eventNode5.metaData("EventType", "message");
        eventNode5.metaData("x", 2330);
        eventNode5.metaData("width", 56);
        eventNode5.metaData("y", 535);
        eventNode5.metaData("TriggerRef", "initt2KO");
        eventNode5.metaData("MessageType", "String");
        eventNode5.metaData("height", 56);
        eventNode5.done();
        org.jbpm.ruleflow.core.factory.SplitFactory<?> splitNode6 = factory.splitNode(6);
        splitNode6.name("Wait t2");
        splitNode6.type(4);
        splitNode6.metaData("UniqueId", "_D49A6285-E372-4809-AFBF-F41069AFBDCF");
        splitNode6.metaData("elementname", "Wait t2");
        splitNode6.metaData("EventBased", "true");
        splitNode6.metaData("x", 2199);
        splitNode6.metaData("width", 56);
        splitNode6.metaData("y", 344);
        splitNode6.metaData("height", 56);
        splitNode6.done();
        org.jbpm.ruleflow.core.factory.EventNodeFactory<?> eventNode7 = factory.eventNode(7);
        eventNode7.name("T2 OK");
        eventNode7.eventType("Message-initt2OK");
        eventNode7.variableName("initt2");
        eventNode7.metaData("UniqueId", "_CD448E1E-7380-41D0-B472-9B41CD302652");
        eventNode7.metaData("elementname", "T2 OK");
        eventNode7.metaData("TriggerType", "ConsumeMessage");
        eventNode7.metaData("EventType", "message");
        eventNode7.metaData("x", 2339);
        eventNode7.metaData("width", 56);
        eventNode7.metaData("y", 344);
        eventNode7.metaData("TriggerRef", "initt2OK");
        eventNode7.metaData("MessageType", "String");
        eventNode7.metaData("height", 56);
        eventNode7.done();
        org.jbpm.ruleflow.core.factory.EndNodeFactory<?> endNode8 = factory.endNode(8);
        endNode8.name("End");
        endNode8.terminate(false);
        endNode8.metaData("UniqueId", "_CBFC9B48-D75C-4E24-86DE-1F979626609C");
        endNode8.metaData("x", 1932);
        endNode8.metaData("width", 56);
        endNode8.metaData("y", 553);
        endNode8.metaData("height", 56);
        endNode8.done();
        org.jbpm.ruleflow.core.factory.EndNodeFactory<?> endNode9 = factory.endNode(9);
        endNode9.name("End");
        endNode9.terminate(false);
        endNode9.metaData("UniqueId", "_D24D381E-6356-4445-A9CD-3D3D83C82898");
        endNode9.metaData("x", 1539);
        endNode9.metaData("width", 56);
        endNode9.metaData("y", 565);
        endNode9.metaData("height", 56);
        endNode9.done();
        org.jbpm.ruleflow.core.factory.EventNodeFactory<?> eventNode10 = factory.eventNode(10);
        eventNode10.name("T1 KO");
        eventNode10.eventType("Message-initt1KO");
        eventNode10.variableName("initt1");
        eventNode10.metaData("UniqueId", "_BBA26DDC-4E0C-4D8B-A5B6-358F3E1CE205");
        eventNode10.metaData("elementname", "T1 KO");
        eventNode10.metaData("TriggerType", "ConsumeMessage");
        eventNode10.metaData("EventType", "message");
        eventNode10.metaData("x", 1429);
        eventNode10.metaData("width", 56);
        eventNode10.metaData("y", 565);
        eventNode10.metaData("TriggerRef", "initt1KO");
        eventNode10.metaData("MessageType", "String");
        eventNode10.metaData("height", 56);
        eventNode10.done();
        org.jbpm.ruleflow.core.factory.SplitFactory<?> splitNode11 = factory.splitNode(11);
        splitNode11.name("Wait t1");
        splitNode11.type(4);
        splitNode11.metaData("UniqueId", "_5692591A-74A8-4C08-85B5-AF96AC3F7F79");
        splitNode11.metaData("elementname", "Wait t1");
        splitNode11.metaData("EventBased", "true");
        splitNode11.metaData("x", 1274);
        splitNode11.metaData("width", 56);
        splitNode11.metaData("y", 340);
        splitNode11.metaData("height", 56);
        splitNode11.done();
        org.jbpm.ruleflow.core.factory.EventNodeFactory<?> eventNode12 = factory.eventNode(12);
        eventNode12.name("T1 OK");
        eventNode12.eventType("Message-initt1OK");
        eventNode12.variableName("initt1");
        eventNode12.metaData("UniqueId", "_0F3670A6-D704-483D-9722-A073432FE757");
        eventNode12.metaData("elementname", "T1 OK");
        eventNode12.metaData("TriggerType", "ConsumeMessage");
        eventNode12.metaData("EventType", "message");
        eventNode12.metaData("x", 1429);
        eventNode12.metaData("width", 56);
        eventNode12.metaData("y", 340);
        eventNode12.metaData("TriggerRef", "initt1OK");
        eventNode12.metaData("MessageType", "String");
        eventNode12.metaData("height", 56);
        eventNode12.done();
        org.jbpm.ruleflow.core.factory.EndNodeFactory<?> endNode13 = factory.endNode(13);
        endNode13.name("End");
        endNode13.terminate(false);
        endNode13.action(kcontext -> {
            String object = (String) kcontext.getVariable("notif");
            org.drools.core.common.InternalKnowledgeRuntime runtime = (org.drools.core.common.InternalKnowledgeRuntime) kcontext.getKieRuntime();
            org.kie.kogito.internal.process.runtime.KogitoProcessInstance pi = (org.kie.kogito.internal.process.runtime.KogitoProcessInstance) kcontext.getProcessInstance();
            org.jbpm.process.instance.InternalProcessRuntime process = (org.jbpm.process.instance.InternalProcessRuntime) runtime.getProcessRuntime();
            process.getProcessEventSupport().fireOnMessage(pi, kcontext.getNodeInstance(), runtime, "end", object);
            producer_13.produce(pi, object);
        });
        endNode13.metaData("UniqueId", "_4FA46EB5-3ADA-4BDD-927D-456F61D2B68F");
        endNode13.metaData("TriggerType", "ProduceMessage");
        endNode13.metaData("EventType", "message");
        endNode13.metaData("TriggerRef", "end");
        endNode13.metaData("elementname", "End");
        endNode13.metaData("x", 3297);
        endNode13.metaData("width", 56);
        endNode13.metaData("y", 344);
        endNode13.metaData("MappingVariable", "notif");
        endNode13.metaData("MessageType", "String");
        endNode13.metaData("height", 56);
        endNode13.done();
        org.jbpm.ruleflow.core.factory.HumanTaskNodeFactory<?> humanTaskNode14 = factory.humanTaskNode(14);
        humanTaskNode14.name("New notif");
        humanTaskNode14.workParameter("TaskName", "Task");
        humanTaskNode14.workParameter("Skippable", "false");
        humanTaskNode14.workParameter("GroupId", "kie-server");
        humanTaskNode14.workParameter("NodeName", "New notif");
        humanTaskNode14.inMapping("numsecu", "numsecu");
        humanTaskNode14.inMapping("initt3", "initt3");
        humanTaskNode14.inMapping("newNotif", "newNotif");
        humanTaskNode14.outMapping("newNotif", "newNotif");
        humanTaskNode14.done();
        humanTaskNode14.metaData("UniqueId", "_B6A63C3B-34D5-4A1E-A2D6-1953C3428B14");
        humanTaskNode14.metaData("elementname", "New notif");
        humanTaskNode14.metaData("x", 3080);
        humanTaskNode14.metaData("width", 154);
        humanTaskNode14.metaData("y", 317);
        humanTaskNode14.metaData("height", 102);
        org.jbpm.ruleflow.core.factory.WorkItemNodeFactory<?> workItemNode15 = factory.workItemNode(15);
        workItemNode15.name("Init tache T3");
        workItemNode15.workName("fr.msa.imsa.services.TacheServices_initt3_15_Handler");
        workItemNode15.workParameter("Interface", "fr.msa.imsa.services.TacheServices");
        workItemNode15.workParameter("Operation", "initt3");
        workItemNode15.workParameter("interfaceImplementationRef", "fr.msa.imsa.services.TacheServices");
        workItemNode15.workParameter("operationImplementationRef", "initt3");
        workItemNode15.workParameter("implementation", "Java");
        workItemNode15.inMapping("numsecu", "numsecu");
        workItemNode15.inMapping("id", "processInstanceId");
        workItemNode15.outMapping("Result", "newNotif");
        workItemNode15.done();
        workItemNode15.metaData("UniqueId", "_9F4A3332-C2B0-4FFE-AAF4-02EC58182201");
        workItemNode15.metaData("Implementation", "Java");
        workItemNode15.metaData("elementname", "Init tache T3");
        workItemNode15.metaData("Type", "Service Task");
        workItemNode15.metaData("OperationRef", "_9F4A3332-C2B0-4FFE-AAF4-02EC58182201_ServiceOperation");
        workItemNode15.metaData("x", 2832);
        workItemNode15.metaData("width", 154);
        workItemNode15.metaData("y", 317);
        workItemNode15.metaData("height", 102);
        org.jbpm.ruleflow.core.factory.HumanTaskNodeFactory<?> humanTaskNode16 = factory.humanTaskNode(16);
        humanTaskNode16.name("Controle notif");
        humanTaskNode16.workParameter("TaskName", "Task");
        humanTaskNode16.workParameter("Skippable", "false");
        humanTaskNode16.workParameter("NodeName", "Controle notif");
        humanTaskNode16.inMapping("numsecu", "numsecu");
        humanTaskNode16.inMapping("initt2", "initt2");
        humanTaskNode16.inMapping("controleNotif", "controleNotif");
        humanTaskNode16.outMapping("controleNotif", "controleNotif");
        humanTaskNode16.done();
        humanTaskNode16.metaData("UniqueId", "_88CAA8E6-9D38-421F-8AC1-0771E8D5B0D5");
        humanTaskNode16.metaData("elementname", "Controle notif");
        humanTaskNode16.metaData("x", 2479);
        humanTaskNode16.metaData("width", 154);
        humanTaskNode16.metaData("y", 317);
        humanTaskNode16.metaData("height", 102);
        org.jbpm.ruleflow.core.factory.WorkItemNodeFactory<?> workItemNode17 = factory.workItemNode(17);
        workItemNode17.name("Init tache T2");
        workItemNode17.workName("fr.msa.imsa.services.TacheServices_initt2_17_Handler");
        workItemNode17.workParameter("Interface", "fr.msa.imsa.services.TacheServices");
        workItemNode17.workParameter("Operation", "initt2");
        workItemNode17.workParameter("interfaceImplementationRef", "fr.msa.imsa.services.TacheServices");
        workItemNode17.workParameter("operationImplementationRef", "initt2");
        workItemNode17.workParameter("implementation", "Java");
        workItemNode17.inMapping("numsecu", "numsecu");
        workItemNode17.inMapping("id", "processInstanceId");
        workItemNode17.done();
        workItemNode17.metaData("UniqueId", "_40362C77-3311-4682-B4D7-2409C7E87150");
        workItemNode17.metaData("Implementation", "Java");
        workItemNode17.metaData("elementname", "Init tache T2");
        workItemNode17.metaData("Type", "Service Task");
        workItemNode17.metaData("OperationRef", "_40362C77-3311-4682-B4D7-2409C7E87150_ServiceOperation");
        workItemNode17.metaData("x", 1961);
        workItemNode17.metaData("width", 154);
        workItemNode17.metaData("y", 317);
        workItemNode17.metaData("height", 102);
        org.jbpm.ruleflow.core.factory.SplitFactory<?> splitNode18 = factory.splitNode(18);
        splitNode18.name("Decision ?");
        splitNode18.type(2);
        splitNode18.metaData("UniqueId", "_E48302A5-359F-482B-9192-3A46DC1E797E");
        splitNode18.metaData("elementname", "Decision ?");
        splitNode18.metaData("x", 1828);
        splitNode18.metaData("width", 56);
        splitNode18.metaData("y", 340);
        splitNode18.metaData("Default", "_F9214DAD-81DA-4B3F-9009-7AA0067D6B88");
        splitNode18.metaData("height", 56);
        splitNode18.constraint(8, "_9EDB3266-B691-480A-89C5-E2314BB4DB75", "DROOLS_DEFAULT", "java", kcontext -> {
            java.lang.String numsecu = (java.lang.String) kcontext.getVariable("numsecu");
            java.lang.String initt1 = (java.lang.String) kcontext.getVariable("initt1");
            java.lang.String initt2 = (java.lang.String) kcontext.getVariable("initt2");
            java.lang.String initt3 = (java.lang.String) kcontext.getVariable("initt3");
            java.lang.String notif = (java.lang.String) kcontext.getVariable("notif");
            java.lang.String typeDemarrage = (java.lang.String) kcontext.getVariable("typeDemarrage");
            java.lang.String result = (java.lang.String) kcontext.getVariable("result");
            java.lang.Boolean controleDossier = (java.lang.Boolean) kcontext.getVariable("controleDossier");
            java.lang.Boolean controleNotif = (java.lang.Boolean) kcontext.getVariable("controleNotif");
            java.lang.Boolean newNotif = (java.lang.Boolean) kcontext.getVariable("newNotif");
            java.lang.String processInstanceId = (java.lang.String) kcontext.getVariable("processInstanceId");
            fr.msa.imsa.model.Dossier dossier = (fr.msa.imsa.model.Dossier) kcontext.getVariable("dossier");
            return !KieFunctions.isTrue(controleDossier);
        }, 0);
        splitNode18.constraint(17, "_F9214DAD-81DA-4B3F-9009-7AA0067D6B88", "DROOLS_DEFAULT", "java", kcontext -> {
            java.lang.String numsecu = (java.lang.String) kcontext.getVariable("numsecu");
            java.lang.String initt1 = (java.lang.String) kcontext.getVariable("initt1");
            java.lang.String initt2 = (java.lang.String) kcontext.getVariable("initt2");
            java.lang.String initt3 = (java.lang.String) kcontext.getVariable("initt3");
            java.lang.String notif = (java.lang.String) kcontext.getVariable("notif");
            java.lang.String typeDemarrage = (java.lang.String) kcontext.getVariable("typeDemarrage");
            java.lang.String result = (java.lang.String) kcontext.getVariable("result");
            java.lang.Boolean controleDossier = (java.lang.Boolean) kcontext.getVariable("controleDossier");
            java.lang.Boolean controleNotif = (java.lang.Boolean) kcontext.getVariable("controleNotif");
            java.lang.Boolean newNotif = (java.lang.Boolean) kcontext.getVariable("newNotif");
            java.lang.String processInstanceId = (java.lang.String) kcontext.getVariable("processInstanceId");
            fr.msa.imsa.model.Dossier dossier = (fr.msa.imsa.model.Dossier) kcontext.getVariable("dossier");
            return KieFunctions.isTrue(controleDossier);
        }, 0);
        splitNode18.done();
        org.jbpm.ruleflow.core.factory.HumanTaskNodeFactory<?> humanTaskNode19 = factory.humanTaskNode(19);
        humanTaskNode19.name("Controle dossier");
        humanTaskNode19.workParameter("TaskName", "controle-dossier");
        humanTaskNode19.workParameter("Skippable", "false");
        humanTaskNode19.workParameter("GroupId", "kie-server");
        humanTaskNode19.workParameter("NodeName", "Controle dossier");
        humanTaskNode19.inMapping("numsecu", "numsecu");
        humanTaskNode19.inMapping("initt1", "initt1");
        humanTaskNode19.inMapping("controleDossier", "controleDossier");
        humanTaskNode19.outMapping("controleDossier", "controleDossier");
        humanTaskNode19.done();
        humanTaskNode19.metaData("UniqueId", "_D9BE33DC-DADD-42EA-98EB-1928B19ABDD1");
        humanTaskNode19.metaData("elementname", "Controle dossier");
        humanTaskNode19.metaData("x", 1584);
        humanTaskNode19.metaData("width", 154);
        humanTaskNode19.metaData("y", 317);
        humanTaskNode19.metaData("height", 102);
        org.jbpm.ruleflow.core.factory.WorkItemNodeFactory<?> workItemNode20 = factory.workItemNode(20);
        workItemNode20.name("Init tache T1");
        workItemNode20.workName("fr.msa.imsa.services.TacheServices_initt1_20_Handler");
        workItemNode20.workParameter("Interface", "fr.msa.imsa.services.TacheServices");
        workItemNode20.workParameter("Operation", "initt1");
        workItemNode20.workParameter("interfaceImplementationRef", "fr.msa.imsa.services.TacheServices");
        workItemNode20.workParameter("operationImplementationRef", "initt1");
        workItemNode20.workParameter("implementation", "Java");
        workItemNode20.inMapping("numsecu", "numsecu");
        workItemNode20.inMapping("id", "processInstanceId");
        workItemNode20.outMapping("Result", "result");
        workItemNode20.done();
        workItemNode20.metaData("UniqueId", "_E2B337F0-8B99-4C59-BF59-310BA626D045");
        workItemNode20.metaData("customAsync", "true");
        workItemNode20.metaData("Implementation", "Java");
        workItemNode20.metaData("elementname", "Init tache T1");
        workItemNode20.metaData("Type", "Service Task");
        workItemNode20.metaData("OperationRef", "_E2B337F0-8B99-4C59-BF59-310BA626D045_ServiceOperation");
        workItemNode20.metaData("x", 1036);
        workItemNode20.metaData("width", 154);
        workItemNode20.metaData("y", 317);
        workItemNode20.metaData("height", 102);
        org.jbpm.ruleflow.core.factory.JoinFactory<?> joinNode21 = factory.joinNode(21);
        joinNode21.name("Join");
        joinNode21.type(2);
        joinNode21.metaData("UniqueId", "_9E5E2131-B366-41F0-99EB-2E64A44E0245");
        joinNode21.metaData("x", 910);
        joinNode21.metaData("width", 56);
        joinNode21.metaData("y", 340);
        joinNode21.metaData("height", 56);
        joinNode21.done();
        org.jbpm.ruleflow.core.factory.ActionNodeFactory<?> actionNode22 = factory.actionNode(22);
        actionNode22.name("Calcul date echeance");
        actionNode22.action(kcontext -> {
            java.lang.String typeDemarrage = (java.lang.String) kcontext.getVariable("typeDemarrage");
            System.out.println("Type Demarrage " + typeDemarrage);
        });
        actionNode22.metaData("UniqueId", "_718AB947-060F-40AE-A002-BCCB5F5C9FA3");
        actionNode22.metaData("elementname", "Calcul date echeance");
        actionNode22.metaData("NodeType", "ScriptTask");
        actionNode22.metaData("x", 719);
        actionNode22.metaData("width", 154);
        actionNode22.metaData("y", 512);
        actionNode22.metaData("height", 102);
        actionNode22.done();
        org.jbpm.ruleflow.core.factory.ActionNodeFactory<?> actionNode23 = factory.actionNode(23);
        actionNode23.name("Calcul de date echeance et MAJ Contexte");
        actionNode23.action(kcontext -> {
            java.lang.String typeDemarrage = (java.lang.String) kcontext.getVariable("typeDemarrage");
            System.out.println("Type Demarrage " + typeDemarrage);
        });
        actionNode23.metaData("UniqueId", "_94A27F0E-78A0-4758-829F-8CA26488B374");
        actionNode23.metaData("elementname", "Calcul de date echeance et MAJ Contexte");
        actionNode23.metaData("NodeType", "ScriptTask");
        actionNode23.metaData("x", 709);
        actionNode23.metaData("width", 154);
        actionNode23.metaData("y", 130);
        actionNode23.metaData("height", 102);
        actionNode23.done();
        org.jbpm.ruleflow.core.factory.SplitFactory<?> splitNode24 = factory.splitNode(24);
        splitNode24.name("demarrage");
        splitNode24.type(2);
        splitNode24.metaData("UniqueId", "_F034EB57-3293-47ED-8503-2E6712FB6DE8");
        splitNode24.metaData("elementname", "demarrage");
        splitNode24.metaData("x", 606);
        splitNode24.metaData("width", 56);
        splitNode24.metaData("y", 331);
        splitNode24.metaData("Default", "_17B9DE43-3676-411D-B9CD-A9C9B73C5409");
        splitNode24.metaData("height", 56);
        splitNode24.constraint(22, "_46062AD0-082F-45B0-8A83-74D53E8EA899", "DROOLS_DEFAULT", "java", kcontext -> {
            java.lang.String numsecu = (java.lang.String) kcontext.getVariable("numsecu");
            java.lang.String initt1 = (java.lang.String) kcontext.getVariable("initt1");
            java.lang.String initt2 = (java.lang.String) kcontext.getVariable("initt2");
            java.lang.String initt3 = (java.lang.String) kcontext.getVariable("initt3");
            java.lang.String notif = (java.lang.String) kcontext.getVariable("notif");
            java.lang.String typeDemarrage = (java.lang.String) kcontext.getVariable("typeDemarrage");
            java.lang.String result = (java.lang.String) kcontext.getVariable("result");
            java.lang.Boolean controleDossier = (java.lang.Boolean) kcontext.getVariable("controleDossier");
            java.lang.Boolean controleNotif = (java.lang.Boolean) kcontext.getVariable("controleNotif");
            java.lang.Boolean newNotif = (java.lang.Boolean) kcontext.getVariable("newNotif");
            java.lang.String processInstanceId = (java.lang.String) kcontext.getVariable("processInstanceId");
            fr.msa.imsa.model.Dossier dossier = (fr.msa.imsa.model.Dossier) kcontext.getVariable("dossier");
            return KieFunctions.equalsTo(typeDemarrage, "SYNC");
        }, 0);
        splitNode24.constraint(23, "_17B9DE43-3676-411D-B9CD-A9C9B73C5409", "DROOLS_DEFAULT", "java", kcontext -> {
            java.lang.String numsecu = (java.lang.String) kcontext.getVariable("numsecu");
            java.lang.String initt1 = (java.lang.String) kcontext.getVariable("initt1");
            java.lang.String initt2 = (java.lang.String) kcontext.getVariable("initt2");
            java.lang.String initt3 = (java.lang.String) kcontext.getVariable("initt3");
            java.lang.String notif = (java.lang.String) kcontext.getVariable("notif");
            java.lang.String typeDemarrage = (java.lang.String) kcontext.getVariable("typeDemarrage");
            java.lang.String result = (java.lang.String) kcontext.getVariable("result");
            java.lang.Boolean controleDossier = (java.lang.Boolean) kcontext.getVariable("controleDossier");
            java.lang.Boolean controleNotif = (java.lang.Boolean) kcontext.getVariable("controleNotif");
            java.lang.Boolean newNotif = (java.lang.Boolean) kcontext.getVariable("newNotif");
            java.lang.String processInstanceId = (java.lang.String) kcontext.getVariable("processInstanceId");
            fr.msa.imsa.model.Dossier dossier = (fr.msa.imsa.model.Dossier) kcontext.getVariable("dossier");
            return KieFunctions.equalsTo(typeDemarrage, "ASYNC");
        }, 0);
        splitNode24.done();
        org.jbpm.ruleflow.core.factory.StartNodeFactory<?> startNode25 = factory.startNode(25);
        startNode25.name("Start");
        startNode25.interrupting(true);
        startNode25.metaData("TriggerMapping", "dossier");
        startNode25.metaData("UniqueId", "_5D14793B-E94B-4C27-B161-B5824A41E004");
        startNode25.metaData("TriggerType", "ConsumeMessage");
        startNode25.metaData("EventType", "message");
        startNode25.metaData("TriggerRef", "msaReq");
        startNode25.metaData("elementname", "Start");
        startNode25.metaData("x", 209);
        startNode25.metaData("width", 56);
        startNode25.metaData("y", 331);
        startNode25.metaData("MessageType", "fr.msa.imsa.model.Dossier");
        startNode25.metaData("height", 56);
        startNode25.done();
        startNode25.trigger("msaReq", "dossier", "dossier");
        factory.connection(16, 1, "_4B4FDE5A-1FF4-4658-981C-67E648C90936");
        factory.connection(25, 2, "_1861AFC1-AF0C-4C5C-B792-6370419800A6");
        factory.connection(1, 3, "_3C149D95-84CC-41AC-BAC5-818D21FBB87D");
        factory.connection(5, 4, "_FEF91EF0-92A7-4FE7-A99E-0913E0AB4D50");
        factory.connection(6, 5, "_127AFA9E-7AD8-4E5F-8C09-0A68FD2A77C7");
        factory.connection(17, 6, "_BB364BEF-94ED-4EA9-A01F-76AE49DAA1CD");
        factory.connection(6, 7, "_74E5B769-B223-4FFE-BC7C-CBB76564911C");
        factory.connection(18, 8, "_9EDB3266-B691-480A-89C5-E2314BB4DB75");
        factory.connection(10, 9, "_E55A601A-6F9D-4A73-B620-4D96DDA9E3EE");
        factory.connection(11, 10, "_46ACFB70-0487-48B6-A235-DF493B2FEAF0");
        factory.connection(20, 11, "_5E67DAEF-8F8C-431B-8289-1E2DC1841C20");
        factory.connection(11, 12, "_44A2BAEC-C69F-4F0C-9317-DA54C834F21E");
        factory.connection(14, 13, "_42D1017D-27CF-4538-8F8B-D8F02D6E6203");
        factory.connection(15, 14, "_01E4B7EE-65A4-4621-837A-9E808994034F");
        factory.connection(1, 15, "_66949542-B9BE-4F24-85D7-65CE56792214");
        factory.connection(7, 16, "_88D3AFB0-A71C-450B-A46E-157BD39CBD13");
        factory.connection(18, 17, "_F9214DAD-81DA-4B3F-9009-7AA0067D6B88");
        factory.connection(19, 18, "_59C1C5BC-1DE0-4587-B3AC-C2E94DB90483");
        factory.connection(12, 19, "_263EDD1B-748E-4246-BC38-FF4421282D6B");
        factory.connection(21, 20, "_9F3DBC8B-42C5-443F-9558-4FC2475F98C4");
        factory.connection(22, 21, "_3AEE77EE-45D0-4B18-9AFD-E16D0E7B4E6A");
        factory.connection(23, 21, "_5DF63A58-8E01-4B18-AEA3-589FE2FB7DF8");
        factory.connection(24, 22, "_46062AD0-082F-45B0-8A83-74D53E8EA899");
        factory.connection(24, 23, "_17B9DE43-3676-411D-B9CD-A9C9B73C5409");
        factory.connection(2, 24, "_09B0BE72-804C-46BA-984B-FEC345F2AD1A");
        factory.validate();
        return factory.getProcess();
    }
}

[DEBUG] =====
[DEBUG] =====
[DEBUG] SOURCE PRODUCER: org/kie/kogito/app/ProcessServiceProducer.java
[DEBUG] =====
[DEBUG] /*
 *  Copyright 2021 Red Hat, Inc. and/or its affiliates.
 *
 *  Licensed under the Apache License, Version 2.0 (the "License");
 *  you may not use this file except in compliance with the License.
 *  You may obtain a copy of the License at
 *
 *        http://www.apache.org/licenses/LICENSE-2.0
 *
 *  Unless required by applicable law or agreed to in writing, software
 *  distributed under the License is distributed on an "AS IS" BASIS,
 *  WITHOUT WARRANTIES OR CONDITIONS OF ANY KIND, either express or implied.
 *  See the License for the specific language governing permissions and
 *  limitations under the License.
 */
package org.kie.kogito.app;

import javax.enterprise.context.ApplicationScoped;
import javax.enterprise.inject.Produces;
import org.kie.kogito.Application;
import org.kie.kogito.process.ProcessService;
import org.kie.kogito.process.impl.ProcessServiceImpl;

@ApplicationScoped
public class ProcessServiceProducer {

    @Produces
    public ProcessService processService(Application application) {
        return new ProcessServiceImpl(application);
    }
}

[DEBUG] =====
[DEBUG] =====
[DEBUG] SOURCE PRODUCER: org/kie/kogito/app/EventConverterProducer.java
[DEBUG] =====
[DEBUG] /*
 *  Copyright 2021 Red Hat, Inc. and/or its affiliates.
 *
 *  Licensed under the Apache License, Version 2.0 (the "License");
 *  you may not use this file except in compliance with the License.
 *  You may obtain a copy of the License at
 *
 *        http://www.apache.org/licenses/LICENSE-2.0
 *
 *  Unless required by applicable law or agreed to in writing, software
 *  distributed under the License is distributed on an "AS IS" BASIS,
 *  WITHOUT WARRANTIES OR CONDITIONS OF ANY KIND, either express or implied.
 *  See the License for the specific language governing permissions and
 *  limitations under the License.
 */
package org.kie.kogito.app;

import javax.enterprise.context.ApplicationScoped;
import javax.enterprise.inject.Produces;
import javax.inject.Inject;
import org.kie.kogito.event.EventConverter;
import org.kie.kogito.services.event.impl.JsonStringToObject;
import com.fasterxml.jackson.databind.ObjectMapper;

@ApplicationScoped
public class EventConverterProducer {

    @Inject
    ObjectMapper objectMapper;

    @Produces
    public EventConverter<String> getEventConverter() {
        return new JsonStringToObject(objectMapper);
    }
}

[DEBUG] =====
[DEBUG] =====
[DEBUG] SOURCE MODEL: fr/msa/Imsa_process_16_TaskInput.java
[DEBUG] =====
[DEBUG] /*
 * Copyright 2019 Red Hat, Inc. and/or its affiliates.
 *
 * Licensed under the Apache License, Version 2.0 (the "License");
 * you may not use this file except in compliance with the License.
 * You may obtain a copy of the License at
 *
 *       http://www.apache.org/licenses/LICENSE-2.0
 *
 * Unless required by applicable law or agreed to in writing, software
 * distributed under the License is distributed on an "AS IS" BASIS,
 * WITHOUT WARRANTIES OR CONDITIONS OF ANY KIND, either express or implied.
 * See the License for the specific language governing permissions and
 * limitations under the License.
 */
package fr.msa;

import java.util.Map;
import org.kie.kogito.UserTask;
import org.kie.kogito.UserTaskParam.ParamType;
import org.kie.kogito.UserTaskParam;

@UserTask(taskName = "Task", processName = "imsa_process")
public class Imsa_process_16_TaskInput {

    public static Imsa_process_16_TaskInput fromMap(Map<String, Object> params) {
        Imsa_process_16_TaskInput item = new Imsa_process_16_TaskInput();
        item.numsecu = (java.lang.String) params.get("numsecu");
        item.initt2 = (java.lang.String) params.get("initt2");
        item.controleNotif = (java.lang.Boolean) params.get("controleNotif");
        return item;
    }

    @UserTaskParam(value = ParamType.INPUT)
    private java.lang.String numsecu;

    public java.lang.String getNumsecu() {
        return numsecu;
    }

    public void setNumsecu(java.lang.String numsecu) {
        this.numsecu = numsecu;
    }

    @UserTaskParam(value = ParamType.INPUT)
    private java.lang.String initt2;

    public java.lang.String getInitt2() {
        return initt2;
    }

    public void setInitt2(java.lang.String initt2) {
        this.initt2 = initt2;
    }

    @UserTaskParam(value = ParamType.INPUT)
    private java.lang.Boolean controleNotif;

    public java.lang.Boolean getControleNotif() {
        return controleNotif;
    }

    public void setControleNotif(java.lang.Boolean controleNotif) {
        this.controleNotif = controleNotif;
    }
}
// Task input for user task 'Controle notif' in process 'imsa_process'

[DEBUG] =====
[DEBUG] =====
[DEBUG] SOURCE SOURCE: fr/msa/Imsa_processMessageDataEvent_5.java
[DEBUG] =====
[DEBUG] /*
 * Copyright 2021 Red Hat, Inc. and/or its affiliates.
 *
 * Licensed under the Apache License, Version 2.0 (the "License");
 * you may not use this file except in compliance with the License.
 * You may obtain a copy of the License at
 *
 *       http://www.apache.org/licenses/LICENSE-2.0
 *
 * Unless required by applicable law or agreed to in writing, software
 * distributed under the License is distributed on an "AS IS" BASIS,
 * WITHOUT WARRANTIES OR CONDITIONS OF ANY KIND, either express or implied.
 * See the License for the specific language governing permissions and
 * limitations under the License.
 */
package fr.msa;

import org.kie.kogito.services.event.AbstractProcessDataEvent;

public class Imsa_processMessageDataEvent_5 extends AbstractProcessDataEvent<String> {

    public Imsa_processMessageDataEvent_5() {
    }

    public Imsa_processMessageDataEvent_5(String source, String body, String kogitoProcessinstanceId, String kogitoParentProcessinstanceId, String kogitoRootProcessinstanceId, String kogitoProcessId, String kogitoRootProcessId, String kogitoProcessinstanceState, String kogitoReferenceId) {
        this("Imsa_processMessageDataEvent_5", source, body, kogitoProcessinstanceId, kogitoParentProcessinstanceId, kogitoRootProcessinstanceId, kogitoProcessId, kogitoRootProcessId, kogitoProcessinstanceState, kogitoReferenceId);
    }

    public Imsa_processMessageDataEvent_5(String type, String source, String body, String kogitoProcessinstanceId, String kogitoParentProcessinstanceId, String kogitoRootProcessinstanceId, String kogitoProcessId, String kogitoRootProcessId, String kogitoProcessinstanceState, String kogitoReferenceId) {
        super(type, source, body, kogitoProcessinstanceId, kogitoParentProcessinstanceId, kogitoRootProcessinstanceId, kogitoProcessId, kogitoRootProcessId, kogitoProcessinstanceState, null, kogitoReferenceId);
    }
}

[DEBUG] =====
[DEBUG] =====
[DEBUG] SOURCE PRODUCER: org/kie/kogito/app/EventMarshallerProducer.java
[DEBUG] =====
[DEBUG] /*
 *  Copyright 2021 Red Hat, Inc. and/or its affiliates.
 *
 *  Licensed under the Apache License, Version 2.0 (the "License");
 *  you may not use this file except in compliance with the License.
 *  You may obtain a copy of the License at
 *
 *        http://www.apache.org/licenses/LICENSE-2.0
 *
 *  Unless required by applicable law or agreed to in writing, software
 *  distributed under the License is distributed on an "AS IS" BASIS,
 *  WITHOUT WARRANTIES OR CONDITIONS OF ANY KIND, either express or implied.
 *  See the License for the specific language governing permissions and
 *  limitations under the License.
 */
package org.kie.kogito.app;

import javax.enterprise.context.ApplicationScoped;
import javax.enterprise.inject.Produces;
import javax.inject.Inject;
import org.kie.kogito.event.EventMarshaller;
import org.kie.kogito.services.event.impl.DefaultEventMarshaller;
import com.fasterxml.jackson.databind.ObjectMapper;

@ApplicationScoped
public class EventMarshallerProducer {

    @Inject
    ObjectMapper mapper;

    @Produces
    public EventMarshaller eventMarshaller() {
        return new DefaultEventMarshaller(mapper);
    }
}

[DEBUG] =====
[DEBUG] =====
[DEBUG] SOURCE MODEL: fr/msa/Imsa_process_14_TaskInput.java
[DEBUG] =====
[DEBUG] /*
 * Copyright 2019 Red Hat, Inc. and/or its affiliates.
 *
 * Licensed under the Apache License, Version 2.0 (the "License");
 * you may not use this file except in compliance with the License.
 * You may obtain a copy of the License at
 *
 *       http://www.apache.org/licenses/LICENSE-2.0
 *
 * Unless required by applicable law or agreed to in writing, software
 * distributed under the License is distributed on an "AS IS" BASIS,
 * WITHOUT WARRANTIES OR CONDITIONS OF ANY KIND, either express or implied.
 * See the License for the specific language governing permissions and
 * limitations under the License.
 */
package fr.msa;

import java.util.Map;
import org.kie.kogito.UserTask;
import org.kie.kogito.UserTaskParam.ParamType;
import org.kie.kogito.UserTaskParam;

@UserTask(taskName = "Task", processName = "imsa_process")
public class Imsa_process_14_TaskInput {

    public static Imsa_process_14_TaskInput fromMap(Map<String, Object> params) {
        Imsa_process_14_TaskInput item = new Imsa_process_14_TaskInput();
        item.numsecu = (java.lang.String) params.get("numsecu");
        item.initt3 = (java.lang.String) params.get("initt3");
        item.newNotif = (java.lang.Boolean) params.get("newNotif");
        return item;
    }

    @UserTaskParam(value = ParamType.INPUT)
    private java.lang.String numsecu;

    public java.lang.String getNumsecu() {
        return numsecu;
    }

    public void setNumsecu(java.lang.String numsecu) {
        this.numsecu = numsecu;
    }

    @UserTaskParam(value = ParamType.INPUT)
    private java.lang.String initt3;

    public java.lang.String getInitt3() {
        return initt3;
    }

    public void setInitt3(java.lang.String initt3) {
        this.initt3 = initt3;
    }

    @UserTaskParam(value = ParamType.INPUT)
    private java.lang.Boolean newNotif;

    public java.lang.Boolean getNewNotif() {
        return newNotif;
    }

    public void setNewNotif(java.lang.Boolean newNotif) {
        this.newNotif = newNotif;
    }
}
// Task input for user task 'New notif' in process 'imsa_process'

[DEBUG] =====
[DEBUG] =====
[DEBUG] SOURCE MODEL: fr/msa/Imsa_process_19_TaskOutput.java
[DEBUG] =====
[DEBUG] /*
 * Copyright 2019 Red Hat, Inc. and/or its affiliates.
 *
 * Licensed under the Apache License, Version 2.0 (the "License");
 * you may not use this file except in compliance with the License.
 * You may obtain a copy of the License at
 *
 *       http://www.apache.org/licenses/LICENSE-2.0
 *
 * Unless required by applicable law or agreed to in writing, software
 * distributed under the License is distributed on an "AS IS" BASIS,
 * WITHOUT WARRANTIES OR CONDITIONS OF ANY KIND, either express or implied.
 * See the License for the specific language governing permissions and
 * limitations under the License.
 */
package fr.msa;

import java.util.HashMap;
import java.util.Map;
import org.kie.kogito.MapOutput;
import org.kie.kogito.UserTask;
import org.kie.kogito.UserTaskParam.ParamType;
import org.kie.kogito.UserTaskParam;

@UserTask(taskName = "controle-dossier", processName = "imsa_process")
public class Imsa_process_19_TaskOutput implements MapOutput {

    @Override
    public Map<String, Object> toMap() {
        Map<String, Object> params = new HashMap<>();
        params.put("controleDossier", this.controleDossier);
        return params;
    }

    public static Imsa_process_19_TaskOutput fromMap(Map<String, Object> params) {
        fr.msa.Imsa_process_19_TaskOutput result = new Imsa_process_19_TaskOutput();
        result.controleDossier = (java.lang.Boolean) params.get("controleDossier");
        return result;
    }

    @UserTaskParam(value = ParamType.OUTPUT)
    private java.lang.Boolean controleDossier;

    public java.lang.Boolean getControleDossier() {
        return controleDossier;
    }

    public void setControleDossier(java.lang.Boolean controleDossier) {
        this.controleDossier = controleDossier;
    }
}
// Task output for user task 'Controle dossier' in process 'imsa_process'

[DEBUG] =====
[DEBUG] =====
[DEBUG] SOURCE SOURCE: org/kie/kogito/handlers/TacheServices_initt3_15_Handler.java
[DEBUG] =====
[DEBUG] package org.kie.kogito.handlers;

import org.kie.kogito.process.workitem.WorkItemExecutionException;

@javax.enterprise.context.ApplicationScoped()
public class TacheServices_initt3_15_Handler implements org.kie.kogito.internal.process.runtime.KogitoWorkItemHandler {

    fr.msa.imsa.services.TacheServices service;

    public TacheServices_initt3_15_Handler() {
        this(new fr.msa.imsa.services.TacheServices());
    }

    @javax.inject.Inject()
    public TacheServices_initt3_15_Handler(fr.msa.imsa.services.TacheServices service) {
        this.service = service;
    }

    public void executeWorkItem(org.kie.kogito.internal.process.runtime.KogitoWorkItem workItem, org.kie.kogito.internal.process.runtime.KogitoWorkItemManager workItemManager) {
        java.lang.Object result;
        result = service.initt3((java.lang.String) workItem.getParameter("numsecu"), (java.lang.String) workItem.getParameter("id"));
        workItemManager.completeWorkItem(workItem.getStringId(), java.util.Collections.singletonMap("Result", result));
    }

    public void abortWorkItem(org.kie.kogito.internal.process.runtime.KogitoWorkItem workItem, org.kie.kogito.internal.process.runtime.KogitoWorkItemManager workItemManager) {
    }

    public String getName() {
        return "fr.msa.imsa.services.TacheServices_initt3_15_Handler";
    }
}

[DEBUG] =====
[DEBUG] =====
[DEBUG] SOURCE PRODUCER: org/kie/kogito/app/KogitoEventExecutorProducer.java
[DEBUG] =====
[DEBUG] /*
 *  Copyright 2021 Red Hat, Inc. and/or its affiliates.
 *
 *  Licensed under the Apache License, Version 2.0 (the "License");
 *  you may not use this file except in compliance with the License.
 *  You may obtain a copy of the License at
 *
 *        http://www.apache.org/licenses/LICENSE-2.0
 *
 *  Unless required by applicable law or agreed to in writing, software
 *  distributed under the License is distributed on an "AS IS" BASIS,
 *  WITHOUT WARRANTIES OR CONDITIONS OF ANY KIND, either express or implied.
 *  See the License for the specific language governing permissions and
 *  limitations under the License.
 */
package org.kie.kogito.app;

import java.util.concurrent.ExecutorService;
import javax.enterprise.context.ApplicationScoped;
import javax.enterprise.inject.Disposes;
import javax.enterprise.inject.Produces;
import javax.inject.Named;
import org.kie.kogito.event.KogitoEventExecutor;
import org.eclipse.microprofile.config.inject.ConfigProperty;

@ApplicationScoped
public class KogitoEventExecutorProducer {

    @ConfigProperty(name = KogitoEventExecutor.MAX_THREADS_PROPERTY, defaultValue = KogitoEventExecutor.DEFAULT_MAX_THREADS)
    int numThreads;

    @ConfigProperty(name = KogitoEventExecutor.QUEUE_SIZE_PROPERTY, defaultValue = KogitoEventExecutor.DEFAULT_QUEUE_SIZE)
    int queueSize;

    @Produces
    @Named(KogitoEventExecutor.BEAN_NAME)
    public ExecutorService getExecutorService() {
        return KogitoEventExecutor.getEventExecutor(numThreads, queueSize);
    }

    public void close(@Disposes ExecutorService executor) {
        executor.shutdownNow();
    }
}

[DEBUG] =====
[DEBUG] =====
[DEBUG] SOURCE MESSAGE_PRODUCER: fr/msa/Imsa_processMessageProducer_13.java
[DEBUG] =====
[DEBUG] /*
 * Copyright 2021 Red Hat, Inc. and/or its affiliates.
 *
 * Licensed under the Apache License, Version 2.0 (the "License");
 * you may not use this file except in compliance with the License.
 * You may obtain a copy of the License at
 *
 *       http://www.apache.org/licenses/LICENSE-2.0
 *
 * Unless required by applicable law or agreed to in writing, software
 * distributed under the License is distributed on an "AS IS" BASIS,
 * WITHOUT WARRANTIES OR CONDITIONS OF ANY KIND, either express or implied.
 * See the License for the specific language governing permissions and
 * limitations under the License.
 */
package fr.msa;

import org.kie.kogito.internal.process.runtime.KogitoProcessInstance;
import org.kie.kogito.event.EventEmitter;
import org.kie.kogito.services.event.impl.AbstractMessageProducer;
import javax.inject.Inject;
import javax.inject.Named;

@io.quarkus.runtime.Startup
public class Imsa_processMessageProducer_13 extends AbstractMessageProducer<String, Imsa_processMessageDataEvent_13> {

    @Inject
    @Named("kogito_outgoing_stream_eventEmitter")
    EventEmitter emitter;

    @javax.annotation.PostConstruct
    public void init() {
        setParams(emitter, "end");
    }

    protected Imsa_processMessageDataEvent_13 dataEventTypeConstructor(String e, KogitoProcessInstance pi, String trigger) {
        return new Imsa_processMessageDataEvent_13(trigger, "", e, pi.getStringId(), pi.getParentProcessInstanceStringId(), pi.getRootProcessInstanceId(), pi.getProcessId(), pi.getRootProcessId(), String.valueOf(pi.getState()), pi.getReferenceId());
    }
}

[DEBUG] =====
[DEBUG] =====
[DEBUG] SOURCE MESSAGE_CONSUMER: fr/msa/Imsa_processMessageConsumer_10.java
[DEBUG] =====
[DEBUG] /*
 * Copyright 2021 Red Hat, Inc. and/or its affiliates.
 *
 * Licensed under the Apache License, Version 2.0 (the "License");
 * you may not use this file except in compliance with the License.
 * You may obtain a copy of the License at
 *
 *       http://www.apache.org/licenses/LICENSE-2.0
 *
 * Unless required by applicable law or agreed to in writing, software
 * distributed under the License is distributed on an "AS IS" BASIS,
 * WITHOUT WARRANTIES OR CONDITIONS OF ANY KIND, either express or implied.
 * See the License for the specific language governing permissions and
 * limitations under the License.
 */
package fr.msa;

import java.util.concurrent.ExecutorService;
import javax.inject.Inject;
import javax.inject.Named;
import org.kie.kogito.Application;
import org.kie.kogito.conf.ConfigBean;
import org.kie.kogito.event.EventConverter;
import org.kie.kogito.event.EventReceiver;
import org.kie.kogito.event.KogitoEventExecutor;
import org.kie.kogito.event.impl.DefaultEventConsumerFactory;
import org.kie.kogito.process.Process;
import org.kie.kogito.process.ProcessService;
import org.kie.kogito.services.event.impl.AbstractMessageConsumer;

@io.quarkus.runtime.Startup
public class Imsa_processMessageConsumer_10 extends AbstractMessageConsumer<Imsa_processModel, String, Imsa_processMessageDataEvent_10> {

    @Inject
    Application application;

    @Inject
    EventConverter<String> eventConverter;

    @Inject
    @Named("imsa_process")
    Process<Imsa_processModel> process;

    @Inject
    ConfigBean configBean;

    @Inject
    @Named("kogito_incoming_stream_eventReceiver")
    EventReceiver eventReceiver;

    @Inject
    @javax.inject.Named(KogitoEventExecutor.BEAN_NAME)
    ExecutorService executorService;

    @Inject
    ProcessService processService;

    @javax.annotation.PostConstruct
    void init() {
        init(application, process, "initt1KO", new DefaultEventConsumerFactory(), eventReceiver, String.class, Imsa_processMessageDataEvent_10.class, configBean.useCloudEvents(), processService, executorService, eventConverter);
    }

    protected Imsa_processModel eventToModel(String event) {
        Imsa_processModel model = new Imsa_processModel();
        model.setInitt1(event);
        return model;
    }
}

[DEBUG] =====
[DEBUG] =====
[DEBUG] SOURCE SOURCE: fr/msa/Imsa_processMessageDataEvent_7.java
[DEBUG] =====
[DEBUG] /*
 * Copyright 2021 Red Hat, Inc. and/or its affiliates.
 *
 * Licensed under the Apache License, Version 2.0 (the "License");
 * you may not use this file except in compliance with the License.
 * You may obtain a copy of the License at
 *
 *       http://www.apache.org/licenses/LICENSE-2.0
 *
 * Unless required by applicable law or agreed to in writing, software
 * distributed under the License is distributed on an "AS IS" BASIS,
 * WITHOUT WARRANTIES OR CONDITIONS OF ANY KIND, either express or implied.
 * See the License for the specific language governing permissions and
 * limitations under the License.
 */
package fr.msa;

import org.kie.kogito.services.event.AbstractProcessDataEvent;

public class Imsa_processMessageDataEvent_7 extends AbstractProcessDataEvent<String> {

    public Imsa_processMessageDataEvent_7() {
    }

    public Imsa_processMessageDataEvent_7(String source, String body, String kogitoProcessinstanceId, String kogitoParentProcessinstanceId, String kogitoRootProcessinstanceId, String kogitoProcessId, String kogitoRootProcessId, String kogitoProcessinstanceState, String kogitoReferenceId) {
        this("Imsa_processMessageDataEvent_7", source, body, kogitoProcessinstanceId, kogitoParentProcessinstanceId, kogitoRootProcessinstanceId, kogitoProcessId, kogitoRootProcessId, kogitoProcessinstanceState, kogitoReferenceId);
    }

    public Imsa_processMessageDataEvent_7(String type, String source, String body, String kogitoProcessinstanceId, String kogitoParentProcessinstanceId, String kogitoRootProcessinstanceId, String kogitoProcessId, String kogitoRootProcessId, String kogitoProcessinstanceState, String kogitoReferenceId) {
        super(type, source, body, kogitoProcessinstanceId, kogitoParentProcessinstanceId, kogitoRootProcessinstanceId, kogitoProcessId, kogitoRootProcessId, kogitoProcessinstanceState, null, kogitoReferenceId);
    }
}

[DEBUG] =====
[DEBUG] =====
[DEBUG] SOURCE MODEL: fr/msa/Imsa_processModelOutput.java
[DEBUG] =====
[DEBUG] /*
 * Copyright 2019 Red Hat, Inc. and/or its affiliates.
 *
 * Licensed under the Apache License, Version 2.0 (the "License");
 * you may not use this file except in compliance with the License.
 * You may obtain a copy of the License at
 *
 *       http://www.apache.org/licenses/LICENSE-2.0
 *
 * Unless required by applicable law or agreed to in writing, software
 * distributed under the License is distributed on an "AS IS" BASIS,
 * WITHOUT WARRANTIES OR CONDITIONS OF ANY KIND, either express or implied.
 * See the License for the specific language governing permissions and
 * limitations under the License.
 */
package fr.msa;

import org.kie.kogito.MapInput;
import org.kie.kogito.MapInputId;
import org.kie.kogito.MapOutput;
import java.util.Map;
import java.util.HashMap;
import org.kie.kogito.MappableToModel;
import org.kie.kogito.Model;

@org.kie.kogito.codegen.Generated(value = "kogito-codegen", reference = "imsa_process", name = "Imsa_process", hidden = true)
public class Imsa_processModelOutput implements org.kie.kogito.Model, MapInput, MapInputId, MapOutput, MappableToModel<Imsa_processModel> {

    private String id;

    public void setId(String id) {
        this.id = id;
    }

    public String getId() {
        return this.id;
    }

    @org.kie.kogito.codegen.VariableInfo(tags = "")
    @com.fasterxml.jackson.annotation.JsonProperty(value = "numsecu")
    @javax.validation.Valid()
    private java.lang.String numsecu;

    public java.lang.String getNumsecu() {
        return numsecu;
    }

    public void setNumsecu(java.lang.String numsecu) {
        this.numsecu = numsecu;
    }

    @org.kie.kogito.codegen.VariableInfo(tags = "")
    @com.fasterxml.jackson.annotation.JsonProperty(value = "result")
    @javax.validation.Valid()
    private java.lang.String result;

    public java.lang.String getResult() {
        return result;
    }

    public void setResult(java.lang.String result) {
        this.result = result;
    }

    @org.kie.kogito.codegen.VariableInfo(tags = "")
    @com.fasterxml.jackson.annotation.JsonProperty(value = "initt1")
    @javax.validation.Valid()
    private java.lang.String initt1;

    public java.lang.String getInitt1() {
        return initt1;
    }

    public void setInitt1(java.lang.String initt1) {
        this.initt1 = initt1;
    }

    @org.kie.kogito.codegen.VariableInfo(tags = "")
    @com.fasterxml.jackson.annotation.JsonProperty(value = "processInstanceId")
    @javax.validation.Valid()
    private java.lang.String processInstanceId;

    public java.lang.String getProcessInstanceId() {
        return processInstanceId;
    }

    public void setProcessInstanceId(java.lang.String processInstanceId) {
        this.processInstanceId = processInstanceId;
    }

    @org.kie.kogito.codegen.VariableInfo(tags = "")
    @com.fasterxml.jackson.annotation.JsonProperty(value = "initt2")
    @javax.validation.Valid()
    private java.lang.String initt2;

    public java.lang.String getInitt2() {
        return initt2;
    }

    public void setInitt2(java.lang.String initt2) {
        this.initt2 = initt2;
    }

    @org.kie.kogito.codegen.VariableInfo(tags = "")
    @com.fasterxml.jackson.annotation.JsonProperty(value = "notif")
    @javax.validation.Valid()
    private java.lang.String notif;

    public java.lang.String getNotif() {
        return notif;
    }

    public void setNotif(java.lang.String notif) {
        this.notif = notif;
    }

    @org.kie.kogito.codegen.VariableInfo(tags = "")
    @com.fasterxml.jackson.annotation.JsonProperty(value = "controleDossier")
    @javax.validation.Valid()
    private java.lang.Boolean controleDossier;

    public java.lang.Boolean getControleDossier() {
        return controleDossier;
    }

    public void setControleDossier(java.lang.Boolean controleDossier) {
        this.controleDossier = controleDossier;
    }

    @org.kie.kogito.codegen.VariableInfo(tags = "")
    @com.fasterxml.jackson.annotation.JsonProperty(value = "initt3")
    @javax.validation.Valid()
    private java.lang.String initt3;

    public java.lang.String getInitt3() {
        return initt3;
    }

    public void setInitt3(java.lang.String initt3) {
        this.initt3 = initt3;
    }

    @org.kie.kogito.codegen.VariableInfo(tags = "")
    @com.fasterxml.jackson.annotation.JsonProperty(value = "newNotif")
    @javax.validation.Valid()
    private java.lang.Boolean newNotif;

    public java.lang.Boolean getNewNotif() {
        return newNotif;
    }

    public void setNewNotif(java.lang.Boolean newNotif) {
        this.newNotif = newNotif;
    }

    @org.kie.kogito.codegen.VariableInfo(tags = "")
    @com.fasterxml.jackson.annotation.JsonProperty(value = "dossier")
    @javax.validation.Valid()
    private fr.msa.imsa.model.Dossier dossier;

    public fr.msa.imsa.model.Dossier getDossier() {
        return dossier;
    }

    public void setDossier(fr.msa.imsa.model.Dossier dossier) {
        this.dossier = dossier;
    }

    @org.kie.kogito.codegen.VariableInfo(tags = "")
    @com.fasterxml.jackson.annotation.JsonProperty(value = "typeDemarrage")
    @javax.validation.Valid()
    private java.lang.String typeDemarrage;

    public java.lang.String getTypeDemarrage() {
        return typeDemarrage;
    }

    public void setTypeDemarrage(java.lang.String typeDemarrage) {
        this.typeDemarrage = typeDemarrage;
    }

    @org.kie.kogito.codegen.VariableInfo(tags = "")
    @com.fasterxml.jackson.annotation.JsonProperty(value = "controleNotif")
    @javax.validation.Valid()
    private java.lang.Boolean controleNotif;

    public java.lang.Boolean getControleNotif() {
        return controleNotif;
    }

    public void setControleNotif(java.lang.Boolean controleNotif) {
        this.controleNotif = controleNotif;
    }

    @Override()
    public Imsa_processModel toModel() {
        Imsa_processModel result = new Imsa_processModel();
        result.setId(getId());
        result.setNumsecu(getNumsecu());
        result.setResult(getResult());
        result.setInitt1(getInitt1());
        result.setProcessInstanceId(getProcessInstanceId());
        result.setInitt2(getInitt2());
        result.setNotif(getNotif());
        result.setControleDossier(getControleDossier());
        result.setInitt3(getInitt3());
        result.setNewNotif(getNewNotif());
        result.setDossier(getDossier());
        result.setTypeDemarrage(getTypeDemarrage());
        result.setControleNotif(getControleNotif());
        return result;
    }
}

[DEBUG] =====
[DEBUG] =====
[DEBUG] SOURCE MODEL: fr/msa/Imsa_process_16_TaskOutput.java
[DEBUG] =====
[DEBUG] /*
 * Copyright 2019 Red Hat, Inc. and/or its affiliates.
 *
 * Licensed under the Apache License, Version 2.0 (the "License");
 * you may not use this file except in compliance with the License.
 * You may obtain a copy of the License at
 *
 *       http://www.apache.org/licenses/LICENSE-2.0
 *
 * Unless required by applicable law or agreed to in writing, software
 * distributed under the License is distributed on an "AS IS" BASIS,
 * WITHOUT WARRANTIES OR CONDITIONS OF ANY KIND, either express or implied.
 * See the License for the specific language governing permissions and
 * limitations under the License.
 */
package fr.msa;

import java.util.HashMap;
import java.util.Map;
import org.kie.kogito.MapOutput;
import org.kie.kogito.UserTask;
import org.kie.kogito.UserTaskParam.ParamType;
import org.kie.kogito.UserTaskParam;

@UserTask(taskName = "Task", processName = "imsa_process")
public class Imsa_process_16_TaskOutput implements MapOutput {

    @Override
    public Map<String, Object> toMap() {
        Map<String, Object> params = new HashMap<>();
        params.put("controleNotif", this.controleNotif);
        return params;
    }

    public static Imsa_process_16_TaskOutput fromMap(Map<String, Object> params) {
        fr.msa.Imsa_process_16_TaskOutput result = new Imsa_process_16_TaskOutput();
        result.controleNotif = (java.lang.Boolean) params.get("controleNotif");
        return result;
    }

    @UserTaskParam(value = ParamType.OUTPUT)
    private java.lang.Boolean controleNotif;

    public java.lang.Boolean getControleNotif() {
        return controleNotif;
    }

    public void setControleNotif(java.lang.Boolean controleNotif) {
        this.controleNotif = controleNotif;
    }
}
// Task output for user task 'Controle notif' in process 'imsa_process'

[DEBUG] =====
[DEBUG] =====
[DEBUG] SOURCE APPLICATION: org/kie/kogito/app/Application.java
[DEBUG] =====
[DEBUG] /*
 * Copyright 2021 Red Hat, Inc. and/or its affiliates.
 *
 * Licensed under the Apache License, Version 2.0 (the "License");
 * you may not use this file except in compliance with the License.
 * You may obtain a copy of the License at
 *
 *       http://www.apache.org/licenses/LICENSE-2.0
 *
 * Unless required by applicable law or agreed to in writing, software
 * distributed under the License is distributed on an "AS IS" BASIS,
 * WITHOUT WARRANTIES OR CONDITIONS OF ANY KIND, either express or implied.
 * See the License for the specific language governing permissions and
 * limitations under the License.
 */
package org.kie.kogito.app;

@javax.inject.Singleton
public class Application extends org.kie.kogito.StaticApplication {

    @javax.inject.Inject
    public Application(org.kie.kogito.Config config, javax.enterprise.inject.Instance<org.kie.kogito.KogitoEngine> engines) {
        super(config, engines);
    }
}

[DEBUG] =====
[DEBUG] =====
[DEBUG] SOURCE APPLICATION_SECTION: org/kie/kogito/app/Processes.java
[DEBUG] =====
[DEBUG] /*
 * Copyright 2021 Red Hat, Inc. and/or its affiliates.
 *
 * Licensed under the Apache License, Version 2.0 (the "License");
 * you may not use this file except in compliance with the License.
 * You may obtain a copy of the License at
 *
 *       http://www.apache.org/licenses/LICENSE-2.0
 *
 * Unless required by applicable law or agreed to in writing, software
 * distributed under the License is distributed on an "AS IS" BASIS,
 * WITHOUT WARRANTIES OR CONDITIONS OF ANY KIND, either express or implied.
 * See the License for the specific language governing permissions and
 * limitations under the License.
 */
package org.kie.kogito.app;

@javax.enterprise.context.ApplicationScoped
public class Processes implements org.kie.kogito.process.Processes {

    @javax.inject.Inject
    javax.enterprise.inject.Instance<org.kie.kogito.process.Process<? extends org.kie.kogito.Model>> processes;

    private java.util.Map<String, org.kie.kogito.process.Process<? extends org.kie.kogito.Model>> mappedProcesses = new java.util.HashMap<>();

    @javax.annotation.PostConstruct
    public void setup() {
        for (org.kie.kogito.process.Process<? extends org.kie.kogito.Model> process : processes) {
            mappedProcesses.put(process.id(), process);
        }
    }

    public org.kie.kogito.process.Process<? extends org.kie.kogito.Model> processById(String processId) {
        return mappedProcesses.get(processId);
    }

    public java.util.Collection<String> processIds() {
        return mappedProcesses.keySet();
    }
}

[DEBUG] =====
[DEBUG] =====
[DEBUG] SOURCE APPLICATION_SECTION: org/kie/kogito/app/RuleUnits.java
[DEBUG] =====
[DEBUG] /*
 * Copyright 2021 Red Hat, Inc. and/or its affiliates.
 *
 * Licensed under the Apache License, Version 2.0 (the "License");
 * you may not use this file except in compliance with the License.
 * You may obtain a copy of the License at
 *
 *       http://www.apache.org/licenses/LICENSE-2.0
 *
 * Unless required by applicable law or agreed to in writing, software
 * distributed under the License is distributed on an "AS IS" BASIS,
 * WITHOUT WARRANTIES OR CONDITIONS OF ANY KIND, either express or implied.
 * See the License for the specific language governing permissions and
 * limitations under the License.
 */
package org.kie.kogito.app;

import org.kie.kogito.rules.RuleUnit;

@javax.enterprise.context.ApplicationScoped
public class RuleUnits extends org.kie.kogito.rules.units.impl.AbstractRuleUnits {

    @javax.inject.Inject
    javax.enterprise.inject.Instance<org.kie.kogito.rules.RuleUnit<? extends org.kie.kogito.rules.RuleUnitData>> ruleUnits;

    private java.util.Map<String, org.kie.kogito.rules.RuleUnit<? extends org.kie.kogito.rules.RuleUnitData>> mappedRuleUnits = new java.util.HashMap<>();

    @javax.annotation.PostConstruct
    public void setup() {
        for (org.kie.kogito.rules.RuleUnit<? extends org.kie.kogito.rules.RuleUnitData> ruleUnit : ruleUnits) {
            mappedRuleUnits.put(ruleUnit.id(), ruleUnit);
        }
    }

    protected org.kie.kogito.rules.RuleUnit<?> create(String fqcn) {
        return mappedRuleUnits.get(fqcn);
    }
}

[DEBUG] =====
[DEBUG] =====
[DEBUG] SOURCE APPLICATION_CONFIG: org/kie/kogito/app/ConfigBean.java
[DEBUG] =====
[DEBUG] /*
 * Copyright 2021 Red Hat, Inc. and/or its affiliates.
 *
 * Licensed under the Apache License, Version 2.0 (the "License");
 * you may not use this file except in compliance with the License.
 * You may obtain a copy of the License at
 *
 *       http://www.apache.org/licenses/LICENSE-2.0
 *
 * Unless required by applicable law or agreed to in writing, software
 * distributed under the License is distributed on an "AS IS" BASIS,
 * WITHOUT WARRANTIES OR CONDITIONS OF ANY KIND, either express or implied.
 * See the License for the specific language governing permissions and
 * limitations under the License.
 */
package org.kie.kogito.app;

@javax.inject.Singleton
public class ConfigBean extends org.kie.kogito.conf.StaticConfigBean {

    @org.eclipse.microprofile.config.inject.ConfigProperty(name = "kogito.service.url")
    java.util.Optional<java.lang.String> kogitoService;

    @org.eclipse.microprofile.config.inject.ConfigProperty(name = "kogito.messaging.as-cloudevents", defaultValue = "true")
    boolean useCloudEvents;

    @org.eclipse.microprofile.config.inject.ConfigProperty(name = "kogito.jackson.fail-on-empty-bean", defaultValue = "false")
    boolean failOnEmptyBean;

    @javax.annotation.PostConstruct
    protected void init() {
        setServiceUrl(kogitoService.orElse(""));
        setCloudEvents(useCloudEvents);
        setFailOnEmptyBean(failOnEmptyBean);
        setGav(new org.kie.kogito.KogitoGAV("fr.msa.imsa", "imsa-process-kogito", "1.0.0-SNAPSHOT"));
    }
}

[DEBUG] =====
[DEBUG] =====
[DEBUG] SOURCE APPLICATION_CONFIG: org/kie/kogito/app/ProcessConfig.java
[DEBUG] =====
[DEBUG] /*
 * Copyright 2021 Red Hat, Inc. and/or its affiliates.
 *
 * Licensed under the Apache License, Version 2.0 (the "License");
 * you may not use this file except in compliance with the License.
 * You may obtain a copy of the License at
 *
 *       http://www.apache.org/licenses/LICENSE-2.0
 *
 * Unless required by applicable law or agreed to in writing, software
 * distributed under the License is distributed on an "AS IS" BASIS,
 * WITHOUT WARRANTIES OR CONDITIONS OF ANY KIND, either express or implied.
 * See the License for the specific language governing permissions and
 * limitations under the License.
 */
package org.kie.kogito.app;

import org.kie.api.event.process.ProcessEventListener;
import org.kie.kogito.event.EventPublisher;
import org.kie.kogito.jobs.JobsService;
import org.kie.kogito.process.ProcessEventListenerConfig;
import org.kie.kogito.process.WorkItemHandlerConfig;
import org.kie.kogito.uow.UnitOfWorkManager;
import org.kie.kogito.uow.events.UnitOfWorkEventListener;
import javax.enterprise.inject.Instance;

@javax.inject.Singleton
public class ProcessConfig extends org.kie.kogito.process.impl.AbstractProcessConfig {

    @javax.inject.Inject
    public ProcessConfig(Instance<WorkItemHandlerConfig> workItemHandlerConfig, Instance<UnitOfWorkManager> unitOfWorkManager, Instance<JobsService> jobsService, Instance<ProcessEventListenerConfig> processEventListenerConfigs, Instance<ProcessEventListener> processEventListeners, Instance<EventPublisher> eventPublishers, ConfigBean configBean, Instance<UnitOfWorkEventListener> unitOfWorkEventListeners) {
        super(workItemHandlerConfig, processEventListenerConfigs, processEventListeners, unitOfWorkManager, jobsService, eventPublishers, configBean.getServiceUrl(), unitOfWorkEventListeners);
    }
}

[DEBUG] =====
[DEBUG] =====
[DEBUG] SOURCE APPLICATION_CONFIG: org/kie/kogito/app/RuleConfig.java
[DEBUG] =====
[DEBUG] /*
 * Copyright 2021 Red Hat, Inc. and/or its affiliates.
 *
 * Licensed under the Apache License, Version 2.0 (the "License");
 * you may not use this file except in compliance with the License.
 * You may obtain a copy of the License at
 *
 *       http://www.apache.org/licenses/LICENSE-2.0
 *
 * Unless required by applicable law or agreed to in writing, software
 * distributed under the License is distributed on an "AS IS" BASIS,
 * WITHOUT WARRANTIES OR CONDITIONS OF ANY KIND, either express or implied.
 * See the License for the specific language governing permissions and
 * limitations under the License.
 */
package org.kie.kogito.app;

import java.util.Collection;
import java.util.Collections;
import java.util.List;
import java.util.function.Function;
import java.util.function.Supplier;
import java.util.stream.Collectors;
import java.util.stream.Stream;
import javax.enterprise.inject.Instance;
import org.drools.core.config.AbstractRuleConfig;
import org.kie.api.event.rule.AgendaEventListener;
import org.kie.api.event.rule.RuleRuntimeEventListener;
import org.kie.kogito.rules.RuleEventListenerConfig;

@javax.inject.Singleton
class RuleConfig extends AbstractRuleConfig {

    @javax.inject.Inject
    public RuleConfig(Instance<RuleEventListenerConfig> ruleEventListenerConfigs, Instance<AgendaEventListener> agendaEventListeners, Instance<RuleRuntimeEventListener> ruleRuntimeEventListeners) {
        super(ruleEventListenerConfigs, agendaEventListeners, ruleRuntimeEventListeners);
    }
}

[DEBUG] =====
[DEBUG] =====
[DEBUG] SOURCE APPLICATION_CONFIG: org/kie/kogito/app/ApplicationConfig.java
[DEBUG] =====
[DEBUG] /*
 * Copyright 2021 Red Hat, Inc. and/or its affiliates.
 *
 * Licensed under the Apache License, Version 2.0 (the "License");
 * you may not use this file except in compliance with the License.
 * You may obtain a copy of the License at
 *
 *       http://www.apache.org/licenses/LICENSE-2.0
 *
 * Unless required by applicable law or agreed to in writing, software
 * distributed under the License is distributed on an "AS IS" BASIS,
 * WITHOUT WARRANTIES OR CONDITIONS OF ANY KIND, either express or implied.
 * See the License for the specific language governing permissions and
 * limitations under the License.
 */
package org.kie.kogito.app;

import javax.enterprise.inject.Instance;

@javax.inject.Singleton
public class ApplicationConfig extends org.kie.kogito.StaticConfig {

    @javax.inject.Inject
    public ApplicationConfig(Instance<org.kie.kogito.KogitoConfig> configs) {
        super(new org.kie.kogito.Addons(java.util.Arrays.asList("process-management", "cloudevents", "cloudevents", "infinispan-persistence", "prometheus-monitoring", "prometheus-monitoring", "monitoring")), configs);
    }
}

[DEBUG] =====
[DEBUG] =====
[DEBUG] SOURCE JSON_MAPPER: org/kie/kogito/app/GlobalObjectMapper.java
[DEBUG] =====
[DEBUG] /*
 * Copyright 2021 Red Hat, Inc. and/or its affiliates.
 *
 * Licensed under the Apache License, Version 2.0 (the "License");
 * you may not use this file except in compliance with the License.
 * You may obtain a copy of the License at
 *
 *       http://www.apache.org/licenses/LICENSE-2.0
 *
 * Unless required by applicable law or agreed to in writing, software
 * distributed under the License is distributed on an "AS IS" BASIS,
 * WITHOUT WARRANTIES OR CONDITIONS OF ANY KIND, either express or implied.
 * See the License for the specific language governing permissions and
 * limitations under the License.
 */
package org.kie.kogito.app;

import javax.inject.Singleton;
import java.util.TimeZone;
import javax.inject.Inject;
import com.fasterxml.jackson.databind.ObjectMapper;
import com.fasterxml.jackson.databind.SerializationFeature;
import com.fasterxml.jackson.databind.util.StdDateFormat;
import io.quarkus.jackson.ObjectMapperCustomizer;

@Singleton
public class GlobalObjectMapper implements ObjectMapperCustomizer {

    @Inject
    ConfigBean configBean;

    public void customize(ObjectMapper mapper) {
        if (!configBean.failOnEmptyBean()) {
            mapper.disable(SerializationFeature.FAIL_ON_EMPTY_BEANS);
        }
        mapper.setDateFormat(new StdDateFormat().withColonInTimeZone(true).withTimeZone(TimeZone.getDefault()));
    }
}

[DEBUG] =====
[DEBUG] =====
[DEBUG] RESOURCE DASHBOARD: META-INF/resources/monitoring/dashboards/list.json
[DEBUG] =====
[DEBUG] ["operational-dashboard-imsa-process-kogito_1.0.0-SNAPSHOT-Global.json","operational-dashboard-imsa-process-kogito_1.0.0-SNAPSHOT-imsa_process.json"]
[DEBUG] =====
[DEBUG] =====
[DEBUG] SOURCE REST: org/kie/kogito/app/CloudEventListenerResource.java
[DEBUG] =====
[DEBUG] /*
 * Copyright 2021 Red Hat, Inc. and/or its affiliates.
 *
 * Licensed under the Apache License, Version 2.0 (the "License");
 * you may not use this file except in compliance with the License.
 * You may obtain a copy of the License at
 *
 *       http://www.apache.org/licenses/LICENSE-2.0
 *
 * Unless required by applicable law or agreed to in writing, software
 * distributed under the License is distributed on an "AS IS" BASIS,
 * WITHOUT WARRANTIES OR CONDITIONS OF ANY KIND, either express or implied.
 * See the License for the specific language governing permissions and
 * limitations under the License.
 */
package org.kie.kogito.app;

import javax.ws.rs.Path;
import org.kie.kogito.addon.quarkus.messaging.common.http.AbstractQuarkusCloudEventResource;

@Path("/")
public class CloudEventListenerResource extends AbstractQuarkusCloudEventResource {
}

[DEBUG] =====
[ERROR] src/main/java/fr/msa/Imsa_processResource.java (348:21371) : The annotation @POST is disallowed for this location
[ERROR] src/main/java/fr/msa/Imsa_processResource.java (349:21381) : The annotation @Path is disallowed for this location
[ERROR] src/main/java/fr/msa/Imsa_processResource.java (350:21426) : The annotation @Consumes is disallowed for this location
[ERROR] src/main/java/fr/msa/Imsa_processResource.java (351:21468) : The annotation @Produces is disallowed for this location
[ERROR] src/main/java/fr/msa/Imsa_processResource.java (352:21562) : Syntax error on token "-", ; expected
[ERROR] src/main/java/fr/msa/Imsa_processResource.java (352:21563) : Return type for the method is missing
[ERROR] src/main/java/fr/msa/Imsa_processResource.java (352:21563) : Duplicate method dossier_2(String, String, String, String, List<String>, Imsa_process_19_TaskOutput) in type Imsa_processResource
[ERROR] src/main/java/fr/msa/Imsa_processResource.java (356:21992) : The annotation @PUT is disallowed for this location
[ERROR] src/main/java/fr/msa/Imsa_processResource.java (357:22001) : The annotation @Path is disallowed for this location
[ERROR] src/main/java/fr/msa/Imsa_processResource.java (358:22046) : The annotation @Consumes is disallowed for this location
[ERROR] src/main/java/fr/msa/Imsa_processResource.java (359:22146) : Syntax error on token "-", ; expected
[ERROR] src/main/java/fr/msa/Imsa_processResource.java (359:22147) : Return type for the method is missing
[ERROR] src/main/java/fr/msa/Imsa_processResource.java (363:22542) : The annotation @POST is disallowed for this location
[ERROR] src/main/java/fr/msa/Imsa_processResource.java (364:22552) : The annotation @Path is disallowed for this location
[ERROR] src/main/java/fr/msa/Imsa_processResource.java (365:22612) : The annotation @Consumes is disallowed for this location
[ERROR] src/main/java/fr/msa/Imsa_processResource.java (366:22654) : The annotation @Produces is disallowed for this location
[ERROR] src/main/java/fr/msa/Imsa_processResource.java (367:22750) : Syntax error on token "-", ; expected
[ERROR] src/main/java/fr/msa/Imsa_processResource.java (367:22751) : Return type for the method is missing
[ERROR] src/main/java/fr/msa/Imsa_processResource.java (367:22751) : Duplicate method dossier_2(String, String, String, String, List<String>, Imsa_process_19_TaskOutput) in type Imsa_processResource
[ERROR] src/main/java/fr/msa/Imsa_processResource.java (371:23155) : The annotation @GET is disallowed for this location
[ERROR] src/main/java/fr/msa/Imsa_processResource.java (372:23164) : The annotation @Path is disallowed for this location
[ERROR] src/main/java/fr/msa/Imsa_processResource.java (373:23209) : The annotation @Produces is disallowed for this location
[ERROR] src/main/java/fr/msa/Imsa_processResource.java (374:23307) : Syntax error on token "-", ; expected
[ERROR] src/main/java/fr/msa/Imsa_processResource.java (374:23308) : Return type for the method is missing
[ERROR] src/main/java/fr/msa/Imsa_processResource.java (374:23308) : Duplicate method dossier_2(String, String, String, List<String>) in type Imsa_processResource
[ERROR] src/main/java/fr/msa/Imsa_processResource.java (378:23632) : The annotation @DELETE is disallowed for this location
[ERROR] src/main/java/fr/msa/Imsa_processResource.java (379:23644) : The annotation @Path is disallowed for this location
[ERROR] src/main/java/fr/msa/Imsa_processResource.java (380:23689) : The annotation @Produces is disallowed for this location
[ERROR] src/main/java/fr/msa/Imsa_processResource.java (381:23780) : Syntax error on token "-", ; expected
[ERROR] src/main/java/fr/msa/Imsa_processResource.java (381:23781) : Return type for the method is missing
[ERROR] src/main/java/fr/msa/Imsa_processResource.java (381:23781) : Duplicate method dossier_2(String, String, String, String, List<String>) in type Imsa_processResource
[ERROR] src/main/java/fr/msa/Imsa_processResource.java (385:24157) : The annotation @GET is disallowed for this location
[ERROR] src/main/java/fr/msa/Imsa_processResource.java (386:24166) : The annotation @Path is disallowed for this location
[ERROR] src/main/java/fr/msa/Imsa_processResource.java (387:24203) : The annotation @Produces is disallowed for this location
[ERROR] src/main/java/fr/msa/Imsa_processResource.java (388:24290) : Syntax error on token "-", ; expected
[ERROR] src/main/java/fr/msa/Imsa_processResource.java (388:24291) : Return type for the method is missing
[ERROR] src/main/java/fr/msa/Imsa_processResource.java (392:24420) : The annotation @GET is disallowed for this location
[ERROR] src/main/java/fr/msa/Imsa_processResource.java (393:24429) : The annotation @Path is disallowed for this location
[ERROR] src/main/java/fr/msa/Imsa_processResource.java (394:24481) : The annotation @Produces is disallowed for this location
[ERROR] src/main/java/fr/msa/Imsa_processResource.java (395:24577) : Syntax error on token "-", ; expected
[ERROR] src/main/java/fr/msa/Imsa_processResource.java (395:24578) : Return type for the method is missing
[ERROR] src/main/java/fr/msa/Imsa_processResource.java (395:24578) : Duplicate method dossier_2(String, String, String, List<String>) in type Imsa_processResource
[ERROR] src/main/java/fr/msa/Imsa_processResource.java (399:24869) : The annotation @POST is disallowed for this location
[ERROR] src/main/java/fr/msa/Imsa_processResource.java (400:24879) : The annotation @Path is disallowed for this location
[ERROR] src/main/java/fr/msa/Imsa_processResource.java (401:24933) : The annotation @Consumes is disallowed for this location
[ERROR] src/main/java/fr/msa/Imsa_processResource.java (402:24969) : The annotation @Produces is disallowed for this location
[ERROR] src/main/java/fr/msa/Imsa_processResource.java (403:25046) : Syntax error on token "-", ; expected
[ERROR] src/main/java/fr/msa/Imsa_processResource.java (403:25047) : Return type for the method is missing
[ERROR] src/main/java/fr/msa/Imsa_processResource.java (407:25537) : The annotation @PUT is disallowed for this location
[ERROR] src/main/java/fr/msa/Imsa_processResource.java (408:25546) : The annotation @Path is disallowed for this location
[ERROR] src/main/java/fr/msa/Imsa_processResource.java (409:25612) : The annotation @Consumes is disallowed for this location
[ERROR] src/main/java/fr/msa/Imsa_processResource.java (410:25648) : The annotation @Produces is disallowed for this location
[ERROR] src/main/java/fr/msa/Imsa_processResource.java (411:25727) : Syntax error on token "-", ; expected
[ERROR] src/main/java/fr/msa/Imsa_processResource.java (411:25728) : Return type for the method is missing
[ERROR] src/main/java/fr/msa/Imsa_processResource.java (415:26114) : The annotation @DELETE is disallowed for this location
[ERROR] src/main/java/fr/msa/Imsa_processResource.java (416:26126) : The annotation @Path is disallowed for this location
[ERROR] src/main/java/fr/msa/Imsa_processResource.java (417:26230) : Syntax error on token "-", ; expected
[ERROR] src/main/java/fr/msa/Imsa_processResource.java (417:26231) : Return type for the method is missing
[ERROR] src/main/java/fr/msa/Imsa_processResource.java (417:26231) : Duplicate method dossier_2(String, String, String, String, List<String>) in type Imsa_processResource
[ERROR] src/main/java/fr/msa/Imsa_processResource.java (421:26678) : The annotation @POST is disallowed for this location
[ERROR] src/main/java/fr/msa/Imsa_processResource.java (422:26688) : The annotation @Path is disallowed for this location
[ERROR] src/main/java/fr/msa/Imsa_processResource.java (423:26745) : The annotation @Consumes is disallowed for this location
[ERROR] src/main/java/fr/msa/Imsa_processResource.java (424:26787) : The annotation @Produces is disallowed for this location
[ERROR] src/main/java/fr/msa/Imsa_processResource.java (425:26867) : Syntax error on token "-", ; expected
[ERROR] src/main/java/fr/msa/Imsa_processResource.java (425:26868) : Return type for the method is missing
[ERROR] src/main/java/fr/msa/Imsa_processResource.java (429:27384) : The annotation @PUT is disallowed for this location
[ERROR] src/main/java/fr/msa/Imsa_processResource.java (430:27393) : The annotation @Path is disallowed for this location
[ERROR] src/main/java/fr/msa/Imsa_processResource.java (431:27465) : The annotation @Consumes is disallowed for this location
[ERROR] src/main/java/fr/msa/Imsa_processResource.java (432:27507) : The annotation @Produces is disallowed for this location
[ERROR] src/main/java/fr/msa/Imsa_processResource.java (433:27592) : Syntax error on token "-", ; expected
[ERROR] src/main/java/fr/msa/Imsa_processResource.java (433:27593) : Return type for the method is missing
[ERROR] src/main/java/fr/msa/Imsa_processResource.java (437:28005) : The annotation @DELETE is disallowed for this location
[ERROR] src/main/java/fr/msa/Imsa_processResource.java (438:28017) : The annotation @Path is disallowed for this location
[ERROR] src/main/java/fr/msa/Imsa_processResource.java (439:28130) : Syntax error on token "-", ; expected
[ERROR] src/main/java/fr/msa/Imsa_processResource.java (439:28131) : Return type for the method is missing
[ERROR] src/main/java/fr/msa/Imsa_processResource.java (439:28131) : Duplicate method dossier_2(String, String, String, String, List<String>) in type Imsa_processResource
[ERROR] src/main/java/fr/msa/Imsa_processResource.java (443:28590) : The annotation @GET is disallowed for this location
[ERROR] src/main/java/fr/msa/Imsa_processResource.java (444:28599) : The annotation @Path is disallowed for this location
[ERROR] src/main/java/fr/msa/Imsa_processResource.java (445:28671) : The annotation @Produces is disallowed for this location
[ERROR] src/main/java/fr/msa/Imsa_processResource.java (446:28753) : Syntax error on token "-", ; expected
[ERROR] src/main/java/fr/msa/Imsa_processResource.java (446:28754) : Return type for the method is missing
[ERROR] src/main/java/fr/msa/Imsa_processResource.java (446:28754) : Duplicate method dossier_2(String, String, String, String, List<String>) in type Imsa_processResource
[ERROR] src/main/java/fr/msa/Imsa_processResource.java (450:29174) : The annotation @GET is disallowed for this location
[ERROR] src/main/java/fr/msa/Imsa_processResource.java (451:29183) : The annotation @Path is disallowed for this location
[ERROR] src/main/java/fr/msa/Imsa_processResource.java (452:29240) : The annotation @Produces is disallowed for this location
[ERROR] src/main/java/fr/msa/Imsa_processResource.java (453:29335) : Syntax error on token "-", ; expected
[ERROR] src/main/java/fr/msa/Imsa_processResource.java (453:29336) : Return type for the method is missing
[ERROR] src/main/java/fr/msa/Imsa_processResource.java (453:29336) : Duplicate method dossier_2(String, String, String, List<String>) in type Imsa_processResource
[ERROR] src/main/java/fr/msa/Imsa_processResource.java (457:29639) : The annotation @GET is disallowed for this location
[ERROR] src/main/java/fr/msa/Imsa_processResource.java (458:29648) : The annotation @Path is disallowed for this location
[ERROR] src/main/java/fr/msa/Imsa_processResource.java (459:29714) : The annotation @Produces is disallowed for this location
[ERROR] src/main/java/fr/msa/Imsa_processResource.java (460:29790) : Syntax error on token "-", ; expected
[ERROR] src/main/java/fr/msa/Imsa_processResource.java (460:29791) : Return type for the method is missing
[ERROR] src/main/java/fr/msa/Imsa_processResource.java (460:29791) : Duplicate method dossier_2(String, String, String, String, List<String>) in type Imsa_processResource
[ERROR] src/main/java/fr/msa/Imsa_processResource.java (464:30193) : The annotation @GET is disallowed for this location
[ERROR] src/main/java/fr/msa/Imsa_processResource.java (465:30202) : The annotation @Path is disallowed for this location
[ERROR] src/main/java/fr/msa/Imsa_processResource.java (466:30256) : The annotation @Produces is disallowed for this location
[ERROR] src/main/java/fr/msa/Imsa_processResource.java (467:30345) : Syntax error on token "-", ; expected
[ERROR] src/main/java/fr/msa/Imsa_processResource.java (467:30346) : Return type for the method is missing
[ERROR] src/main/java/fr/msa/Imsa_processResource.java (467:30346) : Duplicate method dossier_2(String, String, String, List<String>) in type Imsa_processResource
[DEBUG] [io.quarkus.builder] Finished step "org.kie.kogito.quarkus.common.deployment.KogitoAssetsProcessor#generateModel" in 4723 ms
[DEBUG] [io.quarkus.builder] Dependency of "io.quarkus.deployment.steps.ReflectionDiagnosticProcessor#writeReflectionData" finished; 17 remaining
[DEBUG] [io.quarkus.builder] Dependency of "io.quarkus.deployment.steps.NativeImageAutoFeatureStep#generateNativeResourcesList" finished; 3 remaining
[DEBUG] [io.quarkus.builder] Dependency of "io.quarkus.deployment.pkg.steps.JarResultBuildStep#buildRunnerJar" finished; 13 remaining
[DEBUG] [io.quarkus.builder] Dependency of "org.kie.kogito.quarkus.processes.deployment.ProcessesAssetsProcessor#postGenerationProcessing" finished; 0 remaining
[DEBUG] [io.quarkus.builder] Dependency of "io.quarkus.arc.deployment.BeanArchiveProcessor#build" finished; 1 remaining
[DEBUG] [io.quarkus.builder] Starting step "org.kie.kogito.quarkus.processes.deployment.ProcessesAssetsProcessor#postGenerationProcessing"
[DEBUG] [io.quarkus.builder] Finished step "org.kie.kogito.quarkus.processes.deployment.ProcessesAssetsProcessor#postGenerationProcessing" in 2 ms
[DEBUG] [io.quarkus.builder] Dependency of "io.quarkus.deployment.steps.NativeImageAutoFeatureStep#generateNativeResourcesList" finished; 2 remaining
[DEBUG] [io.quarkus.builder] Dependency of "io.quarkus.deployment.pkg.steps.JarResultBuildStep#buildRunnerJar" finished; 12 remaining
[DEBUG] [io.quarkus.builder] Dependency of "io.quarkus.deployment.steps.ConfigGenerationBuildStep#runtimeDefaultsConfig" finished; 0 remaining
[DEBUG] [io.quarkus.builder] Starting step "io.quarkus.deployment.steps.ConfigGenerationBuildStep#runtimeDefaultsConfig"
[DEBUG] [io.quarkus.builder] Dependency of "io.quarkus.arc.deployment.BeanArchiveProcessor#build" finished; 0 remaining
[DEBUG] [io.quarkus.builder] Finished step "io.quarkus.deployment.steps.ConfigGenerationBuildStep#runtimeDefaultsConfig" in 2 ms
[DEBUG] [io.quarkus.builder] Starting step "io.quarkus.arc.deployment.BeanArchiveProcessor#build"
[DEBUG] [io.quarkus.builder] Dependency of "io.quarkus.deployment.steps.NativeImageAutoFeatureStep#generateNativeResourcesList" finished; 1 remaining
[DEBUG] [io.quarkus.builder] Finished step "io.quarkus.arc.deployment.BeanArchiveProcessor#build" in 2 ms
[DEBUG] [io.quarkus.builder] Dependency of "io.quarkus.deployment.pkg.steps.JarResultBuildStep#buildRunnerJar" finished; 11 remaining
[DEBUG] [io.quarkus.builder] Dependency of "io.quarkus.smallrye.health.deployment.SmallRyeHealthProcessor#annotationTransformer" finished; 0 remaining
[DEBUG] [io.quarkus.builder] Dependency of "io.quarkus.restclient.deployment.RestClientProcessor#unremovableInterceptors" finished; 2 remaining
[DEBUG] [io.quarkus.builder] Dependency of "io.quarkus.resteasy.server.common.deployment.ResteasyServerCommonProcessor#build" finished; 2 remaining
[DEBUG] [io.quarkus.builder] Starting step "io.quarkus.smallrye.health.deployment.SmallRyeHealthProcessor#annotationTransformer"
[DEBUG] [io.quarkus.builder] Dependency of "io.quarkus.arc.deployment.staticmethods.InterceptedStaticMethodsProcessor#processInterceptedStaticMethods" finished; 2 remaining
[DEBUG] [io.quarkus.builder] Finished step "io.quarkus.smallrye.health.deployment.SmallRyeHealthProcessor#annotationTransformer" in 4 ms
[DEBUG] [io.quarkus.builder] Dependency of "io.quarkus.arc.deployment.ArcProcessor#initialize" finished; 7 remaining
[DEBUG] [io.quarkus.builder] Dependency of "io.quarkus.arc.deployment.AutoProducerMethodsProcessor#annotationTransformer" finished; 0 remaining
[DEBUG] [io.quarkus.builder] Dependency of "io.quarkus.arc.deployment.ArcProcessor#initialize" finished; 6 remaining
[DEBUG] [io.quarkus.builder] Dependency of "io.quarkus.smallrye.reactivemessaging.deployment.SmallRyeReactiveMessagingProcessor#transformBeanScope" finished; 0 remaining
[DEBUG] [io.quarkus.builder] Starting step "io.quarkus.arc.deployment.AutoProducerMethodsProcessor#annotationTransformer"
[DEBUG] [io.quarkus.builder] Finished step "io.quarkus.arc.deployment.AutoProducerMethodsProcessor#annotationTransformer" in 3 ms
[DEBUG] [io.quarkus.builder] Dependency of "io.quarkus.arc.deployment.ArcProcessor#initialize" finished; 5 remaining
[DEBUG] [io.quarkus.builder] Dependency of "io.quarkus.arc.deployment.staticmethods.InterceptedStaticMethodsProcessor#collectInterceptedStaticMethods" finished; 1 remaining
[DEBUG] [io.quarkus.builder] Starting step "io.quarkus.smallrye.reactivemessaging.deployment.SmallRyeReactiveMessagingProcessor#transformBeanScope"
[DEBUG] [io.quarkus.builder] Dependency of "io.quarkus.smallrye.openapi.deployment.SmallRyeOpenApiProcessor#smallryeOpenApiIndex" finished; 0 remaining
[DEBUG] [io.quarkus.builder] Finished step "io.quarkus.smallrye.reactivemessaging.deployment.SmallRyeReactiveMessagingProcessor#transformBeanScope" in 6 ms
[DEBUG] [io.quarkus.builder] Starting step "io.quarkus.smallrye.openapi.deployment.SmallRyeOpenApiProcessor#smallryeOpenApiIndex"
[DEBUG] [io.quarkus.builder] Dependency of "io.quarkus.deployment.pkg.steps.JarResultBuildStep#buildRunnerJar" finished; 10 remaining
[DEBUG] [io.quarkus.builder] Dependency of "io.quarkus.resteasy.common.deployment.ResteasyCommonProcessor#setupProviders" finished; 1 remaining
[DEBUG] [io.quarkus.builder] Dependency of "io.quarkus.smallrye.health.deployment.SmallRyeHealthProcessor#defineHealthRoutes" finished; 0 remaining
[DEBUG] [io.quarkus.builder] Finished step "io.quarkus.smallrye.openapi.deployment.SmallRyeOpenApiProcessor#smallryeOpenApiIndex" in 3 ms
[DEBUG] [io.quarkus.builder] Dependency of "io.quarkus.arc.deployment.ArcProcessor#initialize" finished; 4 remaining
[DEBUG] [io.quarkus.builder] Dependency of "io.quarkus.smallrye.openapi.deployment.SmallRyeOpenApiProcessor#addSecurityFilter" finished; 0 remaining
[DEBUG] [io.quarkus.builder] Starting step "io.quarkus.smallrye.health.deployment.SmallRyeHealthProcessor#defineHealthRoutes"
[DEBUG] [io.quarkus.builder] Finished step "io.quarkus.smallrye.health.deployment.SmallRyeHealthProcessor#defineHealthRoutes" in 4 ms
[DEBUG] [io.quarkus.builder] Dependency of "io.quarkus.arc.deployment.AutoInjectFieldProcessor#autoInjectQualifiers" finished; 0 remaining
[DEBUG] [io.quarkus.builder] Dependency of "io.quarkus.vertx.http.deployment.VertxHttpProcessor#initializeRouter" finished; 3 remaining
[DEBUG] [io.quarkus.builder] Starting step "io.quarkus.smallrye.openapi.deployment.SmallRyeOpenApiProcessor#addSecurityFilter"
[DEBUG] [io.quarkus.builder] Dependency of "io.quarkus.smallrye.openapi.deployment.SmallRyeOpenApiProcessor#build" finished; 2 remaining
[DEBUG] [io.quarkus.builder] Finished step "io.quarkus.smallrye.openapi.deployment.SmallRyeOpenApiProcessor#addSecurityFilter" in 7 ms
[DEBUG] [io.quarkus.builder] Dependency of "io.quarkus.restclient.deployment.RestClientProcessor#processInterfaces" finished; 0 remaining
[DEBUG] [io.quarkus.builder] Starting step "io.quarkus.arc.deployment.AutoInjectFieldProcessor#autoInjectQualifiers"
[DEBUG] [io.quarkus.builder] Dependency of "io.quarkus.vertx.deployment.EventBusCodecProcessor#registerCodecs" finished; 0 remaining
[DEBUG] [io.quarkus.builder] Starting step "io.quarkus.restclient.deployment.RestClientProcessor#processInterfaces"
[DEBUG] [io.quarkus.builder] Dependency of "io.quarkus.smallrye.openapi.deployment.SmallRyeOpenApiProcessor#build" finished; 1 remaining
[DEBUG] [io.quarkus.builder] Dependency of "io.quarkus.smallrye.openapi.deployment.SmallRyeOpenApiProcessor#registerOpenApiSchemaClassesForReflection" finished; 0 remaining
[DEBUG] [io.quarkus.builder] Finished step "io.quarkus.restclient.deployment.RestClientProcessor#processInterfaces" in 5 ms
[DEBUG] [io.quarkus.builder] Dependency of "io.quarkus.arc.deployment.SyntheticBeansProcessor#initRegular" finished; 4 remaining
[DEBUG] [io.quarkus.builder] Dependency of "io.quarkus.deployment.steps.ReflectionDiagnosticProcessor#writeReflectionData" finished; 16 remaining
[DEBUG] [io.quarkus.builder] Dependency of "io.quarkus.arc.deployment.SyntheticBeansProcessor#initStatic" finished; 4 remaining
[DEBUG] [io.quarkus.builder] Dependency of "io.quarkus.arc.deployment.SyntheticBeansProcessor#initRuntime" finished; 4 remaining
[DEBUG] [io.quarkus.builder] Starting step "io.quarkus.vertx.deployment.EventBusCodecProcessor#registerCodecs"
[DEBUG] [io.quarkus.builder] Dependency of "io.quarkus.arc.deployment.AutoAddScopeProcessor#annotationTransformer" finished; 1 remaining
[DEBUG] [io.quarkus.builder] Finished step "io.quarkus.arc.deployment.AutoInjectFieldProcessor#autoInjectQualifiers" in 11 ms
[DEBUG] [io.quarkus.builder] Finished step "io.quarkus.vertx.deployment.EventBusCodecProcessor#registerCodecs" in 11 ms
[DEBUG] [io.quarkus.builder] Dependency of "io.quarkus.deployment.steps.ReflectiveHierarchyStep#build" finished; 2 remaining
[DEBUG] [io.quarkus.builder] Starting step "io.quarkus.smallrye.openapi.deployment.SmallRyeOpenApiProcessor#registerOpenApiSchemaClassesForReflection"
[DEBUG] [io.quarkus.builder] Dependency of "io.quarkus.smallrye.openapi.deployment.SmallRyeOpenApiProcessor#handler" finished; 0 remaining
[DEBUG] [io.quarkus.builder] Finished step "io.quarkus.smallrye.openapi.deployment.SmallRyeOpenApiProcessor#registerOpenApiSchemaClassesForReflection" in 12 ms
[DEBUG] [io.quarkus.builder] Dependency of "io.quarkus.restclient.deployment.RestClientProcessor#unremovableInterceptors" finished; 1 remaining
[DEBUG] [io.quarkus.builder] Dependency of "io.quarkus.deployment.steps.ReflectionDiagnosticProcessor#writeReflectionData" finished; 15 remaining
[DEBUG] [io.quarkus.builder] Dependency of "io.quarkus.arc.deployment.AutoInjectFieldProcessor#annotationTransformer" finished; 0 remaining
[DEBUG] [io.quarkus.builder] Dependency of "io.quarkus.vertx.deployment.VertxProcessor#build" finished; 1 remaining
[DEBUG] [io.quarkus.builder] Dependency of "io.quarkus.resteasy.common.deployment.ResteasyCommonProcessor#setupProviders" finished; 0 remaining
[DEBUG] [io.quarkus.builder] Dependency of "io.quarkus.deployment.steps.ReflectionDiagnosticProcessor#writeReflectionData" finished; 14 remaining
[DEBUG] [io.quarkus.builder] Starting step "io.quarkus.smallrye.openapi.deployment.SmallRyeOpenApiProcessor#handler"
[DEBUG] [io.quarkus.builder] Finished step "io.quarkus.smallrye.openapi.deployment.SmallRyeOpenApiProcessor#handler" in 10 ms
[DEBUG] [io.quarkus.builder] Dependency of "io.quarkus.deployment.steps.ReflectiveHierarchyStep#build" finished; 1 remaining
[DEBUG] [io.quarkus.builder] Starting step "io.quarkus.resteasy.common.deployment.ResteasyCommonProcessor#setupProviders"
[DEBUG] [io.quarkus.builder] Starting step "io.quarkus.arc.deployment.AutoInjectFieldProcessor#annotationTransformer"
[DEBUG] [io.quarkus.builder] Finished step "io.quarkus.arc.deployment.AutoInjectFieldProcessor#annotationTransformer" in 11 ms
[DEBUG] [io.quarkus.builder] Dependency of "io.quarkus.resteasy.server.common.deployment.ResteasyServerCommonProcessor#build" finished; 1 remaining
[DEBUG] [io.quarkus.builder] Dependency of "io.quarkus.arc.deployment.ArcProcessor#initialize" finished; 3 remaining
[DEBUG] [io.quarkus.builder] Finished step "io.quarkus.resteasy.common.deployment.ResteasyCommonProcessor#setupProviders" in 7 ms
[DEBUG] [io.quarkus.builder] Dependency of "io.quarkus.arc.deployment.SyntheticBeansProcessor#initRegular" finished; 3 remaining
[DEBUG] [io.quarkus.builder] Dependency of "io.quarkus.deployment.steps.ReflectionDiagnosticProcessor#writeReflectionData" finished; 13 remaining
[DEBUG] [io.quarkus.builder] Dependency of "io.quarkus.arc.deployment.AutoAddScopeProcessor#annotationTransformer" finished; 0 remaining
[DEBUG] [io.quarkus.builder] Dependency of "io.quarkus.restclient.deployment.RestClientProcessor#registerProviders" finished; 1 remaining
[DEBUG] [io.quarkus.builder] Dependency of "io.quarkus.resteasy.server.common.deployment.ResteasyServerCommonProcessor#build" finished; 0 remaining
[DEBUG] [io.quarkus.builder] Dependency of "io.quarkus.arc.deployment.SyntheticBeansProcessor#initStatic" finished; 3 remaining
[DEBUG] [io.quarkus.builder] Starting step "io.quarkus.resteasy.server.common.deployment.ResteasyServerCommonProcessor#build"
[DEBUG] [io.quarkus.builder] Finished step "io.quarkus.resteasy.server.common.deployment.ResteasyServerCommonProcessor#build" in 2 ms
[DEBUG] [io.quarkus.builder] Dependency of "io.quarkus.deployment.steps.ReflectionDiagnosticProcessor#writeReflectionData" finished; 12 remaining
[DEBUG] [io.quarkus.builder] Dependency of "io.quarkus.arc.deployment.ArcProcessor#validate" finished; 5 remaining
[DEBUG] [io.quarkus.builder] Dependency of "io.quarkus.resteasy.deployment.ResteasyServletProcessor#jaxrsConfig" finished; 0 remaining
[DEBUG] [io.quarkus.builder] Dependency of "io.quarkus.deployment.steps.ReflectiveHierarchyStep#build" finished; 0 remaining
[DEBUG] [io.quarkus.builder] Starting step "io.quarkus.arc.deployment.AutoAddScopeProcessor#annotationTransformer"
[DEBUG] [io.quarkus.builder] Finished step "io.quarkus.arc.deployment.AutoAddScopeProcessor#annotationTransformer" in 9 ms
[DEBUG] [io.quarkus.builder] Dependency of "io.quarkus.arc.deployment.ArcProcessor#validate" finished; 4 remaining
[DEBUG] [io.quarkus.builder] Starting step "io.quarkus.deployment.steps.ReflectiveHierarchyStep#build"
[DEBUG] [io.quarkus.builder] Dependency of "io.quarkus.arc.deployment.ArcProcessor#initialize" finished; 2 remaining
[DEBUG] [io.quarkus.builder] Dependency of "io.quarkus.resteasy.deployment.ResteasyServletProcessor#build" finished; 1 remaining
[DEBUG] [io.quarkus.builder] Dependency of "io.quarkus.resteasy.deployment.ResteasyStandaloneBuildStep#staticInit" finished; 1 remaining
[DEBUG] [io.quarkus.builder] Starting step "io.quarkus.resteasy.deployment.ResteasyServletProcessor#jaxrsConfig"
[DEBUG] [io.quarkus.builder] Dependency of "io.quarkus.arc.deployment.SyntheticBeansProcessor#initRuntime" finished; 3 remaining
[DEBUG] [io.quarkus.builder] Finished step "io.quarkus.resteasy.deployment.ResteasyServletProcessor#jaxrsConfig" in 8 ms
[DEBUG] [io.quarkus.builder] Dependency of "io.quarkus.deployment.steps.ClassTransformingBuildStep#handleClassTransformation" finished; 3 remaining
[DEBUG] [io.quarkus.builder] Finished step "io.quarkus.deployment.steps.ReflectiveHierarchyStep#build" in 3 ms
[DEBUG] [io.quarkus.builder] Dependency of "io.quarkus.arc.deployment.ArcProcessor#initialize" finished; 1 remaining
[DEBUG] [io.quarkus.builder] Dependency of "io.quarkus.deployment.steps.ReflectionDiagnosticProcessor#writeReflectionData" finished; 11 remaining
[DEBUG] [io.quarkus.builder] Dependency of "io.quarkus.smallrye.openapi.deployment.SmallRyeOpenApiProcessor#build" finished; 0 remaining
[DEBUG] [io.quarkus.builder] Dependency of "io.quarkus.deployment.steps.MainClassBuildStep#build" finished; 26 remaining
[DEBUG] [io.quarkus.builder] Starting step "io.quarkus.smallrye.openapi.deployment.SmallRyeOpenApiProcessor#build"
[DEBUG] [io.quarkus.builder] Finished step "io.quarkus.smallrye.openapi.deployment.SmallRyeOpenApiProcessor#build" in 2 ms
[DEBUG] [io.quarkus.builder] Dependency of "io.quarkus.resteasy.deployment.RestPathAnnotationProcessor#findRestPaths" finished; 0 remaining
[DEBUG] [io.quarkus.builder] Dependency of "io.quarkus.deployment.steps.NativeImageAutoFeatureStep#generateNativeResourcesList" finished; 0 remaining
[DEBUG] [io.quarkus.builder] Dependency of "io.quarkus.vertx.http.deployment.VertxHttpProcessor#initializeRouter" finished; 2 remaining
[DEBUG] [io.quarkus.builder] Starting step "io.quarkus.deployment.steps.NativeImageAutoFeatureStep#generateNativeResourcesList"
[DEBUG] [io.quarkus.builder] Dependency of "io.quarkus.deployment.pkg.steps.JarResultBuildStep#buildRunnerJar" finished; 9 remaining
[DEBUG] [io.quarkus.builder] Starting step "io.quarkus.resteasy.deployment.RestPathAnnotationProcessor#findRestPaths"
[DEBUG] [io.quarkus.builder] Dependency of "io.quarkus.deployment.steps.MainClassBuildStep#build" finished; 25 remaining
[DEBUG] [io.quarkus.builder] Finished step "io.quarkus.deployment.steps.NativeImageAutoFeatureStep#generateNativeResourcesList" in 3 ms
[DEBUG] [io.quarkus.builder] Finished step "io.quarkus.resteasy.deployment.RestPathAnnotationProcessor#findRestPaths" in 6 ms
[DEBUG] [io.quarkus.builder] Dependency of "io.quarkus.deployment.pkg.steps.JarResultBuildStep#buildRunnerJar" finished; 8 remaining
[DEBUG] [io.quarkus.builder] Dependency of "io.quarkus.arc.deployment.ArcProcessor#initialize" finished; 0 remaining
[DEBUG] [io.quarkus.builder] Starting step "io.quarkus.arc.deployment.ArcProcessor#initialize"
[DEBUG] [io.quarkus.builder] Finished step "io.quarkus.arc.deployment.ArcProcessor#initialize" in 1 ms
[DEBUG] [io.quarkus.builder] Dependency of "io.quarkus.arc.deployment.ArcProcessor#registerBeans" finished; 1 remaining
[DEBUG] [io.quarkus.builder] Dependency of "io.quarkus.undertow.deployment.UndertowBuildStep#registerContext" finished; 0 remaining
[DEBUG] [io.quarkus.builder] Starting step "io.quarkus.undertow.deployment.UndertowBuildStep#registerContext"
[DEBUG] [io.quarkus.builder] Finished step "io.quarkus.undertow.deployment.UndertowBuildStep#registerContext" in 1 ms
[DEBUG] [io.quarkus.builder] Dependency of "io.quarkus.arc.deployment.ArcProcessor#registerBeans" finished; 0 remaining
[DEBUG] [io.quarkus.builder] Starting step "io.quarkus.arc.deployment.ArcProcessor#registerBeans"
[DEBUG] [io.quarkus.builder] Finished step "io.quarkus.arc.deployment.ArcProcessor#registerBeans" in 1 ms
[DEBUG] [io.quarkus.builder] Dependency of "io.quarkus.smallrye.reactivemessaging.deployment.SmallRyeReactiveMessagingProcessor#collectComponents" finished; 0 remaining
[DEBUG] [io.quarkus.builder] Dependency of "io.quarkus.arc.deployment.SyntheticBeansProcessor#initStatic" finished; 2 remaining
[DEBUG] [io.quarkus.builder] Starting step "io.quarkus.smallrye.reactivemessaging.deployment.SmallRyeReactiveMessagingProcessor#collectComponents"
[DEBUG] [io.quarkus.builder] Dependency of "io.quarkus.arc.deployment.SyntheticBeansProcessor#initRuntime" finished; 2 remaining
[DEBUG] [io.quarkus.builder] Finished step "io.quarkus.smallrye.reactivemessaging.deployment.SmallRyeReactiveMessagingProcessor#collectComponents" in 3 ms
[DEBUG] [io.quarkus.builder] Dependency of "io.quarkus.restclient.deployment.RestClientProcessor#unremovableInterceptors" finished; 0 remaining
[DEBUG] [io.quarkus.builder] Dependency of "io.quarkus.arc.deployment.staticmethods.InterceptedStaticMethodsProcessor#processInterceptedStaticMethods" finished; 1 remaining
[DEBUG] [io.quarkus.builder] Dependency of "io.quarkus.arc.deployment.ConfigBuildStep#registerConfigPropertiesBean" finished; 0 remaining
[DEBUG] [io.quarkus.builder] Dependency of "io.quarkus.smallrye.reactivemessaging.deployment.SmallRyeReactiveMessagingProcessor#build" finished; 0 remaining
[DEBUG] [io.quarkus.builder] Starting step "io.quarkus.arc.deployment.ConfigBuildStep#registerConfigPropertiesBean"
[DEBUG] [io.quarkus.builder] Dependency of "io.quarkus.arc.deployment.WrongAnnotationUsageProcessor#detect" finished; 0 remaining
[DEBUG] [io.quarkus.builder] Starting step "io.quarkus.restclient.deployment.RestClientProcessor#unremovableInterceptors"
[DEBUG] [io.quarkus.builder] Finished step "io.quarkus.restclient.deployment.RestClientProcessor#unremovableInterceptors" in 6 ms
[DEBUG] [io.quarkus.builder] Starting step "io.quarkus.arc.deployment.WrongAnnotationUsageProcessor#detect"
[DEBUG] [io.quarkus.builder] Dependency of "io.quarkus.arc.deployment.SyntheticBeansProcessor#initRegular" finished; 2 remaining
[DEBUG] [io.quarkus.builder] Finished step "io.quarkus.arc.deployment.ConfigBuildStep#registerConfigPropertiesBean" in 2 ms
[DEBUG] [io.quarkus.builder] Starting step "io.quarkus.smallrye.reactivemessaging.deployment.SmallRyeReactiveMessagingProcessor#build"
[DEBUG] [io.quarkus.builder] Dependency of "io.quarkus.arc.deployment.ArcProcessor#generateResources" finished; 3 remaining
[DEBUG] [io.quarkus.builder] Finished step "io.quarkus.smallrye.reactivemessaging.deployment.SmallRyeReactiveMessagingProcessor#build" in 9 ms
[DEBUG] [io.quarkus.builder] Dependency of "io.quarkus.arc.deployment.ArcProcessor#registerSyntheticObservers" finished; 6 remaining
[DEBUG] [io.quarkus.builder] Dependency of "io.quarkus.arc.deployment.staticmethods.InterceptedStaticMethodsProcessor#collectInterceptedStaticMethods" finished; 0 remaining
[DEBUG] [io.quarkus.builder] Finished step "io.quarkus.arc.deployment.WrongAnnotationUsageProcessor#detect" in 3 ms
[DEBUG] [io.quarkus.builder] Dependency of "io.quarkus.arc.deployment.ArcProcessor#validate" finished; 3 remaining
[DEBUG] [io.quarkus.builder] Dependency of "io.quarkus.arc.deployment.ArcProcessor#generateResources" finished; 2 remaining
[DEBUG] [io.quarkus.builder] Dependency of "io.quarkus.arc.deployment.ConfigBuildStep#registerConfigMappingsBean" finished; 0 remaining
[DEBUG] [io.quarkus.builder] Starting step "io.quarkus.arc.deployment.staticmethods.InterceptedStaticMethodsProcessor#collectInterceptedStaticMethods"
[DEBUG] [io.quarkus.builder] Dependency of "io.quarkus.arc.deployment.SyntheticBeansProcessor#initRegular" finished; 1 remaining
[DEBUG] [io.quarkus.builder] Finished step "io.quarkus.arc.deployment.staticmethods.InterceptedStaticMethodsProcessor#collectInterceptedStaticMethods" in 6 ms
[DEBUG] [io.quarkus.builder] Dependency of "io.quarkus.arc.deployment.ConfigBuildStep#registerCustomConfigBeanTypes" finished; 0 remaining
[DEBUG] [io.quarkus.builder] Starting step "io.quarkus.arc.deployment.ConfigBuildStep#registerConfigMappingsBean"
[DEBUG] [io.quarkus.builder] Dependency of "io.quarkus.vertx.deployment.VertxProcessor#collectEventConsumers" finished; 0 remaining
[DEBUG] [io.quarkus.builder] Starting step "io.quarkus.arc.deployment.ConfigBuildStep#registerCustomConfigBeanTypes"
[DEBUG] [io.quarkus.builder] Dependency of "io.quarkus.arc.deployment.ArcProcessor#validate" finished; 2 remaining
[DEBUG] [io.quarkus.builder] Dependency of "io.quarkus.deployment.steps.ReflectionDiagnosticProcessor#writeReflectionData" finished; 10 remaining
[DEBUG] [io.quarkus.builder] Dependency of "io.quarkus.arc.deployment.staticmethods.InterceptedStaticMethodsProcessor#callInitializer" finished; 1 remaining
[DEBUG] [io.quarkus.builder] Finished step "io.quarkus.arc.deployment.ConfigBuildStep#registerCustomConfigBeanTypes" in 3 ms
[DEBUG] [io.quarkus.builder] Dependency of "io.quarkus.arc.deployment.SyntheticBeansProcessor#initRegular" finished; 0 remaining
[DEBUG] [io.quarkus.builder] Dependency of "io.quarkus.deployment.steps.ReflectionDiagnosticProcessor#writeReflectionData" finished; 9 remaining
[DEBUG] [io.quarkus.builder] Starting step "io.quarkus.vertx.deployment.VertxProcessor#collectEventConsumers"
[DEBUG] [io.quarkus.builder] Finished step "io.quarkus.vertx.deployment.VertxProcessor#collectEventConsumers" in 9 ms
[DEBUG] [io.quarkus.builder] Dependency of "io.quarkus.arc.deployment.ArcProcessor#registerSyntheticObservers" finished; 5 remaining
[DEBUG] [io.quarkus.builder] Finished step "io.quarkus.arc.deployment.ConfigBuildStep#registerConfigMappingsBean" in 6 ms
[DEBUG] [io.quarkus.builder] Dependency of "io.quarkus.vertx.deployment.VertxProcessor#build" finished; 0 remaining
[DEBUG] [io.quarkus.builder] Dependency of "io.quarkus.arc.deployment.SyntheticBeansProcessor#initStatic" finished; 0 remaining
[DEBUG] [io.quarkus.builder] Starting step "io.quarkus.arc.deployment.SyntheticBeansProcessor#initRegular"
[DEBUG] [io.quarkus.builder] Finished step "io.quarkus.arc.deployment.SyntheticBeansProcessor#initRegular" in 9 ms
[DEBUG] [io.quarkus.builder] Dependency of "io.quarkus.arc.deployment.ArcProcessor#registerSyntheticObservers" finished; 2 remaining
[DEBUG] [io.quarkus.builder] Dependency of "io.quarkus.arc.deployment.staticmethods.InterceptedStaticMethodsProcessor#processInterceptedStaticMethods" finished; 0 remaining
[DEBUG] [io.quarkus.builder] Dependency of "io.quarkus.arc.deployment.SyntheticBeansProcessor#initStatic" finished; 1 remaining
[DEBUG] [io.quarkus.builder] Starting step "io.quarkus.arc.deployment.staticmethods.InterceptedStaticMethodsProcessor#processInterceptedStaticMethods"
[DEBUG] [io.quarkus.builder] Dependency of "io.quarkus.arc.deployment.SyntheticBeansProcessor#initRuntime" finished; 1 remaining
[DEBUG] [io.quarkus.builder] Starting step "io.quarkus.arc.deployment.SyntheticBeansProcessor#initStatic"
[DEBUG] [io.quarkus.builder] Starting step "io.quarkus.vertx.deployment.VertxProcessor#build"
[DEBUG] [io.quarkus.builder] Finished step "io.quarkus.vertx.deployment.VertxProcessor#build" in 14 ms
[DEBUG] [io.quarkus.builder] Dependency of "io.quarkus.arc.deployment.ArcProcessor#registerSyntheticObservers" finished; 3 remaining
[DEBUG] [io.quarkus.builder] Dependency of "io.quarkus.arc.deployment.ArcProcessor#registerSyntheticObservers" finished; 4 remaining
[DEBUG] [io.quarkus.builder] Dependency of "io.quarkus.deployment.steps.ReflectionDiagnosticProcessor#writeReflectionData" finished; 8 remaining
[DEBUG] [io.quarkus.builder] Dependency of "io.quarkus.deployment.pkg.steps.JarResultBuildStep#buildRunnerJar" finished; 7 remaining
[DEBUG] [io.quarkus.builder] Dependency of "io.quarkus.deployment.steps.MainClassBuildStep#build" finished; 24 remaining
[DEBUG] [io.quarkus.builder] Finished step "io.quarkus.arc.deployment.SyntheticBeansProcessor#initStatic" in 13 ms
[DEBUG] [io.quarkus.builder] Dependency of "io.quarkus.deployment.steps.MainClassBuildStep#build" finished; 23 remaining
[DEBUG] [io.quarkus.builder] Finished step "io.quarkus.arc.deployment.staticmethods.InterceptedStaticMethodsProcessor#processInterceptedStaticMethods" in 4 ms
[DEBUG] [io.quarkus.builder] Dependency of "io.quarkus.arc.deployment.SyntheticBeansProcessor#initRuntime" finished; 0 remaining
[DEBUG] [io.quarkus.builder] Dependency of "io.quarkus.deployment.steps.ReflectionDiagnosticProcessor#writeReflectionData" finished; 7 remaining
[DEBUG] [io.quarkus.builder] Dependency of "io.quarkus.deployment.pkg.steps.JarResultBuildStep#buildRunnerJar" finished; 5 remaining
[DEBUG] [io.quarkus.builder] Dependency of "io.quarkus.deployment.steps.ClassTransformingBuildStep#handleClassTransformation" finished; 2 remaining
[DEBUG] [io.quarkus.builder] Dependency of "io.quarkus.arc.deployment.ArcProcessor#registerSyntheticObservers" finished; 1 remaining
[DEBUG] [io.quarkus.builder] Dependency of "io.quarkus.arc.deployment.LifecycleEventsBuildStep#startupEvent" finished; 4 remaining
[DEBUG] [io.quarkus.builder] Starting step "io.quarkus.arc.deployment.SyntheticBeansProcessor#initRuntime"
[DEBUG] [io.quarkus.builder] Dependency of "io.quarkus.deployment.pkg.steps.JarResultBuildStep#buildRunnerJar" finished; 6 remaining
[DEBUG] [io.quarkus.builder] Finished step "io.quarkus.arc.deployment.SyntheticBeansProcessor#initRuntime" in 8 ms
[DEBUG] [io.quarkus.builder] Dependency of "io.quarkus.deployment.steps.MainClassBuildStep#build" finished; 21 remaining
[DEBUG] [io.quarkus.builder] Dependency of "io.quarkus.deployment.steps.MainClassBuildStep#build" finished; 22 remaining
[DEBUG] [io.quarkus.builder] Dependency of "io.quarkus.arc.deployment.ArcProcessor#registerSyntheticObservers" finished; 0 remaining
[DEBUG] [io.quarkus.builder] Dependency of "io.quarkus.micrometer.deployment.binder.VertxBinderProcessor#setVertxConfig" finished; 0 remaining
[DEBUG] [io.quarkus.builder] Starting step "io.quarkus.arc.deployment.ArcProcessor#registerSyntheticObservers"
[DEBUG] [io.quarkus.builder] Starting step "io.quarkus.micrometer.deployment.binder.VertxBinderProcessor#setVertxConfig"
[DEBUG] [io.quarkus.builder] Finished step "io.quarkus.micrometer.deployment.binder.VertxBinderProcessor#setVertxConfig" in 3 ms
[DEBUG] [io.quarkus.builder] Dependency of "io.quarkus.deployment.steps.MainClassBuildStep#build" finished; 20 remaining
[DEBUG] [io.quarkus.builder] Dependency of "io.quarkus.arc.deployment.LifecycleEventsBuildStep#startupEvent" finished; 3 remaining
[DEBUG] [io.quarkus.builder] Finished step "io.quarkus.arc.deployment.ArcProcessor#registerSyntheticObservers" in 3 ms
[DEBUG] [io.quarkus.builder] Dependency of "io.quarkus.arc.deployment.ArcProcessor#validate" finished; 1 remaining
[DEBUG] [io.quarkus.builder] Dependency of "io.quarkus.arc.deployment.StartupBuildSteps#registerStartupObservers" finished; 0 remaining
[DEBUG] [io.quarkus.builder] Starting step "io.quarkus.arc.deployment.StartupBuildSteps#registerStartupObservers"
[DEBUG] [io.quarkus.builder] Finished step "io.quarkus.arc.deployment.StartupBuildSteps#registerStartupObservers" in 1 ms
[DEBUG] [io.quarkus.builder] Dependency of "io.quarkus.arc.deployment.ArcProcessor#validate" finished; 0 remaining
[DEBUG] [io.quarkus.builder] Starting step "io.quarkus.arc.deployment.ArcProcessor#validate"
[DEBUG] [io.quarkus.builder] Finished step "io.quarkus.arc.deployment.ArcProcessor#validate" in 2 ms
[DEBUG] [io.quarkus.builder] Dependency of "io.quarkus.arc.deployment.ConfigBuildStep#validateConfigPropertiesInjectionPoints" finished; 0 remaining
[DEBUG] [io.quarkus.builder] Starting step "io.quarkus.arc.deployment.ConfigBuildStep#validateConfigPropertiesInjectionPoints"
[DEBUG] [io.quarkus.builder] Finished step "io.quarkus.arc.deployment.ConfigBuildStep#validateConfigPropertiesInjectionPoints" in 1 ms
[DEBUG] [io.quarkus.builder] Dependency of "io.quarkus.arc.deployment.ObserverValidationProcessor#validateApplicationObserver" finished; 0 remaining
[DEBUG] [io.quarkus.builder] Dependency of "io.quarkus.arc.deployment.ConfigBuildStep#registerConfigClasses" finished; 1 remaining
[DEBUG] [io.quarkus.builder] Dependency of "io.quarkus.arc.deployment.ConfigBuildStep#validateConfigMappingsInjectionPoints" finished; 0 remaining
[DEBUG] [io.quarkus.builder] Starting step "io.quarkus.arc.deployment.ObserverValidationProcessor#validateApplicationObserver"
[DEBUG] [io.quarkus.builder] Finished step "io.quarkus.arc.deployment.ObserverValidationProcessor#validateApplicationObserver" in 5 ms
[DEBUG] [io.quarkus.builder] Dependency of "io.quarkus.arc.deployment.ConfigBuildStep#validateConfigInjectionPoints" finished; 0 remaining
[DEBUG] [io.quarkus.builder] Dependency of "io.quarkus.deployment.steps.ClassTransformingBuildStep#handleClassTransformation" finished; 1 remaining
[DEBUG] [io.quarkus.builder] Starting step "io.quarkus.arc.deployment.ConfigBuildStep#validateConfigMappingsInjectionPoints"
[DEBUG] [io.quarkus.builder] Dependency of "io.quarkus.arc.deployment.ArcProcessor#generateResources" finished; 0 remaining
[DEBUG] [io.quarkus.builder] Starting step "io.quarkus.arc.deployment.ConfigBuildStep#validateConfigInjectionPoints"
[DEBUG] [io.quarkus.builder] Dependency of "io.quarkus.arc.deployment.ArcProcessor#generateResources" finished; 1 remaining
[DEBUG] [io.quarkus.builder] Finished step "io.quarkus.arc.deployment.ConfigBuildStep#validateConfigInjectionPoints" in 4 ms
[DEBUG] [io.quarkus.builder] Starting step "io.quarkus.arc.deployment.ArcProcessor#generateResources"
[DEBUG] [io.quarkus.builder] Finished step "io.quarkus.arc.deployment.ArcProcessor#generateResources" in 4 ms
[DEBUG] [io.quarkus.builder] Finished step "io.quarkus.arc.deployment.ConfigBuildStep#validateConfigMappingsInjectionPoints" in 7 ms
[DEBUG] [io.quarkus.builder] Dependency of "io.quarkus.deployment.steps.ConfigGenerationBuildStep#generateConfigClass" finished; 0 remaining
[DEBUG] [io.quarkus.builder] Dependency of "io.quarkus.arc.deployment.ConfigBuildStep#registerConfigClasses" finished; 0 remaining
[DEBUG] [io.quarkus.builder] Dependency of "io.quarkus.deployment.steps.ReflectionDiagnosticProcessor#writeReflectionData" finished; 6 remaining
[DEBUG] [io.quarkus.builder] Dependency of "io.quarkus.arc.deployment.ConfigBuildStep#validateConfigValues" finished; 1 remaining
[DEBUG] [io.quarkus.builder] Dependency of "io.quarkus.arc.deployment.staticmethods.InterceptedStaticMethodsProcessor#callInitializer" finished; 0 remaining
[DEBUG] [io.quarkus.builder] Starting step "io.quarkus.arc.deployment.ConfigBuildStep#registerConfigClasses"
[DEBUG] [io.quarkus.builder] Starting step "io.quarkus.deployment.steps.ConfigGenerationBuildStep#generateConfigClass"
[DEBUG] [io.quarkus.builder] Finished step "io.quarkus.arc.deployment.ConfigBuildStep#registerConfigClasses" in 4 ms
[DEBUG] [io.quarkus.builder] Dependency of "io.quarkus.vertx.http.deployment.StaticResourcesProcessor#runtimeInit" finished; 0 remaining
[DEBUG] [io.quarkus.builder] Starting step "io.quarkus.arc.deployment.staticmethods.InterceptedStaticMethodsProcessor#callInitializer"
[DEBUG] [io.quarkus.builder] Starting step "io.quarkus.vertx.http.deployment.StaticResourcesProcessor#runtimeInit"
[DEBUG] [io.quarkus.builder] Dependency of "io.quarkus.undertow.deployment.UndertowBuildStep#build" finished; 1 remaining
[DEBUG] [io.quarkus.builder] Dependency of "io.quarkus.deployment.steps.MainClassBuildStep#build" finished; 19 remaining
[DEBUG] [io.quarkus.builder] Finished step "io.quarkus.deployment.steps.ConfigGenerationBuildStep#generateConfigClass" in 6 ms
[DEBUG] [io.quarkus.builder] Dependency of "io.quarkus.deployment.pkg.steps.JarResultBuildStep#buildRunnerJar" finished; 4 remaining
[DEBUG] [io.quarkus.builder] Dependency of "io.quarkus.vertx.http.deployment.VertxHttpProcessor#finalizeRouter" finished; 4 remaining
[DEBUG] [io.quarkus.builder] Dependency of "io.quarkus.arc.deployment.ConfigBuildStep#validateConfigValues" finished; 0 remaining
[DEBUG] [io.quarkus.builder] Dependency of "io.quarkus.deployment.steps.MainClassBuildStep#build" finished; 18 remaining
[DEBUG] [io.quarkus.builder] Finished step "io.quarkus.vertx.http.deployment.StaticResourcesProcessor#runtimeInit" in 1 ms
[DEBUG] [io.quarkus.builder] Finished step "io.quarkus.arc.deployment.staticmethods.InterceptedStaticMethodsProcessor#callInitializer" in 4 ms
[DEBUG] [io.quarkus.builder] Dependency of "io.quarkus.vertx.http.deployment.VertxHttpProcessor#finalizeRouter" finished; 3 remaining
[DEBUG] [io.quarkus.builder] Dependency of "io.quarkus.micrometer.deployment.MicrometerProcessor#createRootRegistry" finished; 0 remaining
[DEBUG] [io.quarkus.builder] Starting step "io.quarkus.arc.deployment.ConfigBuildStep#validateConfigValues"
[DEBUG] [io.quarkus.builder] Dependency of "io.quarkus.deployment.steps.ReflectionDiagnosticProcessor#writeReflectionData" finished; 5 remaining
[DEBUG] [io.quarkus.builder] Finished step "io.quarkus.arc.deployment.ConfigBuildStep#validateConfigValues" in 7 ms
[DEBUG] [io.quarkus.builder] Starting step "io.quarkus.micrometer.deployment.MicrometerProcessor#createRootRegistry"
[DEBUG] [io.quarkus.builder] Dependency of "io.quarkus.resteasy.common.deployment.ResteasyCommonProcessor#setupResteasyInjection" finished; 0 remaining
[DEBUG] [io.quarkus.builder] Dependency of "io.quarkus.deployment.steps.MainClassBuildStep#build" finished; 16 remaining
[DEBUG] [io.quarkus.builder] Dependency of "io.quarkus.deployment.steps.MainClassBuildStep#build" finished; 17 remaining
[DEBUG] [io.quarkus.builder] Dependency of "io.quarkus.deployment.steps.ClassTransformingBuildStep#handleClassTransformation" finished; 0 remaining
[DEBUG] [io.quarkus.builder] Starting step "io.quarkus.resteasy.common.deployment.ResteasyCommonProcessor#setupResteasyInjection"
[DEBUG] [io.quarkus.builder] Finished step "io.quarkus.resteasy.common.deployment.ResteasyCommonProcessor#setupResteasyInjection" in 5 ms
[DEBUG] [io.quarkus.builder] Finished step "io.quarkus.micrometer.deployment.MicrometerProcessor#createRootRegistry" in 7 ms
[DEBUG] [io.quarkus.builder] Dependency of "io.quarkus.micrometer.deployment.MicrometerProcessor#registerExtensionMetrics" finished; 0 remaining
[DEBUG] [io.quarkus.builder] Dependency of "io.quarkus.deployment.steps.ReflectionDiagnosticProcessor#writeReflectionData" finished; 4 remaining
[DEBUG] [io.quarkus.builder] Dependency of "io.quarkus.deployment.pkg.steps.JarResultBuildStep#buildRunnerJar" finished; 3 remaining
[DEBUG] [io.quarkus.builder] Dependency of "io.quarkus.deployment.steps.MainClassBuildStep#build" finished; 15 remaining
[DEBUG] [io.quarkus.builder] Starting step "io.quarkus.micrometer.deployment.MicrometerProcessor#registerExtensionMetrics"
[DEBUG] [io.quarkus.builder] Dependency of "io.quarkus.micrometer.deployment.MicrometerProcessor#configureRegistry" finished; 0 remaining
[DEBUG] [io.quarkus.builder] Dependency of "io.quarkus.restclient.deployment.RestClientProcessor#registerProviders" finished; 0 remaining
[DEBUG] [io.quarkus.builder] Starting step "io.quarkus.deployment.steps.ClassTransformingBuildStep#handleClassTransformation"
[DEBUG] [io.quarkus.builder] Dependency of "io.quarkus.arc.deployment.LifecycleEventsBuildStep#startupEvent" finished; 2 remaining
[DEBUG] [io.quarkus.builder] Finished step "io.quarkus.deployment.steps.ClassTransformingBuildStep#handleClassTransformation" in 14 ms
[DEBUG] [io.quarkus.builder] Starting step "io.quarkus.restclient.deployment.RestClientProcessor#registerProviders"
[DEBUG] [io.quarkus.builder] Finished step "io.quarkus.restclient.deployment.RestClientProcessor#registerProviders" in 3 ms
[DEBUG] [io.quarkus.builder] Dependency of "io.quarkus.deployment.steps.MainClassBuildStep#build" finished; 13 remaining
[DEBUG] [io.quarkus.builder] Dependency of "io.quarkus.deployment.steps.MainClassBuildStep#build" finished; 14 remaining
[DEBUG] [io.quarkus.builder] Starting step "io.quarkus.micrometer.deployment.MicrometerProcessor#configureRegistry"
[DEBUG] [io.quarkus.builder] Finished step "io.quarkus.micrometer.deployment.MicrometerProcessor#registerExtensionMetrics" in 5 ms
[DEBUG] [io.quarkus.builder] Finished step "io.quarkus.micrometer.deployment.MicrometerProcessor#configureRegistry" in 9 ms
[DEBUG] [io.quarkus.builder] Dependency of "io.quarkus.deployment.steps.MainClassBuildStep#build" finished; 11 remaining
[DEBUG] [io.quarkus.builder] Dependency of "io.quarkus.resteasy.deployment.ResteasyServletProcessor#build" finished; 0 remaining
[DEBUG] [io.quarkus.builder] Dependency of "io.quarkus.deployment.steps.ReflectionDiagnosticProcessor#writeReflectionData" finished; 3 remaining
[DEBUG] [io.quarkus.builder] Dependency of "io.quarkus.deployment.steps.MainClassBuildStep#build" finished; 10 remaining
[DEBUG] [io.quarkus.builder] Dependency of "io.quarkus.deployment.pkg.steps.JarResultBuildStep#buildRunnerJar" finished; 2 remaining
[DEBUG] [io.quarkus.builder] Dependency of "io.quarkus.resteasy.deployment.ResteasyStandaloneBuildStep#staticInit" finished; 0 remaining
[DEBUG] [io.quarkus.builder] Starting step "io.quarkus.resteasy.deployment.ResteasyServletProcessor#build"
[DEBUG] [io.quarkus.builder] Finished step "io.quarkus.resteasy.deployment.ResteasyServletProcessor#build" in 5 ms
[DEBUG] [io.quarkus.builder] Dependency of "io.quarkus.deployment.steps.MainClassBuildStep#build" finished; 12 remaining
[DEBUG] [io.quarkus.builder] Dependency of "io.quarkus.deployment.steps.ReflectionDiagnosticProcessor#writeReflectionData" finished; 2 remaining
[DEBUG] [io.quarkus.builder] Starting step "io.quarkus.resteasy.deployment.ResteasyStandaloneBuildStep#staticInit"
[DEBUG] [io.quarkus.builder] Finished step "io.quarkus.resteasy.deployment.ResteasyStandaloneBuildStep#staticInit" in 4 ms
[DEBUG] [io.quarkus.builder] Dependency of "io.quarkus.undertow.deployment.UndertowBuildStep#build" finished; 0 remaining
[DEBUG] [io.quarkus.builder] Dependency of "io.quarkus.resteasy.deployment.ResteasyStandaloneBuildStep#boot" finished; 0 remaining
[DEBUG] [io.quarkus.builder] Starting step "io.quarkus.undertow.deployment.UndertowBuildStep#build"
[DEBUG] [io.quarkus.builder] Dependency of "io.quarkus.deployment.steps.MainClassBuildStep#build" finished; 9 remaining
[DEBUG] [io.quarkus.builder] Finished step "io.quarkus.undertow.deployment.UndertowBuildStep#build" in 2 ms
[DEBUG] [io.quarkus.builder] Dependency of "io.quarkus.deployment.steps.ReflectionDiagnosticProcessor#writeReflectionData" finished; 1 remaining
[DEBUG] [io.quarkus.builder] Dependency of "io.quarkus.deployment.steps.MainClassBuildStep#build" finished; 7 remaining
[DEBUG] [io.quarkus.builder] Dependency of "io.quarkus.undertow.deployment.UndertowBuildStep#boot" finished; 0 remaining
[DEBUG] [io.quarkus.builder] Starting step "io.quarkus.resteasy.deployment.ResteasyStandaloneBuildStep#boot"
[DEBUG] [io.quarkus.builder] Finished step "io.quarkus.resteasy.deployment.ResteasyStandaloneBuildStep#boot" in 6 ms
[DEBUG] [io.quarkus.builder] Dependency of "io.quarkus.deployment.steps.MainClassBuildStep#build" finished; 8 remaining
[DEBUG] [io.quarkus.builder] Dependency of "io.quarkus.vertx.http.deployment.VertxHttpProcessor#finalizeRouter" finished; 2 remaining
[DEBUG] [io.quarkus.builder] Dependency of "io.quarkus.deployment.steps.MainClassBuildStep#build" finished; 6 remaining
[DEBUG] [io.quarkus.builder] Dependency of "io.quarkus.vertx.http.deployment.VertxHttpProcessor#initializeRouter" finished; 1 remaining
[DEBUG] [io.quarkus.builder] Starting step "io.quarkus.undertow.deployment.UndertowBuildStep#boot"
[DEBUG] [io.quarkus.builder] Finished step "io.quarkus.undertow.deployment.UndertowBuildStep#boot" in 6 ms
[DEBUG] [io.quarkus.builder] Dependency of "io.quarkus.vertx.http.deployment.VertxHttpProcessor#finalizeRouter" finished; 1 remaining
[DEBUG] [io.quarkus.builder] Dependency of "io.quarkus.deployment.steps.MainClassBuildStep#build" finished; 5 remaining
[DEBUG] [io.quarkus.builder] Dependency of "io.quarkus.vertx.http.deployment.VertxHttpProcessor#initializeRouter" finished; 0 remaining
[DEBUG] [io.quarkus.builder] Dependency of "io.quarkus.arc.deployment.LifecycleEventsBuildStep#startupEvent" finished; 1 remaining
[DEBUG] [io.quarkus.builder] Starting step "io.quarkus.vertx.http.deployment.VertxHttpProcessor#initializeRouter"
[DEBUG] [io.quarkus.builder] Finished step "io.quarkus.vertx.http.deployment.VertxHttpProcessor#initializeRouter" in 2 ms
[DEBUG] [io.quarkus.builder] Dependency of "io.quarkus.vertx.http.deployment.VertxHttpProcessor#finalizeRouter" finished; 0 remaining
[DEBUG] [io.quarkus.builder] Starting step "io.quarkus.vertx.http.deployment.VertxHttpProcessor#finalizeRouter"
[DEBUG] [io.quarkus.builder] Dependency of "io.quarkus.deployment.steps.MainClassBuildStep#build" finished; 4 remaining
[DEBUG] [io.quarkus.builder] Finished step "io.quarkus.vertx.http.deployment.VertxHttpProcessor#finalizeRouter" in 2 ms
[DEBUG] [io.quarkus.builder] Dependency of "io.quarkus.deployment.steps.MainClassBuildStep#build" finished; 3 remaining
[DEBUG] [io.quarkus.builder] Dependency of "io.quarkus.deployment.steps.ShutdownListenerBuildStep#setupShutdown" finished; 0 remaining
[DEBUG] [io.quarkus.builder] Dependency of "io.quarkus.arc.deployment.LifecycleEventsBuildStep#startupEvent" finished; 0 remaining
[DEBUG] [io.quarkus.builder] Starting step "io.quarkus.deployment.steps.ShutdownListenerBuildStep#setupShutdown"
[DEBUG] [io.quarkus.builder] Finished step "io.quarkus.deployment.steps.ShutdownListenerBuildStep#setupShutdown" in 2 ms
[DEBUG] [io.quarkus.builder] Starting step "io.quarkus.arc.deployment.LifecycleEventsBuildStep#startupEvent"
[DEBUG] [io.quarkus.builder] Dependency of "io.quarkus.deployment.steps.MainClassBuildStep#build" finished; 2 remaining
[DEBUG] [io.quarkus.builder] Finished step "io.quarkus.arc.deployment.LifecycleEventsBuildStep#startupEvent" in 3 ms
[DEBUG] [io.quarkus.builder] Dependency of "io.quarkus.deployment.steps.MainClassBuildStep#build" finished; 1 remaining
[DEBUG] [io.quarkus.builder] Dependency of "io.quarkus.vertx.http.deployment.VertxHttpProcessor#openSocket" finished; 0 remaining
[DEBUG] [io.quarkus.builder] Starting step "io.quarkus.vertx.http.deployment.VertxHttpProcessor#openSocket"
[DEBUG] [io.quarkus.builder] Finished step "io.quarkus.vertx.http.deployment.VertxHttpProcessor#openSocket" in 1 ms
[DEBUG] [io.quarkus.builder] Dependency of "io.quarkus.deployment.steps.ReflectionDiagnosticProcessor#writeReflectionData" finished; 0 remaining
[DEBUG] [io.quarkus.builder] Dependency of "io.quarkus.deployment.steps.MainClassBuildStep#build" finished; 0 remaining
[DEBUG] [io.quarkus.builder] Starting step "io.quarkus.deployment.steps.ReflectionDiagnosticProcessor#writeReflectionData"
[DEBUG] [io.quarkus.builder] Finished step "io.quarkus.deployment.steps.ReflectionDiagnosticProcessor#writeReflectionData" in 2 ms
[DEBUG] [io.quarkus.builder] Dependency of "io.quarkus.deployment.pkg.steps.JarResultBuildStep#buildRunnerJar" finished; 1 remaining
[DEBUG] [io.quarkus.builder] Starting step "io.quarkus.deployment.steps.MainClassBuildStep#build"
[DEBUG] [io.quarkus.builder] Finished step "io.quarkus.deployment.steps.MainClassBuildStep#build" in 4 ms
[DEBUG] [io.quarkus.builder] Dependency of "io.quarkus.deployment.pkg.steps.JarResultBuildStep#buildRunnerJar" finished; 0 remaining
[DEBUG] [io.quarkus.builder] Starting step "io.quarkus.deployment.pkg.steps.JarResultBuildStep#buildRunnerJar"
[DEBUG] [io.quarkus.builder] Finished step "io.quarkus.deployment.pkg.steps.JarResultBuildStep#buildRunnerJar" in 1 ms
[DEBUG] [io.quarkus.builder] Dependency of "io.quarkus.deployment.pkg.steps.JarResultBuildStep#jarOutput" finished; 0 remaining
[DEBUG] [io.quarkus.builder] Dependency of "io.quarkus.deployment.pkg.steps.AppCDSBuildStep#build" finished; 0 remaining
[DEBUG] [io.quarkus.builder] Starting step "io.quarkus.deployment.pkg.steps.JarResultBuildStep#jarOutput"
[DEBUG] [io.quarkus.builder] Finished step "io.quarkus.deployment.pkg.steps.JarResultBuildStep#jarOutput" in 2 ms
[DEBUG] [io.quarkus.builder] Starting step "io.quarkus.deployment.pkg.steps.AppCDSBuildStep#build"
[DEBUG] [io.quarkus.builder] End step completed; 1 remaining
[DEBUG] [io.quarkus.builder] Finished step "io.quarkus.deployment.pkg.steps.AppCDSBuildStep#build" in 3 ms
[DEBUG] [io.quarkus.builder] End step completed; 0 remaining
[DEBUG] [org.jboss.threads] Thread "Thread[build-8,5,build group]" exiting
[DEBUG] [org.jboss.threads] Thread "Thread[build-10,5,build group]" exiting
[DEBUG] [org.jboss.threads] Thread "Thread[build-13,5,build group]" exiting
[DEBUG] [org.jboss.threads] Thread "Thread[build-19,5,build group]" exiting
[DEBUG] [org.jboss.threads] Thread "Thread[build-9,5,build group]" exiting
[DEBUG] [org.jboss.threads] Thread "Thread[build-15,5,build group]" exiting
[DEBUG] [org.jboss.threads] Thread "Thread[build-22,5,build group]" exiting
[DEBUG] [org.jboss.threads] Thread "Thread[build-4,5,build group]" exiting
[DEBUG] [org.jboss.threads] Thread "Thread[build-14,5,build group]" exiting
[DEBUG] [org.jboss.threads] Thread "Thread[build-1,5,build group]" exiting
[DEBUG] [org.jboss.threads] Thread "Thread[build-6,5,build group]" exiting
[DEBUG] [org.jboss.threads] Thread "Thread[build-20,5,build group]" exiting
[DEBUG] [org.jboss.threads] Thread "Thread[build-16,5,build group]" exiting
[DEBUG] [org.jboss.threads] Thread "Thread[build-11,5,build group]" exiting
[DEBUG] [org.jboss.threads] Thread "Thread[build-21,5,build group]" exiting
[DEBUG] [org.jboss.threads] Thread "Thread[build-5,5,build group]" exiting
[DEBUG] [org.jboss.threads] Thread "Thread[build-7,5,build group]" exiting
[DEBUG] [org.jboss.threads] Thread "Thread[build-17,5,build group]" exiting
[DEBUG] [org.jboss.threads] Thread "Thread[build-3,5,build group]" exiting
[DEBUG] [org.jboss.threads] Thread "Thread[build-18,5,build group]" exiting
[DEBUG] [org.jboss.threads] Thread "Thread[build-12,5,build group]" exiting
[DEBUG] [org.jboss.threads] Thread "Thread[build-2,5,build group]" exiting
[INFO] ------------------------------------------------------------------------
[INFO] BUILD FAILURE
[INFO] ------------------------------------------------------------------------
[INFO] Total time:  22.992 s
[INFO] Finished at: 2021-11-23T11:28:15+01:00
[INFO] ------------------------------------------------------------------------
[ERROR] Failed to execute goal io.quarkus:quarkus-maven-plugin:2.4.0.Final:build (default) on project imsa-process-kogito: Failed to build quarkus application: io.quarkus.builder.BuildException: Build failure: Build failed due to errors
[ERROR] 	[error]: Build step org.kie.kogito.quarkus.common.deployment.KogitoAssetsProcessor#generateModel threw an exception: java.lang.IllegalStateException: src/main/java/fr/msa/Imsa_processResource.java (348:21371) : The annotation @POST is disallowed for this location
[ERROR] src/main/java/fr/msa/Imsa_processResource.java (349:21381) : The annotation @Path is disallowed for this location
[ERROR] src/main/java/fr/msa/Imsa_processResource.java (350:21426) : The annotation @Consumes is disallowed for this location
[ERROR] src/main/java/fr/msa/Imsa_processResource.java (351:21468) : The annotation @Produces is disallowed for this location
[ERROR] src/main/java/fr/msa/Imsa_processResource.java (352:21562) : Syntax error on token "-", ; expected
[ERROR] src/main/java/fr/msa/Imsa_processResource.java (352:21563) : Return type for the method is missing
[ERROR] src/main/java/fr/msa/Imsa_processResource.java (352:21563) : Duplicate method dossier_2(String, String, String, String, List<String>, Imsa_process_19_TaskOutput) in type Imsa_processResource
[ERROR] src/main/java/fr/msa/Imsa_processResource.java (356:21992) : The annotation @PUT is disallowed for this location
[ERROR] src/main/java/fr/msa/Imsa_processResource.java (357:22001) : The annotation @Path is disallowed for this location
[ERROR] src/main/java/fr/msa/Imsa_processResource.java (358:22046) : The annotation @Consumes is disallowed for this location
[ERROR] src/main/java/fr/msa/Imsa_processResource.java (359:22146) : Syntax error on token "-", ; expected
[ERROR] src/main/java/fr/msa/Imsa_processResource.java (359:22147) : Return type for the method is missing
[ERROR] src/main/java/fr/msa/Imsa_processResource.java (363:22542) : The annotation @POST is disallowed for this location
[ERROR] src/main/java/fr/msa/Imsa_processResource.java (364:22552) : The annotation @Path is disallowed for this location
[ERROR] src/main/java/fr/msa/Imsa_processResource.java (365:22612) : The annotation @Consumes is disallowed for this location
[ERROR] src/main/java/fr/msa/Imsa_processResource.java (366:22654) : The annotation @Produces is disallowed for this location
[ERROR] src/main/java/fr/msa/Imsa_processResource.java (367:22750) : Syntax error on token "-", ; expected
[ERROR] src/main/java/fr/msa/Imsa_processResource.java (367:22751) : Return type for the method is missing
[ERROR] src/main/java/fr/msa/Imsa_processResource.java (367:22751) : Duplicate method dossier_2(String, String, String, String, List<String>, Imsa_process_19_TaskOutput) in type Imsa_processResource
[ERROR] src/main/java/fr/msa/Imsa_processResource.java (371:23155) : The annotation @GET is disallowed for this location
[ERROR] src/main/java/fr/msa/Imsa_processResource.java (372:23164) : The annotation @Path is disallowed for this location
[ERROR] src/main/java/fr/msa/Imsa_processResource.java (373:23209) : The annotation @Produces is disallowed for this location
[ERROR] src/main/java/fr/msa/Imsa_processResource.java (374:23307) : Syntax error on token "-", ; expected
[ERROR] src/main/java/fr/msa/Imsa_processResource.java (374:23308) : Return type for the method is missing
[ERROR] src/main/java/fr/msa/Imsa_processResource.java (374:23308) : Duplicate method dossier_2(String, String, String, List<String>) in type Imsa_processResource
[ERROR] src/main/java/fr/msa/Imsa_processResource.java (378:23632) : The annotation @DELETE is disallowed for this location
[ERROR] src/main/java/fr/msa/Imsa_processResource.java (379:23644) : The annotation @Path is disallowed for this location
[ERROR] src/main/java/fr/msa/Imsa_processResource.java (380:23689) : The annotation @Produces is disallowed for this location
[ERROR] src/main/java/fr/msa/Imsa_processResource.java (381:23780) : Syntax error on token "-", ; expected
[ERROR] src/main/java/fr/msa/Imsa_processResource.java (381:23781) : Return type for the method is missing
[ERROR] src/main/java/fr/msa/Imsa_processResource.java (381:23781) : Duplicate method dossier_2(String, String, String, String, List<String>) in type Imsa_processResource
[ERROR] src/main/java/fr/msa/Imsa_processResource.java (385:24157) : The annotation @GET is disallowed for this location
[ERROR] src/main/java/fr/msa/Imsa_processResource.java (386:24166) : The annotation @Path is disallowed for this location
[ERROR] src/main/java/fr/msa/Imsa_processResource.java (387:24203) : The annotation @Produces is disallowed for this location
[ERROR] src/main/java/fr/msa/Imsa_processResource.java (388:24290) : Syntax error on token "-", ; expected
[ERROR] src/main/java/fr/msa/Imsa_processResource.java (388:24291) : Return type for the method is missing
[ERROR] src/main/java/fr/msa/Imsa_processResource.java (392:24420) : The annotation @GET is disallowed for this location
[ERROR] src/main/java/fr/msa/Imsa_processResource.java (393:24429) : The annotation @Path is disallowed for this location
[ERROR] src/main/java/fr/msa/Imsa_processResource.java (394:24481) : The annotation @Produces is disallowed for this location
[ERROR] src/main/java/fr/msa/Imsa_processResource.java (395:24577) : Syntax error on token "-", ; expected
[ERROR] src/main/java/fr/msa/Imsa_processResource.java (395:24578) : Return type for the method is missing
[ERROR] src/main/java/fr/msa/Imsa_processResource.java (395:24578) : Duplicate method dossier_2(String, String, String, List<String>) in type Imsa_processResource
[ERROR] src/main/java/fr/msa/Imsa_processResource.java (399:24869) : The annotation @POST is disallowed for this location
[ERROR] src/main/java/fr/msa/Imsa_processResource.java (400:24879) : The annotation @Path is disallowed for this location
[ERROR] src/main/java/fr/msa/Imsa_processResource.java (401:24933) : The annotation @Consumes is disallowed for this location
[ERROR] src/main/java/fr/msa/Imsa_processResource.java (402:24969) : The annotation @Produces is disallowed for this location
[ERROR] src/main/java/fr/msa/Imsa_processResource.java (403:25046) : Syntax error on token "-", ; expected
[ERROR] src/main/java/fr/msa/Imsa_processResource.java (403:25047) : Return type for the method is missing
[ERROR] src/main/java/fr/msa/Imsa_processResource.java (407:25537) : The annotation @PUT is disallowed for this location
[ERROR] src/main/java/fr/msa/Imsa_processResource.java (408:25546) : The annotation @Path is disallowed for this location
[ERROR] src/main/java/fr/msa/Imsa_processResource.java (409:25612) : The annotation @Consumes is disallowed for this location
[ERROR] src/main/java/fr/msa/Imsa_processResource.java (410:25648) : The annotation @Produces is disallowed for this location
[ERROR] src/main/java/fr/msa/Imsa_processResource.java (411:25727) : Syntax error on token "-", ; expected
[ERROR] src/main/java/fr/msa/Imsa_processResource.java (411:25728) : Return type for the method is missing
[ERROR] src/main/java/fr/msa/Imsa_processResource.java (415:26114) : The annotation @DELETE is disallowed for this location
[ERROR] src/main/java/fr/msa/Imsa_processResource.java (416:26126) : The annotation @Path is disallowed for this location
[ERROR] src/main/java/fr/msa/Imsa_processResource.java (417:26230) : Syntax error on token "-", ; expected
[ERROR] src/main/java/fr/msa/Imsa_processResource.java (417:26231) : Return type for the method is missing
[ERROR] src/main/java/fr/msa/Imsa_processResource.java (417:26231) : Duplicate method dossier_2(String, String, String, String, List<String>) in type Imsa_processResource
[ERROR] src/main/java/fr/msa/Imsa_processResource.java (421:26678) : The annotation @POST is disallowed for this location
[ERROR] src/main/java/fr/msa/Imsa_processResource.java (422:26688) : The annotation @Path is disallowed for this location
[ERROR] src/main/java/fr/msa/Imsa_processResource.java (423:26745) : The annotation @Consumes is disallowed for this location
[ERROR] src/main/java/fr/msa/Imsa_processResource.java (424:26787) : The annotation @Produces is disallowed for this location
[ERROR] src/main/java/fr/msa/Imsa_processResource.java (425:26867) : Syntax error on token "-", ; expected
[ERROR] src/main/java/fr/msa/Imsa_processResource.java (425:26868) : Return type for the method is missing
[ERROR] src/main/java/fr/msa/Imsa_processResource.java (429:27384) : The annotation @PUT is disallowed for this location
[ERROR] src/main/java/fr/msa/Imsa_processResource.java (430:27393) : The annotation @Path is disallowed for this location
[ERROR] src/main/java/fr/msa/Imsa_processResource.java (431:27465) : The annotation @Consumes is disallowed for this location
[ERROR] src/main/java/fr/msa/Imsa_processResource.java (432:27507) : The annotation @Produces is disallowed for this location
[ERROR] src/main/java/fr/msa/Imsa_processResource.java (433:27592) : Syntax error on token "-", ; expected
[ERROR] src/main/java/fr/msa/Imsa_processResource.java (433:27593) : Return type for the method is missing
[ERROR] src/main/java/fr/msa/Imsa_processResource.java (437:28005) : The annotation @DELETE is disallowed for this location
[ERROR] src/main/java/fr/msa/Imsa_processResource.java (438:28017) : The annotation @Path is disallowed for this location
[ERROR] src/main/java/fr/msa/Imsa_processResource.java (439:28130) : Syntax error on token "-", ; expected
[ERROR] src/main/java/fr/msa/Imsa_processResource.java (439:28131) : Return type for the method is missing
[ERROR] src/main/java/fr/msa/Imsa_processResource.java (439:28131) : Duplicate method dossier_2(String, String, String, String, List<String>) in type Imsa_processResource
[ERROR] src/main/java/fr/msa/Imsa_processResource.java (443:28590) : The annotation @GET is disallowed for this location
[ERROR] src/main/java/fr/msa/Imsa_processResource.java (444:28599) : The annotation @Path is disallowed for this location
[ERROR] src/main/java/fr/msa/Imsa_processResource.java (445:28671) : The annotation @Produces is disallowed for this location
[ERROR] src/main/java/fr/msa/Imsa_processResource.java (446:28753) : Syntax error on token "-", ; expected
[ERROR] src/main/java/fr/msa/Imsa_processResource.java (446:28754) : Return type for the method is missing
[ERROR] src/main/java/fr/msa/Imsa_processResource.java (446:28754) : Duplicate method dossier_2(String, String, String, String, List<String>) in type Imsa_processResource
[ERROR] src/main/java/fr/msa/Imsa_processResource.java (450:29174) : The annotation @GET is disallowed for this location
[ERROR] src/main/java/fr/msa/Imsa_processResource.java (451:29183) : The annotation @Path is disallowed for this location
[ERROR] src/main/java/fr/msa/Imsa_processResource.java (452:29240) : The annotation @Produces is disallowed for this location
[ERROR] src/main/java/fr/msa/Imsa_processResource.java (453:29335) : Syntax error on token "-", ; expected
[ERROR] src/main/java/fr/msa/Imsa_processResource.java (453:29336) : Return type for the method is missing
[ERROR] src/main/java/fr/msa/Imsa_processResource.java (453:29336) : Duplicate method dossier_2(String, String, String, List<String>) in type Imsa_processResource
[ERROR] src/main/java/fr/msa/Imsa_processResource.java (457:29639) : The annotation @GET is disallowed for this location
[ERROR] src/main/java/fr/msa/Imsa_processResource.java (458:29648) : The annotation @Path is disallowed for this location
[ERROR] src/main/java/fr/msa/Imsa_processResource.java (459:29714) : The annotation @Produces is disallowed for this location
[ERROR] src/main/java/fr/msa/Imsa_processResource.java (460:29790) : Syntax error on token "-", ; expected
[ERROR] src/main/java/fr/msa/Imsa_processResource.java (460:29791) : Return type for the method is missing
[ERROR] src/main/java/fr/msa/Imsa_processResource.java (460:29791) : Duplicate method dossier_2(String, String, String, String, List<String>) in type Imsa_processResource
[ERROR] src/main/java/fr/msa/Imsa_processResource.java (464:30193) : The annotation @GET is disallowed for this location
[ERROR] src/main/java/fr/msa/Imsa_processResource.java (465:30202) : The annotation @Path is disallowed for this location
[ERROR] src/main/java/fr/msa/Imsa_processResource.java (466:30256) : The annotation @Produces is disallowed for this location
[ERROR] src/main/java/fr/msa/Imsa_processResource.java (467:30345) : Syntax error on token "-", ; expected
[ERROR] src/main/java/fr/msa/Imsa_processResource.java (467:30346) : Return type for the method is missing
[ERROR] src/main/java/fr/msa/Imsa_processResource.java (467:30346) : Duplicate method dossier_2(String, String, String, List<String>) in type Imsa_processResource
[ERROR] src/main/java/fr/msa/Imsa_processResource.java (348:21371) : The annotation @POST is disallowed for this locationsrc/main/java/fr/msa/Imsa_processResource.java (349:21381) : The annotation @Path is disallowed for this locationsrc/main/java/fr/msa/Imsa_processResource.java (350:21426) : The annotation @Consumes is disallowed for this locationsrc/main/java/fr/msa/Imsa_processResource.java (351:21468) : The annotation @Produces is disallowed for this locationsrc/main/java/fr/msa/Imsa_processResource.java (352:21562) : Syntax error on token "-", ; expectedsrc/main/java/fr/msa/Imsa_processResource.java (352:21563) : Return type for the method is missingsrc/main/java/fr/msa/Imsa_processResource.java (352:21563) : Duplicate method dossier_2(String, String, String, String, List<String>, Imsa_process_19_TaskOutput) in type Imsa_processResourcesrc/main/java/fr/msa/Imsa_processResource.java (356:21992) : The annotation @PUT is disallowed for this locationsrc/main/java/fr/msa/Imsa_processResource.java (357:22001) : The annotation @Path is disallowed for this locationsrc/main/java/fr/msa/Imsa_processResource.java (358:22046) : The annotation @Consumes is disallowed for this locationsrc/main/java/fr/msa/Imsa_processResource.java (359:22146) : Syntax error on token "-", ; expectedsrc/main/java/fr/msa/Imsa_processResource.java (359:22147) : Return type for the method is missingsrc/main/java/fr/msa/Imsa_processResource.java (363:22542) : The annotation @POST is disallowed for this locationsrc/main/java/fr/msa/Imsa_processResource.java (364:22552) : The annotation @Path is disallowed for this locationsrc/main/java/fr/msa/Imsa_processResource.java (365:22612) : The annotation @Consumes is disallowed for this locationsrc/main/java/fr/msa/Imsa_processResource.java (366:22654) : The annotation @Produces is disallowed for this locationsrc/main/java/fr/msa/Imsa_processResource.java (367:22750) : Syntax error on token "-", ; expectedsrc/main/java/fr/msa/Imsa_processResource.java (367:22751) : Return type for the method is missingsrc/main/java/fr/msa/Imsa_processResource.java (367:22751) : Duplicate method dossier_2(String, String, String, String, List<String>, Imsa_process_19_TaskOutput) in type Imsa_processResourcesrc/main/java/fr/msa/Imsa_processResource.java (371:23155) : The annotation @GET is disallowed for this locationsrc/main/java/fr/msa/Imsa_processResource.java (372:23164) : The annotation @Path is disallowed for this locationsrc/main/java/fr/msa/Imsa_processResource.java (373:23209) : The annotation @Produces is disallowed for this locationsrc/main/java/fr/msa/Imsa_processResource.java (374:23307) : Syntax error on token "-", ; expectedsrc/main/java/fr/msa/Imsa_processResource.java (374:23308) : Return type for the method is missingsrc/main/java/fr/msa/Imsa_processResource.java (374:23308) : Duplicate method dossier_2(String, String, String, List<String>) in type Imsa_processResourcesrc/main/java/fr/msa/Imsa_processResource.java (378:23632) : The annotation @DELETE is disallowed for this locationsrc/main/java/fr/msa/Imsa_processResource.java (379:23644) : The annotation @Path is disallowed for this locationsrc/main/java/fr/msa/Imsa_processResource.java (380:23689) : The annotation @Produces is disallowed for this locationsrc/main/java/fr/msa/Imsa_processResource.java (381:23780) : Syntax error on token "-", ; expectedsrc/main/java/fr/msa/Imsa_processResource.java (381:23781) : Return type for the method is missingsrc/main/java/fr/msa/Imsa_processResource.java (381:23781) : Duplicate method dossier_2(String, String, String, String, List<String>) in type Imsa_processResourcesrc/main/java/fr/msa/Imsa_processResource.java (385:24157) : The annotation @GET is disallowed for this locationsrc/main/java/fr/msa/Imsa_processResource.java (386:24166) : The annotation @Path is disallowed for this locationsrc/main/java/fr/msa/Imsa_processResource.java (387:24203) : The annotation @Produces is disallowed for this locationsrc/main/java/fr/msa/Imsa_processResource.java (388:24290) : Syntax error on token "-", ; expectedsrc/main/java/fr/msa/Imsa_processResource.java (388:24291) : Return type for the method is missingsrc/main/java/fr/msa/Imsa_processResource.java (392:24420) : The annotation @GET is disallowed for this locationsrc/main/java/fr/msa/Imsa_processResource.java (393:24429) : The annotation @Path is disallowed for this locationsrc/main/java/fr/msa/Imsa_processResource.java (394:24481) : The annotation @Produces is disallowed for this locationsrc/main/java/fr/msa/Imsa_processResource.java (395:24577) : Syntax error on token "-", ; expectedsrc/main/java/fr/msa/Imsa_processResource.java (395:24578) : Return type for the method is missingsrc/main/java/fr/msa/Imsa_processResource.java (395:24578) : Duplicate method dossier_2(String, String, String, List<String>) in type Imsa_processResourcesrc/main/java/fr/msa/Imsa_processResource.java (399:24869) : The annotation @POST is disallowed for this locationsrc/main/java/fr/msa/Imsa_processResource.java (400:24879) : The annotation @Path is disallowed for this locationsrc/main/java/fr/msa/Imsa_processResource.java (401:24933) : The annotation @Consumes is disallowed for this locationsrc/main/java/fr/msa/Imsa_processResource.java (402:24969) : The annotation @Produces is disallowed for this locationsrc/main/java/fr/msa/Imsa_processResource.java (403:25046) : Syntax error on token "-", ; expectedsrc/main/java/fr/msa/Imsa_processResource.java (403:25047) : Return type for the method is missingsrc/main/java/fr/msa/Imsa_processResource.java (407:25537) : The annotation @PUT is disallowed for this locationsrc/main/java/fr/msa/Imsa_processResource.java (408:25546) : The annotation @Path is disallowed for this locationsrc/main/java/fr/msa/Imsa_processResource.java (409:25612) : The annotation @Consumes is disallowed for this locationsrc/main/java/fr/msa/Imsa_processResource.java (410:25648) : The annotation @Produces is disallowed for this locationsrc/main/java/fr/msa/Imsa_processResource.java (411:25727) : Syntax error on token "-", ; expectedsrc/main/java/fr/msa/Imsa_processResource.java (411:25728) : Return type for the method is missingsrc/main/java/fr/msa/Imsa_processResource.java (415:26114) : The annotation @DELETE is disallowed for this locationsrc/main/java/fr/msa/Imsa_processResource.java (416:26126) : The annotation @Path is disallowed for this locationsrc/main/java/fr/msa/Imsa_processResource.java (417:26230) : Syntax error on token "-", ; expectedsrc/main/java/fr/msa/Imsa_processResource.java (417:26231) : Return type for the method is missingsrc/main/java/fr/msa/Imsa_processResource.java (417:26231) : Duplicate method dossier_2(String, String, String, String, List<String>) in type Imsa_processResourcesrc/main/java/fr/msa/Imsa_processResource.java (421:26678) : The annotation @POST is disallowed for this locationsrc/main/java/fr/msa/Imsa_processResource.java (422:26688) : The annotation @Path is disallowed for this locationsrc/main/java/fr/msa/Imsa_processResource.java (423:26745) : The annotation @Consumes is disallowed for this locationsrc/main/java/fr/msa/Imsa_processResource.java (424:26787) : The annotation @Produces is disallowed for this locationsrc/main/java/fr/msa/Imsa_processResource.java (425:26867) : Syntax error on token "-", ; expectedsrc/main/java/fr/msa/Imsa_processResource.java (425:26868) : Return type for the method is missingsrc/main/java/fr/msa/Imsa_processResource.java (429:27384) : The annotation @PUT is disallowed for this locationsrc/main/java/fr/msa/Imsa_processResource.java (430:27393) : The annotation @Path is disallowed for this locationsrc/main/java/fr/msa/Imsa_processResource.java (431:27465) : The annotation @Consumes is disallowed for this locationsrc/main/java/fr/msa/Imsa_processResource.java (432:27507) : The annotation @Produces is disallowed for this locationsrc/main/java/fr/msa/Imsa_processResource.java (433:27592) : Syntax error on token "-", ; expectedsrc/main/java/fr/msa/Imsa_processResource.java (433:27593) : Return type for the method is missingsrc/main/java/fr/msa/Imsa_processResource.java (437:28005) : The annotation @DELETE is disallowed for this locationsrc/main/java/fr/msa/Imsa_processResource.java (438:28017) : The annotation @Path is disallowed for this locationsrc/main/java/fr/msa/Imsa_processResource.java (439:28130) : Syntax error on token "-", ; expectedsrc/main/java/fr/msa/Imsa_processResource.java (439:28131) : Return type for the method is missingsrc/main/java/fr/msa/Imsa_processResource.java (439:28131) : Duplicate method dossier_2(String, String, String, String, List<String>) in type Imsa_processResourcesrc/main/java/fr/msa/Imsa_processResource.java (443:28590) : The annotation @GET is disallowed for this locationsrc/main/java/fr/msa/Imsa_processResource.java (444:28599) : The annotation @Path is disallowed for this locationsrc/main/java/fr/msa/Imsa_processResource.java (445:28671) : The annotation @Produces is disallowed for this locationsrc/main/java/fr/msa/Imsa_processResource.java (446:28753) : Syntax error on token "-", ; expectedsrc/main/java/fr/msa/Imsa_processResource.java (446:28754) : Return type for the method is missingsrc/main/java/fr/msa/Imsa_processResource.java (446:28754) : Duplicate method dossier_2(String, String, String, String, List<String>) in type Imsa_processResourcesrc/main/java/fr/msa/Imsa_processResource.java (450:29174) : The annotation @GET is disallowed for this locationsrc/main/java/fr/msa/Imsa_processResource.java (451:29183) : The annotation @Path is disallowed for this locationsrc/main/java/fr/msa/Imsa_processResource.java (452:29240) : The annotation @Produces is disallowed for this locationsrc/main/java/fr/msa/Imsa_processResource.java (453:29335) : Syntax error on token "-", ; expectedsrc/main/java/fr/msa/Imsa_processResource.java (453:29336) : Return type for the method is missingsrc/main/java/fr/msa/Imsa_processResource.java (453:29336) : Duplicate method dossier_2(String, String, String, List<String>) in type Imsa_processResourcesrc/main/java/fr/msa/Imsa_processResource.java (457:29639) : The annotation @GET is disallowed for this locationsrc/main/java/fr/msa/Imsa_processResource.java (458:29648) : The annotation @Path is disallowed for this locationsrc/main/java/fr/msa/Imsa_processResource.java (459:29714) : The annotation @Produces is disallowed for this locationsrc/main/java/fr/msa/Imsa_processResource.java (460:29790) : Syntax error on token "-", ; expectedsrc/main/java/fr/msa/Imsa_processResource.java (460:29791) : Return type for the method is missingsrc/main/java/fr/msa/Imsa_processResource.java (460:29791) : Duplicate method dossier_2(String, String, String, String, List<String>) in type Imsa_processResourcesrc/main/java/fr/msa/Imsa_processResource.java (464:30193) : The annotation @GET is disallowed for this locationsrc/main/java/fr/msa/Imsa_processResource.java (465:30202) : The annotation @Path is disallowed for this locationsrc/main/java/fr/msa/Imsa_processResource.java (466:30256) : The annotation @Produces is disallowed for this locationsrc/main/java/fr/msa/Imsa_processResource.java (467:30345) : Syntax error on token "-", ; expectedsrc/main/java/fr/msa/Imsa_processResource.java (467:30346) : Return type for the method is missingsrc/main/java/fr/msa/Imsa_processResource.java (467:30346) : Duplicate method dossier_2(String, String, String, List<String>) in type Imsa_processResource
[ERROR] 	at org.kie.kogito.quarkus.common.deployment.InMemoryCompiler.compile(InMemoryCompiler.java:104)
[ERROR] 	at org.kie.kogito.quarkus.common.deployment.KogitoQuarkusResourceUtils.compileGeneratedSources(KogitoQuarkusResourceUtils.java:168)
[ERROR] 	at org.kie.kogito.quarkus.common.deployment.KogitoAssetsProcessor.compileAndIndexJavaSources(KogitoAssetsProcessor.java:145)
[ERROR] 	at org.kie.kogito.quarkus.common.deployment.KogitoAssetsProcessor.generateModel(KogitoAssetsProcessor.java:94)
[ERROR] 	at java.base/jdk.internal.reflect.NativeMethodAccessorImpl.invoke0(Native Method)
[ERROR] 	at java.base/jdk.internal.reflect.NativeMethodAccessorImpl.invoke(NativeMethodAccessorImpl.java:62)
[ERROR] 	at java.base/jdk.internal.reflect.DelegatingMethodAccessorImpl.invoke(DelegatingMethodAccessorImpl.java:43)
[ERROR] 	at java.base/java.lang.reflect.Method.invoke(Method.java:566)
[ERROR] 	at io.quarkus.deployment.ExtensionLoader$2.execute(ExtensionLoader.java:821)
[ERROR] 	at io.quarkus.builder.BuildContext.run(BuildContext.java:277)
[ERROR] 	at org.jboss.threads.ContextHandler$1.runWith(ContextHandler.java:18)
[ERROR] 	at org.jboss.threads.EnhancedQueueExecutor$Task.run(EnhancedQueueExecutor.java:2449)
[ERROR] 	at org.jboss.threads.EnhancedQueueExecutor$ThreadBody.run(EnhancedQueueExecutor.java:1478)
[ERROR] 	at java.base/java.lang.Thread.run(Thread.java:829)
[ERROR] 	at org.jboss.threads.JBossThread.run(JBossThread.java:501)
[ERROR] -> [Help 1]
org.apache.maven.lifecycle.LifecycleExecutionException: Failed to execute goal io.quarkus:quarkus-maven-plugin:2.4.0.Final:build (default) on project imsa-process-kogito: Failed to build quarkus application
    at org.apache.maven.lifecycle.internal.MojoExecutor.execute (MojoExecutor.java:215)
    at org.apache.maven.lifecycle.internal.MojoExecutor.execute (MojoExecutor.java:156)
    at org.apache.maven.lifecycle.internal.MojoExecutor.execute (MojoExecutor.java:148)
    at org.apache.maven.lifecycle.internal.LifecycleModuleBuilder.buildProject (LifecycleModuleBuilder.java:117)
    at org.apache.maven.lifecycle.internal.LifecycleModuleBuilder.buildProject (LifecycleModuleBuilder.java:81)
    at org.apache.maven.lifecycle.internal.builder.singlethreaded.SingleThreadedBuilder.build (SingleThreadedBuilder.java:56)
    at org.apache.maven.lifecycle.internal.LifecycleStarter.execute (LifecycleStarter.java:128)
    at org.apache.maven.DefaultMaven.doExecute (DefaultMaven.java:305)
    at org.apache.maven.DefaultMaven.doExecute (DefaultMaven.java:192)
    at org.apache.maven.DefaultMaven.execute (DefaultMaven.java:105)
    at org.apache.maven.cli.MavenCli.execute (MavenCli.java:957)
    at org.apache.maven.cli.MavenCli.doMain (MavenCli.java:289)
    at org.apache.maven.cli.MavenCli.main (MavenCli.java:193)
    at jdk.internal.reflect.NativeMethodAccessorImpl.invoke0 (Native Method)
    at jdk.internal.reflect.NativeMethodAccessorImpl.invoke (NativeMethodAccessorImpl.java:62)
    at jdk.internal.reflect.DelegatingMethodAccessorImpl.invoke (DelegatingMethodAccessorImpl.java:43)
    at java.lang.reflect.Method.invoke (Method.java:566)
    at org.codehaus.plexus.classworlds.launcher.Launcher.launchEnhanced (Launcher.java:282)
    at org.codehaus.plexus.classworlds.launcher.Launcher.launch (Launcher.java:225)
    at org.codehaus.plexus.classworlds.launcher.Launcher.mainWithExitCode (Launcher.java:406)
    at org.codehaus.plexus.classworlds.launcher.Launcher.main (Launcher.java:347)
Caused by: org.apache.maven.plugin.MojoExecutionException: Failed to build quarkus application
    at io.quarkus.maven.BuildMojo.doExecute (BuildMojo.java:162)
    at io.quarkus.maven.QuarkusBootstrapMojo.execute (QuarkusBootstrapMojo.java:123)
    at org.apache.maven.plugin.DefaultBuildPluginManager.executeMojo (DefaultBuildPluginManager.java:137)
    at org.apache.maven.lifecycle.internal.MojoExecutor.execute (MojoExecutor.java:210)
    at org.apache.maven.lifecycle.internal.MojoExecutor.execute (MojoExecutor.java:156)
    at org.apache.maven.lifecycle.internal.MojoExecutor.execute (MojoExecutor.java:148)
    at org.apache.maven.lifecycle.internal.LifecycleModuleBuilder.buildProject (LifecycleModuleBuilder.java:117)
    at org.apache.maven.lifecycle.internal.LifecycleModuleBuilder.buildProject (LifecycleModuleBuilder.java:81)
    at org.apache.maven.lifecycle.internal.builder.singlethreaded.SingleThreadedBuilder.build (SingleThreadedBuilder.java:56)
    at org.apache.maven.lifecycle.internal.LifecycleStarter.execute (LifecycleStarter.java:128)
    at org.apache.maven.DefaultMaven.doExecute (DefaultMaven.java:305)
    at org.apache.maven.DefaultMaven.doExecute (DefaultMaven.java:192)
    at org.apache.maven.DefaultMaven.execute (DefaultMaven.java:105)
    at org.apache.maven.cli.MavenCli.execute (MavenCli.java:957)
    at org.apache.maven.cli.MavenCli.doMain (MavenCli.java:289)
    at org.apache.maven.cli.MavenCli.main (MavenCli.java:193)
    at jdk.internal.reflect.NativeMethodAccessorImpl.invoke0 (Native Method)
    at jdk.internal.reflect.NativeMethodAccessorImpl.invoke (NativeMethodAccessorImpl.java:62)
    at jdk.internal.reflect.DelegatingMethodAccessorImpl.invoke (DelegatingMethodAccessorImpl.java:43)
    at java.lang.reflect.Method.invoke (Method.java:566)
    at org.codehaus.plexus.classworlds.launcher.Launcher.launchEnhanced (Launcher.java:282)
    at org.codehaus.plexus.classworlds.launcher.Launcher.launch (Launcher.java:225)
    at org.codehaus.plexus.classworlds.launcher.Launcher.mainWithExitCode (Launcher.java:406)
    at org.codehaus.plexus.classworlds.launcher.Launcher.main (Launcher.java:347)
Caused by: java.lang.RuntimeException: io.quarkus.builder.BuildException: Build failure: Build failed due to errors
	[error]: Build step org.kie.kogito.quarkus.common.deployment.KogitoAssetsProcessor#generateModel threw an exception: java.lang.IllegalStateException: src/main/java/fr/msa/Imsa_processResource.java (348:21371) : The annotation @POST is disallowed for this location
src/main/java/fr/msa/Imsa_processResource.java (349:21381) : The annotation @Path is disallowed for this location
src/main/java/fr/msa/Imsa_processResource.java (350:21426) : The annotation @Consumes is disallowed for this location
src/main/java/fr/msa/Imsa_processResource.java (351:21468) : The annotation @Produces is disallowed for this location
src/main/java/fr/msa/Imsa_processResource.java (352:21562) : Syntax error on token "-", ; expected
src/main/java/fr/msa/Imsa_processResource.java (352:21563) : Return type for the method is missing
src/main/java/fr/msa/Imsa_processResource.java (352:21563) : Duplicate method dossier_2(String, String, String, String, List<String>, Imsa_process_19_TaskOutput) in type Imsa_processResource
src/main/java/fr/msa/Imsa_processResource.java (356:21992) : The annotation @PUT is disallowed for this location
src/main/java/fr/msa/Imsa_processResource.java (357:22001) : The annotation @Path is disallowed for this location
src/main/java/fr/msa/Imsa_processResource.java (358:22046) : The annotation @Consumes is disallowed for this location
src/main/java/fr/msa/Imsa_processResource.java (359:22146) : Syntax error on token "-", ; expected
src/main/java/fr/msa/Imsa_processResource.java (359:22147) : Return type for the method is missing
src/main/java/fr/msa/Imsa_processResource.java (363:22542) : The annotation @POST is disallowed for this location
src/main/java/fr/msa/Imsa_processResource.java (364:22552) : The annotation @Path is disallowed for this location
src/main/java/fr/msa/Imsa_processResource.java (365:22612) : The annotation @Consumes is disallowed for this location
src/main/java/fr/msa/Imsa_processResource.java (366:22654) : The annotation @Produces is disallowed for this location
src/main/java/fr/msa/Imsa_processResource.java (367:22750) : Syntax error on token "-", ; expected
src/main/java/fr/msa/Imsa_processResource.java (367:22751) : Return type for the method is missing
src/main/java/fr/msa/Imsa_processResource.java (367:22751) : Duplicate method dossier_2(String, String, String, String, List<String>, Imsa_process_19_TaskOutput) in type Imsa_processResource
src/main/java/fr/msa/Imsa_processResource.java (371:23155) : The annotation @GET is disallowed for this location
src/main/java/fr/msa/Imsa_processResource.java (372:23164) : The annotation @Path is disallowed for this location
src/main/java/fr/msa/Imsa_processResource.java (373:23209) : The annotation @Produces is disallowed for this location
src/main/java/fr/msa/Imsa_processResource.java (374:23307) : Syntax error on token "-", ; expected
src/main/java/fr/msa/Imsa_processResource.java (374:23308) : Return type for the method is missing
src/main/java/fr/msa/Imsa_processResource.java (374:23308) : Duplicate method dossier_2(String, String, String, List<String>) in type Imsa_processResource
src/main/java/fr/msa/Imsa_processResource.java (378:23632) : The annotation @DELETE is disallowed for this location
src/main/java/fr/msa/Imsa_processResource.java (379:23644) : The annotation @Path is disallowed for this location
src/main/java/fr/msa/Imsa_processResource.java (380:23689) : The annotation @Produces is disallowed for this location
src/main/java/fr/msa/Imsa_processResource.java (381:23780) : Syntax error on token "-", ; expected
src/main/java/fr/msa/Imsa_processResource.java (381:23781) : Return type for the method is missing
src/main/java/fr/msa/Imsa_processResource.java (381:23781) : Duplicate method dossier_2(String, String, String, String, List<String>) in type Imsa_processResource
src/main/java/fr/msa/Imsa_processResource.java (385:24157) : The annotation @GET is disallowed for this location
src/main/java/fr/msa/Imsa_processResource.java (386:24166) : The annotation @Path is disallowed for this location
src/main/java/fr/msa/Imsa_processResource.java (387:24203) : The annotation @Produces is disallowed for this location
src/main/java/fr/msa/Imsa_processResource.java (388:24290) : Syntax error on token "-", ; expected
src/main/java/fr/msa/Imsa_processResource.java (388:24291) : Return type for the method is missing
src/main/java/fr/msa/Imsa_processResource.java (392:24420) : The annotation @GET is disallowed for this location
src/main/java/fr/msa/Imsa_processResource.java (393:24429) : The annotation @Path is disallowed for this location
src/main/java/fr/msa/Imsa_processResource.java (394:24481) : The annotation @Produces is disallowed for this location
src/main/java/fr/msa/Imsa_processResource.java (395:24577) : Syntax error on token "-", ; expected
src/main/java/fr/msa/Imsa_processResource.java (395:24578) : Return type for the method is missing
src/main/java/fr/msa/Imsa_processResource.java (395:24578) : Duplicate method dossier_2(String, String, String, List<String>) in type Imsa_processResource
src/main/java/fr/msa/Imsa_processResource.java (399:24869) : The annotation @POST is disallowed for this location
src/main/java/fr/msa/Imsa_processResource.java (400:24879) : The annotation @Path is disallowed for this location
src/main/java/fr/msa/Imsa_processResource.java (401:24933) : The annotation @Consumes is disallowed for this location
src/main/java/fr/msa/Imsa_processResource.java (402:24969) : The annotation @Produces is disallowed for this location
src/main/java/fr/msa/Imsa_processResource.java (403:25046) : Syntax error on token "-", ; expected
src/main/java/fr/msa/Imsa_processResource.java (403:25047) : Return type for the method is missing
src/main/java/fr/msa/Imsa_processResource.java (407:25537) : The annotation @PUT is disallowed for this location
src/main/java/fr/msa/Imsa_processResource.java (408:25546) : The annotation @Path is disallowed for this location
src/main/java/fr/msa/Imsa_processResource.java (409:25612) : The annotation @Consumes is disallowed for this location
src/main/java/fr/msa/Imsa_processResource.java (410:25648) : The annotation @Produces is disallowed for this location
src/main/java/fr/msa/Imsa_processResource.java (411:25727) : Syntax error on token "-", ; expected
src/main/java/fr/msa/Imsa_processResource.java (411:25728) : Return type for the method is missing
src/main/java/fr/msa/Imsa_processResource.java (415:26114) : The annotation @DELETE is disallowed for this location
src/main/java/fr/msa/Imsa_processResource.java (416:26126) : The annotation @Path is disallowed for this location
src/main/java/fr/msa/Imsa_processResource.java (417:26230) : Syntax error on token "-", ; expected
src/main/java/fr/msa/Imsa_processResource.java (417:26231) : Return type for the method is missing
src/main/java/fr/msa/Imsa_processResource.java (417:26231) : Duplicate method dossier_2(String, String, String, String, List<String>) in type Imsa_processResource
src/main/java/fr/msa/Imsa_processResource.java (421:26678) : The annotation @POST is disallowed for this location
src/main/java/fr/msa/Imsa_processResource.java (422:26688) : The annotation @Path is disallowed for this location
src/main/java/fr/msa/Imsa_processResource.java (423:26745) : The annotation @Consumes is disallowed for this location
src/main/java/fr/msa/Imsa_processResource.java (424:26787) : The annotation @Produces is disallowed for this location
src/main/java/fr/msa/Imsa_processResource.java (425:26867) : Syntax error on token "-", ; expected
src/main/java/fr/msa/Imsa_processResource.java (425:26868) : Return type for the method is missing
src/main/java/fr/msa/Imsa_processResource.java (429:27384) : The annotation @PUT is disallowed for this location
src/main/java/fr/msa/Imsa_processResource.java (430:27393) : The annotation @Path is disallowed for this location
src/main/java/fr/msa/Imsa_processResource.java (431:27465) : The annotation @Consumes is disallowed for this location
src/main/java/fr/msa/Imsa_processResource.java (432:27507) : The annotation @Produces is disallowed for this location
src/main/java/fr/msa/Imsa_processResource.java (433:27592) : Syntax error on token "-", ; expected
src/main/java/fr/msa/Imsa_processResource.java (433:27593) : Return type for the method is missing
src/main/java/fr/msa/Imsa_processResource.java (437:28005) : The annotation @DELETE is disallowed for this location
src/main/java/fr/msa/Imsa_processResource.java (438:28017) : The annotation @Path is disallowed for this location
src/main/java/fr/msa/Imsa_processResource.java (439:28130) : Syntax error on token "-", ; expected
src/main/java/fr/msa/Imsa_processResource.java (439:28131) : Return type for the method is missing
src/main/java/fr/msa/Imsa_processResource.java (439:28131) : Duplicate method dossier_2(String, String, String, String, List<String>) in type Imsa_processResource
src/main/java/fr/msa/Imsa_processResource.java (443:28590) : The annotation @GET is disallowed for this location
src/main/java/fr/msa/Imsa_processResource.java (444:28599) : The annotation @Path is disallowed for this location
src/main/java/fr/msa/Imsa_processResource.java (445:28671) : The annotation @Produces is disallowed for this location
src/main/java/fr/msa/Imsa_processResource.java (446:28753) : Syntax error on token "-", ; expected
src/main/java/fr/msa/Imsa_processResource.java (446:28754) : Return type for the method is missing
src/main/java/fr/msa/Imsa_processResource.java (446:28754) : Duplicate method dossier_2(String, String, String, String, List<String>) in type Imsa_processResource
src/main/java/fr/msa/Imsa_processResource.java (450:29174) : The annotation @GET is disallowed for this location
src/main/java/fr/msa/Imsa_processResource.java (451:29183) : The annotation @Path is disallowed for this location
src/main/java/fr/msa/Imsa_processResource.java (452:29240) : The annotation @Produces is disallowed for this location
src/main/java/fr/msa/Imsa_processResource.java (453:29335) : Syntax error on token "-", ; expected
src/main/java/fr/msa/Imsa_processResource.java (453:29336) : Return type for the method is missing
src/main/java/fr/msa/Imsa_processResource.java (453:29336) : Duplicate method dossier_2(String, String, String, List<String>) in type Imsa_processResource
src/main/java/fr/msa/Imsa_processResource.java (457:29639) : The annotation @GET is disallowed for this location
src/main/java/fr/msa/Imsa_processResource.java (458:29648) : The annotation @Path is disallowed for this location
src/main/java/fr/msa/Imsa_processResource.java (459:29714) : The annotation @Produces is disallowed for this location
src/main/java/fr/msa/Imsa_processResource.java (460:29790) : Syntax error on token "-", ; expected
src/main/java/fr/msa/Imsa_processResource.java (460:29791) : Return type for the method is missing
src/main/java/fr/msa/Imsa_processResource.java (460:29791) : Duplicate method dossier_2(String, String, String, String, List<String>) in type Imsa_processResource
src/main/java/fr/msa/Imsa_processResource.java (464:30193) : The annotation @GET is disallowed for this location
src/main/java/fr/msa/Imsa_processResource.java (465:30202) : The annotation @Path is disallowed for this location
src/main/java/fr/msa/Imsa_processResource.java (466:30256) : The annotation @Produces is disallowed for this location
src/main/java/fr/msa/Imsa_processResource.java (467:30345) : Syntax error on token "-", ; expected
src/main/java/fr/msa/Imsa_processResource.java (467:30346) : Return type for the method is missing
src/main/java/fr/msa/Imsa_processResource.java (467:30346) : Duplicate method dossier_2(String, String, String, List<String>) in type Imsa_processResource
src/main/java/fr/msa/Imsa_processResource.java (348:21371) : The annotation @POST is disallowed for this locationsrc/main/java/fr/msa/Imsa_processResource.java (349:21381) : The annotation @Path is disallowed for this locationsrc/main/java/fr/msa/Imsa_processResource.java (350:21426) : The annotation @Consumes is disallowed for this locationsrc/main/java/fr/msa/Imsa_processResource.java (351:21468) : The annotation @Produces is disallowed for this locationsrc/main/java/fr/msa/Imsa_processResource.java (352:21562) : Syntax error on token "-", ; expectedsrc/main/java/fr/msa/Imsa_processResource.java (352:21563) : Return type for the method is missingsrc/main/java/fr/msa/Imsa_processResource.java (352:21563) : Duplicate method dossier_2(String, String, String, String, List<String>, Imsa_process_19_TaskOutput) in type Imsa_processResourcesrc/main/java/fr/msa/Imsa_processResource.java (356:21992) : The annotation @PUT is disallowed for this locationsrc/main/java/fr/msa/Imsa_processResource.java (357:22001) : The annotation @Path is disallowed for this locationsrc/main/java/fr/msa/Imsa_processResource.java (358:22046) : The annotation @Consumes is disallowed for this locationsrc/main/java/fr/msa/Imsa_processResource.java (359:22146) : Syntax error on token "-", ; expectedsrc/main/java/fr/msa/Imsa_processResource.java (359:22147) : Return type for the method is missingsrc/main/java/fr/msa/Imsa_processResource.java (363:22542) : The annotation @POST is disallowed for this locationsrc/main/java/fr/msa/Imsa_processResource.java (364:22552) : The annotation @Path is disallowed for this locationsrc/main/java/fr/msa/Imsa_processResource.java (365:22612) : The annotation @Consumes is disallowed for this locationsrc/main/java/fr/msa/Imsa_processResource.java (366:22654) : The annotation @Produces is disallowed for this locationsrc/main/java/fr/msa/Imsa_processResource.java (367:22750) : Syntax error on token "-", ; expectedsrc/main/java/fr/msa/Imsa_processResource.java (367:22751) : Return type for the method is missingsrc/main/java/fr/msa/Imsa_processResource.java (367:22751) : Duplicate method dossier_2(String, String, String, String, List<String>, Imsa_process_19_TaskOutput) in type Imsa_processResourcesrc/main/java/fr/msa/Imsa_processResource.java (371:23155) : The annotation @GET is disallowed for this locationsrc/main/java/fr/msa/Imsa_processResource.java (372:23164) : The annotation @Path is disallowed for this locationsrc/main/java/fr/msa/Imsa_processResource.java (373:23209) : The annotation @Produces is disallowed for this locationsrc/main/java/fr/msa/Imsa_processResource.java (374:23307) : Syntax error on token "-", ; expectedsrc/main/java/fr/msa/Imsa_processResource.java (374:23308) : Return type for the method is missingsrc/main/java/fr/msa/Imsa_processResource.java (374:23308) : Duplicate method dossier_2(String, String, String, List<String>) in type Imsa_processResourcesrc/main/java/fr/msa/Imsa_processResource.java (378:23632) : The annotation @DELETE is disallowed for this locationsrc/main/java/fr/msa/Imsa_processResource.java (379:23644) : The annotation @Path is disallowed for this locationsrc/main/java/fr/msa/Imsa_processResource.java (380:23689) : The annotation @Produces is disallowed for this locationsrc/main/java/fr/msa/Imsa_processResource.java (381:23780) : Syntax error on token "-", ; expectedsrc/main/java/fr/msa/Imsa_processResource.java (381:23781) : Return type for the method is missingsrc/main/java/fr/msa/Imsa_processResource.java (381:23781) : Duplicate method dossier_2(String, String, String, String, List<String>) in type Imsa_processResourcesrc/main/java/fr/msa/Imsa_processResource.java (385:24157) : The annotation @GET is disallowed for this locationsrc/main/java/fr/msa/Imsa_processResource.java (386:24166) : The annotation @Path is disallowed for this locationsrc/main/java/fr/msa/Imsa_processResource.java (387:24203) : The annotation @Produces is disallowed for this locationsrc/main/java/fr/msa/Imsa_processResource.java (388:24290) : Syntax error on token "-", ; expectedsrc/main/java/fr/msa/Imsa_processResource.java (388:24291) : Return type for the method is missingsrc/main/java/fr/msa/Imsa_processResource.java (392:24420) : The annotation @GET is disallowed for this locationsrc/main/java/fr/msa/Imsa_processResource.java (393:24429) : The annotation @Path is disallowed for this locationsrc/main/java/fr/msa/Imsa_processResource.java (394:24481) : The annotation @Produces is disallowed for this locationsrc/main/java/fr/msa/Imsa_processResource.java (395:24577) : Syntax error on token "-", ; expectedsrc/main/java/fr/msa/Imsa_processResource.java (395:24578) : Return type for the method is missingsrc/main/java/fr/msa/Imsa_processResource.java (395:24578) : Duplicate method dossier_2(String, String, String, List<String>) in type Imsa_processResourcesrc/main/java/fr/msa/Imsa_processResource.java (399:24869) : The annotation @POST is disallowed for this locationsrc/main/java/fr/msa/Imsa_processResource.java (400:24879) : The annotation @Path is disallowed for this locationsrc/main/java/fr/msa/Imsa_processResource.java (401:24933) : The annotation @Consumes is disallowed for this locationsrc/main/java/fr/msa/Imsa_processResource.java (402:24969) : The annotation @Produces is disallowed for this locationsrc/main/java/fr/msa/Imsa_processResource.java (403:25046) : Syntax error on token "-", ; expectedsrc/main/java/fr/msa/Imsa_processResource.java (403:25047) : Return type for the method is missingsrc/main/java/fr/msa/Imsa_processResource.java (407:25537) : The annotation @PUT is disallowed for this locationsrc/main/java/fr/msa/Imsa_processResource.java (408:25546) : The annotation @Path is disallowed for this locationsrc/main/java/fr/msa/Imsa_processResource.java (409:25612) : The annotation @Consumes is disallowed for this locationsrc/main/java/fr/msa/Imsa_processResource.java (410:25648) : The annotation @Produces is disallowed for this locationsrc/main/java/fr/msa/Imsa_processResource.java (411:25727) : Syntax error on token "-", ; expectedsrc/main/java/fr/msa/Imsa_processResource.java (411:25728) : Return type for the method is missingsrc/main/java/fr/msa/Imsa_processResource.java (415:26114) : The annotation @DELETE is disallowed for this locationsrc/main/java/fr/msa/Imsa_processResource.java (416:26126) : The annotation @Path is disallowed for this locationsrc/main/java/fr/msa/Imsa_processResource.java (417:26230) : Syntax error on token "-", ; expectedsrc/main/java/fr/msa/Imsa_processResource.java (417:26231) : Return type for the method is missingsrc/main/java/fr/msa/Imsa_processResource.java (417:26231) : Duplicate method dossier_2(String, String, String, String, List<String>) in type Imsa_processResourcesrc/main/java/fr/msa/Imsa_processResource.java (421:26678) : The annotation @POST is disallowed for this locationsrc/main/java/fr/msa/Imsa_processResource.java (422:26688) : The annotation @Path is disallowed for this locationsrc/main/java/fr/msa/Imsa_processResource.java (423:26745) : The annotation @Consumes is disallowed for this locationsrc/main/java/fr/msa/Imsa_processResource.java (424:26787) : The annotation @Produces is disallowed for this locationsrc/main/java/fr/msa/Imsa_processResource.java (425:26867) : Syntax error on token "-", ; expectedsrc/main/java/fr/msa/Imsa_processResource.java (425:26868) : Return type for the method is missingsrc/main/java/fr/msa/Imsa_processResource.java (429:27384) : The annotation @PUT is disallowed for this locationsrc/main/java/fr/msa/Imsa_processResource.java (430:27393) : The annotation @Path is disallowed for this locationsrc/main/java/fr/msa/Imsa_processResource.java (431:27465) : The annotation @Consumes is disallowed for this locationsrc/main/java/fr/msa/Imsa_processResource.java (432:27507) : The annotation @Produces is disallowed for this locationsrc/main/java/fr/msa/Imsa_processResource.java (433:27592) : Syntax error on token "-", ; expectedsrc/main/java/fr/msa/Imsa_processResource.java (433:27593) : Return type for the method is missingsrc/main/java/fr/msa/Imsa_processResource.java (437:28005) : The annotation @DELETE is disallowed for this locationsrc/main/java/fr/msa/Imsa_processResource.java (438:28017) : The annotation @Path is disallowed for this locationsrc/main/java/fr/msa/Imsa_processResource.java (439:28130) : Syntax error on token "-", ; expectedsrc/main/java/fr/msa/Imsa_processResource.java (439:28131) : Return type for the method is missingsrc/main/java/fr/msa/Imsa_processResource.java (439:28131) : Duplicate method dossier_2(String, String, String, String, List<String>) in type Imsa_processResourcesrc/main/java/fr/msa/Imsa_processResource.java (443:28590) : The annotation @GET is disallowed for this locationsrc/main/java/fr/msa/Imsa_processResource.java (444:28599) : The annotation @Path is disallowed for this locationsrc/main/java/fr/msa/Imsa_processResource.java (445:28671) : The annotation @Produces is disallowed for this locationsrc/main/java/fr/msa/Imsa_processResource.java (446:28753) : Syntax error on token "-", ; expectedsrc/main/java/fr/msa/Imsa_processResource.java (446:28754) : Return type for the method is missingsrc/main/java/fr/msa/Imsa_processResource.java (446:28754) : Duplicate method dossier_2(String, String, String, String, List<String>) in type Imsa_processResourcesrc/main/java/fr/msa/Imsa_processResource.java (450:29174) : The annotation @GET is disallowed for this locationsrc/main/java/fr/msa/Imsa_processResource.java (451:29183) : The annotation @Path is disallowed for this locationsrc/main/java/fr/msa/Imsa_processResource.java (452:29240) : The annotation @Produces is disallowed for this locationsrc/main/java/fr/msa/Imsa_processResource.java (453:29335) : Syntax error on token "-", ; expectedsrc/main/java/fr/msa/Imsa_processResource.java (453:29336) : Return type for the method is missingsrc/main/java/fr/msa/Imsa_processResource.java (453:29336) : Duplicate method dossier_2(String, String, String, List<String>) in type Imsa_processResourcesrc/main/java/fr/msa/Imsa_processResource.java (457:29639) : The annotation @GET is disallowed for this locationsrc/main/java/fr/msa/Imsa_processResource.java (458:29648) : The annotation @Path is disallowed for this locationsrc/main/java/fr/msa/Imsa_processResource.java (459:29714) : The annotation @Produces is disallowed for this locationsrc/main/java/fr/msa/Imsa_processResource.java (460:29790) : Syntax error on token "-", ; expectedsrc/main/java/fr/msa/Imsa_processResource.java (460:29791) : Return type for the method is missingsrc/main/java/fr/msa/Imsa_processResource.java (460:29791) : Duplicate method dossier_2(String, String, String, String, List<String>) in type Imsa_processResourcesrc/main/java/fr/msa/Imsa_processResource.java (464:30193) : The annotation @GET is disallowed for this locationsrc/main/java/fr/msa/Imsa_processResource.java (465:30202) : The annotation @Path is disallowed for this locationsrc/main/java/fr/msa/Imsa_processResource.java (466:30256) : The annotation @Produces is disallowed for this locationsrc/main/java/fr/msa/Imsa_processResource.java (467:30345) : Syntax error on token "-", ; expectedsrc/main/java/fr/msa/Imsa_processResource.java (467:30346) : Return type for the method is missingsrc/main/java/fr/msa/Imsa_processResource.java (467:30346) : Duplicate method dossier_2(String, String, String, List<String>) in type Imsa_processResource
	at org.kie.kogito.quarkus.common.deployment.InMemoryCompiler.compile(InMemoryCompiler.java:104)
	at org.kie.kogito.quarkus.common.deployment.KogitoQuarkusResourceUtils.compileGeneratedSources(KogitoQuarkusResourceUtils.java:168)
	at org.kie.kogito.quarkus.common.deployment.KogitoAssetsProcessor.compileAndIndexJavaSources(KogitoAssetsProcessor.java:145)
	at org.kie.kogito.quarkus.common.deployment.KogitoAssetsProcessor.generateModel(KogitoAssetsProcessor.java:94)
	at java.base/jdk.internal.reflect.NativeMethodAccessorImpl.invoke0(Native Method)
	at java.base/jdk.internal.reflect.NativeMethodAccessorImpl.invoke(NativeMethodAccessorImpl.java:62)
	at java.base/jdk.internal.reflect.DelegatingMethodAccessorImpl.invoke(DelegatingMethodAccessorImpl.java:43)
	at java.base/java.lang.reflect.Method.invoke(Method.java:566)
	at io.quarkus.deployment.ExtensionLoader$2.execute(ExtensionLoader.java:821)
	at io.quarkus.builder.BuildContext.run(BuildContext.java:277)
	at org.jboss.threads.ContextHandler$1.runWith(ContextHandler.java:18)
	at org.jboss.threads.EnhancedQueueExecutor$Task.run(EnhancedQueueExecutor.java:2449)
	at org.jboss.threads.EnhancedQueueExecutor$ThreadBody.run(EnhancedQueueExecutor.java:1478)
	at java.base/java.lang.Thread.run(Thread.java:829)
	at org.jboss.threads.JBossThread.run(JBossThread.java:501)

    at io.quarkus.runner.bootstrap.AugmentActionImpl.runAugment (AugmentActionImpl.java:418)
    at io.quarkus.runner.bootstrap.AugmentActionImpl.createProductionApplication (AugmentActionImpl.java:203)
    at io.quarkus.maven.BuildMojo.doExecute (BuildMojo.java:132)
    at io.quarkus.maven.QuarkusBootstrapMojo.execute (QuarkusBootstrapMojo.java:123)
    at org.apache.maven.plugin.DefaultBuildPluginManager.executeMojo (DefaultBuildPluginManager.java:137)
    at org.apache.maven.lifecycle.internal.MojoExecutor.execute (MojoExecutor.java:210)
    at org.apache.maven.lifecycle.internal.MojoExecutor.execute (MojoExecutor.java:156)
    at org.apache.maven.lifecycle.internal.MojoExecutor.execute (MojoExecutor.java:148)
    at org.apache.maven.lifecycle.internal.LifecycleModuleBuilder.buildProject (LifecycleModuleBuilder.java:117)
    at org.apache.maven.lifecycle.internal.LifecycleModuleBuilder.buildProject (LifecycleModuleBuilder.java:81)
    at org.apache.maven.lifecycle.internal.builder.singlethreaded.SingleThreadedBuilder.build (SingleThreadedBuilder.java:56)
    at org.apache.maven.lifecycle.internal.LifecycleStarter.execute (LifecycleStarter.java:128)
    at org.apache.maven.DefaultMaven.doExecute (DefaultMaven.java:305)
    at org.apache.maven.DefaultMaven.doExecute (DefaultMaven.java:192)
    at org.apache.maven.DefaultMaven.execute (DefaultMaven.java:105)
    at org.apache.maven.cli.MavenCli.execute (MavenCli.java:957)
    at org.apache.maven.cli.MavenCli.doMain (MavenCli.java:289)
    at org.apache.maven.cli.MavenCli.main (MavenCli.java:193)
    at jdk.internal.reflect.NativeMethodAccessorImpl.invoke0 (Native Method)
    at jdk.internal.reflect.NativeMethodAccessorImpl.invoke (NativeMethodAccessorImpl.java:62)
    at jdk.internal.reflect.DelegatingMethodAccessorImpl.invoke (DelegatingMethodAccessorImpl.java:43)
    at java.lang.reflect.Method.invoke (Method.java:566)
    at org.codehaus.plexus.classworlds.launcher.Launcher.launchEnhanced (Launcher.java:282)
    at org.codehaus.plexus.classworlds.launcher.Launcher.launch (Launcher.java:225)
    at org.codehaus.plexus.classworlds.launcher.Launcher.mainWithExitCode (Launcher.java:406)
    at org.codehaus.plexus.classworlds.launcher.Launcher.main (Launcher.java:347)
Caused by: io.quarkus.builder.BuildException: Build failure: Build failed due to errors
	[error]: Build step org.kie.kogito.quarkus.common.deployment.KogitoAssetsProcessor#generateModel threw an exception: java.lang.IllegalStateException: src/main/java/fr/msa/Imsa_processResource.java (348:21371) : The annotation @POST is disallowed for this location
src/main/java/fr/msa/Imsa_processResource.java (349:21381) : The annotation @Path is disallowed for this location
src/main/java/fr/msa/Imsa_processResource.java (350:21426) : The annotation @Consumes is disallowed for this location
src/main/java/fr/msa/Imsa_processResource.java (351:21468) : The annotation @Produces is disallowed for this location
src/main/java/fr/msa/Imsa_processResource.java (352:21562) : Syntax error on token "-", ; expected
src/main/java/fr/msa/Imsa_processResource.java (352:21563) : Return type for the method is missing
src/main/java/fr/msa/Imsa_processResource.java (352:21563) : Duplicate method dossier_2(String, String, String, String, List<String>, Imsa_process_19_TaskOutput) in type Imsa_processResource
src/main/java/fr/msa/Imsa_processResource.java (356:21992) : The annotation @PUT is disallowed for this location
src/main/java/fr/msa/Imsa_processResource.java (357:22001) : The annotation @Path is disallowed for this location
src/main/java/fr/msa/Imsa_processResource.java (358:22046) : The annotation @Consumes is disallowed for this location
src/main/java/fr/msa/Imsa_processResource.java (359:22146) : Syntax error on token "-", ; expected
src/main/java/fr/msa/Imsa_processResource.java (359:22147) : Return type for the method is missing
src/main/java/fr/msa/Imsa_processResource.java (363:22542) : The annotation @POST is disallowed for this location
src/main/java/fr/msa/Imsa_processResource.java (364:22552) : The annotation @Path is disallowed for this location
src/main/java/fr/msa/Imsa_processResource.java (365:22612) : The annotation @Consumes is disallowed for this location
src/main/java/fr/msa/Imsa_processResource.java (366:22654) : The annotation @Produces is disallowed for this location
src/main/java/fr/msa/Imsa_processResource.java (367:22750) : Syntax error on token "-", ; expected
src/main/java/fr/msa/Imsa_processResource.java (367:22751) : Return type for the method is missing
src/main/java/fr/msa/Imsa_processResource.java (367:22751) : Duplicate method dossier_2(String, String, String, String, List<String>, Imsa_process_19_TaskOutput) in type Imsa_processResource
src/main/java/fr/msa/Imsa_processResource.java (371:23155) : The annotation @GET is disallowed for this location
src/main/java/fr/msa/Imsa_processResource.java (372:23164) : The annotation @Path is disallowed for this location
src/main/java/fr/msa/Imsa_processResource.java (373:23209) : The annotation @Produces is disallowed for this location
src/main/java/fr/msa/Imsa_processResource.java (374:23307) : Syntax error on token "-", ; expected
src/main/java/fr/msa/Imsa_processResource.java (374:23308) : Return type for the method is missing
src/main/java/fr/msa/Imsa_processResource.java (374:23308) : Duplicate method dossier_2(String, String, String, List<String>) in type Imsa_processResource
src/main/java/fr/msa/Imsa_processResource.java (378:23632) : The annotation @DELETE is disallowed for this location
src/main/java/fr/msa/Imsa_processResource.java (379:23644) : The annotation @Path is disallowed for this location
src/main/java/fr/msa/Imsa_processResource.java (380:23689) : The annotation @Produces is disallowed for this location
src/main/java/fr/msa/Imsa_processResource.java (381:23780) : Syntax error on token "-", ; expected
src/main/java/fr/msa/Imsa_processResource.java (381:23781) : Return type for the method is missing
src/main/java/fr/msa/Imsa_processResource.java (381:23781) : Duplicate method dossier_2(String, String, String, String, List<String>) in type Imsa_processResource
src/main/java/fr/msa/Imsa_processResource.java (385:24157) : The annotation @GET is disallowed for this location
src/main/java/fr/msa/Imsa_processResource.java (386:24166) : The annotation @Path is disallowed for this location
src/main/java/fr/msa/Imsa_processResource.java (387:24203) : The annotation @Produces is disallowed for this location
src/main/java/fr/msa/Imsa_processResource.java (388:24290) : Syntax error on token "-", ; expected
src/main/java/fr/msa/Imsa_processResource.java (388:24291) : Return type for the method is missing
src/main/java/fr/msa/Imsa_processResource.java (392:24420) : The annotation @GET is disallowed for this location
src/main/java/fr/msa/Imsa_processResource.java (393:24429) : The annotation @Path is disallowed for this location
src/main/java/fr/msa/Imsa_processResource.java (394:24481) : The annotation @Produces is disallowed for this location
src/main/java/fr/msa/Imsa_processResource.java (395:24577) : Syntax error on token "-", ; expected
src/main/java/fr/msa/Imsa_processResource.java (395:24578) : Return type for the method is missing
src/main/java/fr/msa/Imsa_processResource.java (395:24578) : Duplicate method dossier_2(String, String, String, List<String>) in type Imsa_processResource
src/main/java/fr/msa/Imsa_processResource.java (399:24869) : The annotation @POST is disallowed for this location
src/main/java/fr/msa/Imsa_processResource.java (400:24879) : The annotation @Path is disallowed for this location
src/main/java/fr/msa/Imsa_processResource.java (401:24933) : The annotation @Consumes is disallowed for this location
src/main/java/fr/msa/Imsa_processResource.java (402:24969) : The annotation @Produces is disallowed for this location
src/main/java/fr/msa/Imsa_processResource.java (403:25046) : Syntax error on token "-", ; expected
src/main/java/fr/msa/Imsa_processResource.java (403:25047) : Return type for the method is missing
src/main/java/fr/msa/Imsa_processResource.java (407:25537) : The annotation @PUT is disallowed for this location
src/main/java/fr/msa/Imsa_processResource.java (408:25546) : The annotation @Path is disallowed for this location
src/main/java/fr/msa/Imsa_processResource.java (409:25612) : The annotation @Consumes is disallowed for this location
src/main/java/fr/msa/Imsa_processResource.java (410:25648) : The annotation @Produces is disallowed for this location
src/main/java/fr/msa/Imsa_processResource.java (411:25727) : Syntax error on token "-", ; expected
src/main/java/fr/msa/Imsa_processResource.java (411:25728) : Return type for the method is missing
src/main/java/fr/msa/Imsa_processResource.java (415:26114) : The annotation @DELETE is disallowed for this location
src/main/java/fr/msa/Imsa_processResource.java (416:26126) : The annotation @Path is disallowed for this location
src/main/java/fr/msa/Imsa_processResource.java (417:26230) : Syntax error on token "-", ; expected
src/main/java/fr/msa/Imsa_processResource.java (417:26231) : Return type for the method is missing
src/main/java/fr/msa/Imsa_processResource.java (417:26231) : Duplicate method dossier_2(String, String, String, String, List<String>) in type Imsa_processResource
src/main/java/fr/msa/Imsa_processResource.java (421:26678) : The annotation @POST is disallowed for this location
src/main/java/fr/msa/Imsa_processResource.java (422:26688) : The annotation @Path is disallowed for this location
src/main/java/fr/msa/Imsa_processResource.java (423:26745) : The annotation @Consumes is disallowed for this location
src/main/java/fr/msa/Imsa_processResource.java (424:26787) : The annotation @Produces is disallowed for this location
src/main/java/fr/msa/Imsa_processResource.java (425:26867) : Syntax error on token "-", ; expected
src/main/java/fr/msa/Imsa_processResource.java (425:26868) : Return type for the method is missing
src/main/java/fr/msa/Imsa_processResource.java (429:27384) : The annotation @PUT is disallowed for this location
src/main/java/fr/msa/Imsa_processResource.java (430:27393) : The annotation @Path is disallowed for this location
src/main/java/fr/msa/Imsa_processResource.java (431:27465) : The annotation @Consumes is disallowed for this location
src/main/java/fr/msa/Imsa_processResource.java (432:27507) : The annotation @Produces is disallowed for this location
src/main/java/fr/msa/Imsa_processResource.java (433:27592) : Syntax error on token "-", ; expected
src/main/java/fr/msa/Imsa_processResource.java (433:27593) : Return type for the method is missing
src/main/java/fr/msa/Imsa_processResource.java (437:28005) : The annotation @DELETE is disallowed for this location
src/main/java/fr/msa/Imsa_processResource.java (438:28017) : The annotation @Path is disallowed for this location
src/main/java/fr/msa/Imsa_processResource.java (439:28130) : Syntax error on token "-", ; expected
src/main/java/fr/msa/Imsa_processResource.java (439:28131) : Return type for the method is missing
src/main/java/fr/msa/Imsa_processResource.java (439:28131) : Duplicate method dossier_2(String, String, String, String, List<String>) in type Imsa_processResource
src/main/java/fr/msa/Imsa_processResource.java (443:28590) : The annotation @GET is disallowed for this location
src/main/java/fr/msa/Imsa_processResource.java (444:28599) : The annotation @Path is disallowed for this location
src/main/java/fr/msa/Imsa_processResource.java (445:28671) : The annotation @Produces is disallowed for this location
src/main/java/fr/msa/Imsa_processResource.java (446:28753) : Syntax error on token "-", ; expected
src/main/java/fr/msa/Imsa_processResource.java (446:28754) : Return type for the method is missing
src/main/java/fr/msa/Imsa_processResource.java (446:28754) : Duplicate method dossier_2(String, String, String, String, List<String>) in type Imsa_processResource
src/main/java/fr/msa/Imsa_processResource.java (450:29174) : The annotation @GET is disallowed for this location
src/main/java/fr/msa/Imsa_processResource.java (451:29183) : The annotation @Path is disallowed for this location
src/main/java/fr/msa/Imsa_processResource.java (452:29240) : The annotation @Produces is disallowed for this location
src/main/java/fr/msa/Imsa_processResource.java (453:29335) : Syntax error on token "-", ; expected
src/main/java/fr/msa/Imsa_processResource.java (453:29336) : Return type for the method is missing
src/main/java/fr/msa/Imsa_processResource.java (453:29336) : Duplicate method dossier_2(String, String, String, List<String>) in type Imsa_processResource
src/main/java/fr/msa/Imsa_processResource.java (457:29639) : The annotation @GET is disallowed for this location
src/main/java/fr/msa/Imsa_processResource.java (458:29648) : The annotation @Path is disallowed for this location
src/main/java/fr/msa/Imsa_processResource.java (459:29714) : The annotation @Produces is disallowed for this location
src/main/java/fr/msa/Imsa_processResource.java (460:29790) : Syntax error on token "-", ; expected
src/main/java/fr/msa/Imsa_processResource.java (460:29791) : Return type for the method is missing
src/main/java/fr/msa/Imsa_processResource.java (460:29791) : Duplicate method dossier_2(String, String, String, String, List<String>) in type Imsa_processResource
src/main/java/fr/msa/Imsa_processResource.java (464:30193) : The annotation @GET is disallowed for this location
src/main/java/fr/msa/Imsa_processResource.java (465:30202) : The annotation @Path is disallowed for this location
src/main/java/fr/msa/Imsa_processResource.java (466:30256) : The annotation @Produces is disallowed for this location
src/main/java/fr/msa/Imsa_processResource.java (467:30345) : Syntax error on token "-", ; expected
src/main/java/fr/msa/Imsa_processResource.java (467:30346) : Return type for the method is missing
src/main/java/fr/msa/Imsa_processResource.java (467:30346) : Duplicate method dossier_2(String, String, String, List<String>) in type Imsa_processResource
src/main/java/fr/msa/Imsa_processResource.java (348:21371) : The annotation @POST is disallowed for this locationsrc/main/java/fr/msa/Imsa_processResource.java (349:21381) : The annotation @Path is disallowed for this locationsrc/main/java/fr/msa/Imsa_processResource.java (350:21426) : The annotation @Consumes is disallowed for this locationsrc/main/java/fr/msa/Imsa_processResource.java (351:21468) : The annotation @Produces is disallowed for this locationsrc/main/java/fr/msa/Imsa_processResource.java (352:21562) : Syntax error on token "-", ; expectedsrc/main/java/fr/msa/Imsa_processResource.java (352:21563) : Return type for the method is missingsrc/main/java/fr/msa/Imsa_processResource.java (352:21563) : Duplicate method dossier_2(String, String, String, String, List<String>, Imsa_process_19_TaskOutput) in type Imsa_processResourcesrc/main/java/fr/msa/Imsa_processResource.java (356:21992) : The annotation @PUT is disallowed for this locationsrc/main/java/fr/msa/Imsa_processResource.java (357:22001) : The annotation @Path is disallowed for this locationsrc/main/java/fr/msa/Imsa_processResource.java (358:22046) : The annotation @Consumes is disallowed for this locationsrc/main/java/fr/msa/Imsa_processResource.java (359:22146) : Syntax error on token "-", ; expectedsrc/main/java/fr/msa/Imsa_processResource.java (359:22147) : Return type for the method is missingsrc/main/java/fr/msa/Imsa_processResource.java (363:22542) : The annotation @POST is disallowed for this locationsrc/main/java/fr/msa/Imsa_processResource.java (364:22552) : The annotation @Path is disallowed for this locationsrc/main/java/fr/msa/Imsa_processResource.java (365:22612) : The annotation @Consumes is disallowed for this locationsrc/main/java/fr/msa/Imsa_processResource.java (366:22654) : The annotation @Produces is disallowed for this locationsrc/main/java/fr/msa/Imsa_processResource.java (367:22750) : Syntax error on token "-", ; expectedsrc/main/java/fr/msa/Imsa_processResource.java (367:22751) : Return type for the method is missingsrc/main/java/fr/msa/Imsa_processResource.java (367:22751) : Duplicate method dossier_2(String, String, String, String, List<String>, Imsa_process_19_TaskOutput) in type Imsa_processResourcesrc/main/java/fr/msa/Imsa_processResource.java (371:23155) : The annotation @GET is disallowed for this locationsrc/main/java/fr/msa/Imsa_processResource.java (372:23164) : The annotation @Path is disallowed for this locationsrc/main/java/fr/msa/Imsa_processResource.java (373:23209) : The annotation @Produces is disallowed for this locationsrc/main/java/fr/msa/Imsa_processResource.java (374:23307) : Syntax error on token "-", ; expectedsrc/main/java/fr/msa/Imsa_processResource.java (374:23308) : Return type for the method is missingsrc/main/java/fr/msa/Imsa_processResource.java (374:23308) : Duplicate method dossier_2(String, String, String, List<String>) in type Imsa_processResourcesrc/main/java/fr/msa/Imsa_processResource.java (378:23632) : The annotation @DELETE is disallowed for this locationsrc/main/java/fr/msa/Imsa_processResource.java (379:23644) : The annotation @Path is disallowed for this locationsrc/main/java/fr/msa/Imsa_processResource.java (380:23689) : The annotation @Produces is disallowed for this locationsrc/main/java/fr/msa/Imsa_processResource.java (381:23780) : Syntax error on token "-", ; expectedsrc/main/java/fr/msa/Imsa_processResource.java (381:23781) : Return type for the method is missingsrc/main/java/fr/msa/Imsa_processResource.java (381:23781) : Duplicate method dossier_2(String, String, String, String, List<String>) in type Imsa_processResourcesrc/main/java/fr/msa/Imsa_processResource.java (385:24157) : The annotation @GET is disallowed for this locationsrc/main/java/fr/msa/Imsa_processResource.java (386:24166) : The annotation @Path is disallowed for this locationsrc/main/java/fr/msa/Imsa_processResource.java (387:24203) : The annotation @Produces is disallowed for this locationsrc/main/java/fr/msa/Imsa_processResource.java (388:24290) : Syntax error on token "-", ; expectedsrc/main/java/fr/msa/Imsa_processResource.java (388:24291) : Return type for the method is missingsrc/main/java/fr/msa/Imsa_processResource.java (392:24420) : The annotation @GET is disallowed for this locationsrc/main/java/fr/msa/Imsa_processResource.java (393:24429) : The annotation @Path is disallowed for this locationsrc/main/java/fr/msa/Imsa_processResource.java (394:24481) : The annotation @Produces is disallowed for this locationsrc/main/java/fr/msa/Imsa_processResource.java (395:24577) : Syntax error on token "-", ; expectedsrc/main/java/fr/msa/Imsa_processResource.java (395:24578) : Return type for the method is missingsrc/main/java/fr/msa/Imsa_processResource.java (395:24578) : Duplicate method dossier_2(String, String, String, List<String>) in type Imsa_processResourcesrc/main/java/fr/msa/Imsa_processResource.java (399:24869) : The annotation @POST is disallowed for this locationsrc/main/java/fr/msa/Imsa_processResource.java (400:24879) : The annotation @Path is disallowed for this locationsrc/main/java/fr/msa/Imsa_processResource.java (401:24933) : The annotation @Consumes is disallowed for this locationsrc/main/java/fr/msa/Imsa_processResource.java (402:24969) : The annotation @Produces is disallowed for this locationsrc/main/java/fr/msa/Imsa_processResource.java (403:25046) : Syntax error on token "-", ; expectedsrc/main/java/fr/msa/Imsa_processResource.java (403:25047) : Return type for the method is missingsrc/main/java/fr/msa/Imsa_processResource.java (407:25537) : The annotation @PUT is disallowed for this locationsrc/main/java/fr/msa/Imsa_processResource.java (408:25546) : The annotation @Path is disallowed for this locationsrc/main/java/fr/msa/Imsa_processResource.java (409:25612) : The annotation @Consumes is disallowed for this locationsrc/main/java/fr/msa/Imsa_processResource.java (410:25648) : The annotation @Produces is disallowed for this locationsrc/main/java/fr/msa/Imsa_processResource.java (411:25727) : Syntax error on token "-", ; expectedsrc/main/java/fr/msa/Imsa_processResource.java (411:25728) : Return type for the method is missingsrc/main/java/fr/msa/Imsa_processResource.java (415:26114) : The annotation @DELETE is disallowed for this locationsrc/main/java/fr/msa/Imsa_processResource.java (416:26126) : The annotation @Path is disallowed for this locationsrc/main/java/fr/msa/Imsa_processResource.java (417:26230) : Syntax error on token "-", ; expectedsrc/main/java/fr/msa/Imsa_processResource.java (417:26231) : Return type for the method is missingsrc/main/java/fr/msa/Imsa_processResource.java (417:26231) : Duplicate method dossier_2(String, String, String, String, List<String>) in type Imsa_processResourcesrc/main/java/fr/msa/Imsa_processResource.java (421:26678) : The annotation @POST is disallowed for this locationsrc/main/java/fr/msa/Imsa_processResource.java (422:26688) : The annotation @Path is disallowed for this locationsrc/main/java/fr/msa/Imsa_processResource.java (423:26745) : The annotation @Consumes is disallowed for this locationsrc/main/java/fr/msa/Imsa_processResource.java (424:26787) : The annotation @Produces is disallowed for this locationsrc/main/java/fr/msa/Imsa_processResource.java (425:26867) : Syntax error on token "-", ; expectedsrc/main/java/fr/msa/Imsa_processResource.java (425:26868) : Return type for the method is missingsrc/main/java/fr/msa/Imsa_processResource.java (429:27384) : The annotation @PUT is disallowed for this locationsrc/main/java/fr/msa/Imsa_processResource.java (430:27393) : The annotation @Path is disallowed for this locationsrc/main/java/fr/msa/Imsa_processResource.java (431:27465) : The annotation @Consumes is disallowed for this locationsrc/main/java/fr/msa/Imsa_processResource.java (432:27507) : The annotation @Produces is disallowed for this locationsrc/main/java/fr/msa/Imsa_processResource.java (433:27592) : Syntax error on token "-", ; expectedsrc/main/java/fr/msa/Imsa_processResource.java (433:27593) : Return type for the method is missingsrc/main/java/fr/msa/Imsa_processResource.java (437:28005) : The annotation @DELETE is disallowed for this locationsrc/main/java/fr/msa/Imsa_processResource.java (438:28017) : The annotation @Path is disallowed for this locationsrc/main/java/fr/msa/Imsa_processResource.java (439:28130) : Syntax error on token "-", ; expectedsrc/main/java/fr/msa/Imsa_processResource.java (439:28131) : Return type for the method is missingsrc/main/java/fr/msa/Imsa_processResource.java (439:28131) : Duplicate method dossier_2(String, String, String, String, List<String>) in type Imsa_processResourcesrc/main/java/fr/msa/Imsa_processResource.java (443:28590) : The annotation @GET is disallowed for this locationsrc/main/java/fr/msa/Imsa_processResource.java (444:28599) : The annotation @Path is disallowed for this locationsrc/main/java/fr/msa/Imsa_processResource.java (445:28671) : The annotation @Produces is disallowed for this locationsrc/main/java/fr/msa/Imsa_processResource.java (446:28753) : Syntax error on token "-", ; expectedsrc/main/java/fr/msa/Imsa_processResource.java (446:28754) : Return type for the method is missingsrc/main/java/fr/msa/Imsa_processResource.java (446:28754) : Duplicate method dossier_2(String, String, String, String, List<String>) in type Imsa_processResourcesrc/main/java/fr/msa/Imsa_processResource.java (450:29174) : The annotation @GET is disallowed for this locationsrc/main/java/fr/msa/Imsa_processResource.java (451:29183) : The annotation @Path is disallowed for this locationsrc/main/java/fr/msa/Imsa_processResource.java (452:29240) : The annotation @Produces is disallowed for this locationsrc/main/java/fr/msa/Imsa_processResource.java (453:29335) : Syntax error on token "-", ; expectedsrc/main/java/fr/msa/Imsa_processResource.java (453:29336) : Return type for the method is missingsrc/main/java/fr/msa/Imsa_processResource.java (453:29336) : Duplicate method dossier_2(String, String, String, List<String>) in type Imsa_processResourcesrc/main/java/fr/msa/Imsa_processResource.java (457:29639) : The annotation @GET is disallowed for this locationsrc/main/java/fr/msa/Imsa_processResource.java (458:29648) : The annotation @Path is disallowed for this locationsrc/main/java/fr/msa/Imsa_processResource.java (459:29714) : The annotation @Produces is disallowed for this locationsrc/main/java/fr/msa/Imsa_processResource.java (460:29790) : Syntax error on token "-", ; expectedsrc/main/java/fr/msa/Imsa_processResource.java (460:29791) : Return type for the method is missingsrc/main/java/fr/msa/Imsa_processResource.java (460:29791) : Duplicate method dossier_2(String, String, String, String, List<String>) in type Imsa_processResourcesrc/main/java/fr/msa/Imsa_processResource.java (464:30193) : The annotation @GET is disallowed for this locationsrc/main/java/fr/msa/Imsa_processResource.java (465:30202) : The annotation @Path is disallowed for this locationsrc/main/java/fr/msa/Imsa_processResource.java (466:30256) : The annotation @Produces is disallowed for this locationsrc/main/java/fr/msa/Imsa_processResource.java (467:30345) : Syntax error on token "-", ; expectedsrc/main/java/fr/msa/Imsa_processResource.java (467:30346) : Return type for the method is missingsrc/main/java/fr/msa/Imsa_processResource.java (467:30346) : Duplicate method dossier_2(String, String, String, List<String>) in type Imsa_processResource
	at org.kie.kogito.quarkus.common.deployment.InMemoryCompiler.compile(InMemoryCompiler.java:104)
	at org.kie.kogito.quarkus.common.deployment.KogitoQuarkusResourceUtils.compileGeneratedSources(KogitoQuarkusResourceUtils.java:168)
	at org.kie.kogito.quarkus.common.deployment.KogitoAssetsProcessor.compileAndIndexJavaSources(KogitoAssetsProcessor.java:145)
	at org.kie.kogito.quarkus.common.deployment.KogitoAssetsProcessor.generateModel(KogitoAssetsProcessor.java:94)
	at java.base/jdk.internal.reflect.NativeMethodAccessorImpl.invoke0(Native Method)
	at java.base/jdk.internal.reflect.NativeMethodAccessorImpl.invoke(NativeMethodAccessorImpl.java:62)
	at java.base/jdk.internal.reflect.DelegatingMethodAccessorImpl.invoke(DelegatingMethodAccessorImpl.java:43)
	at java.base/java.lang.reflect.Method.invoke(Method.java:566)
	at io.quarkus.deployment.ExtensionLoader$2.execute(ExtensionLoader.java:821)
	at io.quarkus.builder.BuildContext.run(BuildContext.java:277)
	at org.jboss.threads.ContextHandler$1.runWith(ContextHandler.java:18)
	at org.jboss.threads.EnhancedQueueExecutor$Task.run(EnhancedQueueExecutor.java:2449)
	at org.jboss.threads.EnhancedQueueExecutor$ThreadBody.run(EnhancedQueueExecutor.java:1478)
	at java.base/java.lang.Thread.run(Thread.java:829)
	at org.jboss.threads.JBossThread.run(JBossThread.java:501)

    at io.quarkus.builder.Execution.run (Execution.java:116)
    at io.quarkus.builder.BuildExecutionBuilder.execute (BuildExecutionBuilder.java:79)
    at io.quarkus.deployment.QuarkusAugmentor.run (QuarkusAugmentor.java:161)
    at io.quarkus.runner.bootstrap.AugmentActionImpl.runAugment (AugmentActionImpl.java:416)
    at io.quarkus.runner.bootstrap.AugmentActionImpl.createProductionApplication (AugmentActionImpl.java:203)
    at io.quarkus.maven.BuildMojo.doExecute (BuildMojo.java:132)
    at io.quarkus.maven.QuarkusBootstrapMojo.execute (QuarkusBootstrapMojo.java:123)
    at org.apache.maven.plugin.DefaultBuildPluginManager.executeMojo (DefaultBuildPluginManager.java:137)
    at org.apache.maven.lifecycle.internal.MojoExecutor.execute (MojoExecutor.java:210)
    at org.apache.maven.lifecycle.internal.MojoExecutor.execute (MojoExecutor.java:156)
    at org.apache.maven.lifecycle.internal.MojoExecutor.execute (MojoExecutor.java:148)
    at org.apache.maven.lifecycle.internal.LifecycleModuleBuilder.buildProject (LifecycleModuleBuilder.java:117)
    at org.apache.maven.lifecycle.internal.LifecycleModuleBuilder.buildProject (LifecycleModuleBuilder.java:81)
    at org.apache.maven.lifecycle.internal.builder.singlethreaded.SingleThreadedBuilder.build (SingleThreadedBuilder.java:56)
    at org.apache.maven.lifecycle.internal.LifecycleStarter.execute (LifecycleStarter.java:128)
    at org.apache.maven.DefaultMaven.doExecute (DefaultMaven.java:305)
    at org.apache.maven.DefaultMaven.doExecute (DefaultMaven.java:192)
    at org.apache.maven.DefaultMaven.execute (DefaultMaven.java:105)
    at org.apache.maven.cli.MavenCli.execute (MavenCli.java:957)
    at org.apache.maven.cli.MavenCli.doMain (MavenCli.java:289)
    at org.apache.maven.cli.MavenCli.main (MavenCli.java:193)
    at jdk.internal.reflect.NativeMethodAccessorImpl.invoke0 (Native Method)
    at jdk.internal.reflect.NativeMethodAccessorImpl.invoke (NativeMethodAccessorImpl.java:62)
    at jdk.internal.reflect.DelegatingMethodAccessorImpl.invoke (DelegatingMethodAccessorImpl.java:43)
    at java.lang.reflect.Method.invoke (Method.java:566)
    at org.codehaus.plexus.classworlds.launcher.Launcher.launchEnhanced (Launcher.java:282)
    at org.codehaus.plexus.classworlds.launcher.Launcher.launch (Launcher.java:225)
    at org.codehaus.plexus.classworlds.launcher.Launcher.mainWithExitCode (Launcher.java:406)
    at org.codehaus.plexus.classworlds.launcher.Launcher.main (Launcher.java:347)
Caused by: java.lang.IllegalStateException: src/main/java/fr/msa/Imsa_processResource.java (348:21371) : The annotation @POST is disallowed for this location
src/main/java/fr/msa/Imsa_processResource.java (349:21381) : The annotation @Path is disallowed for this location
src/main/java/fr/msa/Imsa_processResource.java (350:21426) : The annotation @Consumes is disallowed for this location
src/main/java/fr/msa/Imsa_processResource.java (351:21468) : The annotation @Produces is disallowed for this location
src/main/java/fr/msa/Imsa_processResource.java (352:21562) : Syntax error on token "-", ; expected
src/main/java/fr/msa/Imsa_processResource.java (352:21563) : Return type for the method is missing
src/main/java/fr/msa/Imsa_processResource.java (352:21563) : Duplicate method dossier_2(String, String, String, String, List<String>, Imsa_process_19_TaskOutput) in type Imsa_processResource
src/main/java/fr/msa/Imsa_processResource.java (356:21992) : The annotation @PUT is disallowed for this location
src/main/java/fr/msa/Imsa_processResource.java (357:22001) : The annotation @Path is disallowed for this location
src/main/java/fr/msa/Imsa_processResource.java (358:22046) : The annotation @Consumes is disallowed for this location
src/main/java/fr/msa/Imsa_processResource.java (359:22146) : Syntax error on token "-", ; expected
src/main/java/fr/msa/Imsa_processResource.java (359:22147) : Return type for the method is missing
src/main/java/fr/msa/Imsa_processResource.java (363:22542) : The annotation @POST is disallowed for this location
src/main/java/fr/msa/Imsa_processResource.java (364:22552) : The annotation @Path is disallowed for this location
src/main/java/fr/msa/Imsa_processResource.java (365:22612) : The annotation @Consumes is disallowed for this location
src/main/java/fr/msa/Imsa_processResource.java (366:22654) : The annotation @Produces is disallowed for this location
src/main/java/fr/msa/Imsa_processResource.java (367:22750) : Syntax error on token "-", ; expected
src/main/java/fr/msa/Imsa_processResource.java (367:22751) : Return type for the method is missing
src/main/java/fr/msa/Imsa_processResource.java (367:22751) : Duplicate method dossier_2(String, String, String, String, List<String>, Imsa_process_19_TaskOutput) in type Imsa_processResource
src/main/java/fr/msa/Imsa_processResource.java (371:23155) : The annotation @GET is disallowed for this location
src/main/java/fr/msa/Imsa_processResource.java (372:23164) : The annotation @Path is disallowed for this location
src/main/java/fr/msa/Imsa_processResource.java (373:23209) : The annotation @Produces is disallowed for this location
src/main/java/fr/msa/Imsa_processResource.java (374:23307) : Syntax error on token "-", ; expected
src/main/java/fr/msa/Imsa_processResource.java (374:23308) : Return type for the method is missing
src/main/java/fr/msa/Imsa_processResource.java (374:23308) : Duplicate method dossier_2(String, String, String, List<String>) in type Imsa_processResource
src/main/java/fr/msa/Imsa_processResource.java (378:23632) : The annotation @DELETE is disallowed for this location
src/main/java/fr/msa/Imsa_processResource.java (379:23644) : The annotation @Path is disallowed for this location
src/main/java/fr/msa/Imsa_processResource.java (380:23689) : The annotation @Produces is disallowed for this location
src/main/java/fr/msa/Imsa_processResource.java (381:23780) : Syntax error on token "-", ; expected
src/main/java/fr/msa/Imsa_processResource.java (381:23781) : Return type for the method is missing
src/main/java/fr/msa/Imsa_processResource.java (381:23781) : Duplicate method dossier_2(String, String, String, String, List<String>) in type Imsa_processResource
src/main/java/fr/msa/Imsa_processResource.java (385:24157) : The annotation @GET is disallowed for this location
src/main/java/fr/msa/Imsa_processResource.java (386:24166) : The annotation @Path is disallowed for this location
src/main/java/fr/msa/Imsa_processResource.java (387:24203) : The annotation @Produces is disallowed for this location
src/main/java/fr/msa/Imsa_processResource.java (388:24290) : Syntax error on token "-", ; expected
src/main/java/fr/msa/Imsa_processResource.java (388:24291) : Return type for the method is missing
src/main/java/fr/msa/Imsa_processResource.java (392:24420) : The annotation @GET is disallowed for this location
src/main/java/fr/msa/Imsa_processResource.java (393:24429) : The annotation @Path is disallowed for this location
src/main/java/fr/msa/Imsa_processResource.java (394:24481) : The annotation @Produces is disallowed for this location
src/main/java/fr/msa/Imsa_processResource.java (395:24577) : Syntax error on token "-", ; expected
src/main/java/fr/msa/Imsa_processResource.java (395:24578) : Return type for the method is missing
src/main/java/fr/msa/Imsa_processResource.java (395:24578) : Duplicate method dossier_2(String, String, String, List<String>) in type Imsa_processResource
src/main/java/fr/msa/Imsa_processResource.java (399:24869) : The annotation @POST is disallowed for this location
src/main/java/fr/msa/Imsa_processResource.java (400:24879) : The annotation @Path is disallowed for this location
src/main/java/fr/msa/Imsa_processResource.java (401:24933) : The annotation @Consumes is disallowed for this location
src/main/java/fr/msa/Imsa_processResource.java (402:24969) : The annotation @Produces is disallowed for this location
src/main/java/fr/msa/Imsa_processResource.java (403:25046) : Syntax error on token "-", ; expected
src/main/java/fr/msa/Imsa_processResource.java (403:25047) : Return type for the method is missing
src/main/java/fr/msa/Imsa_processResource.java (407:25537) : The annotation @PUT is disallowed for this location
src/main/java/fr/msa/Imsa_processResource.java (408:25546) : The annotation @Path is disallowed for this location
src/main/java/fr/msa/Imsa_processResource.java (409:25612) : The annotation @Consumes is disallowed for this location
src/main/java/fr/msa/Imsa_processResource.java (410:25648) : The annotation @Produces is disallowed for this location
src/main/java/fr/msa/Imsa_processResource.java (411:25727) : Syntax error on token "-", ; expected
src/main/java/fr/msa/Imsa_processResource.java (411:25728) : Return type for the method is missing
src/main/java/fr/msa/Imsa_processResource.java (415:26114) : The annotation @DELETE is disallowed for this location
src/main/java/fr/msa/Imsa_processResource.java (416:26126) : The annotation @Path is disallowed for this location
src/main/java/fr/msa/Imsa_processResource.java (417:26230) : Syntax error on token "-", ; expected
src/main/java/fr/msa/Imsa_processResource.java (417:26231) : Return type for the method is missing
src/main/java/fr/msa/Imsa_processResource.java (417:26231) : Duplicate method dossier_2(String, String, String, String, List<String>) in type Imsa_processResource
src/main/java/fr/msa/Imsa_processResource.java (421:26678) : The annotation @POST is disallowed for this location
src/main/java/fr/msa/Imsa_processResource.java (422:26688) : The annotation @Path is disallowed for this location
src/main/java/fr/msa/Imsa_processResource.java (423:26745) : The annotation @Consumes is disallowed for this location
src/main/java/fr/msa/Imsa_processResource.java (424:26787) : The annotation @Produces is disallowed for this location
src/main/java/fr/msa/Imsa_processResource.java (425:26867) : Syntax error on token "-", ; expected
src/main/java/fr/msa/Imsa_processResource.java (425:26868) : Return type for the method is missing
src/main/java/fr/msa/Imsa_processResource.java (429:27384) : The annotation @PUT is disallowed for this location
src/main/java/fr/msa/Imsa_processResource.java (430:27393) : The annotation @Path is disallowed for this location
src/main/java/fr/msa/Imsa_processResource.java (431:27465) : The annotation @Consumes is disallowed for this location
src/main/java/fr/msa/Imsa_processResource.java (432:27507) : The annotation @Produces is disallowed for this location
src/main/java/fr/msa/Imsa_processResource.java (433:27592) : Syntax error on token "-", ; expected
src/main/java/fr/msa/Imsa_processResource.java (433:27593) : Return type for the method is missing
src/main/java/fr/msa/Imsa_processResource.java (437:28005) : The annotation @DELETE is disallowed for this location
src/main/java/fr/msa/Imsa_processResource.java (438:28017) : The annotation @Path is disallowed for this location
src/main/java/fr/msa/Imsa_processResource.java (439:28130) : Syntax error on token "-", ; expected
src/main/java/fr/msa/Imsa_processResource.java (439:28131) : Return type for the method is missing
src/main/java/fr/msa/Imsa_processResource.java (439:28131) : Duplicate method dossier_2(String, String, String, String, List<String>) in type Imsa_processResource
src/main/java/fr/msa/Imsa_processResource.java (443:28590) : The annotation @GET is disallowed for this location
src/main/java/fr/msa/Imsa_processResource.java (444:28599) : The annotation @Path is disallowed for this location
src/main/java/fr/msa/Imsa_processResource.java (445:28671) : The annotation @Produces is disallowed for this location
src/main/java/fr/msa/Imsa_processResource.java (446:28753) : Syntax error on token "-", ; expected
src/main/java/fr/msa/Imsa_processResource.java (446:28754) : Return type for the method is missing
src/main/java/fr/msa/Imsa_processResource.java (446:28754) : Duplicate method dossier_2(String, String, String, String, List<String>) in type Imsa_processResource
src/main/java/fr/msa/Imsa_processResource.java (450:29174) : The annotation @GET is disallowed for this location
src/main/java/fr/msa/Imsa_processResource.java (451:29183) : The annotation @Path is disallowed for this location
src/main/java/fr/msa/Imsa_processResource.java (452:29240) : The annotation @Produces is disallowed for this location
src/main/java/fr/msa/Imsa_processResource.java (453:29335) : Syntax error on token "-", ; expected
src/main/java/fr/msa/Imsa_processResource.java (453:29336) : Return type for the method is missing
src/main/java/fr/msa/Imsa_processResource.java (453:29336) : Duplicate method dossier_2(String, String, String, List<String>) in type Imsa_processResource
src/main/java/fr/msa/Imsa_processResource.java (457:29639) : The annotation @GET is disallowed for this location
src/main/java/fr/msa/Imsa_processResource.java (458:29648) : The annotation @Path is disallowed for this location
src/main/java/fr/msa/Imsa_processResource.java (459:29714) : The annotation @Produces is disallowed for this location
src/main/java/fr/msa/Imsa_processResource.java (460:29790) : Syntax error on token "-", ; expected
src/main/java/fr/msa/Imsa_processResource.java (460:29791) : Return type for the method is missing
src/main/java/fr/msa/Imsa_processResource.java (460:29791) : Duplicate method dossier_2(String, String, String, String, List<String>) in type Imsa_processResource
src/main/java/fr/msa/Imsa_processResource.java (464:30193) : The annotation @GET is disallowed for this location
src/main/java/fr/msa/Imsa_processResource.java (465:30202) : The annotation @Path is disallowed for this location
src/main/java/fr/msa/Imsa_processResource.java (466:30256) : The annotation @Produces is disallowed for this location
src/main/java/fr/msa/Imsa_processResource.java (467:30345) : Syntax error on token "-", ; expected
src/main/java/fr/msa/Imsa_processResource.java (467:30346) : Return type for the method is missing
src/main/java/fr/msa/Imsa_processResource.java (467:30346) : Duplicate method dossier_2(String, String, String, List<String>) in type Imsa_processResource
src/main/java/fr/msa/Imsa_processResource.java (348:21371) : The annotation @POST is disallowed for this locationsrc/main/java/fr/msa/Imsa_processResource.java (349:21381) : The annotation @Path is disallowed for this locationsrc/main/java/fr/msa/Imsa_processResource.java (350:21426) : The annotation @Consumes is disallowed for this locationsrc/main/java/fr/msa/Imsa_processResource.java (351:21468) : The annotation @Produces is disallowed for this locationsrc/main/java/fr/msa/Imsa_processResource.java (352:21562) : Syntax error on token "-", ; expectedsrc/main/java/fr/msa/Imsa_processResource.java (352:21563) : Return type for the method is missingsrc/main/java/fr/msa/Imsa_processResource.java (352:21563) : Duplicate method dossier_2(String, String, String, String, List<String>, Imsa_process_19_TaskOutput) in type Imsa_processResourcesrc/main/java/fr/msa/Imsa_processResource.java (356:21992) : The annotation @PUT is disallowed for this locationsrc/main/java/fr/msa/Imsa_processResource.java (357:22001) : The annotation @Path is disallowed for this locationsrc/main/java/fr/msa/Imsa_processResource.java (358:22046) : The annotation @Consumes is disallowed for this locationsrc/main/java/fr/msa/Imsa_processResource.java (359:22146) : Syntax error on token "-", ; expectedsrc/main/java/fr/msa/Imsa_processResource.java (359:22147) : Return type for the method is missingsrc/main/java/fr/msa/Imsa_processResource.java (363:22542) : The annotation @POST is disallowed for this locationsrc/main/java/fr/msa/Imsa_processResource.java (364:22552) : The annotation @Path is disallowed for this locationsrc/main/java/fr/msa/Imsa_processResource.java (365:22612) : The annotation @Consumes is disallowed for this locationsrc/main/java/fr/msa/Imsa_processResource.java (366:22654) : The annotation @Produces is disallowed for this locationsrc/main/java/fr/msa/Imsa_processResource.java (367:22750) : Syntax error on token "-", ; expectedsrc/main/java/fr/msa/Imsa_processResource.java (367:22751) : Return type for the method is missingsrc/main/java/fr/msa/Imsa_processResource.java (367:22751) : Duplicate method dossier_2(String, String, String, String, List<String>, Imsa_process_19_TaskOutput) in type Imsa_processResourcesrc/main/java/fr/msa/Imsa_processResource.java (371:23155) : The annotation @GET is disallowed for this locationsrc/main/java/fr/msa/Imsa_processResource.java (372:23164) : The annotation @Path is disallowed for this locationsrc/main/java/fr/msa/Imsa_processResource.java (373:23209) : The annotation @Produces is disallowed for this locationsrc/main/java/fr/msa/Imsa_processResource.java (374:23307) : Syntax error on token "-", ; expectedsrc/main/java/fr/msa/Imsa_processResource.java (374:23308) : Return type for the method is missingsrc/main/java/fr/msa/Imsa_processResource.java (374:23308) : Duplicate method dossier_2(String, String, String, List<String>) in type Imsa_processResourcesrc/main/java/fr/msa/Imsa_processResource.java (378:23632) : The annotation @DELETE is disallowed for this locationsrc/main/java/fr/msa/Imsa_processResource.java (379:23644) : The annotation @Path is disallowed for this locationsrc/main/java/fr/msa/Imsa_processResource.java (380:23689) : The annotation @Produces is disallowed for this locationsrc/main/java/fr/msa/Imsa_processResource.java (381:23780) : Syntax error on token "-", ; expectedsrc/main/java/fr/msa/Imsa_processResource.java (381:23781) : Return type for the method is missingsrc/main/java/fr/msa/Imsa_processResource.java (381:23781) : Duplicate method dossier_2(String, String, String, String, List<String>) in type Imsa_processResourcesrc/main/java/fr/msa/Imsa_processResource.java (385:24157) : The annotation @GET is disallowed for this locationsrc/main/java/fr/msa/Imsa_processResource.java (386:24166) : The annotation @Path is disallowed for this locationsrc/main/java/fr/msa/Imsa_processResource.java (387:24203) : The annotation @Produces is disallowed for this locationsrc/main/java/fr/msa/Imsa_processResource.java (388:24290) : Syntax error on token "-", ; expectedsrc/main/java/fr/msa/Imsa_processResource.java (388:24291) : Return type for the method is missingsrc/main/java/fr/msa/Imsa_processResource.java (392:24420) : The annotation @GET is disallowed for this locationsrc/main/java/fr/msa/Imsa_processResource.java (393:24429) : The annotation @Path is disallowed for this locationsrc/main/java/fr/msa/Imsa_processResource.java (394:24481) : The annotation @Produces is disallowed for this locationsrc/main/java/fr/msa/Imsa_processResource.java (395:24577) : Syntax error on token "-", ; expectedsrc/main/java/fr/msa/Imsa_processResource.java (395:24578) : Return type for the method is missingsrc/main/java/fr/msa/Imsa_processResource.java (395:24578) : Duplicate method dossier_2(String, String, String, List<String>) in type Imsa_processResourcesrc/main/java/fr/msa/Imsa_processResource.java (399:24869) : The annotation @POST is disallowed for this locationsrc/main/java/fr/msa/Imsa_processResource.java (400:24879) : The annotation @Path is disallowed for this locationsrc/main/java/fr/msa/Imsa_processResource.java (401:24933) : The annotation @Consumes is disallowed for this locationsrc/main/java/fr/msa/Imsa_processResource.java (402:24969) : The annotation @Produces is disallowed for this locationsrc/main/java/fr/msa/Imsa_processResource.java (403:25046) : Syntax error on token "-", ; expectedsrc/main/java/fr/msa/Imsa_processResource.java (403:25047) : Return type for the method is missingsrc/main/java/fr/msa/Imsa_processResource.java (407:25537) : The annotation @PUT is disallowed for this locationsrc/main/java/fr/msa/Imsa_processResource.java (408:25546) : The annotation @Path is disallowed for this locationsrc/main/java/fr/msa/Imsa_processResource.java (409:25612) : The annotation @Consumes is disallowed for this locationsrc/main/java/fr/msa/Imsa_processResource.java (410:25648) : The annotation @Produces is disallowed for this locationsrc/main/java/fr/msa/Imsa_processResource.java (411:25727) : Syntax error on token "-", ; expectedsrc/main/java/fr/msa/Imsa_processResource.java (411:25728) : Return type for the method is missingsrc/main/java/fr/msa/Imsa_processResource.java (415:26114) : The annotation @DELETE is disallowed for this locationsrc/main/java/fr/msa/Imsa_processResource.java (416:26126) : The annotation @Path is disallowed for this locationsrc/main/java/fr/msa/Imsa_processResource.java (417:26230) : Syntax error on token "-", ; expectedsrc/main/java/fr/msa/Imsa_processResource.java (417:26231) : Return type for the method is missingsrc/main/java/fr/msa/Imsa_processResource.java (417:26231) : Duplicate method dossier_2(String, String, String, String, List<String>) in type Imsa_processResourcesrc/main/java/fr/msa/Imsa_processResource.java (421:26678) : The annotation @POST is disallowed for this locationsrc/main/java/fr/msa/Imsa_processResource.java (422:26688) : The annotation @Path is disallowed for this locationsrc/main/java/fr/msa/Imsa_processResource.java (423:26745) : The annotation @Consumes is disallowed for this locationsrc/main/java/fr/msa/Imsa_processResource.java (424:26787) : The annotation @Produces is disallowed for this locationsrc/main/java/fr/msa/Imsa_processResource.java (425:26867) : Syntax error on token "-", ; expectedsrc/main/java/fr/msa/Imsa_processResource.java (425:26868) : Return type for the method is missingsrc/main/java/fr/msa/Imsa_processResource.java (429:27384) : The annotation @PUT is disallowed for this locationsrc/main/java/fr/msa/Imsa_processResource.java (430:27393) : The annotation @Path is disallowed for this locationsrc/main/java/fr/msa/Imsa_processResource.java (431:27465) : The annotation @Consumes is disallowed for this locationsrc/main/java/fr/msa/Imsa_processResource.java (432:27507) : The annotation @Produces is disallowed for this locationsrc/main/java/fr/msa/Imsa_processResource.java (433:27592) : Syntax error on token "-", ; expectedsrc/main/java/fr/msa/Imsa_processResource.java (433:27593) : Return type for the method is missingsrc/main/java/fr/msa/Imsa_processResource.java (437:28005) : The annotation @DELETE is disallowed for this locationsrc/main/java/fr/msa/Imsa_processResource.java (438:28017) : The annotation @Path is disallowed for this locationsrc/main/java/fr/msa/Imsa_processResource.java (439:28130) : Syntax error on token "-", ; expectedsrc/main/java/fr/msa/Imsa_processResource.java (439:28131) : Return type for the method is missingsrc/main/java/fr/msa/Imsa_processResource.java (439:28131) : Duplicate method dossier_2(String, String, String, String, List<String>) in type Imsa_processResourcesrc/main/java/fr/msa/Imsa_processResource.java (443:28590) : The annotation @GET is disallowed for this locationsrc/main/java/fr/msa/Imsa_processResource.java (444:28599) : The annotation @Path is disallowed for this locationsrc/main/java/fr/msa/Imsa_processResource.java (445:28671) : The annotation @Produces is disallowed for this locationsrc/main/java/fr/msa/Imsa_processResource.java (446:28753) : Syntax error on token "-", ; expectedsrc/main/java/fr/msa/Imsa_processResource.java (446:28754) : Return type for the method is missingsrc/main/java/fr/msa/Imsa_processResource.java (446:28754) : Duplicate method dossier_2(String, String, String, String, List<String>) in type Imsa_processResourcesrc/main/java/fr/msa/Imsa_processResource.java (450:29174) : The annotation @GET is disallowed for this locationsrc/main/java/fr/msa/Imsa_processResource.java (451:29183) : The annotation @Path is disallowed for this locationsrc/main/java/fr/msa/Imsa_processResource.java (452:29240) : The annotation @Produces is disallowed for this locationsrc/main/java/fr/msa/Imsa_processResource.java (453:29335) : Syntax error on token "-", ; expectedsrc/main/java/fr/msa/Imsa_processResource.java (453:29336) : Return type for the method is missingsrc/main/java/fr/msa/Imsa_processResource.java (453:29336) : Duplicate method dossier_2(String, String, String, List<String>) in type Imsa_processResourcesrc/main/java/fr/msa/Imsa_processResource.java (457:29639) : The annotation @GET is disallowed for this locationsrc/main/java/fr/msa/Imsa_processResource.java (458:29648) : The annotation @Path is disallowed for this locationsrc/main/java/fr/msa/Imsa_processResource.java (459:29714) : The annotation @Produces is disallowed for this locationsrc/main/java/fr/msa/Imsa_processResource.java (460:29790) : Syntax error on token "-", ; expectedsrc/main/java/fr/msa/Imsa_processResource.java (460:29791) : Return type for the method is missingsrc/main/java/fr/msa/Imsa_processResource.java (460:29791) : Duplicate method dossier_2(String, String, String, String, List<String>) in type Imsa_processResourcesrc/main/java/fr/msa/Imsa_processResource.java (464:30193) : The annotation @GET is disallowed for this locationsrc/main/java/fr/msa/Imsa_processResource.java (465:30202) : The annotation @Path is disallowed for this locationsrc/main/java/fr/msa/Imsa_processResource.java (466:30256) : The annotation @Produces is disallowed for this locationsrc/main/java/fr/msa/Imsa_processResource.java (467:30345) : Syntax error on token "-", ; expectedsrc/main/java/fr/msa/Imsa_processResource.java (467:30346) : Return type for the method is missingsrc/main/java/fr/msa/Imsa_processResource.java (467:30346) : Duplicate method dossier_2(String, String, String, List<String>) in type Imsa_processResource
    at org.kie.kogito.quarkus.common.deployment.InMemoryCompiler.compile (InMemoryCompiler.java:104)
    at org.kie.kogito.quarkus.common.deployment.KogitoQuarkusResourceUtils.compileGeneratedSources (KogitoQuarkusResourceUtils.java:168)
    at org.kie.kogito.quarkus.common.deployment.KogitoAssetsProcessor.compileAndIndexJavaSources (KogitoAssetsProcessor.java:145)
    at org.kie.kogito.quarkus.common.deployment.KogitoAssetsProcessor.generateModel (KogitoAssetsProcessor.java:94)
    at jdk.internal.reflect.NativeMethodAccessorImpl.invoke0 (Native Method)
    at jdk.internal.reflect.NativeMethodAccessorImpl.invoke (NativeMethodAccessorImpl.java:62)
    at jdk.internal.reflect.DelegatingMethodAccessorImpl.invoke (DelegatingMethodAccessorImpl.java:43)
    at java.lang.reflect.Method.invoke (Method.java:566)
    at io.quarkus.deployment.ExtensionLoader$2.execute (ExtensionLoader.java:821)
    at io.quarkus.builder.BuildContext.run (BuildContext.java:277)
    at org.jboss.threads.ContextHandler$1.runWith (ContextHandler.java:18)
    at org.jboss.threads.EnhancedQueueExecutor$Task.run (EnhancedQueueExecutor.java:2449)
    at org.jboss.threads.EnhancedQueueExecutor$ThreadBody.run (EnhancedQueueExecutor.java:1478)
    at java.lang.Thread.run (Thread.java:829)
    at org.jboss.threads.JBossThread.run (JBossThread.java:501)
[ERROR] 
[ERROR] 
[ERROR] For more information about the errors and possible solutions, please read the following articles:
[ERROR] [Help 1] http://cwiki.apache.org/confluence/display/MAVEN/MojoExecutionException
